/home/nochi/vault/projects/ThoughtVectors/thoughtvec/.venv/lib/python3.12/site-packages/torch/nn/modules/transformer.py:392: UserWarning: enable_nested_tensor is True, but self.use_nested_tensor is False because encoder_layer.norm_first was True
  warnings.warn(
thinker params: 32.04M (codec d=384, frozen=True)
step      50 | cos 0.0466 | thought 2.3274 dec_ce 2.3085 | 2.9 it/s
step     100 | cos 0.1951 | thought 2.0396 dec_ce 2.2315 | 3.3 it/s
step     150 | cos 0.2544 | thought 2.0248 dec_ce 2.2924 | 3.2 it/s
step     200 | cos 0.2677 | thought 1.9443 dec_ce 2.3652 | 3.2 it/s
step     250 | cos 0.2907 | thought 1.8074 dec_ce 2.1449 | 3.2 it/s
step     300 | cos 0.3417 | thought 1.6252 dec_ce 2.1629 | 3.3 it/s
step     350 | cos 0.3577 | thought 1.5606 dec_ce 1.9618 | 3.3 it/s
step     400 | cos 0.3831 | thought 1.5712 dec_ce 2.167 | 3.2 it/s
step     450 | cos 0.3954 | thought 1.4993 dec_ce 2.0908 | 3.2 it/s
step     500 | cos 0.4133 | thought 1.4511 dec_ce 2.0241 | 3.2 it/s
step     550 | cos 0.4255 | thought 1.3848 dec_ce 2.0417 | 3.2 it/s
step     600 | cos 0.4368 | thought 1.3129 dec_ce 2.0724 | 3.3 it/s
step     650 | cos 0.4432 | thought 1.3493 dec_ce 2.0635 | 3.3 it/s
step     700 | cos 0.4460 | thought 1.269 dec_ce 2.1142 | 3.3 it/s
step     750 | cos 0.4512 | thought 1.2896 dec_ce 1.9136 | 3.2 it/s
step     800 | cos 0.4511 | thought 1.2753 dec_ce 2.1694 | 3.3 it/s
step     850 | cos 0.4511 | thought 1.278 dec_ce 2.1214 | 3.2 it/s
step     900 | cos 0.4544 | thought 1.2961 dec_ce 2.1599 | 3.3 it/s
step     950 | cos 0.4572 | thought 1.1945 dec_ce 1.9322 | 3.3 it/s
step    1000 | cos 0.4591 | thought 1.2707 dec_ce 2.1381 | 3.3 it/s
step    1000 | VAL cos 0.4583 | VAL dec CE 3.9513
step    1050 | cos 0.4580 | thought 1.1741 dec_ce 1.9735 | 2.7 it/s
step    1100 | cos 0.4591 | thought 1.2321 dec_ce 2.0755 | 3.3 it/s
step    1150 | cos 0.4605 | thought 1.1939 dec_ce 2.0969 | 3.3 it/s
step    1200 | cos 0.4603 | thought 1.1426 dec_ce 1.9539 | 3.3 it/s
step    1250 | cos 0.4605 | thought 1.2236 dec_ce 2.1312 | 3.2 it/s
step    1300 | cos 0.4621 | thought 1.1357 dec_ce 2.033 | 3.3 it/s
step    1350 | cos 0.4627 | thought 1.1298 dec_ce 1.9374 | 3.3 it/s
step    1400 | cos 0.4674 | thought 1.0743 dec_ce 1.8884 | 3.2 it/s
step    1450 | cos 0.4621 | thought 1.1077 dec_ce 1.9942 | 3.2 it/s
step    1500 | cos 0.4628 | thought 1.0809 dec_ce 1.9393 | 3.3 it/s
step    1550 | cos 0.4652 | thought 1.1025 dec_ce 2.0275 | 3.2 it/s
step    1600 | cos 0.4671 | thought 1.1042 dec_ce 2.1059 | 3.3 it/s
step    1650 | cos 0.4641 | thought 1.0712 dec_ce 1.9056 | 3.3 it/s
step    1700 | cos 0.4669 | thought 1.1378 dec_ce 2.0986 | 3.2 it/s
step    1750 | cos 0.4676 | thought 1.0832 dec_ce 2.1188 | 3.3 it/s
step    1800 | cos 0.4644 | thought 1.0844 dec_ce 2.0052 | 3.3 it/s
step    1850 | cos 0.4722 | thought 1.059 dec_ce 2.0415 | 3.3 it/s
step    1900 | cos 0.4680 | thought 1.0807 dec_ce 2.009 | 3.3 it/s
step    1950 | cos 0.4666 | thought 1.0726 dec_ce 2.0138 | 3.3 it/s
step    2000 | cos 0.4673 | thought 1.0676 dec_ce 2.0865 | 3.2 it/s
step    2000 | VAL cos 0.4707 | VAL dec CE 3.8821
step    2050 | cos 0.4719 | thought 1.0708 dec_ce 2.0612 | 2.7 it/s
step    2100 | cos 0.4722 | thought 1.0441 dec_ce 1.9971 | 3.3 it/s
step    2150 | cos 0.4717 | thought 1.0181 dec_ce 1.8752 | 3.3 it/s
step    2200 | cos 0.4699 | thought 1.0994 dec_ce 2.1657 | 3.3 it/s
step    2250 | cos 0.4730 | thought 1.0713 dec_ce 2.055 | 3.3 it/s
step    2300 | cos 0.4700 | thought 1.0353 dec_ce 2.0224 | 3.3 it/s
step    2350 | cos 0.4727 | thought 1.0363 dec_ce 1.9736 | 3.3 it/s
step    2400 | cos 0.4704 | thought 1.0619 dec_ce 1.9724 | 3.3 it/s
step    2450 | cos 0.4733 | thought 1.0369 dec_ce 2.0224 | 3.3 it/s
step    2500 | cos 0.4745 | thought 1.0337 dec_ce 1.9643 | 3.3 it/s
step    2550 | cos 0.4718 | thought 1.0363 dec_ce 1.9859 | 3.2 it/s
step    2600 | cos 0.4704 | thought 1.0415 dec_ce 2.0432 | 3.3 it/s
step    2650 | cos 0.4749 | thought 1.0062 dec_ce 1.9918 | 3.3 it/s
step    2700 | cos 0.4725 | thought 1.0563 dec_ce 2.1024 | 3.3 it/s
step    2750 | cos 0.4732 | thought 1.0414 dec_ce 2.0068 | 3.3 it/s
step    2800 | cos 0.4754 | thought 1.0687 dec_ce 2.0455 | 3.3 it/s
step    2850 | cos 0.4755 | thought 1.0525 dec_ce 2.0197 | 3.3 it/s
step    2900 | cos 0.4769 | thought 1.0446 dec_ce 2.0051 | 3.3 it/s
step    2950 | cos 0.4755 | thought 1.0488 dec_ce 2.0601 | 3.3 it/s
step    3000 | cos 0.4737 | thought 1.0133 dec_ce 2.0178 | 3.3 it/s
step    3000 | VAL cos 0.4767 | VAL dec CE 3.8546
step    3050 | cos 0.4751 | thought 1.0942 dec_ce 2.0952 | 2.7 it/s
step    3100 | cos 0.4790 | thought 1.0246 dec_ce 2.0158 | 3.3 it/s
step    3150 | cos 0.4783 | thought 1.0454 dec_ce 2.036 | 3.3 it/s
step    3200 | cos 0.4773 | thought 1.0242 dec_ce 2.0334 | 3.2 it/s
step    3250 | cos 0.4758 | thought 1.0674 dec_ce 2.1103 | 3.3 it/s
step    3300 | cos 0.4783 | thought 1.0773 dec_ce 2.0797 | 3.3 it/s
step    3350 | cos 0.4763 | thought 1.0265 dec_ce 2.0678 | 3.3 it/s
step    3400 | cos 0.4752 | thought 1.05 dec_ce 2.0287 | 3.3 it/s
step    3450 | cos 0.4752 | thought 1.031 dec_ce 1.8919 | 3.3 it/s
step    3500 | cos 0.4792 | thought 1.0282 dec_ce 2.0023 | 3.3 it/s
step    3550 | cos 0.4778 | thought 1.0452 dec_ce 2.0431 | 3.3 it/s
step    3600 | cos 0.4775 | thought 1.0635 dec_ce 1.9929 | 3.3 it/s
step    3650 | cos 0.4790 | thought 1.058 dec_ce 1.9554 | 3.3 it/s
step    3700 | cos 0.4774 | thought 1.0542 dec_ce 1.9379 | 3.3 it/s
step    3750 | cos 0.4788 | thought 1.0158 dec_ce 1.9497 | 3.3 it/s
step    3800 | cos 0.4741 | thought 1.0355 dec_ce 2.0479 | 3.2 it/s
step    3850 | cos 0.4758 | thought 1.0713 dec_ce 2.0206 | 3.2 it/s
step    3900 | cos 0.4789 | thought 1.0082 dec_ce 1.9795 | 3.3 it/s
step    3950 | cos 0.4801 | thought 1.0278 dec_ce 2.1177 | 3.3 it/s
step    4000 | cos 0.4762 | thought 1.0413 dec_ce 1.9878 | 3.3 it/s
step    4000 | VAL cos 0.4789 | VAL dec CE 3.8270
step    4050 | cos 0.4792 | thought 1.0603 dec_ce 2.0369 | 2.7 it/s
step    4100 | cos 0.4752 | thought 1.0666 dec_ce 2.0593 | 3.3 it/s
step    4150 | cos 0.4759 | thought 1.0183 dec_ce 1.9256 | 3.2 it/s
step    4200 | cos 0.4799 | thought 1.0528 dec_ce 2.1057 | 3.3 it/s
step    4250 | cos 0.4777 | thought 1.0134 dec_ce 1.9167 | 3.3 it/s
step    4300 | cos 0.4821 | thought 1.0356 dec_ce 2.0408 | 3.3 it/s
step    4350 | cos 0.4792 | thought 1.0462 dec_ce 1.9508 | 3.3 it/s
step    4400 | cos 0.4824 | thought 1.009 dec_ce 1.973 | 3.3 it/s
step    4450 | cos 0.4802 | thought 1.0441 dec_ce 2.086 | 3.3 it/s
step    4500 | cos 0.4826 | thought 1.0183 dec_ce 2.0167 | 3.3 it/s
step    4550 | cos 0.4817 | thought 1.0601 dec_ce 2.0149 | 3.2 it/s
step    4600 | cos 0.4792 | thought 1.0514 dec_ce 2.0458 | 3.3 it/s
step    4650 | cos 0.4814 | thought 1.009 dec_ce 1.9604 | 3.3 it/s
step    4700 | cos 0.4800 | thought 1.0142 dec_ce 1.9637 | 3.3 it/s
step    4750 | cos 0.4797 | thought 1.0494 dec_ce 1.9153 | 3.2 it/s
step    4800 | cos 0.4768 | thought 1.046 dec_ce 2.0357 | 3.2 it/s
step    4850 | cos 0.4819 | thought 1.0723 dec_ce 2.166 | 3.2 it/s
step    4900 | cos 0.4854 | thought 1.0196 dec_ce 1.9579 | 3.2 it/s
step    4950 | cos 0.4818 | thought 1.0325 dec_ce 1.9841 | 3.3 it/s
step    5000 | cos 0.4788 | thought 1.0503 dec_ce 2.0184 | 3.2 it/s
step    5000 | VAL cos 0.4825 | VAL dec CE 3.8075
step    5050 | cos 0.4839 | thought 1.0258 dec_ce 1.983 | 2.6 it/s
step    5100 | cos 0.4813 | thought 1.0586 dec_ce 1.9218 | 3.2 it/s
step    5150 | cos 0.4784 | thought 1.059 dec_ce 2.0018 | 3.2 it/s
step    5200 | cos 0.4800 | thought 1.053 dec_ce 2.0002 | 3.2 it/s
step    5250 | cos 0.4813 | thought 1.0444 dec_ce 2.1454 | 3.2 it/s
step    5300 | cos 0.4827 | thought 1.0066 dec_ce 1.999 | 3.3 it/s
step    5350 | cos 0.4839 | thought 1.0109 dec_ce 1.9786 | 3.3 it/s
step    5400 | cos 0.4820 | thought 1.0711 dec_ce 2.0563 | 3.3 it/s
step    5450 | cos 0.4835 | thought 1.0119 dec_ce 1.94 | 3.3 it/s
step    5500 | cos 0.4817 | thought 1.0398 dec_ce 2.0118 | 3.3 it/s
step    5550 | cos 0.4812 | thought 1.0247 dec_ce 1.9964 | 3.3 it/s
step    5600 | cos 0.4841 | thought 1.0326 dec_ce 2.0202 | 3.2 it/s
step    5650 | cos 0.4849 | thought 1.0052 dec_ce 1.8803 | 3.3 it/s
step    5700 | cos 0.4829 | thought 1.0205 dec_ce 1.9069 | 3.3 it/s
step    5750 | cos 0.4848 | thought 1.0194 dec_ce 1.9402 | 3.3 it/s
step    5800 | cos 0.4822 | thought 1.0463 dec_ce 2.0102 | 3.3 it/s
step    5850 | cos 0.4831 | thought 1.0621 dec_ce 2.1106 | 3.3 it/s
step    5900 | cos 0.4827 | thought 1.0397 dec_ce 2.0703 | 3.3 it/s
step    5950 | cos 0.4844 | thought 1.0251 dec_ce 1.8204 | 3.3 it/s
step    6000 | cos 0.4856 | thought 1.0164 dec_ce 1.8795 | 3.3 it/s
step    6000 | VAL cos 0.4831 | VAL dec CE 3.7803
step    6050 | cos 0.4834 | thought 1.0314 dec_ce 1.8947 | 2.7 it/s
step    6100 | cos 0.4864 | thought 1.0423 dec_ce 1.9791 | 3.3 it/s
step    6150 | cos 0.4820 | thought 1.0559 dec_ce 2.0827 | 3.3 it/s
step    6200 | cos 0.4864 | thought 1.0752 dec_ce 2.0965 | 3.3 it/s
step    6250 | cos 0.4846 | thought 1.0502 dec_ce 2.0318 | 3.2 it/s
step    6300 | cos 0.4846 | thought 1.0242 dec_ce 1.928 | 3.2 it/s
step    6350 | cos 0.4859 | thought 1.0181 dec_ce 1.918 | 3.3 it/s
step    6400 | cos 0.4824 | thought 1.0295 dec_ce 2.0118 | 3.2 it/s
step    6450 | cos 0.4836 | thought 1.0393 dec_ce 1.9934 | 3.2 it/s
step    6500 | cos 0.4840 | thought 1.0318 dec_ce 1.9563 | 3.3 it/s
step    6550 | cos 0.4845 | thought 1.0527 dec_ce 2.0688 | 3.2 it/s
step    6600 | cos 0.4860 | thought 1.0038 dec_ce 1.9144 | 3.3 it/s
step    6650 | cos 0.4845 | thought 1.0632 dec_ce 2.1766 | 3.3 it/s
step    6700 | cos 0.4821 | thought 1.0383 dec_ce 2.0089 | 3.3 it/s
step    6750 | cos 0.4852 | thought 1.0275 dec_ce 1.9951 | 3.3 it/s
step    6800 | cos 0.4843 | thought 1.0642 dec_ce 2.0395 | 3.2 it/s
step    6850 | cos 0.4850 | thought 1.0075 dec_ce 1.9443 | 3.3 it/s
step    6900 | cos 0.4866 | thought 1.0427 dec_ce 1.9663 | 3.4 it/s
step    6950 | cos 0.4859 | thought 1.0364 dec_ce 1.9189 | 3.3 it/s
step    7000 | cos 0.4884 | thought 1.0265 dec_ce 1.8822 | 3.3 it/s
step    7000 | VAL cos 0.4864 | VAL dec CE 3.7620
step    7050 | cos 0.4832 | thought 1.041 dec_ce 1.9558 | 2.7 it/s
step    7100 | cos 0.4857 | thought 1.0337 dec_ce 1.9186 | 3.3 it/s
step    7150 | cos 0.4878 | thought 1.0056 dec_ce 1.9134 | 3.3 it/s
step    7200 | cos 0.4843 | thought 1.0249 dec_ce 1.9388 | 3.3 it/s
step    7250 | cos 0.4858 | thought 1.0604 dec_ce 2.0704 | 3.3 it/s
step    7300 | cos 0.4861 | thought 1.0423 dec_ce 1.9579 | 3.3 it/s
step    7350 | cos 0.4845 | thought 1.026 dec_ce 1.9003 | 3.3 it/s
step    7400 | cos 0.4843 | thought 1.0281 dec_ce 2.0527 | 3.3 it/s
step    7450 | cos 0.4865 | thought 1.0381 dec_ce 2.0673 | 3.2 it/s
step    7500 | cos 0.4841 | thought 1.0167 dec_ce 1.9316 | 3.3 it/s
step    7550 | cos 0.4889 | thought 1.0291 dec_ce 2.0055 | 3.3 it/s
step    7600 | cos 0.4891 | thought 1.028 dec_ce 1.9799 | 3.3 it/s
step    7650 | cos 0.4905 | thought 1.0122 dec_ce 1.986 | 3.3 it/s
step    7700 | cos 0.4863 | thought 1.019 dec_ce 1.8992 | 3.3 it/s
step    7750 | cos 0.4863 | thought 1.0444 dec_ce 2.0407 | 3.3 it/s
step    7800 | cos 0.4853 | thought 1.0617 dec_ce 1.9586 | 3.3 it/s
step    7850 | cos 0.4849 | thought 1.0167 dec_ce 1.971 | 3.3 it/s
step    7900 | cos 0.4872 | thought 1.0423 dec_ce 2.0154 | 3.3 it/s
step    7950 | cos 0.4874 | thought 1.0278 dec_ce 1.9408 | 3.2 it/s
step    8000 | cos 0.4885 | thought 1.0303 dec_ce 1.8844 | 3.3 it/s
step    8000 | VAL cos 0.4891 | VAL dec CE 3.7492
step    8050 | cos 0.4902 | thought 1.0289 dec_ce 1.9896 | 2.7 it/s
step    8100 | cos 0.4847 | thought 1.0354 dec_ce 1.9371 | 3.3 it/s
step    8150 | cos 0.4841 | thought 1.0085 dec_ce 1.8258 | 3.3 it/s
step    8200 | cos 0.4876 | thought 1.0382 dec_ce 1.9755 | 3.2 it/s
step    8250 | cos 0.4838 | thought 0.9732 dec_ce 1.8513 | 3.2 it/s
step    8300 | cos 0.4862 | thought 1.0325 dec_ce 1.9847 | 3.3 it/s
step    8350 | cos 0.4864 | thought 1.0232 dec_ce 2.058 | 3.3 it/s
step    8400 | cos 0.4894 | thought 1.0335 dec_ce 1.9237 | 3.3 it/s
step    8450 | cos 0.4832 | thought 1.0446 dec_ce 1.9034 | 3.3 it/s
step    8500 | cos 0.4875 | thought 1.0078 dec_ce 1.7871 | 3.3 it/s
step    8550 | cos 0.4881 | thought 1.0234 dec_ce 1.9324 | 3.2 it/s
step    8600 | cos 0.4857 | thought 1.0053 dec_ce 2.0152 | 3.3 it/s
step    8650 | cos 0.4897 | thought 1.0209 dec_ce 1.8847 | 3.3 it/s
step    8700 | cos 0.4891 | thought 1.003 dec_ce 2.0089 | 3.3 it/s
step    8750 | cos 0.4886 | thought 1.0354 dec_ce 1.8984 | 3.3 it/s
step    8800 | cos 0.4920 | thought 1.0126 dec_ce 2.0434 | 3.3 it/s
step    8850 | cos 0.4880 | thought 1.0261 dec_ce 1.9986 | 3.2 it/s
step    8900 | cos 0.4887 | thought 1.0733 dec_ce 1.9381 | 3.3 it/s
step    8950 | cos 0.4852 | thought 1.0405 dec_ce 1.9919 | 3.2 it/s
step    9000 | cos 0.4893 | thought 0.9963 dec_ce 1.9358 | 3.3 it/s
step    9000 | VAL cos 0.4898 | VAL dec CE 3.7390
step    9050 | cos 0.4899 | thought 0.9936 dec_ce 1.8696 | 2.7 it/s
step    9100 | cos 0.4881 | thought 0.9977 dec_ce 1.8592 | 3.2 it/s
step    9150 | cos 0.4898 | thought 0.9881 dec_ce 1.9513 | 3.2 it/s
step    9200 | cos 0.4889 | thought 0.9633 dec_ce 1.8189 | 3.3 it/s
step    9250 | cos 0.4910 | thought 1.0227 dec_ce 1.972 | 3.3 it/s
step    9300 | cos 0.4908 | thought 1.0316 dec_ce 1.9732 | 3.3 it/s
step    9350 | cos 0.4902 | thought 1.0505 dec_ce 1.9113 | 3.3 it/s
step    9400 | cos 0.4866 | thought 1.0339 dec_ce 1.8979 | 3.2 it/s
step    9450 | cos 0.4852 | thought 1.0126 dec_ce 1.9384 | 3.3 it/s
step    9500 | cos 0.4859 | thought 1.0371 dec_ce 2.0017 | 3.2 it/s
step    9550 | cos 0.4895 | thought 1.0069 dec_ce 1.8694 | 3.2 it/s
step    9600 | cos 0.4884 | thought 1.0016 dec_ce 1.9186 | 3.2 it/s
step    9650 | cos 0.4889 | thought 1.0296 dec_ce 1.8205 | 3.2 it/s
step    9700 | cos 0.4893 | thought 1.0264 dec_ce 1.934 | 3.3 it/s
step    9750 | cos 0.4931 | thought 1.0204 dec_ce 1.8788 | 3.3 it/s
step    9800 | cos 0.4881 | thought 1.0087 dec_ce 2.0374 | 3.3 it/s
step    9850 | cos 0.4904 | thought 0.9871 dec_ce 1.93 | 3.2 it/s
step    9900 | cos 0.4891 | thought 1.0347 dec_ce 2.0037 | 3.3 it/s
step    9950 | cos 0.4908 | thought 1.0627 dec_ce 2.0172 | 3.3 it/s
step   10000 | cos 0.4883 | thought 1.0475 dec_ce 2.0266 | 3.3 it/s
step   10000 | VAL cos 0.4902 | VAL dec CE 3.7294
step   10050 | cos 0.4881 | thought 1.0241 dec_ce 1.9828 | 2.7 it/s
step   10100 | cos 0.4898 | thought 1.0058 dec_ce 1.8994 | 3.2 it/s
step   10150 | cos 0.4894 | thought 0.9992 dec_ce 1.9574 | 3.2 it/s
step   10200 | cos 0.4881 | thought 1.0516 dec_ce 1.9925 | 3.3 it/s
step   10250 | cos 0.4901 | thought 1.0359 dec_ce 1.9827 | 3.3 it/s
step   10300 | cos 0.4883 | thought 1.0171 dec_ce 1.8435 | 3.3 it/s
step   10350 | cos 0.4934 | thought 1.0129 dec_ce 2.0526 | 3.2 it/s
step   10400 | cos 0.4891 | thought 0.9863 dec_ce 1.8973 | 3.2 it/s
step   10450 | cos 0.4889 | thought 1.0604 dec_ce 1.9726 | 3.3 it/s
step   10500 | cos 0.4889 | thought 0.9759 dec_ce 1.7876 | 3.4 it/s
step   10550 | cos 0.4909 | thought 0.9941 dec_ce 1.8518 | 3.3 it/s
step   10600 | cos 0.4882 | thought 1.0111 dec_ce 1.9093 | 3.3 it/s
step   10650 | cos 0.4895 | thought 1.0449 dec_ce 1.8374 | 3.3 it/s
step   10700 | cos 0.4906 | thought 0.9864 dec_ce 1.8489 | 3.2 it/s
step   10750 | cos 0.4901 | thought 1.0323 dec_ce 2.0315 | 3.2 it/s
step   10800 | cos 0.4893 | thought 0.9793 dec_ce 1.8556 | 3.2 it/s
step   10850 | cos 0.4916 | thought 1.043 dec_ce 1.9725 | 3.3 it/s
step   10900 | cos 0.4930 | thought 0.991 dec_ce 1.8982 | 3.3 it/s
step   10950 | cos 0.4881 | thought 1.0307 dec_ce 2.0643 | 3.3 it/s
step   11000 | cos 0.4923 | thought 1.029 dec_ce 2.0202 | 3.3 it/s
step   11000 | VAL cos 0.4908 | VAL dec CE 3.7248
step   11050 | cos 0.4916 | thought 1.0119 dec_ce 1.9944 | 2.7 it/s
step   11100 | cos 0.4926 | thought 1.0155 dec_ce 1.9072 | 3.3 it/s
step   11150 | cos 0.4903 | thought 0.9513 dec_ce 1.8038 | 3.3 it/s
step   11200 | cos 0.4895 | thought 1.0348 dec_ce 1.9074 | 3.3 it/s
step   11250 | cos 0.4921 | thought 1.0211 dec_ce 2.048 | 3.3 it/s
step   11300 | cos 0.4898 | thought 1.0699 dec_ce 2.0733 | 3.2 it/s
step   11350 | cos 0.4913 | thought 1.032 dec_ce 1.9319 | 3.2 it/s
step   11400 | cos 0.4903 | thought 1.0315 dec_ce 1.9845 | 3.3 it/s
step   11450 | cos 0.4890 | thought 1.0463 dec_ce 2.0211 | 3.3 it/s
step   11500 | cos 0.4933 | thought 1.0129 dec_ce 1.8918 | 3.3 it/s
step   11550 | cos 0.4897 | thought 1.057 dec_ce 1.9783 | 3.2 it/s
step   11600 | cos 0.4931 | thought 1.0062 dec_ce 2.0114 | 3.3 it/s
step   11650 | cos 0.4880 | thought 1.0564 dec_ce 1.903 | 3.3 it/s
wall-clock cap reached at step 11659

Run 'r4_tau' done: 11659 steps | final val cos 0.4912 | dec CE 3.7216
