/home/nochi/vault/projects/ThoughtVectors/thoughtvec/.venv/lib/python3.12/site-packages/torch/nn/modules/transformer.py:392: UserWarning: enable_nested_tensor is True, but self.use_nested_tensor is False because encoder_layer.norm_first was True
  warnings.warn(
model params: 32.93M
warm-started weights from checkpoints/warm_base/final.pt
step     100 | k=112 | recon 3.1152 | pred 16.6196 | lr 6.88e-06 | 2.0 it/s
step     200 | k=115 | recon 2.9336 | pred 16.5914 | lr 1.38e-05 | 2.0 it/s
step     300 | k=111 | recon 2.8470 | pred 16.2422 | lr 2.05e-05 | 2.1 it/s
step     400 | k= 99 | recon 2.8178 | pred 13.3652 | lr 2.74e-05 | 2.0 it/s
step     500 | k=121 | recon 2.7874 | pred 13.5023 | lr 3.41e-05 | 2.1 it/s
step     600 | k=145 | recon 2.7598 | pred 11.7074 | lr 4.08e-05 | 2.1 it/s
step     700 | k=115 | recon 2.7507 | pred 11.9953 | lr 4.83e-05 | 1.9 it/s
step     800 | k=113 | recon 2.7372 | pred 10.2586 | lr 5.52e-05 | 2.0 it/s
step     900 | k=114 | recon 2.7247 | pred 10.6279 | lr 6.18e-05 | 2.1 it/s
step    1000 | k= 77 | recon 2.6787 | pred 11.1060 | lr 6.90e-05 | 1.9 it/s
step    1100 | k=116 | recon 2.6556 | pred 8.5827 | lr 7.63e-05 | 1.9 it/s
step    1200 | k=114 | recon 2.6566 | pred 7.3816 | lr 8.30e-05 | 2.1 it/s
step    1300 | k=119 | recon 2.6340 | pred 3.1773 | lr 9.01e-05 | 2.0 it/s
step    1400 | k=112 | recon 2.6059 | pred 1.0955 | lr 9.71e-05 | 2.0 it/s
step    1500 | k=101 | recon 2.5762 | pred 0.3356 | lr 1.04e-04 | 2.0 it/s
step    1600 | k=145 | recon 2.5906 | pred 0.1613 | lr 1.11e-04 | 2.0 it/s
step    1700 | k=119 | recon 2.5072 | pred 0.0909 | lr 1.18e-04 | 2.0 it/s
step    1800 | k=109 | recon 2.5368 | pred 0.1123 | lr 1.25e-04 | 1.9 it/s
step    1900 | k=116 | recon 2.5054 | pred 0.0334 | lr 1.33e-04 | 1.8 it/s
step    2000 | k=124 | recon 2.4444 | pred 0.0418 | lr 1.39e-04 | 2.1 it/s
step    2000 | VAL recon 1.2136
step    2100 | k=127 | recon 2.4126 | pred 0.0405 | lr 1.47e-04 | 1.8 it/s
step    2200 | k= 96 | recon 2.3971 | pred 0.0257 | lr 1.54e-04 | 2.0 it/s
step    2300 | k=116 | recon 2.3686 | pred 0.0212 | lr 1.61e-04 | 2.0 it/s
step    2400 | k=108 | recon 2.3180 | pred 0.0192 | lr 1.68e-04 | 2.0 it/s
step    2500 | k=120 | recon 2.2775 | pred 0.0189 | lr 1.74e-04 | 2.1 it/s
step    2600 | k=126 | recon 2.2791 | pred 0.0189 | lr 1.81e-04 | 2.0 it/s
step    2700 | k=118 | recon 2.2212 | pred 0.0343 | lr 1.88e-04 | 2.1 it/s
step    2800 | k= 84 | recon 2.2068 | pred 0.0215 | lr 1.95e-04 | 2.0 it/s
step    2900 | k=107 | recon 2.1573 | pred 0.0154 | lr 2.02e-04 | 2.0 it/s
Memory access fault by GPU node-1 (Agent handle: 0x3b96aeb0) on address 0x71552f9ef000. Reason: Page not present or supervisor privilege.
=== attempt 1: tv-train --resume checkpoints/m5_frontier/step_2000.pt ===
/home/nochi/vault/projects/ThoughtVectors/thoughtvec/.venv/lib/python3.12/site-packages/torch/nn/modules/transformer.py:392: UserWarning: enable_nested_tensor is True, but self.use_nested_tensor is False because encoder_layer.norm_first was True
  warnings.warn(
model params: 32.93M
Traceback (most recent call last):
  File "/home/nochi/vault/projects/ThoughtVectors/thoughtvec/.venv/bin/tv-train", line 6, in <module>
    sys.exit(train_main())
             ^^^^^^^^^^^^
  File "/home/nochi/vault/projects/ThoughtVectors/thoughtvec/src/thoughtvec/cli.py", line 45, in train_main
    trainer.load_checkpoint(args.resume)
  File "/home/nochi/vault/projects/ThoughtVectors/thoughtvec/src/thoughtvec/train_loop.py", line 351, in load_checkpoint
    torch.set_rng_state(ckpt["rng"]["torch"])
  File "/home/nochi/vault/projects/ThoughtVectors/thoughtvec/.venv/lib/python3.12/site-packages/torch/random.py", line 19, in set_rng_state
    default_generator.set_state(new_state)
TypeError: RNG state must be a torch.ByteTensor
=== crashed after 16s (rc=1) — crash loop, giving up ===
=== attempt 1: tv-train --resume checkpoints/m5_frontier/step_2000.pt ===
/home/nochi/vault/projects/ThoughtVectors/thoughtvec/.venv/lib/python3.12/site-packages/torch/nn/modules/transformer.py:392: UserWarning: enable_nested_tensor is True, but self.use_nested_tensor is False because encoder_layer.norm_first was True
  warnings.warn(
model params: 32.93M
resumed from checkpoints/m5_frontier/step_2000.pt at step 2000
step    2100 | k=123 | recon 2.3945 | pred 0.0416 | lr 6.77e-06 | 2.1 it/s
step    2200 | k= 99 | recon 2.3555 | pred 0.0388 | lr 1.34e-05 | 2.1 it/s
step    2300 | k=127 | recon 2.3522 | pred 0.0344 | lr 2.01e-05 | 2.1 it/s
step    2400 | k=109 | recon 2.3277 | pred 0.0559 | lr 2.67e-05 | 2.1 it/s
step    2500 | k=118 | recon 2.2864 | pred 0.0501 | lr 3.34e-05 | 2.1 it/s
step    2600 | k=125 | recon 2.3035 | pred 0.0488 | lr 4.00e-05 | 2.1 it/s
step    2700 | k=124 | recon 2.3113 | pred 0.0329 | lr 4.65e-05 | 2.1 it/s
step    2800 | k= 89 | recon 2.2914 | pred 0.0276 | lr 5.31e-05 | 2.1 it/s
step    2900 | k=118 | recon 2.2732 | pred 0.0639 | lr 5.96e-05 | 2.1 it/s
step    3000 | k=118 | recon 2.2511 | pred 0.0424 | lr 6.62e-05 | 2.1 it/s
step    3100 | k=114 | recon 2.2330 | pred 0.0269 | lr 7.27e-05 | 2.1 it/s
step    3200 | k=112 | recon 2.2219 | pred 0.0216 | lr 7.92e-05 | 2.1 it/s
step    3300 | k=116 | recon 2.2289 | pred 0.0207 | lr 8.59e-05 | 2.1 it/s
step    3400 | k= 85 | recon 2.1874 | pred 0.0344 | lr 9.25e-05 | 2.1 it/s
step    3500 | k=104 | recon 2.1914 | pred 0.0198 | lr 9.91e-05 | 2.1 it/s
step    3600 | k=120 | recon 2.1785 | pred 0.0232 | lr 1.06e-04 | 2.1 it/s
step    3700 | k=124 | recon 2.0984 | pred 0.0168 | lr 1.12e-04 | 2.1 it/s
step    3800 | k=120 | recon 2.1319 | pred 0.0162 | lr 1.19e-04 | 2.1 it/s
step    3900 | k=118 | recon 2.1479 | pred 0.0201 | lr 1.26e-04 | 2.1 it/s
step    4000 | k=117 | recon 2.0870 | pred 0.0185 | lr 1.32e-04 | 2.1 it/s
step    4000 | VAL recon 0.8703
step    4100 | k=115 | recon 2.0992 | pred 0.0242 | lr 1.39e-04 | 2.0 it/s
step    4200 | k=107 | recon 2.0625 | pred 0.0118 | lr 1.46e-04 | 2.1 it/s
step    4300 | k=106 | recon 2.0046 | pred 0.0235 | lr 1.52e-04 | 2.1 it/s
step    4400 | k=110 | recon 2.0220 | pred 0.0140 | lr 1.59e-04 | 2.1 it/s
step    4500 | k=138 | recon 1.9791 | pred 0.0146 | lr 1.65e-04 | 2.1 it/s
step    4600 | k=128 | recon 1.9497 | pred 0.0217 | lr 1.72e-04 | 2.1 it/s
step    4700 | k=118 | recon 1.9064 | pred 0.0156 | lr 1.78e-04 | 2.1 it/s
step    4800 | k= 90 | recon 1.8844 | pred 0.0172 | lr 1.85e-04 | 2.1 it/s
step    4900 | k=130 | recon 1.8344 | pred 0.0234 | lr 1.91e-04 | 2.1 it/s
step    5000 | k=114 | recon 1.7716 | pred 0.0263 | lr 1.98e-04 | 2.1 it/s
step    5100 | k= 93 | recon 1.7487 | pred 0.0229 | lr 2.05e-04 | 2.1 it/s
step    5200 | k=103 | recon 1.7102 | pred 0.0164 | lr 2.11e-04 | 2.1 it/s
step    5300 | k=124 | recon 1.6428 | pred 0.0151 | lr 2.18e-04 | 2.1 it/s
step    5400 | k=106 | recon 1.6168 | pred 0.0142 | lr 2.24e-04 | 2.1 it/s
step    5500 | k=110 | recon 1.5548 | pred 0.0166 | lr 2.31e-04 | 2.1 it/s
step    5600 | k=138 | recon 1.4377 | pred 0.0173 | lr 2.38e-04 | 2.1 it/s
step    5700 | k=118 | recon 1.4128 | pred 0.0208 | lr 2.44e-04 | 2.1 it/s
step    5800 | k=122 | recon 1.3698 | pred 0.0180 | lr 2.51e-04 | 2.1 it/s
step    5900 | k=115 | recon 1.3412 | pred 0.0222 | lr 2.57e-04 | 2.1 it/s
step    6000 | k=135 | recon 1.2835 | pred 0.0160 | lr 2.64e-04 | 2.1 it/s
step    6000 | VAL recon 0.1951
step    6100 | k=113 | recon 1.2602 | pred 0.0153 | lr 2.71e-04 | 2.0 it/s
step    6200 | k=141 | recon 1.2519 | pred 0.0148 | lr 2.77e-04 | 2.1 it/s
step    6300 | k=113 | recon 1.2158 | pred 0.0227 | lr 2.84e-04 | 2.1 it/s
step    6400 | k= 97 | recon 1.1694 | pred 0.0164 | lr 2.90e-04 | 2.1 it/s
step    6500 | k=109 | recon 1.1528 | pred 0.0141 | lr 2.97e-04 | 2.1 it/s
step    6600 | k=130 | recon 1.1467 | pred 0.0139 | lr 3.00e-04 | 2.1 it/s
step    6700 | k= 77 | recon 1.1065 | pred 0.0252 | lr 3.00e-04 | 2.1 it/s
step    6800 | k= 84 | recon 1.0799 | pred 0.0140 | lr 3.00e-04 | 2.1 it/s
step    6900 | k= 83 | recon 1.0325 | pred 0.0178 | lr 3.00e-04 | 2.1 it/s
step    7000 | k=107 | recon 1.0167 | pred 0.0183 | lr 3.00e-04 | 2.1 it/s
step    7100 | k=126 | recon 1.0117 | pred 0.0212 | lr 3.00e-04 | 2.1 it/s
step    7200 | k=113 | recon 1.0032 | pred 0.0161 | lr 3.00e-04 | 2.1 it/s
step    7300 | k= 98 | recon 0.9510 | pred 0.0151 | lr 3.00e-04 | 2.1 it/s
step    7400 | k=126 | recon 0.9659 | pred 0.0149 | lr 3.00e-04 | 2.1 it/s
step    7500 | k=116 | recon 0.9702 | pred 0.0102 | lr 3.00e-04 | 2.1 it/s
step    7600 | k= 86 | recon 0.9409 | pred 0.0168 | lr 3.00e-04 | 2.1 it/s
step    7700 | k=154 | recon 0.9159 | pred 0.0144 | lr 3.00e-04 | 2.1 it/s
step    7800 | k=100 | recon 0.9118 | pred 0.0154 | lr 3.00e-04 | 2.0 it/s
step    7900 | k=133 | recon 0.8800 | pred 0.0124 | lr 3.00e-04 | 2.1 it/s
step    8000 | k= 93 | recon 0.9107 | pred 0.0112 | lr 3.00e-04 | 2.1 it/s
step    8000 | VAL recon 0.0634
step    8100 | k=112 | recon 0.8939 | pred 0.0125 | lr 3.00e-04 | 1.9 it/s
step    8200 | k=103 | recon 0.8376 | pred 0.0170 | lr 3.00e-04 | 2.1 it/s
step    8300 | k=105 | recon 0.8395 | pred 0.0108 | lr 3.00e-04 | 2.1 it/s
step    8400 | k= 98 | recon 0.8337 | pred 0.0128 | lr 3.00e-04 | 2.1 it/s
step    8500 | k=130 | recon 0.8198 | pred 0.0127 | lr 3.00e-04 | 2.1 it/s
step    8600 | k=138 | recon 0.8317 | pred 0.0139 | lr 3.00e-04 | 2.1 it/s
step    8700 | k=144 | recon 0.8140 | pred 0.0169 | lr 3.00e-04 | 2.1 it/s
step    8800 | k=133 | recon 0.7585 | pred 0.0262 | lr 3.00e-04 | 2.1 it/s
step    8900 | k=120 | recon 0.7596 | pred 0.0161 | lr 3.00e-04 | 2.1 it/s
step    9000 | k= 82 | recon 0.7588 | pred 0.0119 | lr 2.99e-04 | 2.1 it/s
step    9100 | k= 80 | recon 0.7799 | pred 0.0135 | lr 2.99e-04 | 2.1 it/s
step    9200 | k=102 | recon 0.7409 | pred 0.0104 | lr 2.99e-04 | 2.1 it/s
step    9300 | k=112 | recon 0.7381 | pred 0.0117 | lr 2.99e-04 | 2.1 it/s
step    9400 | k=100 | recon 0.7417 | pred 0.0215 | lr 2.99e-04 | 2.1 it/s
step    9500 | k=112 | recon 0.7229 | pred 0.0168 | lr 2.99e-04 | 2.1 it/s
step    9600 | k=136 | recon 0.7159 | pred 0.0152 | lr 2.99e-04 | 2.1 it/s
step    9700 | k=116 | recon 0.7073 | pred 0.0141 | lr 2.99e-04 | 2.1 it/s
step    9800 | k=110 | recon 0.7125 | pred 0.0156 | lr 2.99e-04 | 2.1 it/s
step    9900 | k=102 | recon 0.6782 | pred 0.0096 | lr 2.99e-04 | 2.1 it/s
step   10000 | k= 79 | recon 0.6883 | pred 0.0180 | lr 2.99e-04 | 2.1 it/s
step   10000 | VAL recon 0.0315
step   10100 | k=111 | recon 0.7323 | pred 0.0147 | lr 2.99e-04 | 2.0 it/s
step   10200 | k=145 | recon 0.6810 | pred 0.0144 | lr 2.99e-04 | 2.1 it/s
step   10300 | k=117 | recon 0.6507 | pred 0.0152 | lr 2.99e-04 | 2.1 it/s
step   10400 | k=116 | recon 0.6572 | pred 0.0121 | lr 2.99e-04 | 2.1 it/s
step   10500 | k= 96 | recon 0.6527 | pred 0.0130 | lr 2.99e-04 | 2.1 it/s
step   10600 | k=122 | recon 0.6306 | pred 0.0131 | lr 2.99e-04 | 2.1 it/s
step   10700 | k= 83 | recon 0.6325 | pred 0.0116 | lr 2.98e-04 | 2.1 it/s
step   10800 | k=113 | recon 0.6483 | pred 0.0183 | lr 2.98e-04 | 2.1 it/s
step   10900 | k=135 | recon 0.6692 | pred 0.0066 | lr 2.98e-04 | 2.1 it/s
step   11000 | k= 84 | recon 0.6466 | pred 0.0110 | lr 2.98e-04 | 2.1 it/s
step   11100 | k=140 | recon 0.5963 | pred 0.0126 | lr 2.98e-04 | 2.1 it/s
step   11200 | k=101 | recon 0.6148 | pred 0.0155 | lr 2.98e-04 | 2.1 it/s
step   11300 | k=143 | recon 0.6170 | pred 0.0073 | lr 2.98e-04 | 2.1 it/s
step   11400 | k= 89 | recon 0.6315 | pred 0.0096 | lr 2.98e-04 | 2.1 it/s
step   11500 | k=110 | recon 0.5910 | pred 0.0110 | lr 2.98e-04 | 2.1 it/s
step   11600 | k=114 | recon 0.6151 | pred 0.0132 | lr 2.98e-04 | 2.1 it/s
step   11700 | k=125 | recon 0.5861 | pred 0.0167 | lr 2.98e-04 | 2.1 it/s
step   11800 | k=107 | recon 0.5637 | pred 0.0144 | lr 2.98e-04 | 2.1 it/s
step   11900 | k=119 | recon 0.5843 | pred 0.0085 | lr 2.97e-04 | 2.1 it/s
step   12000 | k=118 | recon 0.5543 | pred 0.0108 | lr 2.97e-04 | 2.1 it/s
step   12000 | VAL recon 0.0155
step   12100 | k= 98 | recon 0.5592 | pred 0.0117 | lr 2.97e-04 | 2.0 it/s
step   12200 | k=113 | recon 0.5781 | pred 0.0083 | lr 2.97e-04 | 2.1 it/s
step   12300 | k=114 | recon 0.5381 | pred 0.0121 | lr 2.97e-04 | 2.1 it/s
step   12400 | k= 80 | recon 0.5556 | pred 0.0159 | lr 2.97e-04 | 2.1 it/s
step   12500 | k=116 | recon 0.5218 | pred 0.0222 | lr 2.97e-04 | 2.1 it/s
step   12600 | k=139 | recon 0.5144 | pred 0.0109 | lr 2.97e-04 | 2.1 it/s
step   12700 | k=118 | recon 0.5297 | pred 0.0092 | lr 2.97e-04 | 2.1 it/s
step   12800 | k=130 | recon 0.5134 | pred 0.0115 | lr 2.97e-04 | 2.1 it/s
step   12900 | k= 98 | recon 0.4893 | pred 0.0107 | lr 2.96e-04 | 2.1 it/s
step   13000 | k=109 | recon 0.4995 | pred 0.0094 | lr 2.96e-04 | 2.1 it/s
step   13100 | k=116 | recon 0.5278 | pred 0.0080 | lr 2.96e-04 | 2.1 it/s
step   13200 | k=105 | recon 0.5021 | pred 0.0088 | lr 2.96e-04 | 2.1 it/s
step   13300 | k= 84 | recon 0.4771 | pred 0.0054 | lr 2.96e-04 | 2.1 it/s
step   13400 | k=117 | recon 0.4634 | pred 0.0082 | lr 2.96e-04 | 2.1 it/s
step   13500 | k=113 | recon 0.5112 | pred 0.0154 | lr 2.96e-04 | 2.1 it/s
step   13600 | k=137 | recon 0.4951 | pred 0.0189 | lr 2.96e-04 | 2.1 it/s
step   13700 | k=116 | recon 0.4748 | pred 0.0109 | lr 2.95e-04 | 2.1 it/s
step   13800 | k= 89 | recon 0.4757 | pred 0.0102 | lr 2.95e-04 | 2.1 it/s
step   13900 | k= 94 | recon 0.4490 | pred 0.0121 | lr 2.95e-04 | 2.1 it/s
step   14000 | k=114 | recon 0.4765 | pred 0.0065 | lr 2.95e-04 | 2.1 it/s
step   14000 | VAL recon 0.0078
step   14100 | k=117 | recon 0.4850 | pred 0.0117 | lr 2.95e-04 | 2.0 it/s
step   14200 | k=114 | recon 0.4637 | pred 0.0124 | lr 2.95e-04 | 2.1 it/s
step   14300 | k=104 | recon 0.4525 | pred 0.0086 | lr 2.95e-04 | 2.1 it/s
step   14400 | k=112 | recon 0.4376 | pred 0.0125 | lr 2.95e-04 | 2.1 it/s
step   14500 | k=134 | recon 0.4308 | pred 0.0154 | lr 2.94e-04 | 2.1 it/s
step   14600 | k=105 | recon 0.4479 | pred 0.0097 | lr 2.94e-04 | 2.1 it/s
step   14700 | k=121 | recon 0.4784 | pred 0.0118 | lr 2.94e-04 | 2.1 it/s
step   14800 | k=122 | recon 0.4155 | pred 0.0087 | lr 2.94e-04 | 2.1 it/s
step   14900 | k=118 | recon 0.4270 | pred 0.0127 | lr 2.94e-04 | 2.1 it/s
step   15000 | k=100 | recon 0.4603 | pred 0.0075 | lr 2.94e-04 | 2.1 it/s
step   15100 | k= 99 | recon 0.4498 | pred 0.0128 | lr 2.94e-04 | 2.1 it/s
step   15200 | k= 85 | recon 0.4344 | pred 0.0096 | lr 2.93e-04 | 2.1 it/s
step   15300 | k= 87 | recon 0.4347 | pred 0.0056 | lr 2.93e-04 | 2.1 it/s
step   15400 | k=100 | recon 0.4181 | pred 0.0048 | lr 2.93e-04 | 2.1 it/s
step   15500 | k= 97 | recon 0.4390 | pred 0.0069 | lr 2.93e-04 | 2.1 it/s
step   15600 | k=102 | recon 0.4204 | pred 0.0089 | lr 2.93e-04 | 2.1 it/s
step   15700 | k=124 | recon 0.4432 | pred 0.0076 | lr 2.93e-04 | 2.1 it/s
step   15800 | k=135 | recon 0.3945 | pred 0.0118 | lr 2.92e-04 | 2.1 it/s
step   15900 | k=106 | recon 0.4307 | pred 0.0070 | lr 2.92e-04 | 2.1 it/s
step   16000 | k= 94 | recon 0.4069 | pred 0.0094 | lr 2.92e-04 | 2.1 it/s
step   16000 | VAL recon 0.0030
step   16100 | k=134 | recon 0.3910 | pred 0.0114 | lr 2.92e-04 | 1.9 it/s
step   16200 | k=107 | recon 0.3942 | pred 0.0055 | lr 2.92e-04 | 2.1 it/s
step   16300 | k=120 | recon 0.3890 | pred 0.0071 | lr 2.92e-04 | 2.1 it/s
step   16400 | k=113 | recon 0.3921 | pred 0.0119 | lr 2.91e-04 | 2.1 it/s
step   16500 | k=116 | recon 0.3969 | pred 0.0138 | lr 2.91e-04 | 2.1 it/s
step   16600 | k=122 | recon 0.3718 | pred 0.0071 | lr 2.91e-04 | 2.1 it/s
step   16700 | k=123 | recon 0.3574 | pred 0.0093 | lr 2.91e-04 | 2.1 it/s
step   16800 | k=115 | recon 0.3550 | pred 0.0081 | lr 2.91e-04 | 2.1 it/s
step   16900 | k=119 | recon 0.3736 | pred 0.0046 | lr 2.91e-04 | 2.1 it/s
step   17000 | k=111 | recon 0.3597 | pred 0.0050 | lr 2.90e-04 | 2.1 it/s
step   17100 | k=122 | recon 0.3403 | pred 0.0072 | lr 2.90e-04 | 2.1 it/s
step   17200 | k= 92 | recon 0.3504 | pred 0.0146 | lr 2.90e-04 | 2.1 it/s
step   17300 | k=116 | recon 0.3530 | pred 0.0056 | lr 2.90e-04 | 2.1 it/s
step   17400 | k= 89 | recon 0.3356 | pred 0.0089 | lr 2.90e-04 | 2.1 it/s
step   17500 | k=124 | recon 0.3703 | pred 0.0079 | lr 2.89e-04 | 2.1 it/s
step   17600 | k= 91 | recon 0.3392 | pred 0.0079 | lr 2.89e-04 | 2.1 it/s
step   17700 | k=122 | recon 0.3295 | pred 0.0099 | lr 2.89e-04 | 2.1 it/s
step   17800 | k=102 | recon 0.3288 | pred 0.0073 | lr 2.89e-04 | 2.1 it/s
step   17900 | k=109 | recon 0.3588 | pred 0.0063 | lr 2.89e-04 | 2.1 it/s
step   18000 | k= 85 | recon 0.3327 | pred 0.0085 | lr 2.88e-04 | 2.1 it/s
step   18000 | VAL recon 0.0018
step   18100 | k=117 | recon 0.3380 | pred 0.0037 | lr 2.88e-04 | 1.9 it/s
step   18200 | k=113 | recon 0.3499 | pred 0.0068 | lr 2.88e-04 | 2.1 it/s
step   18300 | k=114 | recon 0.3053 | pred 0.0085 | lr 2.88e-04 | 2.1 it/s
step   18400 | k= 98 | recon 0.2996 | pred 0.0066 | lr 2.88e-04 | 2.1 it/s
step   18500 | k= 91 | recon 0.3271 | pred 0.0064 | lr 2.87e-04 | 2.1 it/s
step   18600 | k= 94 | recon 0.3411 | pred 0.0108 | lr 2.87e-04 | 2.1 it/s
step   18700 | k= 93 | recon 0.3423 | pred 0.0112 | lr 2.87e-04 | 2.1 it/s
step   18800 | k= 96 | recon 0.2953 | pred 0.0033 | lr 2.87e-04 | 2.1 it/s
step   18900 | k=112 | recon 0.3026 | pred 0.0035 | lr 2.87e-04 | 2.1 it/s
step   19000 | k=103 | recon 0.2947 | pred 0.0070 | lr 2.86e-04 | 2.1 it/s
step   19100 | k=122 | recon 0.2938 | pred 0.0085 | lr 2.86e-04 | 2.1 it/s
step   19200 | k=129 | recon 0.2872 | pred 0.0110 | lr 2.86e-04 | 2.1 it/s
step   19300 | k=104 | recon 0.3170 | pred 0.0070 | lr 2.86e-04 | 2.1 it/s
step   19400 | k= 90 | recon 0.2880 | pred 0.0079 | lr 2.85e-04 | 2.1 it/s
step   19500 | k=103 | recon 0.2976 | pred 0.0099 | lr 2.85e-04 | 2.1 it/s
step   19600 | k=114 | recon 0.3051 | pred 0.0044 | lr 2.85e-04 | 2.1 it/s
step   19700 | k=122 | recon 0.2934 | pred 0.0042 | lr 2.85e-04 | 2.1 it/s
step   19800 | k=103 | recon 0.3042 | pred 0.0126 | lr 2.85e-04 | 2.1 it/s
step   19900 | k= 96 | recon 0.2825 | pred 0.0074 | lr 2.84e-04 | 2.1 it/s
step   20000 | k=111 | recon 0.2901 | pred 0.0077 | lr 2.84e-04 | 2.1 it/s
step   20000 | VAL recon 0.0013
step   20100 | k=111 | recon 0.2898 | pred 0.0042 | lr 2.84e-04 | 1.9 it/s
step   20200 | k=117 | recon 0.2895 | pred 0.0060 | lr 2.84e-04 | 2.1 it/s
step   20300 | k= 96 | recon 0.2958 | pred 0.0071 | lr 2.83e-04 | 2.1 it/s
step   20400 | k=126 | recon 0.2689 | pred 0.0075 | lr 2.83e-04 | 2.1 it/s
step   20500 | k=107 | recon 0.2931 | pred 0.0090 | lr 2.83e-04 | 2.1 it/s
step   20600 | k= 97 | recon 0.2767 | pred 0.0110 | lr 2.83e-04 | 2.1 it/s
step   20700 | k=116 | recon 0.2783 | pred 0.0128 | lr 2.82e-04 | 2.0 it/s
step   20800 | k= 97 | recon 0.2592 | pred 0.0041 | lr 2.82e-04 | 2.1 it/s
step   20900 | k=135 | recon 0.2543 | pred 0.0045 | lr 2.82e-04 | 2.1 it/s
step   21000 | k=102 | recon 0.2730 | pred 0.0045 | lr 2.82e-04 | 2.1 it/s
step   21100 | k=103 | recon 0.2697 | pred 0.0037 | lr 2.81e-04 | 2.1 it/s
step   21200 | k=123 | recon 0.2642 | pred 0.0055 | lr 2.81e-04 | 2.1 it/s
step   21300 | k=130 | recon 0.2526 | pred 0.0071 | lr 2.81e-04 | 2.1 it/s
step   21400 | k=135 | recon 0.2612 | pred 0.0052 | lr 2.81e-04 | 2.1 it/s
step   21500 | k=100 | recon 0.2670 | pred 0.0061 | lr 2.80e-04 | 2.1 it/s
step   21600 | k= 93 | recon 0.2704 | pred 0.0072 | lr 2.80e-04 | 2.1 it/s
step   21700 | k=110 | recon 0.2526 | pred 0.0097 | lr 2.80e-04 | 2.1 it/s
step   21800 | k=142 | recon 0.2862 | pred 0.0080 | lr 2.80e-04 | 2.1 it/s
step   21900 | k= 88 | recon 0.2395 | pred 0.0060 | lr 2.79e-04 | 2.1 it/s
step   22000 | k=108 | recon 0.2548 | pred 0.0027 | lr 2.79e-04 | 2.1 it/s
step   22000 | VAL recon 0.0012
step   22100 | k=137 | recon 0.2532 | pred 0.0045 | lr 2.79e-04 | 2.0 it/s
step   22200 | k=128 | recon 0.2464 | pred 0.0061 | lr 2.79e-04 | 2.1 it/s
step   22300 | k=126 | recon 0.2481 | pred 0.0035 | lr 2.78e-04 | 2.1 it/s
step   22400 | k=125 | recon 0.2535 | pred 0.0081 | lr 2.78e-04 | 2.1 it/s
step   22500 | k=128 | recon 0.2610 | pred 0.0073 | lr 2.78e-04 | 2.1 it/s
step   22600 | k=111 | recon 0.2652 | pred 0.0049 | lr 2.78e-04 | 2.1 it/s
step   22700 | k=101 | recon 0.2403 | pred 0.0059 | lr 2.77e-04 | 2.1 it/s
step   22800 | k=109 | recon 0.2429 | pred 0.0123 | lr 2.77e-04 | 2.1 it/s
step   22900 | k=143 | recon 0.2466 | pred 0.0071 | lr 2.77e-04 | 2.1 it/s
step   23000 | k=137 | recon 0.2392 | pred 0.0074 | lr 2.76e-04 | 2.1 it/s
step   23100 | k=127 | recon 0.2270 | pred 0.0061 | lr 2.76e-04 | 2.1 it/s
step   23200 | k=135 | recon 0.2466 | pred 0.0080 | lr 2.76e-04 | 2.1 it/s
step   23300 | k=114 | recon 0.2170 | pred 0.0069 | lr 2.76e-04 | 2.1 it/s
step   23400 | k= 97 | recon 0.2431 | pred 0.0042 | lr 2.75e-04 | 2.1 it/s
step   23500 | k= 85 | recon 0.2280 | pred 0.0037 | lr 2.75e-04 | 2.1 it/s
step   23600 | k=132 | recon 0.2521 | pred 0.0032 | lr 2.75e-04 | 2.1 it/s
step   23700 | k=108 | recon 0.2608 | pred 0.0043 | lr 2.75e-04 | 2.1 it/s
step   23800 | k=125 | recon 0.2391 | pred 0.0079 | lr 2.74e-04 | 2.1 it/s
step   23900 | k=114 | recon 0.2312 | pred 0.0056 | lr 2.74e-04 | 2.1 it/s
step   24000 | k=105 | recon 0.2323 | pred 0.0068 | lr 2.74e-04 | 2.1 it/s
step   24000 | VAL recon 0.0002
step   24100 | k=113 | recon 0.2383 | pred 0.0065 | lr 2.73e-04 | 2.0 it/s
step   24200 | k=133 | recon 0.2290 | pred 0.0037 | lr 2.73e-04 | 2.1 it/s
step   24300 | k=102 | recon 0.2470 | pred 0.0068 | lr 2.73e-04 | 2.1 it/s
step   24400 | k=127 | recon 0.2309 | pred 0.0035 | lr 2.72e-04 | 2.1 it/s
step   24500 | k=132 | recon 0.2348 | pred 0.0058 | lr 2.72e-04 | 2.1 it/s
step   24600 | k=105 | recon 0.2519 | pred 0.0132 | lr 2.72e-04 | 2.1 it/s
step   24700 | k=112 | recon 0.2253 | pred 0.0057 | lr 2.72e-04 | 2.1 it/s
step   24800 | k=110 | recon 0.2179 | pred 0.0084 | lr 2.71e-04 | 2.1 it/s
step   24900 | k=128 | recon 0.2180 | pred 0.0046 | lr 2.71e-04 | 2.1 it/s
step   25000 | k=112 | recon 0.2113 | pred 0.0067 | lr 2.71e-04 | 2.1 it/s
step   25100 | k= 74 | recon 0.2210 | pred 0.0098 | lr 2.70e-04 | 2.1 it/s
step   25200 | k=113 | recon 0.2426 | pred 0.0082 | lr 2.70e-04 | 2.1 it/s
step   25300 | k=115 | recon 0.2210 | pred 0.0034 | lr 2.70e-04 | 2.1 it/s
step   25400 | k=108 | recon 0.2202 | pred 0.0050 | lr 2.69e-04 | 2.1 it/s
step   25500 | k=106 | recon 0.2063 | pred 0.0033 | lr 2.69e-04 | 2.1 it/s
step   25600 | k= 91 | recon 0.2084 | pred 0.0037 | lr 2.69e-04 | 2.1 it/s
step   25700 | k=102 | recon 0.2084 | pred 0.0049 | lr 2.68e-04 | 2.1 it/s
step   25800 | k=102 | recon 0.2245 | pred 0.0014 | lr 2.68e-04 | 2.1 it/s
step   25900 | k=127 | recon 0.2124 | pred 0.0045 | lr 2.68e-04 | 2.1 it/s
step   26000 | k=121 | recon 0.2213 | pred 0.0018 | lr 2.68e-04 | 2.1 it/s
step   26000 | VAL recon 0.0003
step   26100 | k=129 | recon 0.1979 | pred 0.0044 | lr 2.67e-04 | 2.0 it/s
step   26200 | k=108 | recon 0.2105 | pred 0.0041 | lr 2.67e-04 | 2.1 it/s
step   26300 | k=119 | recon 0.2031 | pred 0.0060 | lr 2.67e-04 | 2.1 it/s
step   26400 | k= 93 | recon 0.2106 | pred 0.0057 | lr 2.66e-04 | 2.1 it/s
step   26500 | k=102 | recon 0.1975 | pred 0.0043 | lr 2.66e-04 | 2.1 it/s
step   26600 | k=112 | recon 0.1980 | pred 0.0039 | lr 2.66e-04 | 2.1 it/s
step   26700 | k=121 | recon 0.2111 | pred 0.0017 | lr 2.65e-04 | 2.1 it/s
step   26800 | k= 98 | recon 0.2051 | pred 0.0055 | lr 2.65e-04 | 2.1 it/s
step   26900 | k=125 | recon 0.1783 | pred 0.0039 | lr 2.65e-04 | 2.1 it/s
step   27000 | k=138 | recon 0.2221 | pred 0.0050 | lr 2.64e-04 | 2.1 it/s
step   27100 | k=105 | recon 0.2284 | pred 0.0034 | lr 2.64e-04 | 2.1 it/s
step   27200 | k=100 | recon 0.1949 | pred 0.0063 | lr 2.64e-04 | 2.1 it/s
step   27300 | k=101 | recon 0.1969 | pred 0.0070 | lr 2.63e-04 | 2.1 it/s
step   27400 | k=120 | recon 0.1962 | pred 0.0049 | lr 2.63e-04 | 2.1 it/s
step   27500 | k=118 | recon 0.1974 | pred 0.0030 | lr 2.63e-04 | 2.1 it/s
step   27600 | k=129 | recon 0.2005 | pred 0.0052 | lr 2.62e-04 | 2.1 it/s
step   27700 | k= 81 | recon 0.2001 | pred 0.0082 | lr 2.62e-04 | 2.1 it/s
step   27800 | k=110 | recon 0.2160 | pred 0.0089 | lr 2.62e-04 | 2.1 it/s
step   27900 | k=116 | recon 0.2159 | pred 0.0046 | lr 2.61e-04 | 2.1 it/s
step   28000 | k=102 | recon 0.1876 | pred 0.0049 | lr 2.61e-04 | 2.1 it/s
step   28000 | VAL recon 0.0003
step   28100 | k= 94 | recon 0.1856 | pred 0.0044 | lr 2.61e-04 | 2.0 it/s
step   28200 | k=132 | recon 0.1972 | pred 0.0066 | lr 2.60e-04 | 2.1 it/s
step   28300 | k=130 | recon 0.1803 | pred 0.0043 | lr 2.60e-04 | 2.1 it/s
step   28400 | k=128 | recon 0.1741 | pred 0.0064 | lr 2.59e-04 | 2.1 it/s
step   28500 | k=120 | recon 0.2086 | pred 0.0075 | lr 2.59e-04 | 2.1 it/s
step   28600 | k=135 | recon 0.2134 | pred 0.0027 | lr 2.59e-04 | 2.1 it/s
step   28700 | k=105 | recon 0.2072 | pred 0.0085 | lr 2.58e-04 | 2.1 it/s
step   28800 | k=120 | recon 0.2388 | pred 0.0030 | lr 2.58e-04 | 2.1 it/s
step   28900 | k=117 | recon 0.1890 | pred 0.0056 | lr 2.58e-04 | 2.1 it/s
step   29000 | k=111 | recon 0.1786 | pred 0.0027 | lr 2.57e-04 | 2.1 it/s
step   29100 | k=109 | recon 0.2306 | pred 0.0053 | lr 2.57e-04 | 2.1 it/s
step   29200 | k=116 | recon 0.1780 | pred 0.0038 | lr 2.57e-04 | 2.1 it/s
step   29300 | k=120 | recon 0.2003 | pred 0.0050 | lr 2.56e-04 | 2.1 it/s
step   29400 | k=123 | recon 0.1785 | pred 0.0024 | lr 2.56e-04 | 2.1 it/s
step   29500 | k=103 | recon 0.1951 | pred 0.0026 | lr 2.56e-04 | 2.1 it/s
step   29600 | k= 69 | recon 0.1870 | pred 0.0041 | lr 2.55e-04 | 2.1 it/s
step   29700 | k=107 | recon 0.2024 | pred 0.0055 | lr 2.55e-04 | 2.1 it/s
step   29800 | k=131 | recon 0.1840 | pred 0.0036 | lr 2.54e-04 | 2.1 it/s
step   29900 | k=131 | recon 0.1927 | pred 0.0029 | lr 2.54e-04 | 2.1 it/s
step   30000 | k= 97 | recon 0.2016 | pred 0.0033 | lr 2.54e-04 | 2.1 it/s
step   30000 | VAL recon 0.0005
step   30100 | k=105 | recon 0.2066 | pred 0.0021 | lr 2.53e-04 | 1.9 it/s
step   30200 | k= 91 | recon 0.1624 | pred 0.0027 | lr 2.53e-04 | 2.1 it/s
step   30300 | k=121 | recon 0.2047 | pred 0.0042 | lr 2.53e-04 | 2.1 it/s
step   30400 | k=109 | recon 0.1814 | pred 0.0034 | lr 2.52e-04 | 2.1 it/s
step   30500 | k=113 | recon 0.1917 | pred 0.0046 | lr 2.52e-04 | 2.1 it/s
step   30600 | k= 91 | recon 0.1955 | pred 0.0072 | lr 2.51e-04 | 2.1 it/s
step   30700 | k=113 | recon 0.1890 | pred 0.0056 | lr 2.51e-04 | 2.1 it/s
step   30800 | k=121 | recon 0.1734 | pred 0.0039 | lr 2.51e-04 | 2.1 it/s
step   30900 | k=116 | recon 0.1895 | pred 0.0016 | lr 2.50e-04 | 2.1 it/s
step   31000 | k=110 | recon 0.1764 | pred 0.0056 | lr 2.50e-04 | 2.1 it/s
step   31100 | k= 87 | recon 0.1678 | pred 0.0057 | lr 2.50e-04 | 2.1 it/s
step   31200 | k=109 | recon 0.1868 | pred 0.0035 | lr 2.49e-04 | 2.1 it/s
step   31300 | k= 98 | recon 0.1893 | pred 0.0027 | lr 2.49e-04 | 2.1 it/s
step   31400 | k=132 | recon 0.1715 | pred 0.0039 | lr 2.48e-04 | 2.1 it/s
step   31500 | k=127 | recon 0.1900 | pred 0.0041 | lr 2.48e-04 | 2.1 it/s
step   31600 | k=120 | recon 0.1801 | pred 0.0042 | lr 2.48e-04 | 2.1 it/s
step   31700 | k=108 | recon 0.1866 | pred 0.0082 | lr 2.47e-04 | 2.1 it/s
step   31800 | k=105 | recon 0.1665 | pred 0.0036 | lr 2.47e-04 | 2.1 it/s
step   31900 | k=118 | recon 0.1873 | pred 0.0029 | lr 2.46e-04 | 2.1 it/s
step   32000 | k=121 | recon 0.1800 | pred 0.0029 | lr 2.46e-04 | 2.1 it/s
step   32000 | VAL recon 0.0002
step   32100 | k=118 | recon 0.1904 | pred 0.0037 | lr 2.46e-04 | 1.9 it/s
step   32200 | k= 96 | recon 0.1723 | pred 0.0046 | lr 2.45e-04 | 2.1 it/s
step   32300 | k=105 | recon 0.1735 | pred 0.0046 | lr 2.45e-04 | 2.1 it/s
step   32400 | k=108 | recon 0.1595 | pred 0.0025 | lr 2.44e-04 | 2.1 it/s
step   32500 | k= 97 | recon 0.1494 | pred 0.0066 | lr 2.44e-04 | 2.1 it/s
step   32600 | k=116 | recon 0.1910 | pred 0.0017 | lr 2.44e-04 | 2.1 it/s
step   32700 | k=110 | recon 0.1719 | pred 0.0027 | lr 2.43e-04 | 2.1 it/s
step   32800 | k=124 | recon 0.1901 | pred 0.0124 | lr 2.43e-04 | 2.1 it/s
step   32900 | k=115 | recon 0.1621 | pred 0.0023 | lr 2.42e-04 | 2.1 it/s
step   33000 | k=126 | recon 0.1825 | pred 0.0059 | lr 2.42e-04 | 2.1 it/s
step   33100 | k=113 | recon 0.1690 | pred 0.0045 | lr 2.42e-04 | 2.1 it/s
step   33200 | k=118 | recon 0.1802 | pred 0.0058 | lr 2.41e-04 | 2.1 it/s
step   33300 | k=131 | recon 0.1921 | pred 0.0053 | lr 2.41e-04 | 2.1 it/s
step   33400 | k= 88 | recon 0.1518 | pred 0.0023 | lr 2.40e-04 | 2.1 it/s
step   33500 | k=106 | recon 0.1785 | pred 0.0025 | lr 2.40e-04 | 2.1 it/s
step   33600 | k=101 | recon 0.1563 | pred 0.0079 | lr 2.40e-04 | 2.1 it/s
step   33700 | k= 78 | recon 0.1691 | pred 0.0038 | lr 2.39e-04 | 2.1 it/s
step   33800 | k=107 | recon 0.1828 | pred 0.0022 | lr 2.39e-04 | 2.1 it/s
step   33900 | k=105 | recon 0.1560 | pred 0.0018 | lr 2.38e-04 | 2.1 it/s
step   34000 | k=121 | recon 0.1702 | pred 0.0025 | lr 2.38e-04 | 2.1 it/s
step   34000 | VAL recon 0.0002
step   34100 | k=111 | recon 0.1664 | pred 0.0017 | lr 2.38e-04 | 2.0 it/s
step   34200 | k=127 | recon 0.1582 | pred 0.0055 | lr 2.37e-04 | 2.1 it/s
step   34300 | k= 75 | recon 0.1870 | pred 0.0032 | lr 2.37e-04 | 2.1 it/s
step   34400 | k=123 | recon 0.1776 | pred 0.0018 | lr 2.36e-04 | 2.1 it/s
step   34500 | k=116 | recon 0.1635 | pred 0.0019 | lr 2.36e-04 | 2.1 it/s
step   34600 | k=115 | recon 0.1961 | pred 0.0019 | lr 2.35e-04 | 2.1 it/s
step   34700 | k=131 | recon 0.1680 | pred 0.0027 | lr 2.35e-04 | 2.1 it/s
step   34800 | k= 81 | recon 0.1490 | pred 0.0019 | lr 2.35e-04 | 2.1 it/s
step   34900 | k=106 | recon 0.1712 | pred 0.0041 | lr 2.34e-04 | 2.1 it/s
step   35000 | k= 89 | recon 0.1575 | pred 0.0047 | lr 2.34e-04 | 2.1 it/s
step   35100 | k=133 | recon 0.1698 | pred 0.0031 | lr 2.33e-04 | 2.1 it/s
step   35200 | k= 69 | recon 0.1552 | pred 0.0022 | lr 2.33e-04 | 2.1 it/s
step   35300 | k=135 | recon 0.1683 | pred 0.0059 | lr 2.33e-04 | 2.1 it/s
step   35400 | k=129 | recon 0.1514 | pred 0.0114 | lr 2.32e-04 | 2.1 it/s
step   35500 | k=107 | recon 0.1505 | pred 0.0018 | lr 2.32e-04 | 2.1 it/s
step   35600 | k= 86 | recon 0.1410 | pred 0.0043 | lr 2.31e-04 | 2.1 it/s
step   35700 | k=120 | recon 0.1655 | pred 0.0040 | lr 2.31e-04 | 2.1 it/s
step   35800 | k=128 | recon 0.1608 | pred 0.0070 | lr 2.30e-04 | 2.1 it/s
step   35900 | k=107 | recon 0.1647 | pred 0.0021 | lr 2.30e-04 | 2.1 it/s
step   36000 | k=109 | recon 0.1417 | pred 0.0090 | lr 2.30e-04 | 2.1 it/s
step   36000 | VAL recon 0.0001
step   36100 | k= 88 | recon 0.1618 | pred 0.0105 | lr 2.29e-04 | 1.9 it/s
step   36200 | k=101 | recon 0.1529 | pred 0.0015 | lr 2.29e-04 | 2.1 it/s
step   36300 | k=124 | recon 0.1548 | pred 0.0040 | lr 2.28e-04 | 2.1 it/s
step   36400 | k=120 | recon 0.1674 | pred 0.0038 | lr 2.28e-04 | 2.1 it/s
step   36500 | k=109 | recon 0.1563 | pred 0.0031 | lr 2.27e-04 | 2.1 it/s
step   36600 | k=102 | recon 0.1700 | pred 0.0043 | lr 2.27e-04 | 2.1 it/s
step   36700 | k=105 | recon 0.1634 | pred 0.0032 | lr 2.26e-04 | 2.1 it/s
step   36800 | k=147 | recon 0.1559 | pred 0.0028 | lr 2.26e-04 | 2.1 it/s
step   36900 | k=113 | recon 0.1749 | pred 0.0026 | lr 2.26e-04 | 2.1 it/s
step   37000 | k= 94 | recon 0.1659 | pred 0.0056 | lr 2.25e-04 | 2.1 it/s
step   37100 | k=132 | recon 0.1527 | pred 0.0029 | lr 2.25e-04 | 2.1 it/s
step   37200 | k=112 | recon 0.1435 | pred 0.0034 | lr 2.24e-04 | 2.1 it/s
step   37300 | k=105 | recon 0.1869 | pred 0.0032 | lr 2.24e-04 | 2.1 it/s
step   37400 | k=112 | recon 0.1479 | pred 0.0012 | lr 2.23e-04 | 2.1 it/s
step   37500 | k=104 | recon 0.1565 | pred 0.0022 | lr 2.23e-04 | 2.1 it/s
step   37600 | k=117 | recon 0.1434 | pred 0.0052 | lr 2.23e-04 | 2.1 it/s
step   37700 | k=127 | recon 0.1685 | pred 0.0022 | lr 2.22e-04 | 2.1 it/s
step   37800 | k= 81 | recon 0.1400 | pred 0.0044 | lr 2.22e-04 | 2.1 it/s
step   37900 | k= 97 | recon 0.1584 | pred 0.0011 | lr 2.21e-04 | 2.1 it/s
step   38000 | k=112 | recon 0.1521 | pred 0.0026 | lr 2.21e-04 | 2.1 it/s
step   38000 | VAL recon 0.0001
step   38100 | k=121 | recon 0.1490 | pred 0.0047 | lr 2.20e-04 | 2.0 it/s
step   38200 | k=112 | recon 0.1476 | pred 0.0043 | lr 2.20e-04 | 2.1 it/s
step   38300 | k=101 | recon 0.1505 | pred 0.0021 | lr 2.19e-04 | 2.1 it/s
step   38400 | k=108 | recon 0.1625 | pred 0.0019 | lr 2.19e-04 | 2.1 it/s
step   38500 | k= 97 | recon 0.1467 | pred 0.0041 | lr 2.18e-04 | 2.1 it/s
step   38600 | k=132 | recon 0.1337 | pred 0.0025 | lr 2.18e-04 | 2.1 it/s
step   38700 | k=115 | recon 0.1532 | pred 0.0036 | lr 2.18e-04 | 2.1 it/s
step   38800 | k=109 | recon 0.1662 | pred 0.0020 | lr 2.17e-04 | 2.1 it/s
step   38900 | k=105 | recon 0.1540 | pred 0.0039 | lr 2.17e-04 | 2.1 it/s
step   39000 | k=115 | recon 0.1466 | pred 0.0020 | lr 2.16e-04 | 2.1 it/s
step   39100 | k= 99 | recon 0.1583 | pred 0.0042 | lr 2.16e-04 | 2.1 it/s
step   39200 | k=111 | recon 0.1413 | pred 0.0030 | lr 2.15e-04 | 2.1 it/s
step   39300 | k=103 | recon 0.1613 | pred 0.0036 | lr 2.15e-04 | 2.1 it/s
step   39400 | k= 91 | recon 0.1761 | pred 0.0043 | lr 2.14e-04 | 2.1 it/s
step   39500 | k=122 | recon 0.1483 | pred 0.0029 | lr 2.14e-04 | 2.1 it/s
step   39600 | k=110 | recon 0.1336 | pred 0.0037 | lr 2.13e-04 | 2.1 it/s
step   39700 | k=126 | recon 0.1445 | pred 0.0020 | lr 2.13e-04 | 2.1 it/s
step   39800 | k=121 | recon 0.1713 | pred 0.0036 | lr 2.13e-04 | 2.1 it/s
step   39900 | k= 88 | recon 0.1330 | pred 0.0075 | lr 2.12e-04 | 2.1 it/s
step   40000 | k= 91 | recon 0.1387 | pred 0.0039 | lr 2.12e-04 | 2.1 it/s
step   40000 | VAL recon 0.0002
step   40100 | k=110 | recon 0.1568 | pred 0.0013 | lr 2.11e-04 | 1.9 it/s
step   40200 | k=106 | recon 0.1271 | pred 0.0038 | lr 2.11e-04 | 2.1 it/s
step   40300 | k= 99 | recon 0.1445 | pred 0.0063 | lr 2.10e-04 | 2.1 it/s
step   40400 | k=148 | recon 0.1433 | pred 0.0016 | lr 2.10e-04 | 2.1 it/s
step   40500 | k= 88 | recon 0.1455 | pred 0.0010 | lr 2.09e-04 | 2.1 it/s
step   40600 | k=101 | recon 0.1636 | pred 0.0032 | lr 2.09e-04 | 2.1 it/s
step   40700 | k=120 | recon 0.1468 | pred 0.0025 | lr 2.08e-04 | 2.1 it/s
step   40800 | k= 95 | recon 0.1517 | pred 0.0024 | lr 2.08e-04 | 2.1 it/s
step   40900 | k=123 | recon 0.1501 | pred 0.0024 | lr 2.07e-04 | 2.1 it/s
step   41000 | k=107 | recon 0.1361 | pred 0.0031 | lr 2.07e-04 | 2.1 it/s
step   41100 | k=135 | recon 0.1540 | pred 0.0036 | lr 2.07e-04 | 2.1 it/s
step   41200 | k=101 | recon 0.1366 | pred 0.0042 | lr 2.06e-04 | 1.8 it/s
step   41300 | k=127 | recon 0.1274 | pred 0.0028 | lr 2.05e-04 | 1.7 it/s
step   41400 | k= 97 | recon 0.1471 | pred 0.0020 | lr 2.05e-04 | 2.0 it/s
step   41500 | k=116 | recon 0.1509 | pred 0.0036 | lr 2.04e-04 | 1.7 it/s
step   41600 | k=110 | recon 0.1195 | pred 0.0031 | lr 2.04e-04 | 1.9 it/s
step   41700 | k=116 | recon 0.1371 | pred 0.0043 | lr 2.03e-04 | 2.0 it/s
step   41800 | k=115 | recon 0.1362 | pred 0.0018 | lr 2.03e-04 | 2.0 it/s
step   41900 | k=126 | recon 0.1371 | pred 0.0016 | lr 2.02e-04 | 2.1 it/s
step   42000 | k=113 | recon 0.1378 | pred 0.0037 | lr 2.02e-04 | 2.1 it/s
step   42000 | VAL recon 0.0008
step   42100 | k=115 | recon 0.1283 | pred 0.0014 | lr 2.01e-04 | 1.9 it/s
step   42200 | k=109 | recon 0.1322 | pred 0.0062 | lr 2.01e-04 | 2.1 it/s
step   42300 | k=106 | recon 0.1324 | pred 0.0014 | lr 2.00e-04 | 2.1 it/s
step   42400 | k= 96 | recon 0.1524 | pred 0.0019 | lr 2.00e-04 | 2.0 it/s
step   42500 | k=116 | recon 0.1398 | pred 0.0007 | lr 1.99e-04 | 2.1 it/s
step   42600 | k=162 | recon 0.1264 | pred 0.0042 | lr 1.99e-04 | 2.1 it/s
step   42700 | k=101 | recon 0.1279 | pred 0.0019 | lr 1.98e-04 | 2.1 it/s
step   42800 | k=114 | recon 0.1344 | pred 0.0023 | lr 1.98e-04 | 2.1 it/s
step   42900 | k=124 | recon 0.1404 | pred 0.0027 | lr 1.97e-04 | 2.0 it/s
step   43000 | k=118 | recon 0.1473 | pred 0.0026 | lr 1.97e-04 | 2.0 it/s
step   43100 | k=129 | recon 0.1543 | pred 0.0024 | lr 1.96e-04 | 2.1 it/s
step   43200 | k=130 | recon 0.1408 | pred 0.0020 | lr 1.96e-04 | 2.0 it/s
step   43300 | k=123 | recon 0.1270 | pred 0.0018 | lr 1.95e-04 | 2.1 it/s
step   43400 | k=126 | recon 0.1194 | pred 0.0011 | lr 1.95e-04 | 2.1 it/s
step   43500 | k=117 | recon 0.1384 | pred 0.0029 | lr 1.95e-04 | 2.1 it/s
step   43600 | k=108 | recon 0.1352 | pred 0.0023 | lr 1.94e-04 | 1.8 it/s
step   43700 | k= 97 | recon 0.1260 | pred 0.0036 | lr 1.93e-04 | 1.0 it/s
step   43800 | k=101 | recon 0.1298 | pred 0.0025 | lr 1.92e-04 | 0.8 it/s
step   43900 | k=120 | recon 0.1445 | pred 0.0023 | lr 1.90e-04 | 0.6 it/s
step   44000 | k= 93 | recon 0.1383 | pred 0.0059 | lr 1.90e-04 | 1.9 it/s
step   44000 | VAL recon 0.0007
step   44100 | k=110 | recon 0.1233 | pred 0.0020 | lr 1.89e-04 | 1.7 it/s
step   44200 | k=103 | recon 0.1291 | pred 0.0030 | lr 1.88e-04 | 1.3 it/s
step   44300 | k=151 | recon 0.1435 | pred 0.0066 | lr 1.86e-04 | 0.4 it/s
step   44400 | k=128 | recon 0.1458 | pred 0.0022 | lr 1.85e-04 | 1.4 it/s
step   44500 | k=128 | recon 0.1459 | pred 0.0017 | lr 1.84e-04 | 1.3 it/s
step   44600 | k=109 | recon 0.1349 | pred 0.0052 | lr 1.83e-04 | 1.2 it/s
step   44700 | k=101 | recon 0.1476 | pred 0.0040 | lr 1.83e-04 | 1.8 it/s
step   44800 | k= 95 | recon 0.1507 | pred 0.0048 | lr 1.82e-04 | 1.6 it/s
step   44900 | k=109 | recon 0.1262 | pred 0.0014 | lr 1.82e-04 | 1.6 it/s
step   45000 | k=150 | recon 0.1293 | pred 0.0016 | lr 1.81e-04 | 1.9 it/s
step   45100 | k=110 | recon 0.1465 | pred 0.0022 | lr 1.80e-04 | 2.0 it/s
step   45200 | k=103 | recon 0.1349 | pred 0.0036 | lr 1.80e-04 | 1.9 it/s
step   45300 | k=127 | recon 0.1220 | pred 0.0025 | lr 1.79e-04 | 1.9 it/s
step   45400 | k= 94 | recon 0.1438 | pred 0.0018 | lr 1.79e-04 | 1.8 it/s
step   45500 | k=104 | recon 0.1424 | pred 0.0024 | lr 1.78e-04 | 2.0 it/s
step   45600 | k=114 | recon 0.1162 | pred 0.0017 | lr 1.78e-04 | 2.0 it/s
step   45700 | k=119 | recon 0.1329 | pred 0.0057 | lr 1.77e-04 | 1.8 it/s
step   45800 | k=116 | recon 0.1271 | pred 0.0015 | lr 1.77e-04 | 2.0 it/s
step   45900 | k=110 | recon 0.1261 | pred 0.0010 | lr 1.76e-04 | 2.0 it/s
step   46000 | k= 98 | recon 0.1384 | pred 0.0043 | lr 1.76e-04 | 2.0 it/s
step   46000 | VAL recon 0.0002
step   46100 | k= 98 | recon 0.1310 | pred 0.0030 | lr 1.75e-04 | 1.9 it/s
step   46200 | k=120 | recon 0.1296 | pred 0.0023 | lr 1.75e-04 | 2.0 it/s
step   46300 | k=144 | recon 0.1397 | pred 0.0034 | lr 1.74e-04 | 2.1 it/s
step   46400 | k= 81 | recon 0.1312 | pred 0.0023 | lr 1.74e-04 | 2.1 it/s
step   46500 | k=104 | recon 0.1148 | pred 0.0066 | lr 1.73e-04 | 2.0 it/s
step   46600 | k= 92 | recon 0.1420 | pred 0.0027 | lr 1.73e-04 | 2.1 it/s
step   46700 | k=116 | recon 0.1248 | pred 0.0008 | lr 1.72e-04 | 2.1 it/s
step   46800 | k=116 | recon 0.1203 | pred 0.0041 | lr 1.72e-04 | 2.1 it/s
step   46900 | k=105 | recon 0.1191 | pred 0.0014 | lr 1.71e-04 | 2.1 it/s
step   47000 | k=125 | recon 0.1257 | pred 0.0018 | lr 1.71e-04 | 2.1 it/s
step   47100 | k=133 | recon 0.1508 | pred 0.0021 | lr 1.70e-04 | 2.1 it/s
step   47200 | k=102 | recon 0.1176 | pred 0.0013 | lr 1.70e-04 | 2.1 it/s
step   47300 | k=103 | recon 0.1391 | pred 0.0037 | lr 1.69e-04 | 2.1 it/s
step   47400 | k=107 | recon 0.1010 | pred 0.0016 | lr 1.69e-04 | 2.1 it/s
step   47500 | k=116 | recon 0.1243 | pred 0.0025 | lr 1.68e-04 | 2.1 it/s
step   47600 | k=114 | recon 0.1287 | pred 0.0021 | lr 1.68e-04 | 2.1 it/s
step   47700 | k= 86 | recon 0.1174 | pred 0.0014 | lr 1.67e-04 | 2.0 it/s
step   47800 | k=132 | recon 0.1260 | pred 0.0031 | lr 1.67e-04 | 2.1 it/s
step   47900 | k=100 | recon 0.1286 | pred 0.0019 | lr 1.66e-04 | 2.1 it/s
step   48000 | k=101 | recon 0.1552 | pred 0.0014 | lr 1.66e-04 | 2.1 it/s
step   48000 | VAL recon 0.0005
step   48100 | k=101 | recon 0.1143 | pred 0.0021 | lr 1.65e-04 | 1.9 it/s
step   48200 | k=100 | recon 0.1203 | pred 0.0040 | lr 1.65e-04 | 2.1 it/s
step   48300 | k=115 | recon 0.1310 | pred 0.0029 | lr 1.64e-04 | 2.0 it/s
step   48400 | k= 90 | recon 0.1157 | pred 0.0040 | lr 1.64e-04 | 2.1 it/s
step   48500 | k=135 | recon 0.1205 | pred 0.0013 | lr 1.63e-04 | 2.0 it/s
step   48600 | k=140 | recon 0.1393 | pred 0.0071 | lr 1.63e-04 | 2.1 it/s
step   48700 | k=127 | recon 0.1264 | pred 0.0011 | lr 1.62e-04 | 2.1 it/s
step   48800 | k= 99 | recon 0.1226 | pred 0.0024 | lr 1.62e-04 | 2.1 it/s
step   48900 | k=109 | recon 0.1321 | pred 0.0029 | lr 1.61e-04 | 2.1 it/s
step   49000 | k=146 | recon 0.1127 | pred 0.0050 | lr 1.61e-04 | 2.1 it/s
step   49100 | k=110 | recon 0.1171 | pred 0.0031 | lr 1.60e-04 | 2.1 it/s
step   49200 | k=130 | recon 0.1143 | pred 0.0022 | lr 1.60e-04 | 2.1 it/s
step   49300 | k=146 | recon 0.1148 | pred 0.0075 | lr 1.59e-04 | 2.0 it/s
step   49400 | k=108 | recon 0.1294 | pred 0.0026 | lr 1.59e-04 | 2.1 it/s
step   49500 | k=105 | recon 0.1156 | pred 0.0008 | lr 1.58e-04 | 2.1 it/s
step   49600 | k=112 | recon 0.1031 | pred 0.0023 | lr 1.58e-04 | 2.1 it/s
step   49700 | k= 98 | recon 0.1283 | pred 0.0026 | lr 1.57e-04 | 2.1 it/s
step   49800 | k=118 | recon 0.1065 | pred 0.0015 | lr 1.57e-04 | 2.1 it/s
step   49900 | k=153 | recon 0.0985 | pred 0.0014 | lr 1.56e-04 | 2.1 it/s
step   50000 | k=117 | recon 0.1279 | pred 0.0012 | lr 1.56e-04 | 2.1 it/s
step   50000 | VAL recon 0.0001
step   50100 | k= 90 | recon 0.1064 | pred 0.0014 | lr 1.55e-04 | 1.9 it/s
step   50200 | k=106 | recon 0.1216 | pred 0.0040 | lr 1.55e-04 | 2.1 it/s
step   50300 | k=115 | recon 0.1152 | pred 0.0050 | lr 1.54e-04 | 2.1 it/s
step   50400 | k=115 | recon 0.1214 | pred 0.0014 | lr 1.54e-04 | 2.1 it/s
step   50500 | k=123 | recon 0.1211 | pred 0.0037 | lr 1.53e-04 | 2.1 it/s
step   50600 | k=111 | recon 0.1201 | pred 0.0019 | lr 1.53e-04 | 2.1 it/s
step   50700 | k=116 | recon 0.1122 | pred 0.0006 | lr 1.52e-04 | 2.1 it/s
step   50800 | k=103 | recon 0.1102 | pred 0.0010 | lr 1.52e-04 | 2.0 it/s
step   50900 | k=113 | recon 0.1206 | pred 0.0018 | lr 1.51e-04 | 2.1 it/s
step   51000 | k= 95 | recon 0.1216 | pred 0.0020 | lr 3.19e-05 | 0.0 it/s
step   51100 | k=123 | recon 0.0986 | pred 0.0022 | lr 3.18e-05 | 1.8 it/s
step   51200 | k=108 | recon 0.1083 | pred 0.0006 | lr 3.17e-05 | 2.0 it/s
step   51300 | k=108 | recon 0.1185 | pred 0.0016 | lr 3.17e-05 | 2.0 it/s
step   51400 | k=133 | recon 0.1009 | pred 0.0024 | lr 3.16e-05 | 2.0 it/s
step   51500 | k= 94 | recon 0.1134 | pred 0.0047 | lr 3.15e-05 | 2.0 it/s
step   51600 | k=143 | recon 0.1440 | pred 0.0006 | lr 3.14e-05 | 2.0 it/s
step   51700 | k=118 | recon 0.0955 | pred 0.0025 | lr 3.14e-05 | 2.0 it/s
step   51800 | k=121 | recon 0.1162 | pred 0.0020 | lr 3.13e-05 | 1.9 it/s
step   51900 | k=109 | recon 0.1294 | pred 0.0004 | lr 3.12e-05 | 2.0 it/s
step   52000 | k=110 | recon 0.1055 | pred 0.0073 | lr 3.11e-05 | 2.0 it/s
step   52000 | VAL recon 0.0000
step   52100 | k=114 | recon 0.0928 | pred 0.0013 | lr 3.11e-05 | 1.8 it/s
step   52200 | k= 83 | recon 0.1162 | pred 0.0014 | lr 3.10e-05 | 2.0 it/s
step   52300 | k=104 | recon 0.1126 | pred 0.0026 | lr 3.09e-05 | 2.1 it/s
step   52400 | k=102 | recon 0.1069 | pred 0.0021 | lr 3.09e-05 | 2.1 it/s
step   52500 | k=122 | recon 0.1250 | pred 0.0028 | lr 3.08e-05 | 2.1 it/s
step   52600 | k=131 | recon 0.1417 | pred 0.0008 | lr 3.08e-05 | 2.0 it/s
step   52700 | k=115 | recon 0.0862 | pred 0.0012 | lr 3.07e-05 | 2.0 it/s
step   52800 | k=109 | recon 0.1052 | pred 0.0014 | lr 3.07e-05 | 2.1 it/s
step   52900 | k=144 | recon 0.0990 | pred 0.0013 | lr 3.06e-05 | 2.1 it/s
step   53000 | k=135 | recon 0.1078 | pred 0.0008 | lr 3.06e-05 | 2.0 it/s
step   53100 | k=101 | recon 0.1147 | pred 0.0026 | lr 3.05e-05 | 2.0 it/s
step   53200 | k=105 | recon 0.0863 | pred 0.0009 | lr 3.05e-05 | 1.9 it/s
step   53300 | k=109 | recon 0.1110 | pred 0.0009 | lr 3.04e-05 | 1.5 it/s
step   53400 | k=107 | recon 0.1183 | pred 0.0029 | lr 3.04e-05 | 1.5 it/s
step   53500 | k= 95 | recon 0.1224 | pred 0.0013 | lr 3.03e-05 | 1.3 it/s
step   53600 | k=110 | recon 0.1123 | pred 0.0011 | lr 3.03e-05 | 1.1 it/s
step   53700 | k=102 | recon 0.1085 | pred 0.0012 | lr 3.02e-05 | 1.6 it/s
step   53800 | k=115 | recon 0.1181 | pred 0.0027 | lr 3.02e-05 | 2.0 it/s
step   53900 | k= 84 | recon 0.0967 | pred 0.0020 | lr 3.02e-05 | 1.4 it/s
step   54000 | k=104 | recon 0.1138 | pred 0.0020 | lr 3.01e-05 | 2.0 it/s
step   54000 | VAL recon 0.0000
step   54100 | k=114 | recon 0.1040 | pred 0.0016 | lr 3.01e-05 | 1.8 it/s
step   54200 | k= 86 | recon 0.0999 | pred 0.0006 | lr 3.01e-05 | 2.0 it/s
step   54300 | k=118 | recon 0.0930 | pred 0.0003 | lr 3.01e-05 | 2.0 it/s
step   54400 | k=131 | recon 0.0883 | pred 0.0008 | lr 3.01e-05 | 2.1 it/s
step   54500 | k= 90 | recon 0.0976 | pred 0.0012 | lr 3.00e-05 | 2.0 it/s
step   54600 | k=105 | recon 0.0962 | pred 0.0007 | lr 3.00e-05 | 2.0 it/s
step   54700 | k=136 | recon 0.1022 | pred 0.0034 | lr 3.00e-05 | 2.0 it/s
step   54800 | k=120 | recon 0.1008 | pred 0.0047 | lr 3.00e-05 | 2.0 it/s
step   54900 | k=118 | recon 0.1082 | pred 0.0010 | lr 3.00e-05 | 2.1 it/s
step   55000 | k= 97 | recon 0.1074 | pred 0.0008 | lr 3.00e-05 | 2.1 it/s
step   55100 | k=129 | recon 0.1062 | pred 0.0017 | lr 3.00e-05 | 2.1 it/s
wall-clock cap 43200s reached at step 55140

Run 'm5_frontier' done: 55140 steps, final val 0.0000, best val 0.0000
Paste into RESEARCH_LOG.md:
| m5_frontier | steps=55140 | bs=32 | k-mode=per_sample | best val CE 0.0000 |
=== run complete after 1 attempt(s) ===
