/home/nochi/vault/projects/ThoughtVectors/thoughtvec/.venv/lib/python3.12/site-packages/torch/nn/modules/transformer.py:392: UserWarning: enable_nested_tensor is True, but self.use_nested_tensor is False because encoder_layer.norm_first was True
  warnings.warn(
thinker params: 32.04M (codec d=384, frozen=True)
step      50 | cos 0.0490 | thought 2.3121 dec_ce 2.3108 | 2.9 it/s
step     100 | cos 0.1985 | thought 2.0339 dec_ce 2.24 | 3.1 it/s
step     150 | cos 0.2556 | thought 2.0187 dec_ce 2.3303 | 3.1 it/s
step     200 | cos 0.2676 | thought 1.941 dec_ce 2.3776 | 3.1 it/s
step     250 | cos 0.2925 | thought 1.8019 dec_ce 2.1315 | 3.1 it/s
step     300 | cos 0.3424 | thought 1.6278 dec_ce 2.1563 | 3.2 it/s
step     350 | cos 0.3606 | thought 1.5451 dec_ce 1.9686 | 3.2 it/s
step     400 | cos 0.3870 | thought 1.567 dec_ce 2.1556 | 3.1 it/s
step     450 | cos 0.3984 | thought 1.4901 dec_ce 2.0908 | 3.2 it/s
step     500 | cos 0.4165 | thought 1.4422 dec_ce 2.0319 | 3.1 it/s
step     550 | cos 0.4293 | thought 1.377 dec_ce 2.0453 | 3.1 it/s
step     600 | cos 0.4412 | thought 1.3003 dec_ce 2.0699 | 3.2 it/s
step     650 | cos 0.4477 | thought 1.3417 dec_ce 2.0577 | 3.2 it/s
step     700 | cos 0.4496 | thought 1.262 dec_ce 2.1384 | 3.2 it/s
step     750 | cos 0.4557 | thought 1.2734 dec_ce 1.9014 | 3.1 it/s
step     800 | cos 0.4559 | thought 1.2689 dec_ce 2.1833 | 3.2 it/s
step     850 | cos 0.4550 | thought 1.2683 dec_ce 2.1272 | 3.1 it/s
step     900 | cos 0.4588 | thought 1.287 dec_ce 2.1548 | 3.2 it/s
step     950 | cos 0.4616 | thought 1.1838 dec_ce 1.9335 | 3.2 it/s
step    1000 | cos 0.4628 | thought 1.2559 dec_ce 2.1223 | 3.1 it/s
step    1000 | VAL cos 0.4634 | VAL dec CE 3.9609
step    1050 | cos 0.4628 | thought 1.1656 dec_ce 1.9657 | 2.6 it/s
step    1100 | cos 0.4638 | thought 1.2172 dec_ce 2.0532 | 3.2 it/s
step    1150 | cos 0.4652 | thought 1.1835 dec_ce 2.1032 | 3.1 it/s
step    1200 | cos 0.4654 | thought 1.1316 dec_ce 1.9243 | 3.2 it/s
step    1250 | cos 0.4653 | thought 1.2132 dec_ce 2.1193 | 3.1 it/s
step    1300 | cos 0.4667 | thought 1.1278 dec_ce 2.0507 | 3.1 it/s
step    1350 | cos 0.4671 | thought 1.1211 dec_ce 1.9461 | 3.2 it/s
step    1400 | cos 0.4717 | thought 1.064 dec_ce 1.8931 | 3.1 it/s
step    1450 | cos 0.4665 | thought 1.0947 dec_ce 2.0139 | 3.1 it/s
step    1500 | cos 0.4672 | thought 1.0716 dec_ce 1.9225 | 3.2 it/s
step    1550 | cos 0.4704 | thought 1.0916 dec_ce 2.0287 | 3.1 it/s
step    1600 | cos 0.4719 | thought 1.0891 dec_ce 2.1031 | 3.2 it/s
step    1650 | cos 0.4694 | thought 1.062 dec_ce 1.9072 | 3.2 it/s
step    1700 | cos 0.4716 | thought 1.1298 dec_ce 2.0858 | 3.1 it/s
step    1750 | cos 0.4723 | thought 1.0732 dec_ce 2.1305 | 3.2 it/s
step    1800 | cos 0.4696 | thought 1.0768 dec_ce 1.9897 | 3.2 it/s
step    1850 | cos 0.4772 | thought 1.0513 dec_ce 2.0378 | 3.2 it/s
step    1900 | cos 0.4734 | thought 1.0679 dec_ce 2.0079 | 3.2 it/s
step    1950 | cos 0.4713 | thought 1.0612 dec_ce 2.0087 | 3.1 it/s
step    2000 | cos 0.4727 | thought 1.0563 dec_ce 2.0576 | 3.1 it/s
step    2000 | VAL cos 0.4756 | VAL dec CE 3.8923
step    2050 | cos 0.4768 | thought 1.0613 dec_ce 2.0531 | 2.6 it/s
step    2100 | cos 0.4773 | thought 1.033 dec_ce 1.976 | 3.2 it/s
step    2150 | cos 0.4766 | thought 1.0107 dec_ce 1.8638 | 3.2 it/s
step    2200 | cos 0.4749 | thought 1.0908 dec_ce 2.1572 | 3.1 it/s
step    2250 | cos 0.4776 | thought 1.054 dec_ce 2.0476 | 3.1 it/s
step    2300 | cos 0.4741 | thought 1.0209 dec_ce 1.9838 | 3.2 it/s
step    2350 | cos 0.4782 | thought 1.0284 dec_ce 1.9765 | 3.2 it/s
step    2400 | cos 0.4755 | thought 1.0527 dec_ce 1.9629 | 3.1 it/s
step    2450 | cos 0.4791 | thought 1.0233 dec_ce 1.994 | 3.1 it/s
step    2500 | cos 0.4804 | thought 1.0211 dec_ce 1.9647 | 3.2 it/s
step    2550 | cos 0.4766 | thought 1.0247 dec_ce 1.9877 | 3.1 it/s
step    2600 | cos 0.4757 | thought 1.0295 dec_ce 2.0047 | 3.1 it/s
step    2650 | cos 0.4803 | thought 0.9989 dec_ce 2.011 | 3.2 it/s
step    2700 | cos 0.4770 | thought 1.0406 dec_ce 2.1045 | 3.1 it/s
step    2750 | cos 0.4788 | thought 1.0295 dec_ce 2.026 | 3.2 it/s
step    2800 | cos 0.4801 | thought 1.0541 dec_ce 2.0401 | 3.2 it/s
step    2850 | cos 0.4810 | thought 1.0374 dec_ce 2.0169 | 3.2 it/s
step    2900 | cos 0.4821 | thought 1.0227 dec_ce 1.9779 | 3.1 it/s
step    2950 | cos 0.4804 | thought 1.0338 dec_ce 2.0248 | 3.1 it/s
step    3000 | cos 0.4790 | thought 1.0015 dec_ce 2.0086 | 3.2 it/s
step    3000 | VAL cos 0.4838 | VAL dec CE 3.8611
step    3050 | cos 0.4813 | thought 1.0833 dec_ce 2.0674 | 2.5 it/s
step    3100 | cos 0.4853 | thought 1.0178 dec_ce 2.0236 | 3.2 it/s
step    3150 | cos 0.4845 | thought 1.0311 dec_ce 2.0252 | 3.2 it/s
step    3200 | cos 0.4836 | thought 1.0076 dec_ce 2.0101 | 3.1 it/s
step    3250 | cos 0.4824 | thought 1.057 dec_ce 2.0977 | 3.2 it/s
step    3300 | cos 0.4841 | thought 1.0588 dec_ce 2.0619 | 3.2 it/s
step    3350 | cos 0.4822 | thought 1.019 dec_ce 2.0493 | 3.1 it/s
step    3400 | cos 0.4817 | thought 1.0355 dec_ce 1.9945 | 3.1 it/s
step    3450 | cos 0.4800 | thought 1.0207 dec_ce 1.8916 | 3.2 it/s
step    3500 | cos 0.4849 | thought 1.011 dec_ce 1.992 | 3.2 it/s
step    3550 | cos 0.4832 | thought 1.0343 dec_ce 2.0664 | 3.1 it/s
step    3600 | cos 0.4832 | thought 1.0512 dec_ce 1.973 | 3.2 it/s
step    3650 | cos 0.4843 | thought 1.0407 dec_ce 1.9513 | 3.2 it/s
step    3700 | cos 0.4825 | thought 1.0427 dec_ce 1.9205 | 3.2 it/s
step    3750 | cos 0.4846 | thought 1.0091 dec_ce 1.9346 | 3.2 it/s
step    3800 | cos 0.4798 | thought 1.0242 dec_ce 2.0544 | 3.1 it/s
step    3850 | cos 0.4809 | thought 1.0633 dec_ce 2.0334 | 3.2 it/s
step    3900 | cos 0.4848 | thought 0.9897 dec_ce 1.9654 | 3.2 it/s
step    3950 | cos 0.4861 | thought 1.0114 dec_ce 2.0873 | 3.2 it/s
step    4000 | cos 0.4818 | thought 1.0364 dec_ce 1.9859 | 3.2 it/s
step    4000 | VAL cos 0.4846 | VAL dec CE 3.8387
step    4050 | cos 0.4851 | thought 1.0475 dec_ce 2.0284 | 2.6 it/s
step    4100 | cos 0.4806 | thought 1.0586 dec_ce 2.0413 | 3.2 it/s
step    4150 | cos 0.4808 | thought 1.0009 dec_ce 1.9126 | 3.1 it/s
step    4200 | cos 0.4854 | thought 1.0371 dec_ce 2.1144 | 3.1 it/s
step    4250 | cos 0.4839 | thought 1.0053 dec_ce 1.9113 | 3.2 it/s
step    4300 | cos 0.4881 | thought 1.0191 dec_ce 2.0235 | 3.2 it/s
step    4350 | cos 0.4851 | thought 1.0331 dec_ce 1.9721 | 3.1 it/s
step    4400 | cos 0.4876 | thought 0.9891 dec_ce 1.9692 | 3.2 it/s
step    4450 | cos 0.4865 | thought 1.0289 dec_ce 2.0708 | 3.2 it/s
step    4500 | cos 0.4887 | thought 1.0113 dec_ce 2.0262 | 3.2 it/s
step    4550 | cos 0.4875 | thought 1.0441 dec_ce 1.9935 | 3.1 it/s
step    4600 | cos 0.4854 | thought 1.0387 dec_ce 2.0365 | 3.2 it/s
step    4650 | cos 0.4874 | thought 0.9999 dec_ce 1.971 | 3.2 it/s
step    4700 | cos 0.4862 | thought 1.0044 dec_ce 1.9703 | 3.2 it/s
step    4750 | cos 0.4855 | thought 1.0447 dec_ce 1.891 | 3.1 it/s
step    4800 | cos 0.4832 | thought 1.0321 dec_ce 2.0199 | 3.1 it/s
step    4850 | cos 0.4880 | thought 1.0567 dec_ce 2.1545 | 3.1 it/s
step    4900 | cos 0.4923 | thought 1.0039 dec_ce 1.9813 | 3.1 it/s
step    4950 | cos 0.4876 | thought 1.0255 dec_ce 1.9674 | 3.2 it/s
step    5000 | cos 0.4853 | thought 1.032 dec_ce 2.0066 | 3.1 it/s
step    5000 | VAL cos 0.4887 | VAL dec CE 3.8249
step    5050 | cos 0.4890 | thought 1.0089 dec_ce 1.9784 | 2.6 it/s
step    5100 | cos 0.4872 | thought 1.0466 dec_ce 1.9134 | 3.1 it/s
step    5150 | cos 0.4843 | thought 1.0497 dec_ce 1.9995 | 3.1 it/s
step    5200 | cos 0.4857 | thought 1.0412 dec_ce 2.0092 | 3.1 it/s
step    5250 | cos 0.4877 | thought 1.0378 dec_ce 2.1001 | 3.1 it/s
step    5300 | cos 0.4888 | thought 0.9864 dec_ce 1.9907 | 3.1 it/s
step    5350 | cos 0.4893 | thought 1.0001 dec_ce 1.9803 | 3.2 it/s
step    5400 | cos 0.4877 | thought 1.0562 dec_ce 2.0562 | 3.2 it/s
step    5450 | cos 0.4895 | thought 0.9976 dec_ce 1.9363 | 3.2 it/s
step    5500 | cos 0.4875 | thought 1.0209 dec_ce 1.9902 | 3.2 it/s
step    5550 | cos 0.4865 | thought 1.0104 dec_ce 1.9819 | 3.1 it/s
step    5600 | cos 0.4896 | thought 1.021 dec_ce 2.0052 | 3.1 it/s
step    5650 | cos 0.4906 | thought 0.9986 dec_ce 1.866 | 3.2 it/s
step    5700 | cos 0.4885 | thought 1.0098 dec_ce 1.9101 | 3.1 it/s
step    5750 | cos 0.4902 | thought 1.0063 dec_ce 1.9429 | 3.2 it/s
step    5800 | cos 0.4880 | thought 1.0362 dec_ce 1.9859 | 3.2 it/s
step    5850 | cos 0.4891 | thought 1.0505 dec_ce 2.1119 | 3.2 it/s
step    5900 | cos 0.4884 | thought 1.028 dec_ce 2.0566 | 3.2 it/s
step    5950 | cos 0.4905 | thought 1.0191 dec_ce 1.826 | 3.2 it/s
step    6000 | cos 0.4919 | thought 0.9993 dec_ce 1.8456 | 3.2 it/s
step    6000 | VAL cos 0.4899 | VAL dec CE 3.8006
step    6050 | cos 0.4888 | thought 1.0228 dec_ce 1.8724 | 2.6 it/s
step    6100 | cos 0.4918 | thought 1.0245 dec_ce 1.9701 | 3.2 it/s
step    6150 | cos 0.4882 | thought 1.0428 dec_ce 2.0825 | 3.2 it/s
step    6200 | cos 0.4913 | thought 1.0616 dec_ce 2.0977 | 3.2 it/s
step    6250 | cos 0.4906 | thought 1.0305 dec_ce 2.0085 | 3.1 it/s
step    6300 | cos 0.4903 | thought 1.007 dec_ce 1.9118 | 3.1 it/s
step    6350 | cos 0.4923 | thought 1.0128 dec_ce 1.9198 | 3.2 it/s
step    6400 | cos 0.4887 | thought 1.0089 dec_ce 2.0037 | 3.1 it/s
step    6450 | cos 0.4890 | thought 1.0249 dec_ce 1.9758 | 3.1 it/s
step    6500 | cos 0.4901 | thought 1.0193 dec_ce 1.9541 | 3.2 it/s
step    6550 | cos 0.4903 | thought 1.0409 dec_ce 2.0537 | 3.1 it/s
step    6600 | cos 0.4916 | thought 0.9894 dec_ce 1.9028 | 3.2 it/s
step    6650 | cos 0.4901 | thought 1.0386 dec_ce 2.1503 | 3.2 it/s
step    6700 | cos 0.4878 | thought 1.0284 dec_ce 2.0081 | 3.1 it/s
step    6750 | cos 0.4908 | thought 1.0176 dec_ce 1.982 | 3.2 it/s
step    6800 | cos 0.4900 | thought 1.0444 dec_ce 2.0246 | 3.1 it/s
step    6850 | cos 0.4911 | thought 0.9946 dec_ce 1.9531 | 3.1 it/s
step    6900 | cos 0.4927 | thought 1.0325 dec_ce 1.9496 | 3.2 it/s
step    6950 | cos 0.4922 | thought 1.0201 dec_ce 1.9246 | 3.1 it/s
step    7000 | cos 0.4940 | thought 1.01 dec_ce 1.877 | 3.2 it/s
step    7000 | VAL cos 0.4923 | VAL dec CE 3.7798
step    7050 | cos 0.4894 | thought 1.0224 dec_ce 1.9596 | 2.6 it/s
step    7100 | cos 0.4914 | thought 1.0171 dec_ce 1.9115 | 3.2 it/s
step    7150 | cos 0.4938 | thought 0.9833 dec_ce 1.8796 | 3.2 it/s
step    7200 | cos 0.4900 | thought 1.0146 dec_ce 1.934 | 3.1 it/s
step    7250 | cos 0.4916 | thought 1.0489 dec_ce 2.0765 | 3.2 it/s
step    7300 | cos 0.4922 | thought 1.0298 dec_ce 1.9302 | 3.2 it/s
step    7350 | cos 0.4906 | thought 1.0144 dec_ce 1.9031 | 3.2 it/s
step    7400 | cos 0.4901 | thought 1.0087 dec_ce 2.0401 | 3.1 it/s
step    7450 | cos 0.4920 | thought 1.0292 dec_ce 2.079 | 3.1 it/s
step    7500 | cos 0.4901 | thought 0.9986 dec_ce 1.8953 | 3.2 it/s
step    7550 | cos 0.4953 | thought 1.0138 dec_ce 2.0111 | 3.2 it/s
step    7600 | cos 0.4949 | thought 1.0131 dec_ce 1.9666 | 3.2 it/s
step    7650 | cos 0.4963 | thought 0.998 dec_ce 1.965 | 3.2 it/s
step    7700 | cos 0.4924 | thought 0.9998 dec_ce 1.9005 | 3.2 it/s
step    7750 | cos 0.4922 | thought 1.0232 dec_ce 2.0277 | 3.2 it/s
step    7800 | cos 0.4917 | thought 1.0544 dec_ce 1.9532 | 3.2 it/s
step    7850 | cos 0.4908 | thought 1.0059 dec_ce 1.9348 | 3.2 it/s
step    7900 | cos 0.4928 | thought 1.0267 dec_ce 1.997 | 3.2 it/s
step    7950 | cos 0.4924 | thought 1.0159 dec_ce 1.9347 | 3.1 it/s
step    8000 | cos 0.4948 | thought 1.0141 dec_ce 1.8613 | 3.2 it/s
step    8000 | VAL cos 0.4956 | VAL dec CE 3.7628
step    8050 | cos 0.4966 | thought 1.0109 dec_ce 1.9945 | 2.6 it/s
step    8100 | cos 0.4908 | thought 1.024 dec_ce 1.9312 | 3.2 it/s
step    8150 | cos 0.4911 | thought 0.992 dec_ce 1.8289 | 3.2 it/s
step    8200 | cos 0.4935 | thought 1.0209 dec_ce 1.9667 | 3.1 it/s
step    8250 | cos 0.4897 | thought 0.9689 dec_ce 1.8756 | 3.1 it/s
step    8300 | cos 0.4922 | thought 1.0207 dec_ce 1.9741 | 3.1 it/s
step    8350 | cos 0.4924 | thought 1.0063 dec_ce 2.0672 | 3.2 it/s
step    8400 | cos 0.4955 | thought 1.0215 dec_ce 1.8953 | 3.2 it/s
step    8450 | cos 0.4892 | thought 1.0324 dec_ce 1.8827 | 3.2 it/s
step    8500 | cos 0.4933 | thought 0.9968 dec_ce 1.7816 | 3.1 it/s
step    8550 | cos 0.4941 | thought 1.0145 dec_ce 1.9494 | 3.1 it/s
step    8600 | cos 0.4920 | thought 0.9867 dec_ce 1.9816 | 3.2 it/s
step    8650 | cos 0.4957 | thought 1.0079 dec_ce 1.8714 | 3.2 it/s
step    8700 | cos 0.4953 | thought 0.9951 dec_ce 1.982 | 3.2 it/s
step    8750 | cos 0.4937 | thought 1.0204 dec_ce 1.8598 | 3.1 it/s
step    8800 | cos 0.4986 | thought 0.9976 dec_ce 2.0107 | 3.2 it/s
step    8850 | cos 0.4935 | thought 1.0164 dec_ce 1.9722 | 3.1 it/s
step    8900 | cos 0.4944 | thought 1.0615 dec_ce 1.942 | 3.2 it/s
step    8950 | cos 0.4915 | thought 1.0234 dec_ce 1.9671 | 3.1 it/s
step    9000 | cos 0.4954 | thought 0.9803 dec_ce 1.9319 | 3.2 it/s
step    9000 | VAL cos 0.4956 | VAL dec CE 3.7537
step    9050 | cos 0.4956 | thought 0.9759 dec_ce 1.8248 | 2.6 it/s
step    9100 | cos 0.4942 | thought 0.9821 dec_ce 1.8494 | 3.1 it/s
step    9150 | cos 0.4955 | thought 0.9766 dec_ce 1.9066 | 3.2 it/s
step    9200 | cos 0.4951 | thought 0.945 dec_ce 1.7897 | 3.2 it/s
step    9250 | cos 0.4973 | thought 1.0007 dec_ce 1.9562 | 3.2 it/s
step    9300 | cos 0.4974 | thought 1.0188 dec_ce 1.9527 | 3.2 it/s
step    9350 | cos 0.4962 | thought 1.0334 dec_ce 1.8911 | 3.2 it/s
step    9400 | cos 0.4930 | thought 1.0224 dec_ce 1.8954 | 3.2 it/s
step    9450 | cos 0.4908 | thought 0.9964 dec_ce 1.8972 | 3.2 it/s
step    9500 | cos 0.4921 | thought 1.021 dec_ce 1.9856 | 3.1 it/s
step    9550 | cos 0.4956 | thought 0.9936 dec_ce 1.8446 | 3.1 it/s
step    9600 | cos 0.4943 | thought 0.9919 dec_ce 1.9272 | 3.1 it/s
step    9650 | cos 0.4955 | thought 1.0196 dec_ce 1.828 | 3.1 it/s
step    9700 | cos 0.4950 | thought 1.0147 dec_ce 1.919 | 3.2 it/s
step    9750 | cos 0.4987 | thought 1.0119 dec_ce 1.8796 | 3.2 it/s
step    9800 | cos 0.4940 | thought 1.0015 dec_ce 2.0318 | 3.1 it/s
step    9850 | cos 0.4969 | thought 0.9725 dec_ce 1.9446 | 3.1 it/s
step    9900 | cos 0.4949 | thought 1.0172 dec_ce 1.9758 | 3.2 it/s
step    9950 | cos 0.4971 | thought 1.0588 dec_ce 2.0248 | 3.2 it/s
step   10000 | cos 0.4943 | thought 1.0327 dec_ce 2.023 | 3.2 it/s
step   10000 | VAL cos 0.4967 | VAL dec CE 3.7425
step   10050 | cos 0.4942 | thought 1.012 dec_ce 1.9512 | 2.6 it/s
step   10100 | cos 0.4955 | thought 0.9858 dec_ce 1.8853 | 3.1 it/s
step   10150 | cos 0.4950 | thought 0.989 dec_ce 1.9274 | 3.1 it/s
step   10200 | cos 0.4939 | thought 1.0414 dec_ce 1.971 | 3.2 it/s
step   10250 | cos 0.4959 | thought 1.0215 dec_ce 1.9717 | 3.2 it/s
step   10300 | cos 0.4943 | thought 1.0068 dec_ce 1.8422 | 3.2 it/s
step   10350 | cos 0.4990 | thought 0.9979 dec_ce 2.007 | 3.1 it/s
step   10400 | cos 0.4952 | thought 0.9723 dec_ce 1.8909 | 3.1 it/s
step   10450 | cos 0.4948 | thought 1.0504 dec_ce 1.9808 | 3.2 it/s
step   10500 | cos 0.4949 | thought 0.9655 dec_ce 1.7789 | 3.2 it/s
step   10550 | cos 0.4964 | thought 0.9853 dec_ce 1.8702 | 3.1 it/s
step   10600 | cos 0.4942 | thought 0.9912 dec_ce 1.8636 | 3.1 it/s
step   10650 | cos 0.4949 | thought 1.0303 dec_ce 1.804 | 3.1 it/s
step   10700 | cos 0.4966 | thought 0.9645 dec_ce 1.8476 | 3.1 it/s
step   10750 | cos 0.4960 | thought 1.0198 dec_ce 1.9987 | 3.1 it/s
step   10800 | cos 0.4950 | thought 0.9616 dec_ce 1.8367 | 3.1 it/s
step   10850 | cos 0.4969 | thought 1.0397 dec_ce 1.9758 | 3.2 it/s
step   10900 | cos 0.4991 | thought 0.9734 dec_ce 1.8929 | 3.2 it/s
step   10950 | cos 0.4938 | thought 1.0173 dec_ce 2.05 | 3.1 it/s
step   11000 | cos 0.4979 | thought 1.0236 dec_ce 1.9866 | 3.2 it/s
step   11000 | VAL cos 0.4974 | VAL dec CE 3.7373
step   11050 | cos 0.4973 | thought 0.9967 dec_ce 1.9792 | 2.6 it/s
step   11100 | cos 0.4987 | thought 0.9989 dec_ce 1.869 | 3.2 it/s
step   11150 | cos 0.4960 | thought 0.9308 dec_ce 1.8069 | 3.2 it/s
step   11200 | cos 0.4957 | thought 1.0178 dec_ce 1.879 | 3.2 it/s
wall-clock cap reached at step 11237

Run 'r4_posweight' done: 11237 steps | final val cos 0.4972 | dec CE 3.7367
