/home/nochi/vault/projects/ThoughtVectors/thoughtvec/.venv/lib/python3.12/site-packages/torch/nn/modules/transformer.py:392: UserWarning: enable_nested_tensor is True, but self.use_nested_tensor is False because encoder_layer.norm_first was True
  warnings.warn(
thinker params: 32.04M (codec d=384, frozen=True)
step      50 | cos 0.0462 | thought 2.3268 dec_ce 2.3101 | 2.9 it/s
step     100 | cos 0.1940 | thought 2.0413 dec_ce 2.2385 | 3.1 it/s
step     150 | cos 0.2535 | thought 2.0186 dec_ce 2.322 | 3.1 it/s
step     200 | cos 0.2634 | thought 1.9569 dec_ce 2.3691 | 3.1 it/s
step     250 | cos 0.2786 | thought 1.8422 dec_ce 2.1555 | 3.1 it/s
step     300 | cos 0.3319 | thought 1.6454 dec_ce 2.2005 | 3.2 it/s
step     350 | cos 0.3491 | thought 1.5868 dec_ce 1.9621 | 3.2 it/s
step     400 | cos 0.3747 | thought 1.5879 dec_ce 2.1744 | 3.1 it/s
step     450 | cos 0.3904 | thought 1.5078 dec_ce 2.0908 | 3.2 it/s
step     500 | cos 0.4054 | thought 1.4705 dec_ce 2.04 | 3.1 it/s
step     550 | cos 0.4180 | thought 1.3878 dec_ce 2.046 | 3.0 it/s
step     600 | cos 0.4296 | thought 1.3179 dec_ce 2.0741 | 3.2 it/s
step     650 | cos 0.4391 | thought 1.3583 dec_ce 2.0768 | 3.2 it/s
step     700 | cos 0.4425 | thought 1.273 dec_ce 2.1248 | 3.2 it/s
step     750 | cos 0.4481 | thought 1.2927 dec_ce 1.9179 | 3.1 it/s
step     800 | cos 0.4485 | thought 1.2683 dec_ce 2.1846 | 3.2 it/s
step     850 | cos 0.4472 | thought 1.2807 dec_ce 2.1364 | 3.1 it/s
step     900 | cos 0.4526 | thought 1.2931 dec_ce 2.1822 | 3.2 it/s
step     950 | cos 0.4552 | thought 1.1945 dec_ce 1.9613 | 3.2 it/s
step    1000 | cos 0.4579 | thought 1.2616 dec_ce 2.1576 | 3.1 it/s
step    1000 | VAL cos 0.4578 | VAL dec CE 3.9876
step    1050 | cos 0.4567 | thought 1.1741 dec_ce 1.9861 | 2.6 it/s
step    1100 | cos 0.4581 | thought 1.2233 dec_ce 2.0828 | 3.2 it/s
step    1150 | cos 0.4580 | thought 1.2009 dec_ce 2.1306 | 3.1 it/s
step    1200 | cos 0.4585 | thought 1.1406 dec_ce 1.9644 | 3.2 it/s
step    1250 | cos 0.4591 | thought 1.2225 dec_ce 2.1423 | 3.1 it/s
step    1300 | cos 0.4606 | thought 1.14 dec_ce 2.0472 | 3.1 it/s
step    1350 | cos 0.4602 | thought 1.1282 dec_ce 1.9555 | 3.2 it/s
step    1400 | cos 0.4667 | thought 1.0762 dec_ce 1.902 | 3.1 it/s
step    1450 | cos 0.4603 | thought 1.1062 dec_ce 2.01 | 3.1 it/s
step    1500 | cos 0.4609 | thought 1.0819 dec_ce 1.9347 | 3.2 it/s
step    1550 | cos 0.4634 | thought 1.1085 dec_ce 2.0564 | 3.1 it/s
step    1600 | cos 0.4656 | thought 1.106 dec_ce 2.12 | 3.2 it/s
step    1650 | cos 0.4628 | thought 1.0734 dec_ce 1.9218 | 3.2 it/s
step    1700 | cos 0.4661 | thought 1.1439 dec_ce 2.113 | 3.1 it/s
step    1750 | cos 0.4658 | thought 1.0912 dec_ce 2.1524 | 3.2 it/s
step    1800 | cos 0.4626 | thought 1.087 dec_ce 2.0231 | 3.1 it/s
step    1850 | cos 0.4697 | thought 1.061 dec_ce 2.0547 | 3.2 it/s
step    1900 | cos 0.4660 | thought 1.0838 dec_ce 2.0369 | 3.2 it/s
step    1950 | cos 0.4643 | thought 1.0695 dec_ce 2.0178 | 3.1 it/s
step    2000 | cos 0.4643 | thought 1.0736 dec_ce 2.111 | 3.1 it/s
step    2000 | VAL cos 0.4677 | VAL dec CE 3.9146
step    2050 | cos 0.4703 | thought 1.0737 dec_ce 2.0776 | 2.6 it/s
step    2100 | cos 0.4705 | thought 1.0474 dec_ce 2.0193 | 3.2 it/s
step    2150 | cos 0.4701 | thought 1.0206 dec_ce 1.8852 | 3.2 it/s
step    2200 | cos 0.4674 | thought 1.1066 dec_ce 2.188 | 3.1 it/s
step    2250 | cos 0.4710 | thought 1.0633 dec_ce 2.0679 | 3.1 it/s
step    2300 | cos 0.4680 | thought 1.0354 dec_ce 2.0375 | 3.2 it/s
step    2350 | cos 0.4721 | thought 1.0427 dec_ce 1.972 | 3.2 it/s
step    2400 | cos 0.4683 | thought 1.0644 dec_ce 1.9799 | 3.1 it/s
step    2450 | cos 0.4721 | thought 1.0395 dec_ce 2.0516 | 3.1 it/s
step    2500 | cos 0.4725 | thought 1.0357 dec_ce 1.9745 | 3.2 it/s
step    2550 | cos 0.4701 | thought 1.0414 dec_ce 2.01 | 3.0 it/s
step    2600 | cos 0.4684 | thought 1.0571 dec_ce 2.0617 | 3.1 it/s
step    2650 | cos 0.4724 | thought 1.0137 dec_ce 2.0176 | 3.2 it/s
step    2700 | cos 0.4709 | thought 1.0572 dec_ce 2.1188 | 3.1 it/s
step    2750 | cos 0.4716 | thought 1.0429 dec_ce 2.0241 | 3.2 it/s
step    2800 | cos 0.4731 | thought 1.0679 dec_ce 2.0536 | 3.2 it/s
step    2850 | cos 0.4742 | thought 1.0519 dec_ce 2.0331 | 3.2 it/s
step    2900 | cos 0.4740 | thought 1.0403 dec_ce 2.0166 | 3.1 it/s
step    2950 | cos 0.4730 | thought 1.054 dec_ce 2.0824 | 3.1 it/s
step    3000 | cos 0.4699 | thought 1.0206 dec_ce 2.0477 | 3.1 it/s
step    3000 | VAL cos 0.4755 | VAL dec CE 3.8843
step    3050 | cos 0.4721 | thought 1.1051 dec_ce 2.1037 | 2.6 it/s
step    3100 | cos 0.4770 | thought 1.0294 dec_ce 2.0265 | 3.2 it/s
step    3150 | cos 0.4764 | thought 1.0427 dec_ce 2.0463 | 3.1 it/s
step    3200 | cos 0.4752 | thought 1.0315 dec_ce 2.0561 | 3.1 it/s
step    3250 | cos 0.4736 | thought 1.081 dec_ce 2.1246 | 3.2 it/s
step    3300 | cos 0.4741 | thought 1.0767 dec_ce 2.1 | 3.2 it/s
step    3350 | cos 0.4739 | thought 1.0276 dec_ce 2.0743 | 3.1 it/s
step    3400 | cos 0.4727 | thought 1.0553 dec_ce 2.0387 | 3.1 it/s
step    3450 | cos 0.4726 | thought 1.0362 dec_ce 1.9198 | 3.2 it/s
step    3500 | cos 0.4769 | thought 1.0373 dec_ce 2.0309 | 3.2 it/s
step    3550 | cos 0.4758 | thought 1.0631 dec_ce 2.0835 | 3.1 it/s
step    3600 | cos 0.4740 | thought 1.0714 dec_ce 2.0139 | 3.1 it/s
step    3650 | cos 0.4759 | thought 1.0533 dec_ce 1.9719 | 3.2 it/s
step    3700 | cos 0.4746 | thought 1.0545 dec_ce 1.9572 | 3.1 it/s
step    3750 | cos 0.4764 | thought 1.0231 dec_ce 1.9652 | 3.2 it/s
step    3800 | cos 0.4718 | thought 1.0408 dec_ce 2.0637 | 3.1 it/s
step    3850 | cos 0.4736 | thought 1.0755 dec_ce 2.0259 | 3.1 it/s
step    3900 | cos 0.4761 | thought 1.0103 dec_ce 2.0021 | 3.1 it/s
step    3950 | cos 0.4775 | thought 1.0377 dec_ce 2.132 | 3.2 it/s
step    4000 | cos 0.4742 | thought 1.0448 dec_ce 2.0125 | 3.2 it/s
step    4000 | VAL cos 0.4780 | VAL dec CE 3.8512
step    4050 | cos 0.4769 | thought 1.0551 dec_ce 2.042 | 2.6 it/s
step    4100 | cos 0.4729 | thought 1.0685 dec_ce 2.0768 | 3.2 it/s
step    4150 | cos 0.4725 | thought 1.0232 dec_ce 1.9534 | 3.1 it/s
step    4200 | cos 0.4769 | thought 1.0536 dec_ce 2.1242 | 3.1 it/s
step    4250 | cos 0.4750 | thought 1.0159 dec_ce 1.9207 | 3.2 it/s
step    4300 | cos 0.4790 | thought 1.0351 dec_ce 2.0485 | 3.2 it/s
step    4350 | cos 0.4752 | thought 1.045 dec_ce 1.9748 | 3.1 it/s
step    4400 | cos 0.4782 | thought 1.0322 dec_ce 2.0214 | 3.2 it/s
step    4450 | cos 0.4773 | thought 1.0456 dec_ce 2.1114 | 3.2 it/s
step    4500 | cos 0.4788 | thought 1.0249 dec_ce 2.0446 | 3.1 it/s
step    4550 | cos 0.4791 | thought 1.0603 dec_ce 2.0198 | 3.1 it/s
step    4600 | cos 0.4762 | thought 1.043 dec_ce 2.0516 | 3.2 it/s
step    4650 | cos 0.4777 | thought 1.0199 dec_ce 1.9814 | 3.2 it/s
step    4700 | cos 0.4775 | thought 1.0248 dec_ce 1.9805 | 3.2 it/s
step    4750 | cos 0.4762 | thought 1.0597 dec_ce 1.93 | 3.1 it/s
step    4800 | cos 0.4739 | thought 1.052 dec_ce 2.0622 | 3.1 it/s
step    4850 | cos 0.4797 | thought 1.0729 dec_ce 2.1811 | 3.1 it/s
step    4900 | cos 0.4825 | thought 1.0292 dec_ce 1.9744 | 3.1 it/s
step    4950 | cos 0.4786 | thought 1.048 dec_ce 1.9948 | 3.2 it/s
step    5000 | cos 0.4761 | thought 1.0615 dec_ce 2.0436 | 3.1 it/s
step    5000 | VAL cos 0.4790 | VAL dec CE 3.8334
step    5050 | cos 0.4795 | thought 1.0307 dec_ce 1.9817 | 2.6 it/s
step    5100 | cos 0.4780 | thought 1.0594 dec_ce 1.9374 | 3.1 it/s
step    5150 | cos 0.4751 | thought 1.0771 dec_ce 2.0234 | 3.1 it/s
step    5200 | cos 0.4767 | thought 1.0534 dec_ce 2.0098 | 3.1 it/s
step    5250 | cos 0.4784 | thought 1.0487 dec_ce 2.1784 | 3.1 it/s
step    5300 | cos 0.4791 | thought 1.008 dec_ce 2.0228 | 3.1 it/s
step    5350 | cos 0.4810 | thought 1.0158 dec_ce 1.9919 | 3.1 it/s
step    5400 | cos 0.4789 | thought 1.072 dec_ce 2.066 | 3.2 it/s
step    5450 | cos 0.4802 | thought 1.0117 dec_ce 1.9627 | 3.2 it/s
step    5500 | cos 0.4768 | thought 1.043 dec_ce 2.0274 | 3.2 it/s
step    5550 | cos 0.4780 | thought 1.0404 dec_ce 2.0296 | 3.1 it/s
step    5600 | cos 0.4805 | thought 1.0358 dec_ce 2.0475 | 3.1 it/s
step    5650 | cos 0.4804 | thought 1.0172 dec_ce 1.9031 | 3.2 it/s
step    5700 | cos 0.4790 | thought 1.0121 dec_ce 1.9145 | 3.1 it/s
step    5750 | cos 0.4803 | thought 1.0265 dec_ce 1.9501 | 3.2 it/s
step    5800 | cos 0.4783 | thought 1.066 dec_ce 2.0328 | 3.2 it/s
step    5850 | cos 0.4803 | thought 1.0679 dec_ce 2.1203 | 3.2 it/s
step    5900 | cos 0.4790 | thought 1.0369 dec_ce 2.0677 | 3.2 it/s
step    5950 | cos 0.4796 | thought 1.035 dec_ce 1.8495 | 3.2 it/s
step    6000 | cos 0.4815 | thought 1.0231 dec_ce 1.8979 | 3.2 it/s
step    6000 | VAL cos 0.4822 | VAL dec CE 3.8060
step    6050 | cos 0.4795 | thought 1.0376 dec_ce 1.9085 | 2.6 it/s
step    6100 | cos 0.4826 | thought 1.0361 dec_ce 1.9898 | 3.2 it/s
step    6150 | cos 0.4786 | thought 1.0564 dec_ce 2.1095 | 3.2 it/s
step    6200 | cos 0.4825 | thought 1.0816 dec_ce 2.1203 | 3.1 it/s
step    6250 | cos 0.4815 | thought 1.0467 dec_ce 2.0361 | 3.1 it/s
step    6300 | cos 0.4814 | thought 1.0241 dec_ce 1.9433 | 3.1 it/s
step    6350 | cos 0.4830 | thought 1.0345 dec_ce 1.9486 | 3.2 it/s
step    6400 | cos 0.4798 | thought 1.0391 dec_ce 2.0412 | 3.1 it/s
step    6450 | cos 0.4807 | thought 1.0459 dec_ce 2.0039 | 3.1 it/s
step    6500 | cos 0.4807 | thought 1.0358 dec_ce 1.9718 | 3.1 it/s
step    6550 | cos 0.4804 | thought 1.0597 dec_ce 2.0651 | 3.1 it/s
step    6600 | cos 0.4823 | thought 1.0018 dec_ce 1.9177 | 3.2 it/s
step    6650 | cos 0.4802 | thought 1.0643 dec_ce 2.1955 | 3.2 it/s
step    6700 | cos 0.4776 | thought 1.0471 dec_ce 2.0254 | 3.1 it/s
step    6750 | cos 0.4799 | thought 1.0363 dec_ce 2.0052 | 3.2 it/s
step    6800 | cos 0.4791 | thought 1.0733 dec_ce 2.0805 | 3.1 it/s
step    6850 | cos 0.4820 | thought 1.0169 dec_ce 1.976 | 3.1 it/s
step    6900 | cos 0.4829 | thought 1.0482 dec_ce 1.9949 | 3.2 it/s
step    6950 | cos 0.4823 | thought 1.0321 dec_ce 1.9308 | 3.1 it/s
step    7000 | cos 0.4846 | thought 1.0319 dec_ce 1.91 | 3.2 it/s
step    7000 | VAL cos 0.4855 | VAL dec CE 3.7817
step    7050 | cos 0.4792 | thought 1.0389 dec_ce 1.9661 | 2.6 it/s
step    7100 | cos 0.4821 | thought 1.038 dec_ce 1.9418 | 3.2 it/s
step    7150 | cos 0.4827 | thought 0.9931 dec_ce 1.9286 | 3.1 it/s
step    7200 | cos 0.4805 | thought 1.0352 dec_ce 1.9637 | 3.1 it/s
step    7250 | cos 0.4814 | thought 1.0746 dec_ce 2.0991 | 3.1 it/s
step    7300 | cos 0.4825 | thought 1.0494 dec_ce 1.9762 | 3.2 it/s
step    7350 | cos 0.4807 | thought 1.0276 dec_ce 1.9233 | 3.1 it/s
step    7400 | cos 0.4797 | thought 1.0282 dec_ce 2.0526 | 3.1 it/s
step    7450 | cos 0.4823 | thought 1.0428 dec_ce 2.0997 | 3.1 it/s
step    7500 | cos 0.4795 | thought 1.0324 dec_ce 1.9422 | 3.1 it/s
step    7550 | cos 0.4846 | thought 1.0305 dec_ce 2.0134 | 3.1 it/s
step    7600 | cos 0.4849 | thought 1.0391 dec_ce 2.0001 | 3.2 it/s
step    7650 | cos 0.4869 | thought 1.0253 dec_ce 2.0066 | 3.1 it/s
step    7700 | cos 0.4825 | thought 1.0163 dec_ce 1.9257 | 3.2 it/s
step    7750 | cos 0.4826 | thought 1.0613 dec_ce 2.0837 | 3.2 it/s
step    7800 | cos 0.4813 | thought 1.0729 dec_ce 1.9706 | 3.2 it/s
step    7850 | cos 0.4798 | thought 1.0208 dec_ce 1.9961 | 3.2 it/s
step    7900 | cos 0.4825 | thought 1.0385 dec_ce 2.0197 | 3.2 it/s
step    7950 | cos 0.4834 | thought 1.0304 dec_ce 1.9484 | 3.1 it/s
step    8000 | cos 0.4852 | thought 1.0275 dec_ce 1.8839 | 3.1 it/s
step    8000 | VAL cos 0.4882 | VAL dec CE 3.7691
step    8050 | cos 0.4860 | thought 1.0316 dec_ce 2.0222 | 2.6 it/s
step    8100 | cos 0.4810 | thought 1.0354 dec_ce 1.9532 | 3.2 it/s
step    8150 | cos 0.4801 | thought 1.025 dec_ce 1.8603 | 3.1 it/s
step    8200 | cos 0.4830 | thought 1.0406 dec_ce 2.0066 | 3.1 it/s
step    8250 | cos 0.4798 | thought 0.9902 dec_ce 1.8893 | 3.1 it/s
step    8300 | cos 0.4818 | thought 1.0315 dec_ce 1.9894 | 3.1 it/s
step    8350 | cos 0.4815 | thought 1.0303 dec_ce 2.0817 | 3.1 it/s
step    8400 | cos 0.4852 | thought 1.0388 dec_ce 1.948 | 3.2 it/s
step    8450 | cos 0.4791 | thought 1.0523 dec_ce 1.937 | 3.2 it/s
step    8500 | cos 0.4842 | thought 1.0161 dec_ce 1.8198 | 3.1 it/s
step    8550 | cos 0.4838 | thought 1.0339 dec_ce 1.963 | 3.1 it/s
step    8600 | cos 0.4826 | thought 1.0123 dec_ce 2.0489 | 3.1 it/s
step    8650 | cos 0.4853 | thought 1.0255 dec_ce 1.9206 | 3.2 it/s
step    8700 | cos 0.4852 | thought 1.0237 dec_ce 2.0393 | 3.1 it/s
step    8750 | cos 0.4846 | thought 1.0288 dec_ce 1.9139 | 3.1 it/s
step    8800 | cos 0.4888 | thought 1.024 dec_ce 2.0686 | 3.1 it/s
step    8850 | cos 0.4833 | thought 1.0367 dec_ce 2.0215 | 3.1 it/s
step    8900 | cos 0.4840 | thought 1.0732 dec_ce 1.9701 | 3.2 it/s
step    8950 | cos 0.4812 | thought 1.0378 dec_ce 2.0044 | 3.1 it/s
step    9000 | cos 0.4851 | thought 1.0071 dec_ce 1.9726 | 3.1 it/s
step    9000 | VAL cos 0.4893 | VAL dec CE 3.7596
step    9050 | cos 0.4855 | thought 1.0017 dec_ce 1.903 | 2.6 it/s
step    9100 | cos 0.4837 | thought 1.0088 dec_ce 1.8918 | 3.1 it/s
step    9150 | cos 0.4843 | thought 1.0068 dec_ce 1.9904 | 3.1 it/s
step    9200 | cos 0.4854 | thought 0.9749 dec_ce 1.8645 | 3.2 it/s
step    9250 | cos 0.4862 | thought 1.0253 dec_ce 1.9768 | 3.2 it/s
step    9300 | cos 0.4859 | thought 1.0421 dec_ce 1.9932 | 3.2 it/s
step    9350 | cos 0.4865 | thought 1.0407 dec_ce 1.9221 | 3.1 it/s
step    9400 | cos 0.4830 | thought 1.0422 dec_ce 1.9524 | 3.1 it/s
step    9450 | cos 0.4811 | thought 1.0308 dec_ce 1.978 | 3.2 it/s
step    9500 | cos 0.4813 | thought 1.0359 dec_ce 2.0126 | 3.1 it/s
step    9550 | cos 0.4851 | thought 1.0189 dec_ce 1.8902 | 3.1 it/s
step    9600 | cos 0.4830 | thought 1.0198 dec_ce 1.9632 | 3.1 it/s
step    9650 | cos 0.4853 | thought 1.0364 dec_ce 1.865 | 3.1 it/s
step    9700 | cos 0.4844 | thought 1.0321 dec_ce 1.9543 | 3.2 it/s
step    9750 | cos 0.4886 | thought 1.0284 dec_ce 1.9236 | 3.1 it/s
step    9800 | cos 0.4837 | thought 1.0251 dec_ce 2.1032 | 3.1 it/s
step    9850 | cos 0.4861 | thought 0.9917 dec_ce 1.9525 | 3.1 it/s
step    9900 | cos 0.4854 | thought 1.0455 dec_ce 2.0144 | 3.2 it/s
step    9950 | cos 0.4872 | thought 1.0656 dec_ce 2.0233 | 3.2 it/s
step   10000 | cos 0.4830 | thought 1.0568 dec_ce 2.0591 | 3.2 it/s
step   10000 | VAL cos 0.4900 | VAL dec CE 3.7494
step   10050 | cos 0.4828 | thought 1.0256 dec_ce 2.0246 | 2.6 it/s
step   10100 | cos 0.4848 | thought 1.0057 dec_ce 1.9109 | 3.1 it/s
step   10150 | cos 0.4846 | thought 1.0143 dec_ce 1.9892 | 3.1 it/s
step   10200 | cos 0.4826 | thought 1.0601 dec_ce 2.0013 | 3.2 it/s
step   10250 | cos 0.4855 | thought 1.0283 dec_ce 1.9772 | 3.2 it/s
step   10300 | cos 0.4828 | thought 1.0299 dec_ce 1.8497 | 3.1 it/s
step   10350 | cos 0.4884 | thought 1.0146 dec_ce 2.0782 | 3.1 it/s
step   10400 | cos 0.4846 | thought 0.9906 dec_ce 1.9267 | 3.1 it/s
step   10450 | cos 0.4853 | thought 1.0733 dec_ce 1.9899 | 3.2 it/s
step   10500 | cos 0.4853 | thought 0.9878 dec_ce 1.8206 | 3.2 it/s
step   10550 | cos 0.4865 | thought 0.9973 dec_ce 1.8626 | 3.1 it/s
step   10600 | cos 0.4838 | thought 1.0085 dec_ce 1.9357 | 3.1 it/s
step   10650 | cos 0.4851 | thought 1.055 dec_ce 1.8804 | 3.1 it/s
step   10700 | cos 0.4858 | thought 1.0062 dec_ce 1.9051 | 3.1 it/s
step   10750 | cos 0.4856 | thought 1.0336 dec_ce 2.0439 | 3.1 it/s
step   10800 | cos 0.4836 | thought 0.9826 dec_ce 1.8825 | 3.1 it/s
step   10850 | cos 0.4872 | thought 1.0503 dec_ce 1.9895 | 3.2 it/s
step   10900 | cos 0.4881 | thought 0.9989 dec_ce 1.9419 | 3.1 it/s
step   10950 | cos 0.4828 | thought 1.0429 dec_ce 2.0833 | 3.1 it/s
step   11000 | cos 0.4874 | thought 1.0307 dec_ce 2.0495 | 3.2 it/s
step   11000 | VAL cos 0.4906 | VAL dec CE 3.7452
step   11050 | cos 0.4864 | thought 1.0171 dec_ce 2.0118 | 2.6 it/s
step   11100 | cos 0.4875 | thought 1.0283 dec_ce 1.9484 | 3.2 it/s
step   11150 | cos 0.4855 | thought 0.9483 dec_ce 1.8103 | 3.2 it/s
wall-clock cap reached at step 11191

Run 'r4_aug' done: 11191 steps | final val cos 0.4902 | dec CE 3.7437
