/home/nochi/vault/projects/ThoughtVectors/thoughtvec/.venv/lib/python3.12/site-packages/torch/nn/modules/transformer.py:392: UserWarning: enable_nested_tensor is True, but self.use_nested_tensor is False because encoder_layer.norm_first was True
  warnings.warn(
thinker params: 30.10M (codec d=384, frozen=True)
step      50 | cos 0.1644 | thought 1.3577 dec_ce 2.2202 | 1.3 it/s
step     100 | cos 0.2980 | thought 1.2923 dec_ce 2.3166 | 1.3 it/s
step     150 | cos 0.3292 | thought 1.2227 dec_ce 2.2142 | 1.3 it/s
step     200 | cos 0.3695 | thought 1.2223 dec_ce 2.3368 | 1.3 it/s
step     250 | cos 0.4102 | thought 1.138 dec_ce 2.2385 | 1.3 it/s
step     300 | cos 0.4337 | thought 1.0725 dec_ce 2.1192 | 1.3 it/s
step     350 | cos 0.4477 | thought 1.066 dec_ce 1.9875 | 1.3 it/s
step     400 | cos 0.4528 | thought 1.1412 dec_ce 2.309 | 1.3 it/s
step     450 | cos 0.4582 | thought 1.0607 dec_ce 2.0524 | 1.3 it/s
step     500 | cos 0.4576 | thought 1.0891 dec_ce 1.8527 | 1.3 it/s
step     550 | cos 0.4329 | thought 1.1684 dec_ce 1.7612 | 1.3 it/s
step     600 | cos 0.4218 | thought 1.1053 dec_ce 1.373 | 1.3 it/s
step     650 | cos 0.4113 | thought 1.1654 dec_ce 1.7297 | 1.3 it/s
step     700 | cos 0.3614 | thought 1.3505 dec_ce 1.5611 | 1.3 it/s
step     750 | cos 0.3383 | thought 1.3299 dec_ce 0.8084 | 1.3 it/s
step     800 | cos 0.3417 | thought 1.28 dec_ce 0.9385 | 1.3 it/s
step     850 | cos 0.3439 | thought 1.2748 dec_ce 0.8894 | 1.3 it/s
step     900 | cos 0.3557 | thought 1.3035 dec_ce 1.339 | 1.3 it/s
step     950 | cos 0.3606 | thought 1.3216 dec_ce 1.1904 | 1.3 it/s
step    1000 | cos 0.3607 | thought 1.2698 dec_ce 0.8534 | 1.3 it/s
step    1000 | VAL cos 0.3420 | VAL dec CE 2.4252
step    1050 | cos 0.3687 | thought 1.2908 dec_ce 0.6306 | 1.2 it/s
step    1100 | cos 0.3767 | thought 1.3654 dec_ce 0.5305 | 1.3 it/s
step    1150 | cos 0.3775 | thought 1.2552 dec_ce 0.6698 | 1.3 it/s
step    1200 | cos 0.3888 | thought 1.2297 dec_ce 0.3307 | 1.3 it/s
step    1250 | cos 0.3879 | thought 1.2622 dec_ce 0.7303 | 1.3 it/s
step    1300 | cos 0.3941 | thought 1.2066 dec_ce 0.6884 | 1.3 it/s
step    1350 | cos 0.3952 | thought 1.2747 dec_ce 0.5559 | 1.3 it/s
step    1400 | cos 0.3983 | thought 1.216 dec_ce 0.6921 | 1.3 it/s
step    1450 | cos 0.4009 | thought 1.1698 dec_ce 0.8657 | 1.3 it/s
step    1500 | cos 0.4000 | thought 1.1959 dec_ce 0.8488 | 1.3 it/s
step    1550 | cos 0.3984 | thought 1.1894 dec_ce 0.5982 | 1.3 it/s
step    1600 | cos 0.4119 | thought 1.1627 dec_ce 0.2545 | 1.3 it/s
step    1650 | cos 0.4167 | thought 1.138 dec_ce 0.5084 | 1.3 it/s
step    1700 | cos 0.4200 | thought 1.1243 dec_ce 0.5499 | 1.3 it/s
step    1750 | cos 0.4205 | thought 1.2404 dec_ce 0.5963 | 1.3 it/s
step    1800 | cos 0.4245 | thought 1.0246 dec_ce 1.0237 | 1.3 it/s
step    1850 | cos 0.4157 | thought 1.1648 dec_ce 0.6237 | 1.3 it/s
step    1900 | cos 0.4201 | thought 1.1315 dec_ce 0.2991 | 1.3 it/s
step    1950 | cos 0.4241 | thought 1.1569 dec_ce 0.6827 | 1.3 it/s
step    2000 | cos 0.4280 | thought 1.1083 dec_ce 0.5584 | 1.3 it/s
step    2000 | VAL cos 0.3550 | VAL dec CE 1.3412
step    2050 | cos 0.4306 | thought 1.1174 dec_ce 0.3788 | 1.2 it/s
step    2100 | cos 0.4328 | thought 1.168 dec_ce 1.2126 | 1.3 it/s
step    2150 | cos 0.4332 | thought 1.2327 dec_ce 0.6994 | 1.3 it/s
step    2200 | cos 0.4352 | thought 1.214 dec_ce 0.4968 | 1.3 it/s
step    2250 | cos 0.4384 | thought 1.1252 dec_ce 0.384 | 1.3 it/s
step    2300 | cos 0.4400 | thought 1.1263 dec_ce 0.426 | 1.3 it/s
step    2350 | cos 0.4467 | thought 1.207 dec_ce 0.5266 | 1.3 it/s
step    2400 | cos 0.4377 | thought 1.2827 dec_ce 1.0709 | 1.3 it/s
step    2450 | cos 0.4456 | thought 1.1702 dec_ce 0.5923 | 1.3 it/s
step    2500 | cos 0.4545 | thought 1.0524 dec_ce 0.1567 | 1.3 it/s
step    2550 | cos 0.4427 | thought 1.0959 dec_ce 0.5615 | 1.3 it/s
step    2600 | cos 0.4568 | thought 1.1063 dec_ce 1.5543 | 1.3 it/s
step    2650 | cos 0.4548 | thought 1.1201 dec_ce 1.1622 | 1.3 it/s
step    2700 | cos 0.4530 | thought 1.1832 dec_ce 0.754 | 1.3 it/s
step    2750 | cos 0.4657 | thought 1.1035 dec_ce 0.2374 | 1.3 it/s
step    2800 | cos 0.4648 | thought 1.0269 dec_ce 0.3953 | 1.3 it/s
step    2850 | cos 0.4702 | thought 1.061 dec_ce 0.7097 | 1.3 it/s
step    2900 | cos 0.4772 | thought 1.0558 dec_ce 0.6785 | 1.3 it/s
step    2950 | cos 0.4739 | thought 1.0431 dec_ce 0.4254 | 1.3 it/s
step    3000 | cos 0.4710 | thought 1.0049 dec_ce 0.6584 | 1.3 it/s
step    3000 | VAL cos 0.3687 | VAL dec CE 1.3491
step    3050 | cos 0.4677 | thought 0.968 dec_ce 0.424 | 1.2 it/s
step    3100 | cos 0.4781 | thought 0.9523 dec_ce 0.4964 | 1.3 it/s
step    3150 | cos 0.4735 | thought 1.1942 dec_ce 1.0948 | 1.3 it/s
step    3200 | cos 0.4773 | thought 1.0272 dec_ce 0.4161 | 1.3 it/s
step    3250 | cos 0.4783 | thought 1.0644 dec_ce 0.5262 | 1.3 it/s
step    3300 | cos 0.4772 | thought 1.0558 dec_ce 1.0382 | 1.3 it/s
step    3350 | cos 0.4878 | thought 1.0567 dec_ce 0.7668 | 1.3 it/s
step    3400 | cos 0.4759 | thought 1.0849 dec_ce 0.7482 | 1.3 it/s
step    3450 | cos 0.4816 | thought 1.1289 dec_ce 0.5191 | 1.3 it/s
step    3500 | cos 0.4831 | thought 1.0589 dec_ce 0.9271 | 1.3 it/s
step    3550 | cos 0.4786 | thought 1.0464 dec_ce 0.9252 | 1.3 it/s
step    3600 | cos 0.4894 | thought 1.0769 dec_ce 0.6221 | 1.3 it/s
step    3650 | cos 0.4837 | thought 0.9948 dec_ce 0.6553 | 1.3 it/s
step    3700 | cos 0.4942 | thought 1.0243 dec_ce 0.3203 | 1.3 it/s
step    3750 | cos 0.4876 | thought 1.0488 dec_ce 0.6331 | 1.3 it/s
step    3800 | cos 0.4971 | thought 0.93 dec_ce 0.3567 | 1.3 it/s
step    3850 | cos 0.4809 | thought 1.1604 dec_ce 1.1192 | 1.3 it/s
step    3900 | cos 0.5038 | thought 1.0444 dec_ce 0.4706 | 1.3 it/s
step    3950 | cos 0.4947 | thought 0.8466 dec_ce 0.5606 | 1.3 it/s
step    4000 | cos 0.5045 | thought 1.0761 dec_ce 0.9087 | 1.3 it/s
step    4000 | VAL cos 0.3813 | VAL dec CE 1.2194
step    4050 | cos 0.5060 | thought 1.0683 dec_ce 1.2401 | 1.2 it/s
step    4100 | cos 0.5120 | thought 1.043 dec_ce 0.3036 | 1.3 it/s
step    4150 | cos 0.4955 | thought 0.8141 dec_ce 0.266 | 1.3 it/s
step    4200 | cos 0.4908 | thought 1.0914 dec_ce 0.496 | 1.3 it/s
step    4250 | cos 0.5123 | thought 0.9521 dec_ce 0.908 | 1.3 it/s
step    4300 | cos 0.5021 | thought 0.8553 dec_ce 0.612 | 1.3 it/s
step    4350 | cos 0.5117 | thought 1.0156 dec_ce 0.546 | 1.3 it/s
step    4400 | cos 0.5097 | thought 0.9081 dec_ce 0.444 | 1.3 it/s
step    4450 | cos 0.4992 | thought 0.9724 dec_ce 0.6193 | 1.3 it/s
step    4500 | cos 0.5093 | thought 1.1015 dec_ce 0.6374 | 1.3 it/s
step    4550 | cos 0.5072 | thought 0.9362 dec_ce 0.5728 | 1.3 it/s
step    4600 | cos 0.5007 | thought 0.9801 dec_ce 0.3505 | 1.3 it/s
wall-clock cap reached at step 4621

Run 'r5_prefix_ss' done: 4621 steps | final val cos 0.3816 | dec CE 1.3005
