/home/nochi/vault/projects/ThoughtVectors/thoughtvec/.venv/lib/python3.12/site-packages/torch/nn/modules/transformer.py:392: UserWarning: enable_nested_tensor is True, but self.use_nested_tensor is False because encoder_layer.norm_first was True
  warnings.warn(
thinker params: 30.10M (codec d=384, frozen=True)
step      50 | cos 0.1147 | thought 1.4298 dec_ce 2.2284 | 3.1 it/s
step     100 | cos 0.2767 | thought 1.306 dec_ce 2.2955 | 3.3 it/s
step     150 | cos 0.3219 | thought 1.2335 dec_ce 2.2063 | 3.2 it/s
step     200 | cos 0.3490 | thought 1.2518 dec_ce 2.2768 | 3.2 it/s
step     250 | cos 0.3763 | thought 1.2141 dec_ce 1.7562 | 3.2 it/s
step     300 | cos 0.3827 | thought 1.1889 dec_ce 1.0157 | 3.3 it/s
step     350 | cos 0.3756 | thought 1.2122 dec_ce 0.4363 | 3.3 it/s
step     400 | cos 0.3887 | thought 1.2327 dec_ce 0.5525 | 3.3 it/s
step     450 | cos 0.4064 | thought 1.1215 dec_ce 0.2036 | 3.2 it/s
step     500 | cos 0.4337 | thought 1.1279 dec_ce 0.0954 | 3.4 it/s
step     550 | cos 0.4552 | thought 1.05 dec_ce 0.1624 | 3.2 it/s
step     600 | cos 0.4806 | thought 0.9772 dec_ce 0.0567 | 3.2 it/s
step     650 | cos 0.4960 | thought 0.9436 dec_ce 0.1006 | 3.3 it/s
step     700 | cos 0.5199 | thought 1.0215 dec_ce 0.1095 | 3.4 it/s
step     750 | cos 0.5390 | thought 0.9091 dec_ce 0.1818 | 3.3 it/s
step     800 | cos 0.5492 | thought 0.8615 dec_ce 0.0455 | 3.2 it/s
step     850 | cos 0.5705 | thought 0.7759 dec_ce 0.1147 | 3.2 it/s
step     900 | cos 0.5970 | thought 0.8779 dec_ce 0.1447 | 3.2 it/s
step     950 | cos 0.6077 | thought 0.9241 dec_ce 0.1337 | 3.3 it/s
step    1000 | cos 0.6102 | thought 0.7525 dec_ce 0.0606 | 3.2 it/s
step    1000 | VAL cos 0.6483 | VAL dec CE 0.0776
step    1050 | cos 0.6279 | thought 0.7406 dec_ce 0.086 | 2.8 it/s
step    1100 | cos 0.6419 | thought 0.8058 dec_ce 0.1085 | 3.3 it/s
step    1150 | cos 0.6449 | thought 0.6975 dec_ce 0.0373 | 3.3 it/s
step    1200 | cos 0.6626 | thought 0.6724 dec_ce 0.059 | 3.3 it/s
step    1250 | cos 0.6596 | thought 0.6908 dec_ce 0.0428 | 3.3 it/s
step    1300 | cos 0.6765 | thought 0.6506 dec_ce 0.05 | 3.3 it/s
step    1350 | cos 0.6773 | thought 0.7214 dec_ce 0.0384 | 3.3 it/s
step    1400 | cos 0.6915 | thought 0.6617 dec_ce 0.0484 | 3.3 it/s
step    1450 | cos 0.6835 | thought 0.5993 dec_ce 0.0305 | 3.2 it/s
step    1500 | cos 0.6919 | thought 0.6268 dec_ce 0.0581 | 3.3 it/s
step    1550 | cos 0.7001 | thought 0.5209 dec_ce 0.0545 | 3.3 it/s
step    1600 | cos 0.7100 | thought 0.5648 dec_ce 0.0318 | 3.3 it/s
step    1650 | cos 0.7050 | thought 0.555 dec_ce 0.067 | 3.2 it/s
step    1700 | cos 0.7143 | thought 0.6055 dec_ce 0.0175 | 3.3 it/s
step    1750 | cos 0.7228 | thought 0.5657 dec_ce 0.017 | 3.3 it/s
step    1800 | cos 0.7143 | thought 0.5079 dec_ce 0.0436 | 3.2 it/s
step    1850 | cos 0.7165 | thought 0.6209 dec_ce 0.0547 | 3.4 it/s
step    1900 | cos 0.7203 | thought 0.5437 dec_ce 0.0522 | 3.3 it/s
step    1950 | cos 0.7294 | thought 0.561 dec_ce 0.0547 | 3.3 it/s
step    2000 | cos 0.7262 | thought 0.5676 dec_ce 0.0685 | 3.3 it/s
step    2000 | VAL cos 0.7537 | VAL dec CE 0.0272
step    2050 | cos 0.7272 | thought 0.5104 dec_ce 0.0102 | 2.8 it/s
step    2100 | cos 0.7296 | thought 0.588 dec_ce 0.0137 | 3.3 it/s
step    2150 | cos 0.7330 | thought 0.7176 dec_ce 0.0829 | 3.3 it/s
step    2200 | cos 0.7341 | thought 0.5841 dec_ce 0.0488 | 3.3 it/s
step    2250 | cos 0.7393 | thought 0.5083 dec_ce 0.0397 | 3.4 it/s
step    2300 | cos 0.7381 | thought 0.5556 dec_ce 0.0615 | 3.3 it/s
step    2350 | cos 0.7424 | thought 0.5953 dec_ce 0.0551 | 3.3 it/s
step    2400 | cos 0.7365 | thought 0.6855 dec_ce 0.0437 | 3.4 it/s
step    2450 | cos 0.7441 | thought 0.6144 dec_ce 0.0643 | 3.3 it/s
step    2500 | cos 0.7497 | thought 0.4817 dec_ce 0.0075 | 3.4 it/s
step    2550 | cos 0.7363 | thought 0.503 dec_ce 0.0545 | 3.2 it/s
step    2600 | cos 0.7495 | thought 0.4741 dec_ce 0.0175 | 3.3 it/s
step    2650 | cos 0.7468 | thought 0.6236 dec_ce 0.0835 | 3.3 it/s
step    2700 | cos 0.7497 | thought 0.6537 dec_ce 0.0638 | 3.2 it/s
step    2750 | cos 0.7540 | thought 0.491 dec_ce 0.014 | 3.3 it/s
step    2800 | cos 0.7556 | thought 0.4835 dec_ce 0.0368 | 3.3 it/s
step    2850 | cos 0.7567 | thought 0.5173 dec_ce 0.1027 | 3.3 it/s
step    2900 | cos 0.7651 | thought 0.4462 dec_ce 0.0103 | 3.3 it/s
step    2950 | cos 0.7579 | thought 0.4124 dec_ce 0.0038 | 3.2 it/s
step    3000 | cos 0.7584 | thought 0.5 dec_ce 0.0159 | 3.3 it/s
step    3000 | VAL cos 0.7861 | VAL dec CE 0.0292
step    3050 | cos 0.7567 | thought 0.3911 dec_ce 0.0092 | 2.8 it/s
step    3100 | cos 0.7672 | thought 0.4507 dec_ce 0.0447 | 3.3 it/s
step    3150 | cos 0.7660 | thought 0.5809 dec_ce 0.1 | 3.3 it/s
step    3200 | cos 0.7671 | thought 0.4008 dec_ce 0.0084 | 3.2 it/s
step    3250 | cos 0.7601 | thought 0.5521 dec_ce 0.0663 | 3.2 it/s
step    3300 | cos 0.7649 | thought 0.545 dec_ce 0.0623 | 3.3 it/s
step    3350 | cos 0.7692 | thought 0.6 dec_ce 0.0087 | 3.3 it/s
step    3400 | cos 0.7704 | thought 0.4203 dec_ce 0.0076 | 3.3 it/s
step    3450 | cos 0.7670 | thought 0.4379 dec_ce 0.0434 | 3.2 it/s
step    3500 | cos 0.7617 | thought 0.4929 dec_ce 0.0086 | 3.3 it/s
step    3550 | cos 0.7602 | thought 0.4668 dec_ce 0.0472 | 3.1 it/s
step    3600 | cos 0.7711 | thought 0.4819 dec_ce 0.0706 | 3.3 it/s
step    3650 | cos 0.7715 | thought 0.4325 dec_ce 0.0127 | 3.3 it/s
step    3700 | cos 0.7719 | thought 0.4686 dec_ce 0.0485 | 3.4 it/s
step    3750 | cos 0.7730 | thought 0.4759 dec_ce 0.0163 | 3.3 it/s
step    3800 | cos 0.7796 | thought 0.4239 dec_ce 0.0065 | 3.3 it/s
step    3850 | cos 0.7711 | thought 0.4873 dec_ce 0.0594 | 3.3 it/s
step    3900 | cos 0.7808 | thought 0.5142 dec_ce 0.0408 | 3.3 it/s
step    3950 | cos 0.7760 | thought 0.421 dec_ce 0.0678 | 3.3 it/s
step    4000 | cos 0.7793 | thought 0.5933 dec_ce 0.055 | 3.3 it/s
step    4000 | VAL cos 0.8043 | VAL dec CE 0.0233
step    4050 | cos 0.7836 | thought 0.59 dec_ce 0.083 | 2.7 it/s
step    4100 | cos 0.7827 | thought 0.4361 dec_ce 0.0154 | 3.3 it/s
step    4150 | cos 0.7769 | thought 0.354 dec_ce 0.0063 | 3.2 it/s
step    4200 | cos 0.7786 | thought 0.5103 dec_ce 0.0506 | 3.3 it/s
step    4250 | cos 0.7831 | thought 0.4929 dec_ce 0.0487 | 3.3 it/s
step    4300 | cos 0.7843 | thought 0.4205 dec_ce 0.0706 | 3.3 it/s
step    4350 | cos 0.7813 | thought 0.4341 dec_ce 0.0135 | 3.4 it/s
step    4400 | cos 0.7869 | thought 0.4056 dec_ce 0.0195 | 3.3 it/s
step    4450 | cos 0.7842 | thought 0.5125 dec_ce 0.0776 | 3.3 it/s
step    4500 | cos 0.7862 | thought 0.5775 dec_ce 0.0448 | 3.4 it/s
step    4550 | cos 0.7860 | thought 0.434 dec_ce 0.0118 | 3.3 it/s
step    4600 | cos 0.7878 | thought 0.4596 dec_ce 0.0348 | 3.3 it/s
step    4650 | cos 0.7893 | thought 0.3125 dec_ce 0.0046 | 3.2 it/s
step    4700 | cos 0.7891 | thought 0.4288 dec_ce 0.0487 | 3.3 it/s
step    4750 | cos 0.7974 | thought 0.3985 dec_ce 0.006 | 3.3 it/s
step    4800 | cos 0.7972 | thought 0.4054 dec_ce 0.014 | 3.3 it/s
step    4850 | cos 0.7961 | thought 0.438 dec_ce 0.0095 | 3.3 it/s
step    4900 | cos 0.7928 | thought 0.3916 dec_ce 0.0211 | 3.3 it/s
step    4950 | cos 0.7850 | thought 0.5374 dec_ce 0.0909 | 3.3 it/s
step    5000 | cos 0.7994 | thought 0.4662 dec_ce 0.0455 | 3.4 it/s
step    5000 | VAL cos 0.8158 | VAL dec CE 0.0230
step    5050 | cos 0.7897 | thought 0.447 dec_ce 0.0604 | 2.6 it/s
step    5100 | cos 0.7951 | thought 0.4439 dec_ce 0.0453 | 3.3 it/s
step    5150 | cos 0.7934 | thought 0.4598 dec_ce 0.0467 | 3.2 it/s
step    5200 | cos 0.7947 | thought 0.3794 dec_ce 0.0287 | 3.3 it/s
step    5250 | cos 0.7946 | thought 0.3845 dec_ce 0.0264 | 3.4 it/s
step    5300 | cos 0.7935 | thought 0.4528 dec_ce 0.0895 | 3.3 it/s
step    5350 | cos 0.7999 | thought 0.5257 dec_ce 0.0453 | 3.4 it/s
step    5400 | cos 0.7949 | thought 0.4267 dec_ce 0.0343 | 3.3 it/s
step    5450 | cos 0.7980 | thought 0.4913 dec_ce 0.0119 | 3.3 it/s
step    5500 | cos 0.7964 | thought 0.4442 dec_ce 0.0254 | 3.3 it/s
step    5550 | cos 0.7985 | thought 0.432 dec_ce 0.0124 | 3.3 it/s
step    5600 | cos 0.7970 | thought 0.488 dec_ce 0.0511 | 3.3 it/s
step    5650 | cos 0.8008 | thought 0.4263 dec_ce 0.0712 | 3.3 it/s
step    5700 | cos 0.7939 | thought 0.2845 dec_ce 0.0057 | 3.3 it/s
step    5750 | cos 0.7927 | thought 0.5638 dec_ce 0.0611 | 3.3 it/s
step    5800 | cos 0.7959 | thought 0.4304 dec_ce 0.0525 | 3.3 it/s
step    5850 | cos 0.8038 | thought 0.4521 dec_ce 0.0099 | 3.3 it/s
step    5900 | cos 0.8051 | thought 0.4219 dec_ce 0.0334 | 3.4 it/s
step    5950 | cos 0.8036 | thought 0.457 dec_ce 0.046 | 3.4 it/s
step    6000 | cos 0.8009 | thought 0.3554 dec_ce 0.0054 | 3.3 it/s
step    6000 | VAL cos 0.8249 | VAL dec CE 0.0179
step    6050 | cos 0.8029 | thought 0.4396 dec_ce 0.0802 | 2.7 it/s
step    6100 | cos 0.7978 | thought 0.3273 dec_ce 0.0383 | 3.3 it/s
step    6150 | cos 0.8098 | thought 0.3953 dec_ce 0.049 | 3.4 it/s
step    6200 | cos 0.8033 | thought 0.4472 dec_ce 0.0281 | 3.3 it/s
step    6250 | cos 0.8046 | thought 0.4553 dec_ce 0.0199 | 3.3 it/s
step    6300 | cos 0.7992 | thought 0.3866 dec_ce 0.0742 | 3.3 it/s
step    6350 | cos 0.8030 | thought 0.3819 dec_ce 0.0231 | 3.3 it/s
step    6400 | cos 0.8063 | thought 0.3236 dec_ce 0.0101 | 3.3 it/s
step    6450 | cos 0.8077 | thought 0.5542 dec_ce 0.0569 | 3.3 it/s
step    6500 | cos 0.8068 | thought 0.3524 dec_ce 0.0513 | 3.3 it/s
step    6550 | cos 0.8021 | thought 0.4638 dec_ce 0.036 | 3.2 it/s
step    6600 | cos 0.8044 | thought 0.3839 dec_ce 0.0088 | 3.3 it/s
step    6650 | cos 0.8068 | thought 0.3344 dec_ce 0.0097 | 3.3 it/s
step    6700 | cos 0.8144 | thought 0.3715 dec_ce 0.0301 | 3.3 it/s
step    6750 | cos 0.8085 | thought 0.3677 dec_ce 0.0059 | 3.4 it/s
step    6800 | cos 0.8062 | thought 0.4668 dec_ce 0.0403 | 3.3 it/s
step    6850 | cos 0.8030 | thought 0.3862 dec_ce 0.0257 | 3.3 it/s
step    6900 | cos 0.8148 | thought 0.429 dec_ce 0.0246 | 3.4 it/s
step    6950 | cos 0.8120 | thought 0.3955 dec_ce 0.0117 | 3.4 it/s
step    7000 | cos 0.8063 | thought 0.5015 dec_ce 0.0884 | 3.3 it/s
step    7000 | VAL cos 0.8309 | VAL dec CE 0.0170
step    7050 | cos 0.8005 | thought 0.3205 dec_ce 0.0133 | 2.7 it/s
step    7100 | cos 0.8129 | thought 0.3113 dec_ce 0.0265 | 3.4 it/s
step    7150 | cos 0.8149 | thought 0.3798 dec_ce 0.015 | 3.3 it/s
step    7200 | cos 0.8131 | thought 0.4266 dec_ce 0.0264 | 3.3 it/s
step    7250 | cos 0.8114 | thought 0.5768 dec_ce 0.1155 | 3.3 it/s
step    7300 | cos 0.8156 | thought 0.3569 dec_ce 0.0361 | 3.3 it/s
step    7350 | cos 0.8160 | thought 0.3134 dec_ce 0.0061 | 3.4 it/s
step    7400 | cos 0.8177 | thought 0.2892 dec_ce 0.008 | 3.4 it/s
step    7450 | cos 0.8077 | thought 0.2748 dec_ce 0.0019 | 3.3 it/s
step    7500 | cos 0.8147 | thought 0.3776 dec_ce 0.0433 | 3.3 it/s
step    7550 | cos 0.8178 | thought 0.4362 dec_ce 0.0533 | 3.2 it/s
step    7600 | cos 0.8119 | thought 0.3964 dec_ce 0.0328 | 3.3 it/s
step    7650 | cos 0.8119 | thought 0.3598 dec_ce 0.0357 | 3.3 it/s
step    7700 | cos 0.8111 | thought 0.3805 dec_ce 0.0331 | 3.3 it/s
step    7750 | cos 0.8126 | thought 0.3416 dec_ce 0.0058 | 3.4 it/s
step    7800 | cos 0.8113 | thought 0.4414 dec_ce 0.0464 | 3.3 it/s
step    7850 | cos 0.8098 | thought 0.4423 dec_ce 0.0364 | 3.3 it/s
step    7900 | cos 0.8135 | thought 0.4721 dec_ce 0.0341 | 3.4 it/s
step    7950 | cos 0.8163 | thought 0.3967 dec_ce 0.026 | 3.3 it/s
step    8000 | cos 0.8147 | thought 0.3605 dec_ce 0.0025 | 3.3 it/s
step    8000 | VAL cos 0.8374 | VAL dec CE 0.0156
step    8050 | cos 0.8221 | thought 0.3543 dec_ce 0.0164 | 2.8 it/s
step    8100 | cos 0.8189 | thought 0.3869 dec_ce 0.0096 | 3.4 it/s
step    8150 | cos 0.8183 | thought 0.3014 dec_ce 0.006 | 3.3 it/s
step    8200 | cos 0.8155 | thought 0.3449 dec_ce 0.0235 | 3.3 it/s
step    8250 | cos 0.8225 | thought 0.3367 dec_ce 0.0039 | 3.2 it/s
step    8300 | cos 0.8172 | thought 0.3898 dec_ce 0.0369 | 3.3 it/s
step    8350 | cos 0.8191 | thought 0.355 dec_ce 0.0059 | 3.3 it/s
step    8400 | cos 0.8144 | thought 0.4179 dec_ce 0.0512 | 3.3 it/s
step    8450 | cos 0.8174 | thought 0.349 dec_ce 0.0143 | 3.4 it/s
step    8500 | cos 0.8203 | thought 0.3613 dec_ce 0.0256 | 3.3 it/s
step    8550 | cos 0.8162 | thought 0.3725 dec_ce 0.0399 | 3.3 it/s
step    8600 | cos 0.8173 | thought 0.2847 dec_ce 0.0016 | 3.2 it/s
step    8650 | cos 0.8216 | thought 0.5157 dec_ce 0.0521 | 3.4 it/s
step    8700 | cos 0.8147 | thought 0.3481 dec_ce 0.0228 | 3.3 it/s
step    8750 | cos 0.8181 | thought 0.4121 dec_ce 0.053 | 3.3 it/s
step    8800 | cos 0.8176 | thought 0.3225 dec_ce 0.0252 | 3.3 it/s
step    8850 | cos 0.8205 | thought 0.4193 dec_ce 0.0466 | 3.3 it/s
step    8900 | cos 0.8173 | thought 0.4221 dec_ce 0.0569 | 3.3 it/s
step    8950 | cos 0.8183 | thought 0.4082 dec_ce 0.0138 | 3.3 it/s
step    9000 | cos 0.8226 | thought 0.3842 dec_ce 0.0106 | 3.4 it/s
step    9000 | VAL cos 0.8424 | VAL dec CE 0.0136
step    9050 | cos 0.8199 | thought 0.379 dec_ce 0.0065 | 2.8 it/s
step    9100 | cos 0.8199 | thought 0.3629 dec_ce 0.0362 | 3.3 it/s
step    9150 | cos 0.8265 | thought 0.3473 dec_ce 0.0242 | 3.3 it/s
step    9200 | cos 0.8259 | thought 0.3995 dec_ce 0.0245 | 3.4 it/s
step    9250 | cos 0.8208 | thought 0.4664 dec_ce 0.06 | 3.3 it/s
step    9300 | cos 0.8236 | thought 0.4371 dec_ce 0.0505 | 3.3 it/s
step    9350 | cos 0.8235 | thought 0.2949 dec_ce 0.0123 | 3.3 it/s
step    9400 | cos 0.8167 | thought 0.4359 dec_ce 0.028 | 3.2 it/s
step    9450 | cos 0.8171 | thought 0.4578 dec_ce 0.0707 | 3.3 it/s
step    9500 | cos 0.8221 | thought 0.3087 dec_ce 0.0185 | 3.2 it/s
step    9550 | cos 0.8237 | thought 0.3919 dec_ce 0.0279 | 3.2 it/s
step    9600 | cos 0.8213 | thought 0.3993 dec_ce 0.0066 | 3.2 it/s
step    9650 | cos 0.8214 | thought 0.4269 dec_ce 0.0409 | 3.3 it/s
step    9700 | cos 0.8227 | thought 0.4548 dec_ce 0.0445 | 3.3 it/s
step    9750 | cos 0.8284 | thought 0.2734 dec_ce 0.0009 | 3.3 it/s
step    9800 | cos 0.8123 | thought 0.2871 dec_ce 0.0097 | 3.3 it/s
step    9850 | cos 0.8229 | thought 0.4209 dec_ce 0.0221 | 3.3 it/s
step    9900 | cos 0.8172 | thought 0.4741 dec_ce 0.0602 | 3.2 it/s
step    9950 | cos 0.8247 | thought 0.3302 dec_ce 0.0283 | 3.3 it/s
step   10000 | cos 0.8169 | thought 0.2767 dec_ce 0.0043 | 3.3 it/s
step   10000 | VAL cos 0.8458 | VAL dec CE 0.0135
step   10050 | cos 0.8253 | thought 0.3132 dec_ce 0.0031 | 2.6 it/s
step   10100 | cos 0.8267 | thought 0.3351 dec_ce 0.005 | 3.3 it/s
step   10150 | cos 0.8233 | thought 0.3175 dec_ce 0.042 | 3.3 it/s
step   10200 | cos 0.8227 | thought 0.3552 dec_ce 0.0082 | 3.3 it/s
step   10250 | cos 0.8146 | thought 0.3072 dec_ce 0.0054 | 3.2 it/s
step   10300 | cos 0.8180 | thought 0.4413 dec_ce 0.0448 | 3.3 it/s
step   10350 | cos 0.8260 | thought 0.3658 dec_ce 0.0022 | 3.3 it/s
step   10400 | cos 0.8176 | thought 0.3471 dec_ce 0.0386 | 3.2 it/s
step   10450 | cos 0.8191 | thought 0.4136 dec_ce 0.0052 | 3.3 it/s
step   10500 | cos 0.8205 | thought 0.4603 dec_ce 0.0393 | 3.2 it/s
step   10550 | cos 0.8194 | thought 0.5455 dec_ce 0.0221 | 3.2 it/s
step   10600 | cos 0.8210 | thought 0.3182 dec_ce 0.0261 | 3.2 it/s
step   10650 | cos 0.8221 | thought 0.4868 dec_ce 0.0735 | 3.3 it/s
step   10700 | cos 0.8242 | thought 0.3636 dec_ce 0.0526 | 3.3 it/s
step   10750 | cos 0.8338 | thought 0.315 dec_ce 0.001 | 3.2 it/s
step   10800 | cos 0.8229 | thought 0.409 dec_ce 0.0519 | 3.3 it/s
step   10850 | cos 0.8224 | thought 0.4535 dec_ce 0.0548 | 3.2 it/s
step   10900 | cos 0.8196 | thought 0.3036 dec_ce 0.006 | 3.2 it/s
step   10950 | cos 0.8235 | thought 0.393 dec_ce 0.0249 | 3.2 it/s
step   11000 | cos 0.8240 | thought 0.4694 dec_ce 0.0464 | 3.3 it/s
step   11000 | VAL cos 0.8481 | VAL dec CE 0.0151
step   11050 | cos 0.8294 | thought 0.3028 dec_ce 0.0032 | 2.8 it/s
step   11100 | cos 0.8242 | thought 0.4246 dec_ce 0.0288 | 3.2 it/s
step   11150 | cos 0.8230 | thought 0.3188 dec_ce 0.0047 | 3.3 it/s
step   11200 | cos 0.8283 | thought 0.2783 dec_ce 0.0037 | 3.3 it/s
step   11250 | cos 0.8271 | thought 0.3499 dec_ce 0.02 | 3.3 it/s
step   11300 | cos 0.8290 | thought 0.4231 dec_ce 0.0225 | 3.4 it/s
step   11350 | cos 0.8284 | thought 0.2976 dec_ce 0.0037 | 3.3 it/s
step   11400 | cos 0.8266 | thought 0.2686 dec_ce 0.0016 | 3.2 it/s
step   11450 | cos 0.8197 | thought 0.456 dec_ce 0.0323 | 3.2 it/s
step   11500 | cos 0.8261 | thought 0.3038 dec_ce 0.0073 | 3.2 it/s
step   11550 | cos 0.8303 | thought 0.31 dec_ce 0.0045 | 3.3 it/s
step   11600 | cos 0.8258 | thought 0.4571 dec_ce 0.0525 | 3.2 it/s
step   11650 | cos 0.8256 | thought 0.3852 dec_ce 0.0044 | 3.2 it/s
step   11700 | cos 0.8307 | thought 0.2699 dec_ce 0.0053 | 3.3 it/s
wall-clock cap reached at step 11733

Run 'r5_prefix_oasst' done: 11733 steps | final val cos 0.8499 | dec CE 0.0165
