/home/nochi/vault/projects/ThoughtVectors/thoughtvec/.venv/lib/python3.12/site-packages/torch/nn/modules/transformer.py:392: UserWarning: enable_nested_tensor is True, but self.use_nested_tensor is False because encoder_layer.norm_first was True
  warnings.warn(
thinker params: 32.04M (codec d=384, frozen=True)
step      50 | cos 0.0480 | thought 2.3216 dec_ce 2.304 diversity 0.0286 | 2.9 it/s
step     100 | cos 0.1966 | thought 2.0361 dec_ce 2.2354 diversity 0.0095 | 3.2 it/s
step     150 | cos 0.2557 | thought 2.0192 dec_ce 2.3133 diversity 0.0029 | 3.1 it/s
step     200 | cos 0.2667 | thought 1.9424 dec_ce 2.3785 diversity 0.0021 | 3.2 it/s
step     250 | cos 0.2861 | thought 1.8189 dec_ce 2.165 diversity 0.0033 | 3.2 it/s
step     300 | cos 0.3397 | thought 1.6317 dec_ce 2.1741 diversity 0.0043 | 3.3 it/s
step     350 | cos 0.3576 | thought 1.5581 dec_ce 1.9709 diversity 0.0016 | 3.3 it/s
step     400 | cos 0.3829 | thought 1.5701 dec_ce 2.1686 diversity 0.002 | 3.2 it/s
step     450 | cos 0.3970 | thought 1.497 dec_ce 2.1032 diversity 0.0027 | 3.2 it/s
step     500 | cos 0.4133 | thought 1.4512 dec_ce 2.0427 diversity 0.0028 | 3.2 it/s
step     550 | cos 0.4257 | thought 1.385 dec_ce 2.0789 diversity 0.0043 | 3.1 it/s
step     600 | cos 0.4376 | thought 1.3126 dec_ce 2.1021 diversity 0.0046 | 3.3 it/s
step     650 | cos 0.4451 | thought 1.3478 dec_ce 2.0798 diversity 0.0024 | 3.2 it/s
step     700 | cos 0.4493 | thought 1.2612 dec_ce 2.1291 diversity 0.0037 | 3.2 it/s
step     750 | cos 0.4568 | thought 1.272 dec_ce 1.9125 diversity 0.0038 | 3.1 it/s
step     800 | cos 0.4573 | thought 1.2605 dec_ce 2.1698 diversity 0.0048 | 3.2 it/s
step     850 | cos 0.4581 | thought 1.2606 dec_ce 2.1252 diversity 0.0053 | 3.2 it/s
step     900 | cos 0.4614 | thought 1.2795 dec_ce 2.1699 diversity 0.0025 | 3.2 it/s
step     950 | cos 0.4639 | thought 1.1758 dec_ce 1.947 diversity 0.0035 | 3.2 it/s
step    1000 | cos 0.4664 | thought 1.2474 dec_ce 2.1418 diversity 0.0026 | 3.2 it/s
step    1000 | VAL cos 0.4676 | VAL dec CE 3.9613
step    1050 | cos 0.4656 | thought 1.1559 dec_ce 1.9766 diversity 0.0025 | 2.6 it/s
step    1100 | cos 0.4667 | thought 1.2122 dec_ce 2.093 diversity 0.0045 | 3.2 it/s
step    1150 | cos 0.4681 | thought 1.1744 dec_ce 2.1052 diversity 0.0044 | 3.2 it/s
step    1200 | cos 0.4683 | thought 1.1239 dec_ce 1.9567 diversity 0.0034 | 3.2 it/s
step    1250 | cos 0.4685 | thought 1.204 dec_ce 2.1408 diversity 0.0039 | 3.1 it/s
step    1300 | cos 0.4697 | thought 1.1215 dec_ce 2.0356 diversity 0.0048 | 3.2 it/s
step    1350 | cos 0.4699 | thought 1.1132 dec_ce 1.9409 diversity 0.0022 | 3.2 it/s
step    1400 | cos 0.4754 | thought 1.0569 dec_ce 1.9022 diversity 0.0047 | 3.1 it/s
step    1450 | cos 0.4699 | thought 1.0915 dec_ce 2.0114 diversity 0.0045 | 3.2 it/s
step    1500 | cos 0.4705 | thought 1.0613 dec_ce 1.9302 diversity 0.0053 | 3.2 it/s
step    1550 | cos 0.4736 | thought 1.0894 dec_ce 2.0474 diversity 0.0053 | 3.2 it/s
step    1600 | cos 0.4752 | thought 1.0864 dec_ce 2.1133 diversity 0.0025 | 3.3 it/s
step    1650 | cos 0.4728 | thought 1.0528 dec_ce 1.919 diversity 0.0048 | 3.2 it/s
step    1700 | cos 0.4749 | thought 1.1246 dec_ce 2.1141 diversity 0.0036 | 3.2 it/s
step    1750 | cos 0.4754 | thought 1.0703 dec_ce 2.1366 diversity 0.0042 | 3.2 it/s
step    1800 | cos 0.4730 | thought 1.0692 dec_ce 2.0186 diversity 0.0032 | 3.2 it/s
step    1850 | cos 0.4804 | thought 1.045 dec_ce 2.0443 diversity 0.0047 | 3.2 it/s
step    1900 | cos 0.4762 | thought 1.0636 dec_ce 2.0203 diversity 0.0043 | 3.2 it/s
step    1950 | cos 0.4749 | thought 1.052 dec_ce 2.0252 diversity 0.0052 | 3.2 it/s
step    2000 | cos 0.4760 | thought 1.0497 dec_ce 2.0889 diversity 0.005 | 3.1 it/s
step    2000 | VAL cos 0.4796 | VAL dec CE 3.9015
step    2050 | cos 0.4802 | thought 1.0524 dec_ce 2.0716 diversity 0.0048 | 2.6 it/s
step    2100 | cos 0.4810 | thought 1.0263 dec_ce 1.9994 diversity 0.0078 | 3.2 it/s
step    2150 | cos 0.4799 | thought 1.0014 dec_ce 1.8729 diversity 0.002 | 3.2 it/s
step    2200 | cos 0.4778 | thought 1.0849 dec_ce 2.1786 diversity 0.0047 | 3.2 it/s
step    2250 | cos 0.4806 | thought 1.0486 dec_ce 2.0615 diversity 0.0051 | 3.2 it/s
step    2300 | cos 0.4778 | thought 1.0144 dec_ce 2.0182 diversity 0.0043 | 3.2 it/s
step    2350 | cos 0.4815 | thought 1.0223 dec_ce 1.9726 diversity 0.0044 | 3.2 it/s
step    2400 | cos 0.4784 | thought 1.0475 dec_ce 1.9836 diversity 0.0043 | 3.2 it/s
step    2450 | cos 0.4822 | thought 1.0216 dec_ce 2.0279 diversity 0.0052 | 3.2 it/s
step    2500 | cos 0.4831 | thought 1.0212 dec_ce 1.9729 diversity 0.0048 | 3.2 it/s
step    2550 | cos 0.4803 | thought 1.014 dec_ce 2.0029 diversity 0.0054 | 3.1 it/s
step    2600 | cos 0.4796 | thought 1.0184 dec_ce 2.0469 diversity 0.0046 | 3.2 it/s
step    2650 | cos 0.4834 | thought 0.993 dec_ce 2.0107 diversity 0.0055 | 3.2 it/s
step    2700 | cos 0.4811 | thought 1.03 dec_ce 2.1069 diversity 0.0033 | 3.2 it/s
step    2750 | cos 0.4819 | thought 1.0212 dec_ce 2.0271 diversity 0.0063 | 3.2 it/s
step    2800 | cos 0.4837 | thought 1.0476 dec_ce 2.0614 diversity 0.0056 | 3.2 it/s
step    2850 | cos 0.4842 | thought 1.0319 dec_ce 2.0242 diversity 0.0058 | 3.2 it/s
step    2900 | cos 0.4855 | thought 1.0166 dec_ce 1.9973 diversity 0.0058 | 3.2 it/s
step    2950 | cos 0.4840 | thought 1.0295 dec_ce 2.0614 diversity 0.0034 | 3.2 it/s
step    3000 | cos 0.4827 | thought 0.9945 dec_ce 2.027 diversity 0.0046 | 3.2 it/s
step    3000 | VAL cos 0.4875 | VAL dec CE 3.8656
step    3050 | cos 0.4842 | thought 1.0808 dec_ce 2.1077 diversity 0.0048 | 2.6 it/s
step    3100 | cos 0.4882 | thought 1.0066 dec_ce 2.0231 diversity 0.0041 | 3.2 it/s
step    3150 | cos 0.4876 | thought 1.0206 dec_ce 2.0417 diversity 0.0044 | 3.2 it/s
step    3200 | cos 0.4870 | thought 1.0022 dec_ce 2.0433 diversity 0.0051 | 3.2 it/s
step    3250 | cos 0.4852 | thought 1.0507 dec_ce 2.1124 diversity 0.0057 | 3.2 it/s
step    3300 | cos 0.4875 | thought 1.0513 dec_ce 2.0779 diversity 0.0063 | 3.2 it/s
step    3350 | cos 0.4859 | thought 1.0107 dec_ce 2.0855 diversity 0.0046 | 3.2 it/s
step    3400 | cos 0.4842 | thought 1.0301 dec_ce 2.0325 diversity 0.0046 | 3.2 it/s
step    3450 | cos 0.4837 | thought 1.0151 dec_ce 1.9121 diversity 0.0047 | 3.2 it/s
step    3500 | cos 0.4880 | thought 1.0095 dec_ce 2.0024 diversity 0.007 | 3.2 it/s
step    3550 | cos 0.4874 | thought 1.0253 dec_ce 2.057 diversity 0.0047 | 3.2 it/s
step    3600 | cos 0.4859 | thought 1.0429 dec_ce 1.9992 diversity 0.0048 | 3.2 it/s
step    3650 | cos 0.4877 | thought 1.0325 dec_ce 1.957 diversity 0.0043 | 3.2 it/s
step    3700 | cos 0.4857 | thought 1.0346 dec_ce 1.9419 diversity 0.0032 | 3.2 it/s
step    3750 | cos 0.4875 | thought 1.004 dec_ce 1.9742 diversity 0.0055 | 3.2 it/s
step    3800 | cos 0.4834 | thought 1.0184 dec_ce 2.0652 diversity 0.0057 | 3.2 it/s
step    3850 | cos 0.4850 | thought 1.0492 dec_ce 2.0311 diversity 0.0047 | 3.2 it/s
step    3900 | cos 0.4877 | thought 0.9802 dec_ce 1.9782 diversity 0.007 | 3.2 it/s
step    3950 | cos 0.4892 | thought 1.0119 dec_ce 2.1213 diversity 0.006 | 3.3 it/s
step    4000 | cos 0.4854 | thought 1.0235 dec_ce 2.0068 diversity 0.0044 | 3.2 it/s
step    4000 | VAL cos 0.4890 | VAL dec CE 3.8465
step    4050 | cos 0.4887 | thought 1.0369 dec_ce 2.0445 diversity 0.007 | 2.6 it/s
step    4100 | cos 0.4846 | thought 1.0462 dec_ce 2.0716 diversity 0.005 | 3.3 it/s
step    4150 | cos 0.4841 | thought 0.9947 dec_ce 1.9447 diversity 0.0048 | 3.1 it/s
step    4200 | cos 0.4882 | thought 1.03 dec_ce 2.1179 diversity 0.0067 | 3.2 it/s
step    4250 | cos 0.4870 | thought 0.9951 dec_ce 1.9247 diversity 0.0067 | 3.2 it/s
step    4300 | cos 0.4913 | thought 1.0129 dec_ce 2.0468 diversity 0.0082 | 3.2 it/s
step    4350 | cos 0.4881 | thought 1.0282 dec_ce 1.9662 diversity 0.007 | 3.2 it/s
step    4400 | cos 0.4908 | thought 0.9833 dec_ce 1.9979 diversity 0.0077 | 3.3 it/s
step    4450 | cos 0.4900 | thought 1.0186 dec_ce 2.0904 diversity 0.0076 | 3.2 it/s
step    4500 | cos 0.4917 | thought 1.0033 dec_ce 2.0354 diversity 0.0068 | 3.2 it/s
step    4550 | cos 0.4901 | thought 1.0336 dec_ce 2.0068 diversity 0.0049 | 3.1 it/s
step    4600 | cos 0.4884 | thought 1.0275 dec_ce 2.0519 diversity 0.0065 | 3.2 it/s
step    4650 | cos 0.4900 | thought 0.9932 dec_ce 1.9786 diversity 0.0049 | 3.2 it/s
step    4700 | cos 0.4895 | thought 0.9971 dec_ce 1.9946 diversity 0.0066 | 3.3 it/s
step    4750 | cos 0.4886 | thought 1.0334 dec_ce 1.9121 diversity 0.0035 | 3.1 it/s
step    4800 | cos 0.4868 | thought 1.0285 dec_ce 2.0556 diversity 0.0044 | 3.2 it/s
step    4850 | cos 0.4912 | thought 1.0473 dec_ce 2.1717 diversity 0.006 | 3.2 it/s
step    4900 | cos 0.4954 | thought 0.9975 dec_ce 1.976 diversity 0.0074 | 3.2 it/s
step    4950 | cos 0.4909 | thought 1.0172 dec_ce 2.0 diversity 0.0044 | 3.2 it/s
step    5000 | cos 0.4884 | thought 1.0237 dec_ce 2.0389 diversity 0.0048 | 3.1 it/s
step    5000 | VAL cos 0.4913 | VAL dec CE 3.8245
step    5050 | cos 0.4925 | thought 1.0034 dec_ce 1.9944 diversity 0.0038 | 2.6 it/s
step    5100 | cos 0.4896 | thought 1.0409 dec_ce 1.9375 diversity 0.0047 | 3.2 it/s
step    5150 | cos 0.4876 | thought 1.0436 dec_ce 2.0131 diversity 0.0053 | 3.2 it/s
step    5200 | cos 0.4895 | thought 1.0292 dec_ce 2.0188 diversity 0.0055 | 3.2 it/s
step    5250 | cos 0.4906 | thought 1.0211 dec_ce 2.161 diversity 0.0039 | 3.1 it/s
step    5300 | cos 0.4915 | thought 0.9942 dec_ce 2.0101 diversity 0.0048 | 3.2 it/s
step    5350 | cos 0.4930 | thought 0.985 dec_ce 1.9961 diversity 0.0055 | 3.2 it/s
step    5400 | cos 0.4911 | thought 1.0473 dec_ce 2.0594 diversity 0.0067 | 3.2 it/s
step    5450 | cos 0.4928 | thought 0.9882 dec_ce 1.9604 diversity 0.0057 | 3.2 it/s
step    5500 | cos 0.4908 | thought 1.0108 dec_ce 2.0108 diversity 0.006 | 3.2 it/s
step    5550 | cos 0.4899 | thought 1.0074 dec_ce 1.9971 diversity 0.0042 | 3.2 it/s
step    5600 | cos 0.4926 | thought 1.013 dec_ce 2.0391 diversity 0.0072 | 3.1 it/s
step    5650 | cos 0.4941 | thought 0.9846 dec_ce 1.8851 diversity 0.0059 | 3.2 it/s
step    5700 | cos 0.4917 | thought 1.0016 dec_ce 1.9142 diversity 0.0066 | 3.2 it/s
step    5750 | cos 0.4935 | thought 0.997 dec_ce 1.9475 diversity 0.0049 | 3.2 it/s
step    5800 | cos 0.4915 | thought 1.0245 dec_ce 2.0181 diversity 0.0056 | 3.2 it/s
step    5850 | cos 0.4924 | thought 1.0436 dec_ce 2.1097 diversity 0.0062 | 3.3 it/s
step    5900 | cos 0.4922 | thought 1.0175 dec_ce 2.0758 diversity 0.008 | 3.2 it/s
step    5950 | cos 0.4937 | thought 1.007 dec_ce 1.8447 diversity 0.0048 | 3.2 it/s
step    6000 | cos 0.4947 | thought 0.9881 dec_ce 1.8985 diversity 0.0062 | 3.3 it/s
step    6000 | VAL cos 0.4932 | VAL dec CE 3.8041
step    6050 | cos 0.4920 | thought 1.0108 dec_ce 1.912 diversity 0.0058 | 2.6 it/s
step    6100 | cos 0.4956 | thought 1.0191 dec_ce 1.9849 diversity 0.0066 | 3.2 it/s
step    6150 | cos 0.4918 | thought 1.0284 dec_ce 2.0996 diversity 0.0066 | 3.3 it/s
step    6200 | cos 0.4951 | thought 1.0493 dec_ce 2.1132 diversity 0.0051 | 3.2 it/s
step    6250 | cos 0.4940 | thought 1.0278 dec_ce 2.0239 diversity 0.0073 | 3.2 it/s
step    6300 | cos 0.4935 | thought 0.9976 dec_ce 1.9326 diversity 0.0064 | 3.2 it/s
step    6350 | cos 0.4957 | thought 0.9997 dec_ce 1.9301 diversity 0.0073 | 3.3 it/s
step    6400 | cos 0.4920 | thought 1.009 dec_ce 2.0204 diversity 0.0065 | 3.1 it/s
step    6450 | cos 0.4926 | thought 1.0187 dec_ce 2.0103 diversity 0.005 | 3.2 it/s
step    6500 | cos 0.4934 | thought 1.0099 dec_ce 1.973 diversity 0.0052 | 3.2 it/s
step    6550 | cos 0.4935 | thought 1.0325 dec_ce 2.0752 diversity 0.0052 | 3.1 it/s
step    6600 | cos 0.4953 | thought 0.9795 dec_ce 1.9214 diversity 0.0047 | 3.3 it/s
step    6650 | cos 0.4938 | thought 1.0353 dec_ce 2.1795 diversity 0.0068 | 3.2 it/s
step    6700 | cos 0.4913 | thought 1.0187 dec_ce 2.0224 diversity 0.0051 | 3.2 it/s
step    6750 | cos 0.4942 | thought 1.0052 dec_ce 2.0157 diversity 0.0069 | 3.2 it/s
step    6800 | cos 0.4934 | thought 1.0283 dec_ce 2.0496 diversity 0.0041 | 3.1 it/s
step    6850 | cos 0.4939 | thought 0.9867 dec_ce 1.9602 diversity 0.0051 | 3.2 it/s
step    6900 | cos 0.4959 | thought 1.025 dec_ce 1.9797 diversity 0.0073 | 3.3 it/s
step    6950 | cos 0.4956 | thought 1.0096 dec_ce 1.9356 diversity 0.0071 | 3.2 it/s
step    7000 | cos 0.4974 | thought 0.9991 dec_ce 1.8914 diversity 0.0066 | 3.2 it/s
step    7000 | VAL cos 0.4960 | VAL dec CE 3.7841
step    7050 | cos 0.4930 | thought 1.019 dec_ce 1.9804 diversity 0.0059 | 2.6 it/s
step    7100 | cos 0.4948 | thought 1.0058 dec_ce 1.9475 diversity 0.005 | 3.2 it/s
step    7150 | cos 0.4973 | thought 0.9803 dec_ce 1.9135 diversity 0.0046 | 3.2 it/s
step    7200 | cos 0.4933 | thought 1.0019 dec_ce 1.9489 diversity 0.0058 | 3.2 it/s
step    7250 | cos 0.4951 | thought 1.0422 dec_ce 2.0809 diversity 0.0078 | 3.2 it/s
step    7300 | cos 0.4953 | thought 1.0196 dec_ce 1.9622 diversity 0.0062 | 3.2 it/s
step    7350 | cos 0.4937 | thought 1.0021 dec_ce 1.921 diversity 0.005 | 3.2 it/s
step    7400 | cos 0.4940 | thought 0.999 dec_ce 2.0577 diversity 0.0073 | 3.2 it/s
step    7450 | cos 0.4955 | thought 1.0189 dec_ce 2.0846 diversity 0.0058 | 3.1 it/s
step    7500 | cos 0.4937 | thought 0.9945 dec_ce 1.9262 diversity 0.008 | 3.2 it/s
step    7550 | cos 0.4979 | thought 1.003 dec_ce 2.0098 diversity 0.0066 | 3.2 it/s
step    7600 | cos 0.4986 | thought 1.0052 dec_ce 1.9872 diversity 0.0059 | 3.2 it/s
step    7650 | cos 0.4993 | thought 0.9942 dec_ce 1.9852 diversity 0.0065 | 3.2 it/s
step    7700 | cos 0.4957 | thought 0.995 dec_ce 1.9204 diversity 0.0073 | 3.2 it/s
step    7750 | cos 0.4956 | thought 1.0197 dec_ce 2.0509 diversity 0.0066 | 3.2 it/s
step    7800 | cos 0.4949 | thought 1.0415 dec_ce 1.9653 diversity 0.0053 | 3.2 it/s
step    7850 | cos 0.4939 | thought 0.996 dec_ce 1.977 diversity 0.0075 | 3.2 it/s
step    7900 | cos 0.4965 | thought 1.0168 dec_ce 2.0126 diversity 0.0086 | 3.2 it/s
step    7950 | cos 0.4958 | thought 1.0091 dec_ce 1.9494 diversity 0.0062 | 3.1 it/s
step    8000 | cos 0.4979 | thought 1.0034 dec_ce 1.8857 diversity 0.0048 | 3.2 it/s
step    8000 | VAL cos 0.4988 | VAL dec CE 3.7730
step    8050 | cos 0.5001 | thought 1.0033 dec_ce 2.0053 diversity 0.0061 | 2.7 it/s
step    8100 | cos 0.4945 | thought 1.0165 dec_ce 1.9405 diversity 0.0061 | 3.2 it/s
step    8150 | cos 0.4941 | thought 0.9864 dec_ce 1.843 diversity 0.0063 | 3.2 it/s
step    8200 | cos 0.4967 | thought 1.0093 dec_ce 1.9749 diversity 0.0065 | 3.2 it/s
step    8250 | cos 0.4930 | thought 0.9584 dec_ce 1.8752 diversity 0.0078 | 3.1 it/s
step    8300 | cos 0.4954 | thought 1.0173 dec_ce 1.994 diversity 0.0074 | 3.2 it/s
step    8350 | cos 0.4963 | thought 1.0006 dec_ce 2.0784 diversity 0.0072 | 3.2 it/s
step    8400 | cos 0.4987 | thought 1.0157 dec_ce 1.9222 diversity 0.006 | 3.2 it/s
step    8450 | cos 0.4923 | thought 1.0208 dec_ce 1.9127 diversity 0.0057 | 3.2 it/s
step    8500 | cos 0.4970 | thought 0.9876 dec_ce 1.7961 diversity 0.0057 | 3.2 it/s
step    8550 | cos 0.4972 | thought 1.0066 dec_ce 1.9508 diversity 0.0056 | 3.2 it/s
step    8600 | cos 0.4951 | thought 0.9781 dec_ce 2.0114 diversity 0.0063 | 3.2 it/s
step    8650 | cos 0.4989 | thought 1.0001 dec_ce 1.892 diversity 0.0085 | 3.3 it/s
step    8700 | cos 0.4989 | thought 0.9811 dec_ce 2.023 diversity 0.006 | 3.2 it/s
step    8750 | cos 0.4973 | thought 1.0041 dec_ce 1.9044 diversity 0.0069 | 3.2 it/s
step    8800 | cos 0.5021 | thought 0.9947 dec_ce 2.0397 diversity 0.0076 | 3.2 it/s
step    8850 | cos 0.4975 | thought 1.0019 dec_ce 2.0171 diversity 0.0066 | 3.2 it/s
step    8900 | cos 0.4977 | thought 1.0514 dec_ce 1.9552 diversity 0.0056 | 3.2 it/s
step    8950 | cos 0.4949 | thought 1.0174 dec_ce 1.9955 diversity 0.009 | 3.2 it/s
step    9000 | cos 0.4988 | thought 0.9734 dec_ce 1.942 diversity 0.0065 | 3.2 it/s
step    9000 | VAL cos 0.4990 | VAL dec CE 3.7602
step    9050 | cos 0.4994 | thought 0.9672 dec_ce 1.8737 diversity 0.0064 | 2.7 it/s
step    9100 | cos 0.4976 | thought 0.9775 dec_ce 1.8818 diversity 0.0062 | 3.2 it/s
step    9150 | cos 0.4985 | thought 0.9637 dec_ce 1.9553 diversity 0.007 | 3.2 it/s
step    9200 | cos 0.4986 | thought 0.9366 dec_ce 1.8213 diversity 0.0081 | 3.2 it/s
step    9250 | cos 0.5006 | thought 0.9935 dec_ce 1.9676 diversity 0.0047 | 3.3 it/s
step    9300 | cos 0.5002 | thought 1.0121 dec_ce 1.9876 diversity 0.0057 | 3.2 it/s
step    9350 | cos 0.4997 | thought 1.0222 dec_ce 1.9246 diversity 0.0053 | 3.2 it/s
step    9400 | cos 0.4962 | thought 1.0098 dec_ce 1.912 diversity 0.005 | 3.2 it/s
step    9450 | cos 0.4945 | thought 0.9895 dec_ce 1.9491 diversity 0.0073 | 3.2 it/s
step    9500 | cos 0.4954 | thought 1.0122 dec_ce 2.0095 diversity 0.0063 | 3.1 it/s
step    9550 | cos 0.4991 | thought 0.9789 dec_ce 1.8678 diversity 0.0044 | 3.2 it/s
step    9600 | cos 0.4976 | thought 0.9916 dec_ce 1.9374 diversity 0.0077 | 3.1 it/s
step    9650 | cos 0.4989 | thought 1.005 dec_ce 1.8486 diversity 0.0055 | 3.2 it/s
step    9700 | cos 0.4982 | thought 1.0044 dec_ce 1.9415 diversity 0.0058 | 3.2 it/s
step    9750 | cos 0.5027 | thought 0.9962 dec_ce 1.8933 diversity 0.0057 | 3.2 it/s
step    9800 | cos 0.4971 | thought 0.9887 dec_ce 2.0487 diversity 0.0097 | 3.2 it/s
step    9850 | cos 0.5002 | thought 0.9637 dec_ce 1.951 diversity 0.0073 | 3.2 it/s
step    9900 | cos 0.4985 | thought 1.0125 dec_ce 2.0034 diversity 0.0076 | 3.2 it/s
step    9950 | cos 0.5000 | thought 1.0472 dec_ce 2.0291 diversity 0.0062 | 3.2 it/s
step   10000 | cos 0.4978 | thought 1.0252 dec_ce 2.0435 diversity 0.0047 | 3.3 it/s
step   10000 | VAL cos 0.5000 | VAL dec CE 3.7489
step   10050 | cos 0.4976 | thought 1.0003 dec_ce 1.989 diversity 0.0061 | 2.6 it/s
step   10100 | cos 0.4987 | thought 0.9786 dec_ce 1.9015 diversity 0.0052 | 3.2 it/s
step   10150 | cos 0.4989 | thought 0.9813 dec_ce 1.9632 diversity 0.0061 | 3.2 it/s
step   10200 | cos 0.4972 | thought 1.0296 dec_ce 1.9964 diversity 0.0061 | 3.3 it/s
step   10250 | cos 0.4991 | thought 1.0116 dec_ce 1.9937 diversity 0.0057 | 3.2 it/s
step   10300 | cos 0.4976 | thought 0.997 dec_ce 1.8514 diversity 0.0066 | 3.2 it/s
step   10350 | cos 0.5023 | thought 0.9888 dec_ce 2.0649 diversity 0.006 | 3.1 it/s
step   10400 | cos 0.4986 | thought 0.9637 dec_ce 1.8981 diversity 0.0057 | 3.1 it/s
step   10450 | cos 0.4983 | thought 1.0407 dec_ce 1.9912 diversity 0.0051 | 3.2 it/s
step   10500 | cos 0.4981 | thought 0.9583 dec_ce 1.8067 diversity 0.0072 | 3.3 it/s
step   10550 | cos 0.4999 | thought 0.97 dec_ce 1.8669 diversity 0.0065 | 3.1 it/s
step   10600 | cos 0.4975 | thought 0.9854 dec_ce 1.9141 diversity 0.0069 | 3.2 it/s
step   10650 | cos 0.4984 | thought 1.0164 dec_ce 1.8363 diversity 0.0061 | 3.2 it/s
step   10700 | cos 0.4999 | thought 0.9567 dec_ce 1.8538 diversity 0.0051 | 3.2 it/s
step   10750 | cos 0.4996 | thought 1.0073 dec_ce 2.0334 diversity 0.0079 | 3.2 it/s
step   10800 | cos 0.4978 | thought 0.9524 dec_ce 1.8681 diversity 0.0073 | 3.2 it/s
step   10850 | cos 0.5005 | thought 1.029 dec_ce 2.0009 diversity 0.0055 | 3.3 it/s
step   10900 | cos 0.5024 | thought 0.9674 dec_ce 1.9077 diversity 0.0068 | 3.3 it/s
step   10950 | cos 0.4972 | thought 1.0128 dec_ce 2.0823 diversity 0.0075 | 3.3 it/s
step   11000 | cos 0.5015 | thought 1.0087 dec_ce 2.0195 diversity 0.0059 | 3.3 it/s
step   11000 | VAL cos 0.5004 | VAL dec CE 3.7439
step   11050 | cos 0.5007 | thought 0.9901 dec_ce 2.0085 diversity 0.0074 | 2.7 it/s
step   11100 | cos 0.5016 | thought 0.9892 dec_ce 1.9119 diversity 0.0082 | 3.3 it/s
step   11150 | cos 0.4995 | thought 0.926 dec_ce 1.8188 diversity 0.007 | 3.3 it/s
step   11200 | cos 0.4991 | thought 1.0091 dec_ce 1.9241 diversity 0.0051 | 3.3 it/s
step   11250 | cos 0.5011 | thought 1.0026 dec_ce 2.0621 diversity 0.0067 | 3.2 it/s
step   11300 | cos 0.4991 | thought 1.0499 dec_ce 2.0818 diversity 0.0076 | 3.2 it/s
step   11350 | cos 0.5004 | thought 1.0098 dec_ce 1.9514 diversity 0.0047 | 3.2 it/s
step   11400 | cos 0.5005 | thought 1.0094 dec_ce 2.0034 diversity 0.0075 | 3.3 it/s
wall-clock cap reached at step 11402

Run 'r4_diverse' done: 11402 steps | final val cos 0.5006 | dec CE 3.7420
