/home/nochi/vault/projects/ThoughtVectors/thoughtvec/.venv/lib/python3.12/site-packages/torch/nn/modules/transformer.py:392: UserWarning: enable_nested_tensor is True, but self.use_nested_tensor is False because encoder_layer.norm_first was True
  warnings.warn(
thinker params: 32.04M (codec d=384, frozen=True)
step      50 | cos 0.0479 | thought 2.3204 dec_ce 2.3051 | 2.9 it/s
step     100 | cos 0.1964 | thought 2.0381 dec_ce 2.234 | 3.2 it/s
step     150 | cos 0.2544 | thought 2.022 dec_ce 2.3095 | 3.2 it/s
step     200 | cos 0.2662 | thought 1.9424 dec_ce 2.3781 | 3.1 it/s
step     250 | cos 0.2909 | thought 1.8003 dec_ce 2.149 | 3.2 it/s
step     300 | cos 0.3430 | thought 1.6242 dec_ce 2.1748 | 3.2 it/s
step     350 | cos 0.3604 | thought 1.5469 dec_ce 1.9658 | 3.2 it/s
step     400 | cos 0.3859 | thought 1.5696 dec_ce 2.1687 | 3.1 it/s
step     450 | cos 0.3983 | thought 1.4925 dec_ce 2.1021 | 3.2 it/s
step     500 | cos 0.4156 | thought 1.4414 dec_ce 2.0464 | 3.1 it/s
step     550 | cos 0.4287 | thought 1.3783 dec_ce 2.0741 | 3.1 it/s
step     600 | cos 0.4406 | thought 1.3015 dec_ce 2.0904 | 3.2 it/s
step     650 | cos 0.4483 | thought 1.3358 dec_ce 2.0741 | 3.2 it/s
step     700 | cos 0.4533 | thought 1.2517 dec_ce 2.1216 | 3.2 it/s
step     750 | cos 0.4591 | thought 1.2665 dec_ce 1.9163 | 3.1 it/s
step     800 | cos 0.4598 | thought 1.2627 dec_ce 2.1859 | 3.2 it/s
step     850 | cos 0.4597 | thought 1.2611 dec_ce 2.1255 | 3.1 it/s
step     900 | cos 0.4631 | thought 1.2796 dec_ce 2.1649 | 3.2 it/s
step     950 | cos 0.4660 | thought 1.1749 dec_ce 1.9516 | 3.2 it/s
step    1000 | cos 0.4679 | thought 1.2469 dec_ce 2.1435 | 3.2 it/s
step    1000 | VAL cos 0.4688 | VAL dec CE 3.9606
step    1050 | cos 0.4673 | thought 1.1533 dec_ce 1.9763 | 2.6 it/s
step    1100 | cos 0.4682 | thought 1.2097 dec_ce 2.0861 | 3.2 it/s
step    1150 | cos 0.4698 | thought 1.1712 dec_ce 2.1083 | 3.2 it/s
step    1200 | cos 0.4698 | thought 1.1229 dec_ce 1.9596 | 3.2 it/s
step    1250 | cos 0.4700 | thought 1.1992 dec_ce 2.1426 | 3.0 it/s
step    1300 | cos 0.4712 | thought 1.1199 dec_ce 2.0406 | 3.2 it/s
step    1350 | cos 0.4718 | thought 1.1083 dec_ce 1.9439 | 3.2 it/s
step    1400 | cos 0.4771 | thought 1.0538 dec_ce 1.8976 | 3.1 it/s
step    1450 | cos 0.4715 | thought 1.0885 dec_ce 2.0119 | 3.1 it/s
step    1500 | cos 0.4720 | thought 1.0574 dec_ce 1.9243 | 3.2 it/s
step    1550 | cos 0.4755 | thought 1.0799 dec_ce 2.0441 | 3.1 it/s
step    1600 | cos 0.4763 | thought 1.0836 dec_ce 2.1137 | 3.2 it/s
step    1650 | cos 0.4741 | thought 1.0505 dec_ce 1.9156 | 3.2 it/s
step    1700 | cos 0.4764 | thought 1.1212 dec_ce 2.1135 | 3.1 it/s
step    1750 | cos 0.4764 | thought 1.0689 dec_ce 2.1367 | 3.2 it/s
step    1800 | cos 0.4741 | thought 1.063 dec_ce 2.0165 | 3.2 it/s
step    1850 | cos 0.4813 | thought 1.0427 dec_ce 2.0461 | 3.2 it/s
step    1900 | cos 0.4773 | thought 1.061 dec_ce 2.0165 | 3.2 it/s
step    1950 | cos 0.4761 | thought 1.0494 dec_ce 2.027 | 3.2 it/s
step    2000 | cos 0.4775 | thought 1.0491 dec_ce 2.0888 | 3.1 it/s
step    2000 | VAL cos 0.4807 | VAL dec CE 3.9004
step    2050 | cos 0.4818 | thought 1.051 dec_ce 2.0763 | 2.6 it/s
step    2100 | cos 0.4816 | thought 1.0261 dec_ce 2.0076 | 3.2 it/s
step    2150 | cos 0.4811 | thought 1.004 dec_ce 1.8747 | 3.2 it/s
step    2200 | cos 0.4794 | thought 1.0818 dec_ce 2.1782 | 3.2 it/s
step    2250 | cos 0.4823 | thought 1.0471 dec_ce 2.0625 | 3.2 it/s
step    2300 | cos 0.4790 | thought 1.0114 dec_ce 2.0086 | 3.2 it/s
step    2350 | cos 0.4824 | thought 1.0242 dec_ce 1.975 | 3.2 it/s
step    2400 | cos 0.4795 | thought 1.0434 dec_ce 1.9851 | 3.2 it/s
step    2450 | cos 0.4837 | thought 1.0144 dec_ce 2.0238 | 3.2 it/s
step    2500 | cos 0.4844 | thought 1.0138 dec_ce 1.9739 | 3.2 it/s
step    2550 | cos 0.4816 | thought 1.0134 dec_ce 2.0047 | 3.1 it/s
step    2600 | cos 0.4805 | thought 1.0142 dec_ce 2.0473 | 3.2 it/s
step    2650 | cos 0.4850 | thought 0.9853 dec_ce 2.0065 | 3.2 it/s
step    2700 | cos 0.4817 | thought 1.0303 dec_ce 2.1107 | 3.2 it/s
step    2750 | cos 0.4831 | thought 1.0216 dec_ce 2.0283 | 3.2 it/s
step    2800 | cos 0.4847 | thought 1.0463 dec_ce 2.0564 | 3.2 it/s
step    2850 | cos 0.4855 | thought 1.0291 dec_ce 2.0249 | 3.2 it/s
step    2900 | cos 0.4867 | thought 1.0111 dec_ce 1.9936 | 3.2 it/s
step    2950 | cos 0.4855 | thought 1.0296 dec_ce 2.0689 | 3.2 it/s
step    3000 | cos 0.4835 | thought 0.9929 dec_ce 2.0257 | 3.2 it/s
step    3000 | VAL cos 0.4878 | VAL dec CE 3.8659
step    3050 | cos 0.4854 | thought 1.0736 dec_ce 2.1018 | 2.6 it/s
step    3100 | cos 0.4895 | thought 1.0024 dec_ce 2.0276 | 3.2 it/s
step    3150 | cos 0.4889 | thought 1.0197 dec_ce 2.0436 | 3.2 it/s
step    3200 | cos 0.4881 | thought 0.9946 dec_ce 2.0427 | 3.2 it/s
step    3250 | cos 0.4867 | thought 1.0472 dec_ce 2.1129 | 3.2 it/s
step    3300 | cos 0.4885 | thought 1.0496 dec_ce 2.0802 | 3.2 it/s
step    3350 | cos 0.4870 | thought 1.007 dec_ce 2.0818 | 3.2 it/s
step    3400 | cos 0.4859 | thought 1.0253 dec_ce 2.0349 | 3.2 it/s
step    3450 | cos 0.4847 | thought 1.012 dec_ce 1.9126 | 3.2 it/s
step    3500 | cos 0.4890 | thought 1.0085 dec_ce 2.0132 | 3.2 it/s
step    3550 | cos 0.4883 | thought 1.025 dec_ce 2.0621 | 3.2 it/s
step    3600 | cos 0.4873 | thought 1.0342 dec_ce 1.9982 | 3.2 it/s
step    3650 | cos 0.4887 | thought 1.0324 dec_ce 1.9616 | 3.2 it/s
step    3700 | cos 0.4872 | thought 1.0347 dec_ce 1.9447 | 3.2 it/s
step    3750 | cos 0.4892 | thought 0.9982 dec_ce 1.9739 | 3.2 it/s
step    3800 | cos 0.4849 | thought 1.0147 dec_ce 2.0608 | 3.2 it/s
step    3850 | cos 0.4858 | thought 1.0534 dec_ce 2.0367 | 3.2 it/s
step    3900 | cos 0.4893 | thought 0.9757 dec_ce 1.9742 | 3.2 it/s
step    3950 | cos 0.4903 | thought 1.0065 dec_ce 2.1192 | 3.3 it/s
step    4000 | cos 0.4859 | thought 1.0241 dec_ce 2.0005 | 3.2 it/s
step    4000 | VAL cos 0.4904 | VAL dec CE 3.8462
step    4050 | cos 0.4899 | thought 1.04 dec_ce 2.0571 | 2.6 it/s
step    4100 | cos 0.4850 | thought 1.0506 dec_ce 2.0806 | 3.3 it/s
step    4150 | cos 0.4855 | thought 0.9919 dec_ce 1.9462 | 3.1 it/s
step    4200 | cos 0.4895 | thought 1.0278 dec_ce 2.1157 | 3.2 it/s
step    4250 | cos 0.4880 | thought 0.9913 dec_ce 1.9244 | 3.2 it/s
step    4300 | cos 0.4925 | thought 1.0089 dec_ce 2.0453 | 3.2 it/s
step    4350 | cos 0.4894 | thought 1.0275 dec_ce 1.9665 | 3.2 it/s
step    4400 | cos 0.4922 | thought 0.9773 dec_ce 1.9974 | 3.2 it/s
step    4450 | cos 0.4908 | thought 1.0126 dec_ce 2.0887 | 3.2 it/s
step    4500 | cos 0.4926 | thought 1.0071 dec_ce 2.0412 | 3.2 it/s
step    4550 | cos 0.4914 | thought 1.0332 dec_ce 2.0141 | 3.1 it/s
step    4600 | cos 0.4889 | thought 1.0246 dec_ce 2.0541 | 3.2 it/s
step    4650 | cos 0.4916 | thought 0.9921 dec_ce 1.9766 | 3.2 it/s
step    4700 | cos 0.4905 | thought 0.9886 dec_ce 1.9737 | 3.2 it/s
step    4750 | cos 0.4899 | thought 1.0271 dec_ce 1.9129 | 3.1 it/s
step    4800 | cos 0.4874 | thought 1.0237 dec_ce 2.0513 | 3.2 it/s
step    4850 | cos 0.4920 | thought 1.0485 dec_ce 2.1754 | 3.2 it/s
step    4900 | cos 0.4966 | thought 0.9934 dec_ce 1.9762 | 3.2 it/s
step    4950 | cos 0.4919 | thought 1.0112 dec_ce 1.9989 | 3.2 it/s
step    5000 | cos 0.4895 | thought 1.0246 dec_ce 2.0343 | 3.1 it/s
step    5000 | VAL cos 0.4941 | VAL dec CE 3.8242
step    5050 | cos 0.4937 | thought 1.0033 dec_ce 1.9969 | 2.6 it/s
step    5100 | cos 0.4913 | thought 1.0362 dec_ce 1.9292 | 3.2 it/s
step    5150 | cos 0.4886 | thought 1.0452 dec_ce 2.0107 | 3.1 it/s
step    5200 | cos 0.4903 | thought 1.0273 dec_ce 2.0174 | 3.1 it/s
step    5250 | cos 0.4919 | thought 1.0235 dec_ce 2.1593 | 3.1 it/s
step    5300 | cos 0.4929 | thought 0.9905 dec_ce 2.009 | 3.2 it/s
step    5350 | cos 0.4938 | thought 0.9863 dec_ce 2.0021 | 3.2 it/s
step    5400 | cos 0.4920 | thought 1.0464 dec_ce 2.0605 | 3.2 it/s
step    5450 | cos 0.4941 | thought 0.9847 dec_ce 1.9527 | 3.2 it/s
step    5500 | cos 0.4921 | thought 1.0089 dec_ce 2.0118 | 3.2 it/s
step    5550 | cos 0.4911 | thought 0.9995 dec_ce 1.9864 | 3.2 it/s
step    5600 | cos 0.4940 | thought 1.0077 dec_ce 2.037 | 3.1 it/s
step    5650 | cos 0.4953 | thought 0.9837 dec_ce 1.8992 | 3.2 it/s
step    5700 | cos 0.4924 | thought 1.0001 dec_ce 1.9169 | 3.2 it/s
step    5750 | cos 0.4950 | thought 1.0014 dec_ce 1.9478 | 3.2 it/s
step    5800 | cos 0.4927 | thought 1.0273 dec_ce 2.0197 | 3.2 it/s
step    5850 | cos 0.4930 | thought 1.0424 dec_ce 2.1112 | 3.3 it/s
step    5900 | cos 0.4934 | thought 1.0196 dec_ce 2.0891 | 3.2 it/s
step    5950 | cos 0.4947 | thought 1.0074 dec_ce 1.8415 | 3.2 it/s
step    6000 | cos 0.4961 | thought 0.9847 dec_ce 1.886 | 3.3 it/s
step    6000 | VAL cos 0.4953 | VAL dec CE 3.8014
step    6050 | cos 0.4932 | thought 1.0116 dec_ce 1.9027 | 2.6 it/s
step    6100 | cos 0.4967 | thought 1.0151 dec_ce 1.9867 | 3.2 it/s
step    6150 | cos 0.4927 | thought 1.031 dec_ce 2.0985 | 3.3 it/s
step    6200 | cos 0.4965 | thought 1.0514 dec_ce 2.1204 | 3.2 it/s
step    6250 | cos 0.4953 | thought 1.0253 dec_ce 2.0275 | 3.2 it/s
step    6300 | cos 0.4951 | thought 0.9956 dec_ce 1.9365 | 3.1 it/s
step    6350 | cos 0.4966 | thought 1.0015 dec_ce 1.9384 | 3.3 it/s
step    6400 | cos 0.4935 | thought 1.0038 dec_ce 2.0221 | 3.2 it/s
step    6450 | cos 0.4941 | thought 1.0141 dec_ce 2.0039 | 3.2 it/s
step    6500 | cos 0.4948 | thought 1.0106 dec_ce 1.9747 | 3.2 it/s
step    6550 | cos 0.4948 | thought 1.037 dec_ce 2.0741 | 3.1 it/s
step    6600 | cos 0.4967 | thought 0.9757 dec_ce 1.9176 | 3.3 it/s
step    6650 | cos 0.4947 | thought 1.033 dec_ce 2.1891 | 3.2 it/s
step    6700 | cos 0.4927 | thought 1.0143 dec_ce 2.0229 | 3.2 it/s
step    6750 | cos 0.4954 | thought 1.006 dec_ce 2.0106 | 3.2 it/s
step    6800 | cos 0.4949 | thought 1.0295 dec_ce 2.054 | 3.1 it/s
step    6850 | cos 0.4955 | thought 0.9846 dec_ce 1.959 | 3.2 it/s
step    6900 | cos 0.4973 | thought 1.0268 dec_ce 1.9818 | 3.3 it/s
step    6950 | cos 0.4964 | thought 1.0077 dec_ce 1.9335 | 3.2 it/s
step    7000 | cos 0.4983 | thought 0.994 dec_ce 1.8885 | 3.2 it/s
step    7000 | VAL cos 0.4983 | VAL dec CE 3.7831
step    7050 | cos 0.4939 | thought 1.015 dec_ce 1.9781 | 2.6 it/s
step    7100 | cos 0.4960 | thought 1.0029 dec_ce 1.941 | 3.2 it/s
step    7150 | cos 0.4986 | thought 0.979 dec_ce 1.9198 | 3.2 it/s
step    7200 | cos 0.4944 | thought 1.0007 dec_ce 1.9457 | 3.2 it/s
step    7250 | cos 0.4960 | thought 1.0379 dec_ce 2.0845 | 3.2 it/s
step    7300 | cos 0.4963 | thought 1.0149 dec_ce 1.962 | 3.2 it/s
step    7350 | cos 0.4953 | thought 1.0032 dec_ce 1.9211 | 3.2 it/s
step    7400 | cos 0.4950 | thought 0.9971 dec_ce 2.0584 | 3.2 it/s
step    7450 | cos 0.4966 | thought 1.0179 dec_ce 2.0932 | 3.2 it/s
step    7500 | cos 0.4947 | thought 0.9938 dec_ce 1.9338 | 3.2 it/s
step    7550 | cos 0.4994 | thought 1.0045 dec_ce 2.0179 | 3.2 it/s
step    7600 | cos 0.5001 | thought 1.0031 dec_ce 1.9913 | 3.3 it/s
step    7650 | cos 0.5009 | thought 0.9894 dec_ce 1.9911 | 3.2 it/s
step    7700 | cos 0.4966 | thought 0.9904 dec_ce 1.916 | 3.2 it/s
step    7750 | cos 0.4966 | thought 1.015 dec_ce 2.0546 | 3.2 it/s
step    7800 | cos 0.4962 | thought 1.0433 dec_ce 1.9657 | 3.2 it/s
step    7850 | cos 0.4956 | thought 0.9935 dec_ce 1.9789 | 3.2 it/s
step    7900 | cos 0.4980 | thought 1.0144 dec_ce 2.0155 | 3.2 it/s
step    7950 | cos 0.4973 | thought 1.0041 dec_ce 1.948 | 3.2 it/s
step    8000 | cos 0.4994 | thought 1.0036 dec_ce 1.8919 | 3.2 it/s
step    8000 | VAL cos 0.5010 | VAL dec CE 3.7703
step    8050 | cos 0.5011 | thought 1.0005 dec_ce 2.0088 | 2.7 it/s
step    8100 | cos 0.4955 | thought 1.0153 dec_ce 1.941 | 3.2 it/s
step    8150 | cos 0.4954 | thought 0.9809 dec_ce 1.8397 | 3.2 it/s
step    8200 | cos 0.4980 | thought 1.0079 dec_ce 1.9739 | 3.2 it/s
step    8250 | cos 0.4945 | thought 0.9576 dec_ce 1.8748 | 3.2 it/s
step    8300 | cos 0.4971 | thought 1.012 dec_ce 1.9942 | 3.2 it/s
step    8350 | cos 0.4972 | thought 0.9953 dec_ce 2.0765 | 3.2 it/s
step    8400 | cos 0.5003 | thought 1.017 dec_ce 1.9306 | 3.2 it/s
step    8450 | cos 0.4936 | thought 1.0216 dec_ce 1.9103 | 3.2 it/s
step    8500 | cos 0.4982 | thought 0.983 dec_ce 1.8064 | 3.2 it/s
step    8550 | cos 0.4989 | thought 1.0047 dec_ce 1.9595 | 3.2 it/s
step    8600 | cos 0.4965 | thought 0.972 dec_ce 2.0154 | 3.2 it/s
step    8650 | cos 0.5004 | thought 0.9943 dec_ce 1.8945 | 3.3 it/s
step    8700 | cos 0.5003 | thought 0.9804 dec_ce 2.0273 | 3.2 it/s
step    8750 | cos 0.4988 | thought 1.0056 dec_ce 1.9063 | 3.2 it/s
step    8800 | cos 0.5032 | thought 0.9874 dec_ce 2.0384 | 3.2 it/s
step    8850 | cos 0.4988 | thought 0.995 dec_ce 2.0123 | 3.2 it/s
step    8900 | cos 0.4991 | thought 1.0483 dec_ce 1.9633 | 3.2 it/s
step    8950 | cos 0.4965 | thought 1.0158 dec_ce 1.9983 | 3.2 it/s
step    9000 | cos 0.5006 | thought 0.9693 dec_ce 1.9466 | 3.2 it/s
step    9000 | VAL cos 0.5010 | VAL dec CE 3.7579
step    9050 | cos 0.5005 | thought 0.9654 dec_ce 1.8778 | 2.7 it/s
step    9100 | cos 0.4990 | thought 0.9743 dec_ce 1.8837 | 3.1 it/s
step    9150 | cos 0.5002 | thought 0.9642 dec_ce 1.9563 | 3.2 it/s
step    9200 | cos 0.5001 | thought 0.9332 dec_ce 1.8222 | 3.2 it/s
step    9250 | cos 0.5020 | thought 0.992 dec_ce 1.9703 | 3.3 it/s
step    9300 | cos 0.5014 | thought 1.0073 dec_ce 1.985 | 3.2 it/s
step    9350 | cos 0.5010 | thought 1.0207 dec_ce 1.9226 | 3.2 it/s
step    9400 | cos 0.4973 | thought 1.0129 dec_ce 1.9162 | 3.2 it/s
step    9450 | cos 0.4961 | thought 0.9868 dec_ce 1.947 | 3.2 it/s
step    9500 | cos 0.4971 | thought 1.0057 dec_ce 2.0074 | 3.2 it/s
step    9550 | cos 0.5003 | thought 0.9813 dec_ce 1.8649 | 3.2 it/s
step    9600 | cos 0.4991 | thought 0.9856 dec_ce 1.9405 | 3.1 it/s
step    9650 | cos 0.5001 | thought 1.0099 dec_ce 1.8426 | 3.2 it/s
step    9700 | cos 0.4996 | thought 1.0003 dec_ce 1.9365 | 3.2 it/s
step    9750 | cos 0.5036 | thought 0.9953 dec_ce 1.8957 | 3.2 it/s
step    9800 | cos 0.4989 | thought 0.986 dec_ce 2.057 | 3.2 it/s
step    9850 | cos 0.5018 | thought 0.9621 dec_ce 1.9638 | 3.2 it/s
step    9900 | cos 0.5001 | thought 1.0106 dec_ce 1.9963 | 3.2 it/s
step    9950 | cos 0.5016 | thought 1.0491 dec_ce 2.0254 | 3.2 it/s
step   10000 | cos 0.4992 | thought 1.0219 dec_ce 2.0455 | 3.3 it/s
step   10000 | VAL cos 0.5021 | VAL dec CE 3.7483
step   10050 | cos 0.4990 | thought 0.9992 dec_ce 1.9868 | 2.6 it/s
step   10100 | cos 0.5002 | thought 0.9762 dec_ce 1.9045 | 3.2 it/s
step   10150 | cos 0.5001 | thought 0.9763 dec_ce 1.9598 | 3.1 it/s
step   10200 | cos 0.4988 | thought 1.0273 dec_ce 1.9995 | 3.2 it/s
step   10250 | cos 0.5011 | thought 1.0117 dec_ce 1.9906 | 3.2 it/s
step   10300 | cos 0.4991 | thought 0.9935 dec_ce 1.8588 | 3.2 it/s
step   10350 | cos 0.5038 | thought 0.9879 dec_ce 2.0709 | 3.1 it/s
step   10400 | cos 0.4998 | thought 0.9618 dec_ce 1.9014 | 3.1 it/s
step   10450 | cos 0.4995 | thought 1.0301 dec_ce 1.9816 | 3.2 it/s
step   10500 | cos 0.4996 | thought 0.9524 dec_ce 1.8139 | 3.3 it/s
step   10550 | cos 0.5010 | thought 0.971 dec_ce 1.8662 | 3.2 it/s
step   10600 | cos 0.4990 | thought 0.9823 dec_ce 1.9116 | 3.2 it/s
step   10650 | cos 0.5001 | thought 1.0191 dec_ce 1.8416 | 3.2 it/s
step   10700 | cos 0.5015 | thought 0.9546 dec_ce 1.8613 | 3.1 it/s
step   10750 | cos 0.5010 | thought 1.0079 dec_ce 2.0318 | 3.2 it/s
step   10800 | cos 0.4997 | thought 0.9506 dec_ce 1.8673 | 3.1 it/s
step   10850 | cos 0.5022 | thought 1.0255 dec_ce 2.0 | 3.2 it/s
step   10900 | cos 0.5039 | thought 0.9643 dec_ce 1.9079 | 3.2 it/s
step   10950 | cos 0.4988 | thought 1.0062 dec_ce 2.08 | 3.2 it/s
step   11000 | cos 0.5029 | thought 1.0093 dec_ce 2.0284 | 3.2 it/s
step   11000 | VAL cos 0.5027 | VAL dec CE 3.7456
step   11050 | cos 0.5021 | thought 0.9907 dec_ce 2.0071 | 2.6 it/s
step   11100 | cos 0.5035 | thought 0.984 dec_ce 1.9056 | 3.2 it/s
step   11150 | cos 0.5013 | thought 0.9154 dec_ce 1.8156 | 3.2 it/s
step   11200 | cos 0.5005 | thought 1.009 dec_ce 1.9229 | 3.2 it/s
step   11250 | cos 0.5029 | thought 0.9997 dec_ce 2.0602 | 3.2 it/s
step   11300 | cos 0.5005 | thought 1.0424 dec_ce 2.0807 | 3.2 it/s
step   11350 | cos 0.5018 | thought 1.0044 dec_ce 1.9512 | 3.1 it/s
wall-clock cap reached at step 11362

Run 'r4_C_control' done: 11362 steps | final val cos 0.5026 | dec CE 3.7434
