/home/nochi/vault/projects/ThoughtVectors/thoughtvec/.venv/lib/python3.12/site-packages/torch/nn/modules/transformer.py:392: UserWarning: enable_nested_tensor is True, but self.use_nested_tensor is False because encoder_layer.norm_first was True
  warnings.warn(
thinker params: 15.10M (codec d=384, frozen=True)
step      50 | cos 0.0525 | thought 2.3013 dec_ce 2.2982 | 4.9 it/s
step     100 | cos 0.2053 | thought 1.9817 dec_ce 2.2343 | 5.6 it/s
step     150 | cos 0.2684 | thought 1.9719 dec_ce 2.317 | 5.5 it/s
step     200 | cos 0.2764 | thought 1.906 dec_ce 2.3829 | 5.5 it/s
step     250 | cos 0.2883 | thought 1.8288 dec_ce 2.1762 | 5.5 it/s
step     300 | cos 0.3322 | thought 1.5875 dec_ce 2.1469 | 5.7 it/s
step     350 | cos 0.3677 | thought 1.5137 dec_ce 1.9599 | 5.7 it/s
step     400 | cos 0.3899 | thought 1.5369 dec_ce 2.1638 | 5.5 it/s
step     450 | cos 0.4072 | thought 1.4355 dec_ce 2.0914 | 5.6 it/s
step     500 | cos 0.4324 | thought 1.3781 dec_ce 2.0379 | 5.5 it/s
step     500 | VAL cos 0.4418 | VAL dec CE 4.0310
step     550 | cos 0.4429 | thought 1.3237 dec_ce 2.0373 | 4.4 it/s
step     600 | cos 0.4536 | thought 1.248 dec_ce 2.0585 | 5.7 it/s
step     650 | cos 0.4580 | thought 1.2932 dec_ce 2.0556 | 5.7 it/s
step     700 | cos 0.4590 | thought 1.2231 dec_ce 2.1203 | 5.7 it/s
step     750 | cos 0.4632 | thought 1.2287 dec_ce 1.9075 | 5.4 it/s
step     800 | cos 0.4624 | thought 1.237 dec_ce 2.1727 | 5.6 it/s
step     850 | cos 0.4617 | thought 1.2355 dec_ce 2.1222 | 5.5 it/s
step     900 | cos 0.4650 | thought 1.2504 dec_ce 2.1594 | 5.7 it/s
step     950 | cos 0.4666 | thought 1.1481 dec_ce 1.9433 | 5.6 it/s
step    1000 | cos 0.4684 | thought 1.223 dec_ce 2.1319 | 5.5 it/s
step    1000 | VAL cos 0.4701 | VAL dec CE 3.9508
step    1050 | cos 0.4685 | thought 1.1249 dec_ce 1.9663 | 4.4 it/s
step    1100 | cos 0.4689 | thought 1.1818 dec_ce 2.0875 | 5.6 it/s
step    1150 | cos 0.4706 | thought 1.1532 dec_ce 2.1066 | 5.6 it/s
step    1200 | cos 0.4693 | thought 1.1003 dec_ce 1.9564 | 5.6 it/s
step    1250 | cos 0.4698 | thought 1.18 dec_ce 2.1368 | 5.4 it/s
step    1300 | cos 0.4711 | thought 1.0944 dec_ce 2.0359 | 5.6 it/s
step    1350 | cos 0.4717 | thought 1.092 dec_ce 1.9499 | 5.6 it/s
step    1400 | cos 0.4767 | thought 1.0343 dec_ce 1.8899 | 5.4 it/s
step    1450 | cos 0.4723 | thought 1.0635 dec_ce 2.011 | 5.5 it/s
step    1500 | cos 0.4722 | thought 1.0342 dec_ce 1.9189 | 5.6 it/s
step    1500 | VAL cos 0.4755 | VAL dec CE 3.9176
step    1550 | cos 0.4748 | thought 1.0603 dec_ce 2.0492 | 4.4 it/s
step    1600 | cos 0.4767 | thought 1.0544 dec_ce 2.1067 | 5.7 it/s
step    1650 | cos 0.4749 | thought 1.03 dec_ce 1.9149 | 5.7 it/s
step    1700 | cos 0.4762 | thought 1.0895 dec_ce 2.1018 | 5.5 it/s
step    1750 | cos 0.4774 | thought 1.0456 dec_ce 2.1299 | 5.7 it/s
step    1800 | cos 0.4739 | thought 1.0446 dec_ce 2.0102 | 5.6 it/s
step    1850 | cos 0.4820 | thought 1.0166 dec_ce 2.0388 | 5.7 it/s
step    1900 | cos 0.4782 | thought 1.0377 dec_ce 2.0152 | 5.7 it/s
step    1950 | cos 0.4766 | thought 1.0309 dec_ce 2.0295 | 5.6 it/s
step    2000 | cos 0.4777 | thought 1.0364 dec_ce 2.0939 | 5.4 it/s
step    2000 | VAL cos 0.4811 | VAL dec CE 3.9011
step    2050 | cos 0.4821 | thought 1.0241 dec_ce 2.0687 | 4.4 it/s
step    2100 | cos 0.4823 | thought 1.0082 dec_ce 2.0043 | 5.7 it/s
step    2150 | cos 0.4815 | thought 0.9868 dec_ce 1.8753 | 5.6 it/s
step    2200 | cos 0.4798 | thought 1.0602 dec_ce 2.1798 | 5.6 it/s
step    2250 | cos 0.4829 | thought 1.0249 dec_ce 2.0534 | 5.6 it/s
step    2300 | cos 0.4800 | thought 0.9963 dec_ce 2.0181 | 5.6 it/s
step    2350 | cos 0.4840 | thought 0.9984 dec_ce 1.9723 | 5.7 it/s
step    2400 | cos 0.4802 | thought 1.0269 dec_ce 1.9922 | 5.5 it/s
step    2450 | cos 0.4840 | thought 0.9983 dec_ce 2.0267 | 5.5 it/s
step    2500 | cos 0.4845 | thought 0.9969 dec_ce 1.9738 | 5.6 it/s
step    2500 | VAL cos 0.4828 | VAL dec CE 3.8992
step    2550 | cos 0.4818 | thought 0.9955 dec_ce 2.0024 | 4.3 it/s
step    2600 | cos 0.4816 | thought 0.9975 dec_ce 2.0521 | 5.6 it/s
step    2650 | cos 0.4848 | thought 0.9649 dec_ce 2.0021 | 5.7 it/s
step    2700 | cos 0.4826 | thought 1.0092 dec_ce 2.1041 | 5.5 it/s
step    2750 | cos 0.4836 | thought 1.0031 dec_ce 2.0225 | 5.6 it/s
step    2800 | cos 0.4856 | thought 1.0244 dec_ce 2.0555 | 5.6 it/s
step    2850 | cos 0.4859 | thought 1.0139 dec_ce 2.0281 | 5.6 it/s
step    2900 | cos 0.4869 | thought 0.9988 dec_ce 2.0029 | 5.6 it/s
step    2950 | cos 0.4863 | thought 1.01 dec_ce 2.0644 | 5.5 it/s
step    3000 | cos 0.4847 | thought 0.9708 dec_ce 2.0214 | 5.6 it/s
step    3000 | VAL cos 0.4887 | VAL dec CE 3.8764
step    3050 | cos 0.4859 | thought 1.053 dec_ce 2.0991 | 4.4 it/s
step    3100 | cos 0.4898 | thought 0.9852 dec_ce 2.0255 | 5.7 it/s
step    3150 | cos 0.4899 | thought 1.0065 dec_ce 2.0463 | 5.6 it/s
step    3200 | cos 0.4887 | thought 0.9722 dec_ce 2.0433 | 5.5 it/s
step    3250 | cos 0.4869 | thought 1.0299 dec_ce 2.1136 | 5.6 it/s
step    3300 | cos 0.4895 | thought 1.0317 dec_ce 2.0881 | 5.6 it/s
step    3350 | cos 0.4879 | thought 0.9879 dec_ce 2.0878 | 5.5 it/s
step    3400 | cos 0.4859 | thought 1.0052 dec_ce 2.0333 | 5.5 it/s
step    3450 | cos 0.4861 | thought 0.9862 dec_ce 1.9051 | 5.7 it/s
step    3500 | cos 0.4898 | thought 0.9875 dec_ce 2.0186 | 5.6 it/s
step    3500 | VAL cos 0.4892 | VAL dec CE 3.8689
step    3550 | cos 0.4893 | thought 1.0105 dec_ce 2.0639 | 4.4 it/s
step    3600 | cos 0.4883 | thought 1.0207 dec_ce 2.0047 | 5.6 it/s
step    3650 | cos 0.4890 | thought 1.0127 dec_ce 1.9612 | 5.6 it/s
step    3700 | cos 0.4881 | thought 1.0112 dec_ce 1.9418 | 5.5 it/s
step    3750 | cos 0.4897 | thought 0.9829 dec_ce 1.977 | 5.6 it/s
step    3800 | cos 0.4852 | thought 0.9974 dec_ce 2.0587 | 5.5 it/s
step    3850 | cos 0.4864 | thought 1.0344 dec_ce 2.0351 | 5.6 it/s
step    3900 | cos 0.4901 | thought 0.9563 dec_ce 1.9823 | 5.6 it/s
step    3950 | cos 0.4908 | thought 0.9838 dec_ce 2.1059 | 5.8 it/s
step    4000 | cos 0.4871 | thought 1.0049 dec_ce 1.997 | 5.6 it/s
step    4000 | VAL cos 0.4916 | VAL dec CE 3.8437
step    4050 | cos 0.4907 | thought 1.0157 dec_ce 2.039 | 4.3 it/s
step    4100 | cos 0.4857 | thought 1.0252 dec_ce 2.0653 | 5.7 it/s
step    4150 | cos 0.4857 | thought 0.9769 dec_ce 1.9415 | 5.5 it/s
step    4200 | cos 0.4901 | thought 1.0096 dec_ce 2.1144 | 5.5 it/s
step    4250 | cos 0.4893 | thought 0.983 dec_ce 1.9266 | 5.6 it/s
step    4300 | cos 0.4942 | thought 0.9844 dec_ce 2.0414 | 5.6 it/s
step    4350 | cos 0.4899 | thought 1.017 dec_ce 1.9697 | 5.5 it/s
step    4400 | cos 0.4925 | thought 0.9584 dec_ce 1.9851 | 5.7 it/s
step    4450 | cos 0.4913 | thought 1.0002 dec_ce 2.0911 | 5.7 it/s
step    4500 | cos 0.4947 | thought 0.9748 dec_ce 2.0268 | 5.6 it/s
step    4500 | VAL cos 0.4930 | VAL dec CE 3.8439
step    4550 | cos 0.4924 | thought 1.0131 dec_ce 2.0105 | 4.5 it/s
step    4600 | cos 0.4906 | thought 1.0072 dec_ce 2.0503 | 5.7 it/s
step    4650 | cos 0.4928 | thought 0.9779 dec_ce 1.9765 | 5.6 it/s
step    4700 | cos 0.4912 | thought 0.9818 dec_ce 1.9794 | 5.7 it/s
step    4750 | cos 0.4905 | thought 1.0159 dec_ce 1.9138 | 5.4 it/s
step    4800 | cos 0.4880 | thought 1.005 dec_ce 2.0565 | 5.5 it/s
step    4850 | cos 0.4928 | thought 1.0327 dec_ce 2.1762 | 5.5 it/s
step    4900 | cos 0.4975 | thought 0.9736 dec_ce 1.9749 | 5.5 it/s
step    4950 | cos 0.4931 | thought 0.9938 dec_ce 1.9992 | 5.6 it/s
step    5000 | cos 0.4904 | thought 1.0017 dec_ce 2.0301 | 5.5 it/s
step    5000 | VAL cos 0.4941 | VAL dec CE 3.8262
step    5050 | cos 0.4951 | thought 0.9822 dec_ce 1.9943 | 4.4 it/s
step    5100 | cos 0.4924 | thought 1.0145 dec_ce 1.9308 | 5.5 it/s
step    5150 | cos 0.4899 | thought 1.019 dec_ce 2.0125 | 5.4 it/s
step    5200 | cos 0.4920 | thought 1.0117 dec_ce 2.0196 | 5.5 it/s
step    5250 | cos 0.4930 | thought 1.0066 dec_ce 2.1596 | 5.4 it/s
step    5300 | cos 0.4947 | thought 0.9693 dec_ce 2.0052 | 5.5 it/s
step    5350 | cos 0.4946 | thought 0.9711 dec_ce 1.9899 | 5.6 it/s
step    5400 | cos 0.4932 | thought 1.0271 dec_ce 2.056 | 5.6 it/s
step    5450 | cos 0.4948 | thought 0.9653 dec_ce 1.965 | 5.7 it/s
step    5500 | cos 0.4929 | thought 0.9907 dec_ce 2.0178 | 5.6 it/s
step    5500 | VAL cos 0.4951 | VAL dec CE 3.8210
step    5550 | cos 0.4914 | thought 0.9841 dec_ce 1.9866 | 4.4 it/s
step    5600 | cos 0.4942 | thought 0.9832 dec_ce 2.0337 | 5.4 it/s
step    5650 | cos 0.4966 | thought 0.9677 dec_ce 1.8974 | 5.7 it/s
step    5700 | cos 0.4937 | thought 0.986 dec_ce 1.9118 | 5.5 it/s
step    5750 | cos 0.4955 | thought 0.98 dec_ce 1.9364 | 5.6 it/s
step    5800 | cos 0.4929 | thought 1.0131 dec_ce 2.0262 | 5.6 it/s
step    5850 | cos 0.4944 | thought 1.0284 dec_ce 2.1092 | 5.7 it/s
step    5900 | cos 0.4946 | thought 0.999 dec_ce 2.0809 | 5.6 it/s
step    5950 | cos 0.4962 | thought 0.9886 dec_ce 1.8305 | 5.7 it/s
step    6000 | cos 0.4969 | thought 0.9677 dec_ce 1.895 | 5.7 it/s
step    6000 | VAL cos 0.4961 | VAL dec CE 3.8048
step    6050 | cos 0.4937 | thought 0.994 dec_ce 1.9026 | 4.4 it/s
step    6100 | cos 0.4978 | thought 0.9969 dec_ce 1.9929 | 5.6 it/s
step    6150 | cos 0.4936 | thought 1.008 dec_ce 2.0924 | 5.7 it/s
step    6200 | cos 0.4978 | thought 1.0333 dec_ce 2.1175 | 5.6 it/s
step    6250 | cos 0.4966 | thought 1.0029 dec_ce 2.024 | 5.5 it/s
step    6300 | cos 0.4960 | thought 0.9759 dec_ce 1.9338 | 5.4 it/s
step    6350 | cos 0.4984 | thought 0.9793 dec_ce 1.9324 | 5.8 it/s
step    6400 | cos 0.4937 | thought 0.9869 dec_ce 2.0332 | 5.4 it/s
step    6450 | cos 0.4952 | thought 0.9979 dec_ce 2.0136 | 5.6 it/s
step    6500 | cos 0.4949 | thought 0.9919 dec_ce 1.9777 | 5.6 it/s
step    6500 | VAL cos 0.4966 | VAL dec CE 3.8036
step    6550 | cos 0.4958 | thought 1.0109 dec_ce 2.0769 | 4.4 it/s
step    6600 | cos 0.4978 | thought 0.9685 dec_ce 1.9245 | 5.8 it/s
step    6650 | cos 0.4961 | thought 1.0172 dec_ce 2.1811 | 5.6 it/s
step    6700 | cos 0.4938 | thought 0.9951 dec_ce 2.0256 | 5.5 it/s
step    6750 | cos 0.4968 | thought 0.9856 dec_ce 2.0137 | 5.6 it/s
step    6800 | cos 0.4959 | thought 1.0253 dec_ce 2.0524 | 5.4 it/s
step    6850 | cos 0.4965 | thought 0.9613 dec_ce 1.9475 | 5.5 it/s
step    6900 | cos 0.4986 | thought 1.0006 dec_ce 1.9806 | 5.8 it/s
step    6950 | cos 0.4976 | thought 0.9822 dec_ce 1.9262 | 5.5 it/s
step    7000 | cos 0.4999 | thought 0.9745 dec_ce 1.8869 | 5.6 it/s
step    7000 | VAL cos 0.4987 | VAL dec CE 3.7885
step    7050 | cos 0.4954 | thought 0.9983 dec_ce 1.9735 | 4.3 it/s
step    7100 | cos 0.4983 | thought 0.9854 dec_ce 1.9459 | 5.7 it/s
step    7150 | cos 0.4999 | thought 0.9478 dec_ce 1.8997 | 5.6 it/s
step    7200 | cos 0.4956 | thought 0.9778 dec_ce 1.9475 | 5.5 it/s
step    7250 | cos 0.4973 | thought 1.0225 dec_ce 2.0853 | 5.6 it/s
step    7300 | cos 0.4977 | thought 1.005 dec_ce 1.9726 | 5.6 it/s
step    7350 | cos 0.4963 | thought 0.9835 dec_ce 1.917 | 5.6 it/s
step    7400 | cos 0.4960 | thought 0.9793 dec_ce 2.0609 | 5.5 it/s
step    7450 | cos 0.4970 | thought 1.0027 dec_ce 2.0974 | 5.5 it/s
step    7500 | cos 0.4954 | thought 0.9828 dec_ce 1.9365 | 5.6 it/s
step    7500 | VAL cos 0.4999 | VAL dec CE 3.7846
step    7550 | cos 0.5004 | thought 0.9795 dec_ce 2.0068 | 4.5 it/s
step    7600 | cos 0.5011 | thought 0.9807 dec_ce 1.9889 | 5.7 it/s
step    7650 | cos 0.5021 | thought 0.9718 dec_ce 1.9952 | 5.6 it/s
step    7700 | cos 0.4984 | thought 0.9725 dec_ce 1.9244 | 5.7 it/s
step    7750 | cos 0.4974 | thought 0.9944 dec_ce 2.0529 | 5.6 it/s
step    7800 | cos 0.4969 | thought 1.0236 dec_ce 1.9639 | 5.5 it/s
step    7850 | cos 0.4958 | thought 0.9782 dec_ce 1.9848 | 5.6 it/s
step    7900 | cos 0.4985 | thought 0.9867 dec_ce 2.0136 | 5.7 it/s
step    7950 | cos 0.4985 | thought 0.9862 dec_ce 1.9554 | 5.5 it/s
step    8000 | cos 0.5003 | thought 0.9801 dec_ce 1.8814 | 5.5 it/s
step    8000 | VAL cos 0.5001 | VAL dec CE 3.7766
step    8050 | cos 0.5020 | thought 0.9861 dec_ce 2.0137 | 4.4 it/s
step    8100 | cos 0.4963 | thought 0.9884 dec_ce 1.9364 | 5.6 it/s
step    8150 | cos 0.4956 | thought 0.9579 dec_ce 1.8359 | 5.6 it/s
step    8200 | cos 0.4985 | thought 0.9919 dec_ce 1.9746 | 5.3 it/s
step    8250 | cos 0.4949 | thought 0.9381 dec_ce 1.8654 | 5.4 it/s
step    8300 | cos 0.4979 | thought 0.992 dec_ce 1.9966 | 5.5 it/s
step    8350 | cos 0.4982 | thought 0.9846 dec_ce 2.0762 | 5.6 it/s
step    8400 | cos 0.5009 | thought 0.9856 dec_ce 1.924 | 5.7 it/s
step    8450 | cos 0.4947 | thought 1.0066 dec_ce 1.9201 | 5.6 it/s
step    8500 | cos 0.4989 | thought 0.9575 dec_ce 1.7929 | 5.6 it/s
step    8500 | VAL cos 0.5004 | VAL dec CE 3.7721
step    8550 | cos 0.4995 | thought 0.9856 dec_ce 1.9441 | 4.4 it/s
step    8600 | cos 0.4972 | thought 0.9577 dec_ce 2.0174 | 5.6 it/s
step    8650 | cos 0.5009 | thought 0.9751 dec_ce 1.9009 | 5.8 it/s
step    8700 | cos 0.5009 | thought 0.9587 dec_ce 2.0126 | 5.6 it/s
step    8750 | cos 0.4993 | thought 0.9864 dec_ce 1.9193 | 5.5 it/s
step    8800 | cos 0.5038 | thought 0.9732 dec_ce 2.0521 | 5.6 it/s
step    8850 | cos 0.4992 | thought 0.9828 dec_ce 2.0177 | 5.5 it/s
step    8900 | cos 0.5001 | thought 1.0228 dec_ce 1.9575 | 5.7 it/s
step    8950 | cos 0.4972 | thought 0.9936 dec_ce 1.9895 | 5.5 it/s
step    9000 | cos 0.5012 | thought 0.9491 dec_ce 1.939 | 5.5 it/s
step    9000 | VAL cos 0.5014 | VAL dec CE 3.7678
step    9050 | cos 0.5009 | thought 0.9467 dec_ce 1.89 | 4.5 it/s
step    9100 | cos 0.4993 | thought 0.9558 dec_ce 1.8849 | 5.5 it/s
step    9150 | cos 0.5007 | thought 0.9466 dec_ce 1.9559 | 5.5 it/s
step    9200 | cos 0.5003 | thought 0.92 dec_ce 1.8227 | 5.6 it/s
step    9250 | cos 0.5020 | thought 0.9778 dec_ce 1.9645 | 5.7 it/s
step    9300 | cos 0.5020 | thought 0.9993 dec_ce 1.9904 | 5.6 it/s
step    9350 | cos 0.5014 | thought 1.0061 dec_ce 1.9268 | 5.6 it/s
step    9400 | cos 0.4977 | thought 0.9925 dec_ce 1.9123 | 5.5 it/s
step    9450 | cos 0.4962 | thought 0.9644 dec_ce 1.947 | 5.6 it/s
step    9500 | cos 0.4971 | thought 0.9925 dec_ce 2.0132 | 5.5 it/s
step    9500 | VAL cos 0.5012 | VAL dec CE 3.7659
step    9550 | cos 0.5002 | thought 0.9632 dec_ce 1.8794 | 4.4 it/s
step    9600 | cos 0.4992 | thought 0.9677 dec_ce 1.9448 | 5.4 it/s
step    9650 | cos 0.5006 | thought 0.9914 dec_ce 1.8572 | 5.5 it/s
step    9700 | cos 0.5004 | thought 0.985 dec_ce 1.9429 | 5.6 it/s
step    9750 | cos 0.5042 | thought 0.9761 dec_ce 1.8954 | 5.6 it/s
wall-clock cap reached at step 9779

Run 'ab_C8' done: 9779 steps | final val cos 0.5013 dec CE 3.7658 (best 3.7658)
/home/nochi/vault/projects/ThoughtVectors/thoughtvec/.venv/lib/python3.12/site-packages/torch/nn/modules/transformer.py:392: UserWarning: enable_nested_tensor is True, but self.use_nested_tensor is False because encoder_layer.norm_first was True
  warnings.warn(
{"ckpt": "checkpoints/ab_C8/best.pt", "val_cos": 0.5006, "val_dec_ce": 3.7936, "ref_f1": 0.2963, "distinct1": 0.0089, "distinct2": 0.0313, "len_ratio": 0.87, "rows": 1024}
