/home/nochi/vault/projects/ThoughtVectors/thoughtvec/.venv/lib/python3.12/site-packages/torch/nn/modules/transformer.py:392: UserWarning: enable_nested_tensor is True, but self.use_nested_tensor is False because encoder_layer.norm_first was True
  warnings.warn(
thinker params: 15.10M (codec d=384, frozen=True)
step      50 | cos 0.0398 | dec_ce 4.5464 | 4.9 it/s
step     100 | cos 0.0903 | dec_ce 4.3347 | 5.6 it/s
step     150 | cos 0.1002 | dec_ce 4.4319 | 5.5 it/s
step     200 | cos 0.1071 | dec_ce 4.5607 | 5.5 it/s
step     250 | cos 0.1137 | dec_ce 4.158 | 5.5 it/s
step     300 | cos 0.1197 | dec_ce 4.1634 | 5.8 it/s
step     350 | cos 0.1286 | dec_ce 3.8029 | 5.7 it/s
step     400 | cos 0.1307 | dec_ce 4.2447 | 5.5 it/s
step     450 | cos 0.1295 | dec_ce 4.0921 | 5.6 it/s
step     500 | cos 0.1320 | dec_ce 3.9426 | 5.5 it/s
step     500 | VAL cos 0.1300 | VAL dec CE 3.9464
step     550 | cos 0.1294 | dec_ce 4.0114 | 4.4 it/s
step     600 | cos 0.1331 | dec_ce 4.0394 | 5.7 it/s
step     650 | cos 0.1273 | dec_ce 4.0675 | 5.7 it/s
step     700 | cos 0.1289 | dec_ce 4.1985 | 5.7 it/s
step     750 | cos 0.1274 | dec_ce 3.7273 | 5.4 it/s
step     800 | cos 0.1255 | dec_ce 4.2567 | 5.6 it/s
step     850 | cos 0.1235 | dec_ce 4.1739 | 5.5 it/s
step     900 | cos 0.1225 | dec_ce 4.2507 | 5.7 it/s
step     950 | cos 0.1198 | dec_ce 3.7963 | 5.6 it/s
step    1000 | cos 0.1202 | dec_ce 4.2012 | 5.5 it/s
step    1000 | VAL cos 0.1201 | VAL dec CE 3.8584
step    1050 | cos 0.1155 | dec_ce 3.8529 | 4.4 it/s
step    1100 | cos 0.1146 | dec_ce 4.0697 | 5.6 it/s
step    1150 | cos 0.1149 | dec_ce 4.1183 | 5.6 it/s
step    1200 | cos 0.1116 | dec_ce 3.8114 | 5.7 it/s
step    1250 | cos 0.1118 | dec_ce 4.2042 | 5.4 it/s
step    1300 | cos 0.1110 | dec_ce 3.9306 | 5.6 it/s
step    1350 | cos 0.1105 | dec_ce 3.8069 | 5.6 it/s
step    1400 | cos 0.1097 | dec_ce 3.6207 | 5.4 it/s
step    1450 | cos 0.1051 | dec_ce 3.8552 | 5.5 it/s
step    1500 | cos 0.1048 | dec_ce 3.6767 | 5.6 it/s
step    1500 | VAL cos 0.1089 | VAL dec CE 3.8069
step    1550 | cos 0.1058 | dec_ce 4.0181 | 4.4 it/s
step    1600 | cos 0.1057 | dec_ce 4.127 | 5.7 it/s
step    1650 | cos 0.1046 | dec_ce 3.7206 | 5.7 it/s
step    1700 | cos 0.1032 | dec_ce 4.1114 | 5.5 it/s
step    1750 | cos 0.1032 | dec_ce 4.1185 | 5.7 it/s
step    1800 | cos 0.1021 | dec_ce 3.9191 | 5.6 it/s
step    1850 | cos 0.1030 | dec_ce 3.9826 | 5.7 it/s
step    1900 | cos 0.1044 | dec_ce 3.911 | 5.7 it/s
step    1950 | cos 0.1004 | dec_ce 3.9204 | 5.6 it/s
step    2000 | cos 0.1014 | dec_ce 4.0244 | 5.4 it/s
step    2000 | VAL cos 0.1009 | VAL dec CE 3.7518
step    2050 | cos 0.1021 | dec_ce 3.9981 | 4.4 it/s
step    2100 | cos 0.1015 | dec_ce 3.8558 | 5.7 it/s
step    2150 | cos 0.1021 | dec_ce 3.6001 | 5.6 it/s
step    2200 | cos 0.0995 | dec_ce 4.1793 | 5.6 it/s
step    2250 | cos 0.0997 | dec_ce 3.9542 | 5.6 it/s
step    2300 | cos 0.0978 | dec_ce 3.886 | 5.7 it/s
step    2350 | cos 0.0994 | dec_ce 3.7946 | 5.7 it/s
step    2400 | cos 0.0975 | dec_ce 3.8512 | 5.5 it/s
step    2450 | cos 0.0965 | dec_ce 3.8323 | 5.5 it/s
step    2500 | cos 0.0981 | dec_ce 3.8253 | 5.7 it/s
step    2500 | VAL cos 0.0976 | VAL dec CE 3.7338
step    2550 | cos 0.0964 | dec_ce 3.8138 | 4.3 it/s
step    2600 | cos 0.0945 | dec_ce 3.9769 | 5.6 it/s
step    2650 | cos 0.0963 | dec_ce 3.83 | 5.7 it/s
step    2700 | cos 0.0955 | dec_ce 4.0289 | 5.5 it/s
step    2750 | cos 0.0952 | dec_ce 3.8614 | 5.6 it/s
step    2800 | cos 0.0961 | dec_ce 3.9931 | 5.7 it/s
step    2850 | cos 0.0946 | dec_ce 3.8981 | 5.6 it/s
step    2900 | cos 0.0968 | dec_ce 3.8223 | 5.6 it/s
step    2950 | cos 0.0956 | dec_ce 3.972 | 5.5 it/s
step    3000 | cos 0.0931 | dec_ce 3.8395 | 5.6 it/s
step    3000 | VAL cos 0.0943 | VAL dec CE 3.7044
step    3050 | cos 0.0955 | dec_ce 4.0742 | 4.4 it/s
step    3100 | cos 0.0964 | dec_ce 3.8955 | 5.7 it/s
step    3150 | cos 0.0936 | dec_ce 3.9077 | 5.6 it/s
step    3200 | cos 0.0938 | dec_ce 3.9371 | 5.5 it/s
step    3250 | cos 0.0936 | dec_ce 4.0774 | 5.6 it/s
step    3300 | cos 0.0917 | dec_ce 4.0396 | 5.6 it/s
step    3350 | cos 0.0908 | dec_ce 3.9838 | 5.5 it/s
step    3400 | cos 0.0921 | dec_ce 3.9009 | 5.5 it/s
step    3450 | cos 0.0909 | dec_ce 3.6429 | 5.7 it/s
step    3500 | cos 0.0930 | dec_ce 3.7988 | 5.6 it/s
step    3500 | VAL cos 0.0888 | VAL dec CE 3.6873
step    3550 | cos 0.0907 | dec_ce 3.836 | 4.4 it/s
step    3600 | cos 0.0923 | dec_ce 3.8404 | 5.6 it/s
step    3650 | cos 0.0913 | dec_ce 3.7126 | 5.6 it/s
step    3700 | cos 0.0900 | dec_ce 3.7134 | 5.6 it/s
step    3750 | cos 0.0889 | dec_ce 3.6761 | 5.6 it/s
step    3800 | cos 0.0864 | dec_ce 3.9715 | 5.5 it/s
step    3850 | cos 0.0878 | dec_ce 3.9262 | 5.6 it/s
step    3900 | cos 0.0890 | dec_ce 3.7534 | 5.6 it/s
step    3950 | cos 0.0884 | dec_ce 4.0635 | 5.8 it/s
step    4000 | cos 0.0874 | dec_ce 3.8021 | 5.6 it/s
step    4000 | VAL cos 0.0871 | VAL dec CE 3.6604
step    4050 | cos 0.0869 | dec_ce 3.8991 | 4.4 it/s
step    4100 | cos 0.0852 | dec_ce 3.9426 | 5.7 it/s
step    4150 | cos 0.0855 | dec_ce 3.6931 | 5.5 it/s
step    4200 | cos 0.0876 | dec_ce 4.0492 | 5.6 it/s
step    4250 | cos 0.0892 | dec_ce 3.6309 | 5.6 it/s
step    4300 | cos 0.0878 | dec_ce 3.8826 | 5.7 it/s
step    4350 | cos 0.0856 | dec_ce 3.7231 | 5.5 it/s
step    4400 | cos 0.0867 | dec_ce 3.7461 | 5.6 it/s
step    4450 | cos 0.0858 | dec_ce 3.9819 | 5.7 it/s
step    4500 | cos 0.0872 | dec_ce 3.8885 | 5.6 it/s
step    4500 | VAL cos 0.0839 | VAL dec CE 3.6390
step    4550 | cos 0.0869 | dec_ce 3.8343 | 4.4 it/s
step    4600 | cos 0.0851 | dec_ce 3.9769 | 5.7 it/s
step    4650 | cos 0.0866 | dec_ce 3.7495 | 5.7 it/s
step    4700 | cos 0.0863 | dec_ce 3.8179 | 5.7 it/s
step    4750 | cos 0.0848 | dec_ce 3.6831 | 5.4 it/s
step    4800 | cos 0.0835 | dec_ce 3.9219 | 5.5 it/s
step    4850 | cos 0.0842 | dec_ce 4.1156 | 5.5 it/s
step    4900 | cos 0.0846 | dec_ce 3.7796 | 5.5 it/s
step    4950 | cos 0.0856 | dec_ce 3.8389 | 5.6 it/s
step    5000 | cos 0.0844 | dec_ce 3.8396 | 5.5 it/s
step    5000 | VAL cos 0.0823 | VAL dec CE 3.6190
step    5050 | cos 0.0850 | dec_ce 3.7603 | 4.5 it/s
step    5100 | cos 0.0829 | dec_ce 3.6487 | 5.5 it/s
step    5150 | cos 0.0827 | dec_ce 3.8275 | 5.4 it/s
step    5200 | cos 0.0836 | dec_ce 3.8693 | 5.5 it/s
step    5250 | cos 0.0832 | dec_ce 4.117 | 5.4 it/s
step    5300 | cos 0.0839 | dec_ce 3.818 | 5.5 it/s
step    5350 | cos 0.0837 | dec_ce 3.7746 | 5.6 it/s
step    5400 | cos 0.0832 | dec_ce 3.9547 | 5.6 it/s
step    5450 | cos 0.0842 | dec_ce 3.7082 | 5.7 it/s
step    5500 | cos 0.0825 | dec_ce 3.8391 | 5.6 it/s
step    5500 | VAL cos 0.0826 | VAL dec CE 3.6058
step    5550 | cos 0.0833 | dec_ce 3.7908 | 4.4 it/s
step    5600 | cos 0.0840 | dec_ce 3.879 | 5.4 it/s
step    5650 | cos 0.0838 | dec_ce 3.5863 | 5.7 it/s
step    5700 | cos 0.0833 | dec_ce 3.6865 | 5.5 it/s
step    5750 | cos 0.0822 | dec_ce 3.6755 | 5.6 it/s
step    5800 | cos 0.0827 | dec_ce 3.8933 | 5.6 it/s
step    5850 | cos 0.0831 | dec_ce 4.0432 | 5.7 it/s
step    5900 | cos 0.0815 | dec_ce 3.9967 | 5.6 it/s
step    5950 | cos 0.0820 | dec_ce 3.4648 | 5.7 it/s
step    6000 | cos 0.0824 | dec_ce 3.6036 | 5.7 it/s
step    6000 | VAL cos 0.0821 | VAL dec CE 3.5881
step    6050 | cos 0.0827 | dec_ce 3.6429 | 4.4 it/s
step    6100 | cos 0.0836 | dec_ce 3.8013 | 5.6 it/s
step    6150 | cos 0.0830 | dec_ce 3.9239 | 5.7 it/s
step    6200 | cos 0.0829 | dec_ce 4.0598 | 5.6 it/s
step    6250 | cos 0.0819 | dec_ce 3.9281 | 5.5 it/s
step    6300 | cos 0.0837 | dec_ce 3.6264 | 5.5 it/s
step    6350 | cos 0.0830 | dec_ce 3.6108 | 5.8 it/s
step    6400 | cos 0.0818 | dec_ce 3.8438 | 5.4 it/s
step    6450 | cos 0.0819 | dec_ce 3.815 | 5.6 it/s
step    6500 | cos 0.0826 | dec_ce 3.7192 | 5.6 it/s
step    6500 | VAL cos 0.0815 | VAL dec CE 3.5802
step    6550 | cos 0.0815 | dec_ce 3.9878 | 4.4 it/s
step    6600 | cos 0.0801 | dec_ce 3.5948 | 5.8 it/s
step    6650 | cos 0.0788 | dec_ce 4.1158 | 5.6 it/s
step    6700 | cos 0.0806 | dec_ce 3.8259 | 5.5 it/s
step    6750 | cos 0.0814 | dec_ce 3.8165 | 5.6 it/s
step    6800 | cos 0.0806 | dec_ce 3.9236 | 5.5 it/s
step    6850 | cos 0.0818 | dec_ce 3.699 | 5.5 it/s
step    6900 | cos 0.0825 | dec_ce 3.7223 | 5.8 it/s
step    6950 | cos 0.0810 | dec_ce 3.6112 | 5.5 it/s
step    7000 | cos 0.0820 | dec_ce 3.5748 | 5.6 it/s
step    7000 | VAL cos 0.0814 | VAL dec CE 3.5579
step    7050 | cos 0.0806 | dec_ce 3.6947 | 4.4 it/s
step    7100 | cos 0.0816 | dec_ce 3.6691 | 5.7 it/s
step    7150 | cos 0.0808 | dec_ce 3.5261 | 5.6 it/s
step    7200 | cos 0.0804 | dec_ce 3.7516 | 5.5 it/s
step    7250 | cos 0.0805 | dec_ce 3.9627 | 5.6 it/s
step    7300 | cos 0.0797 | dec_ce 3.7439 | 5.7 it/s
step    7350 | cos 0.0806 | dec_ce 3.5694 | 5.6 it/s
step    7400 | cos 0.0798 | dec_ce 3.8914 | 5.5 it/s
step    7450 | cos 0.0797 | dec_ce 3.9361 | 5.5 it/s
step    7500 | cos 0.0800 | dec_ce 3.5911 | 5.6 it/s
step    7500 | VAL cos 0.0798 | VAL dec CE 3.5523
step    7550 | cos 0.0820 | dec_ce 3.8394 | 4.5 it/s
step    7600 | cos 0.0810 | dec_ce 3.7496 | 5.7 it/s
step    7650 | cos 0.0821 | dec_ce 3.7622 | 5.6 it/s
step    7700 | cos 0.0820 | dec_ce 3.6232 | 5.7 it/s
step    7750 | cos 0.0803 | dec_ce 3.8893 | 5.7 it/s
step    7800 | cos 0.0798 | dec_ce 3.7394 | 5.5 it/s
step    7850 | cos 0.0800 | dec_ce 3.7295 | 5.6 it/s
step    7900 | cos 0.0797 | dec_ce 3.7576 | 5.7 it/s
step    7950 | cos 0.0789 | dec_ce 3.7422 | 5.5 it/s
step    8000 | cos 0.0803 | dec_ce 3.5332 | 5.5 it/s
step    8000 | VAL cos 0.0794 | VAL dec CE 3.5398
step    8050 | cos 0.0805 | dec_ce 3.8159 | 4.5 it/s
step    8100 | cos 0.0793 | dec_ce 3.6598 | 5.6 it/s
step    8150 | cos 0.0791 | dec_ce 3.37 | 5.6 it/s
step    8200 | cos 0.0804 | dec_ce 3.7441 | 5.5 it/s
step    8250 | cos 0.0775 | dec_ce 3.4714 | 5.4 it/s
step    8300 | cos 0.0801 | dec_ce 3.7248 | 5.5 it/s
step    8350 | cos 0.0778 | dec_ce 3.9937 | 5.6 it/s
step    8400 | cos 0.0800 | dec_ce 3.6243 | 5.7 it/s
step    8450 | cos 0.0781 | dec_ce 3.6328 | 5.6 it/s
step    8500 | cos 0.0785 | dec_ce 3.3867 | 5.6 it/s
step    8500 | VAL cos 0.0790 | VAL dec CE 3.5346
step    8550 | cos 0.0793 | dec_ce 3.613 | 4.5 it/s
step    8600 | cos 0.0794 | dec_ce 3.8021 | 5.6 it/s
step    8650 | cos 0.0799 | dec_ce 3.5309 | 5.8 it/s
step    8700 | cos 0.0803 | dec_ce 3.814 | 5.6 it/s
step    8750 | cos 0.0800 | dec_ce 3.5738 | 5.5 it/s
step    8800 | cos 0.0802 | dec_ce 3.8834 | 5.6 it/s
step    8850 | cos 0.0785 | dec_ce 3.7749 | 5.5 it/s
step    8900 | cos 0.0792 | dec_ce 3.7502 | 5.7 it/s
step    8950 | cos 0.0781 | dec_ce 3.7675 | 5.5 it/s
step    9000 | cos 0.0808 | dec_ce 3.6436 | 5.5 it/s
step    9000 | VAL cos 0.0792 | VAL dec CE 3.5267
step    9050 | cos 0.0803 | dec_ce 3.5583 | 4.5 it/s
step    9100 | cos 0.0785 | dec_ce 3.6045 | 5.5 it/s
step    9150 | cos 0.0797 | dec_ce 3.7089 | 5.5 it/s
step    9200 | cos 0.0786 | dec_ce 3.3838 | 5.6 it/s
step    9250 | cos 0.0804 | dec_ce 3.6906 | 5.7 it/s
step    9300 | cos 0.0803 | dec_ce 3.7748 | 5.6 it/s
step    9350 | cos 0.0796 | dec_ce 3.6589 | 5.6 it/s
step    9400 | cos 0.0793 | dec_ce 3.5044 | 5.5 it/s
step    9450 | cos 0.0771 | dec_ce 3.7312 | 5.6 it/s
step    9500 | cos 0.0783 | dec_ce 3.8266 | 5.5 it/s
step    9500 | VAL cos 0.0783 | VAL dec CE 3.5238
step    9550 | cos 0.0788 | dec_ce 3.4772 | 4.4 it/s
step    9600 | cos 0.0794 | dec_ce 3.6412 | 5.4 it/s
step    9650 | cos 0.0795 | dec_ce 3.3967 | 5.5 it/s
step    9700 | cos 0.0793 | dec_ce 3.6298 | 5.6 it/s
step    9750 | cos 0.0788 | dec_ce 3.5998 | 5.6 it/s
wall-clock cap reached at step 9797

Run 'ab_D8' done: 9797 steps | final val cos 0.0786 dec CE 3.5240 (best 3.5238)
/home/nochi/vault/projects/ThoughtVectors/thoughtvec/.venv/lib/python3.12/site-packages/torch/nn/modules/transformer.py:392: UserWarning: enable_nested_tensor is True, but self.use_nested_tensor is False because encoder_layer.norm_first was True
  warnings.warn(
{"ckpt": "checkpoints/ab_D8/best.pt", "val_cos": 0.0798, "val_dec_ce": 3.5581, "ref_f1": 0.3009, "distinct1": 0.0132, "distinct2": 0.046, "len_ratio": 0.728, "rows": 1024}
