/home/nochi/vault/projects/ThoughtVectors/thoughtvec/.venv/lib/python3.12/site-packages/torch/nn/modules/transformer.py:392: UserWarning: enable_nested_tensor is True, but self.use_nested_tensor is False because encoder_layer.norm_first was True
  warnings.warn(
thinker params: 15.10M (codec d=384, frozen=True)
step      50 | cos 0.0482 | thought 2.3406 dec_ce 2.3066 | 6.2 it/s
step     100 | cos 0.1852 | thought 2.0196 dec_ce 2.2342 | 7.4 it/s
step     150 | cos 0.2597 | thought 1.9839 dec_ce 2.3252 | 7.2 it/s
step     200 | cos 0.2730 | thought 1.9319 dec_ce 2.3692 | 7.1 it/s
step     250 | cos 0.2790 | thought 1.8983 dec_ce 2.191 | 7.2 it/s
step     300 | cos 0.3022 | thought 1.6709 dec_ce 2.2044 | 7.4 it/s
step     350 | cos 0.3345 | thought 1.6212 dec_ce 1.9602 | 7.4 it/s
step     400 | cos 0.3570 | thought 1.6227 dec_ce 2.1678 | 7.2 it/s
step     450 | cos 0.3808 | thought 1.5232 dec_ce 2.0941 | 7.3 it/s
step     500 | cos 0.4017 | thought 1.4762 dec_ce 2.0325 | 7.1 it/s
step     500 | VAL cos 0.4079 | VAL dec CE 4.0325
step     550 | cos 0.4130 | thought 1.4041 dec_ce 2.0521 | 5.8 it/s
step     600 | cos 0.4311 | thought 1.3152 dec_ce 2.0744 | 7.3 it/s
step     650 | cos 0.4409 | thought 1.3548 dec_ce 2.0649 | 7.4 it/s
step     700 | cos 0.4452 | thought 1.2685 dec_ce 2.1345 | 7.4 it/s
step     750 | cos 0.4518 | thought 1.2776 dec_ce 1.9152 | 7.1 it/s
step     800 | cos 0.4521 | thought 1.2682 dec_ce 2.1712 | 7.3 it/s
step     850 | cos 0.4520 | thought 1.2719 dec_ce 2.1345 | 7.2 it/s
step     900 | cos 0.4564 | thought 1.2803 dec_ce 2.1647 | 7.2 it/s
step     950 | cos 0.4591 | thought 1.1826 dec_ce 1.9498 | 7.2 it/s
step    1000 | cos 0.4613 | thought 1.2489 dec_ce 2.1419 | 7.3 it/s
step    1000 | VAL cos 0.4611 | VAL dec CE 3.9705
step    1050 | cos 0.4609 | thought 1.1545 dec_ce 1.9739 | 5.6 it/s
step    1100 | cos 0.4604 | thought 1.2129 dec_ce 2.1003 | 7.3 it/s
step    1150 | cos 0.4618 | thought 1.1863 dec_ce 2.1173 | 7.1 it/s
step    1200 | cos 0.4612 | thought 1.1189 dec_ce 1.9453 | 7.2 it/s
step    1250 | cos 0.4624 | thought 1.2116 dec_ce 2.1537 | 7.1 it/s
step    1300 | cos 0.4637 | thought 1.1194 dec_ce 2.0328 | 7.4 it/s
step    1350 | cos 0.4634 | thought 1.1132 dec_ce 1.9521 | 7.2 it/s
step    1400 | cos 0.4693 | thought 1.0605 dec_ce 1.9001 | 7.2 it/s
step    1450 | cos 0.4636 | thought 1.0799 dec_ce 2.0072 | 7.1 it/s
step    1500 | cos 0.4632 | thought 1.061 dec_ce 1.9357 | 7.5 it/s
step    1500 | VAL cos 0.4657 | VAL dec CE 3.9447
step    1550 | cos 0.4672 | thought 1.0788 dec_ce 2.0478 | 5.9 it/s
step    1600 | cos 0.4688 | thought 1.0813 dec_ce 2.1102 | 7.4 it/s
step    1650 | cos 0.4670 | thought 1.0472 dec_ce 1.9209 | 7.4 it/s
step    1700 | cos 0.4686 | thought 1.1096 dec_ce 2.1143 | 7.2 it/s
step    1750 | cos 0.4690 | thought 1.0788 dec_ce 2.1489 | 7.4 it/s
step    1800 | cos 0.4655 | thought 1.0671 dec_ce 2.0234 | 7.3 it/s
step    1850 | cos 0.4732 | thought 1.0358 dec_ce 2.0387 | 7.5 it/s
step    1900 | cos 0.4698 | thought 1.0589 dec_ce 2.029 | 7.4 it/s
step    1950 | cos 0.4680 | thought 1.0479 dec_ce 2.0211 | 7.3 it/s
step    2000 | cos 0.4686 | thought 1.0397 dec_ce 2.0937 | 7.2 it/s
step    2000 | VAL cos 0.4719 | VAL dec CE 3.9158
step    2050 | cos 0.4743 | thought 1.0468 dec_ce 2.0799 | 5.6 it/s
step    2100 | cos 0.4732 | thought 1.026 dec_ce 2.0102 | 7.5 it/s
step    2150 | cos 0.4731 | thought 0.9969 dec_ce 1.8847 | 7.4 it/s
step    2200 | cos 0.4710 | thought 1.0769 dec_ce 2.1751 | 7.2 it/s
step    2250 | cos 0.4738 | thought 1.0421 dec_ce 2.0657 | 7.3 it/s
step    2300 | cos 0.4714 | thought 1.0168 dec_ce 2.0298 | 7.4 it/s
step    2350 | cos 0.4746 | thought 1.014 dec_ce 1.9745 | 7.3 it/s
step    2400 | cos 0.4711 | thought 1.0443 dec_ce 1.9914 | 7.3 it/s
step    2450 | cos 0.4741 | thought 1.0076 dec_ce 2.039 | 7.2 it/s
step    2500 | cos 0.4757 | thought 1.0165 dec_ce 1.9706 | 7.3 it/s
step    2500 | VAL cos 0.4748 | VAL dec CE 3.9004
step    2550 | cos 0.4725 | thought 1.0126 dec_ce 2.0029 | 5.6 it/s
step    2600 | cos 0.4721 | thought 1.0257 dec_ce 2.0631 | 7.2 it/s
step    2650 | cos 0.4755 | thought 0.9833 dec_ce 2.0048 | 7.5 it/s
step    2700 | cos 0.4732 | thought 1.0324 dec_ce 2.1095 | 7.2 it/s
step    2750 | cos 0.4736 | thought 1.0142 dec_ce 2.0255 | 7.3 it/s
step    2800 | cos 0.4752 | thought 1.0402 dec_ce 2.0492 | 7.4 it/s
step    2850 | cos 0.4759 | thought 1.0279 dec_ce 2.0214 | 7.3 it/s
step    2900 | cos 0.4769 | thought 1.0161 dec_ce 1.9984 | 7.2 it/s
step    2950 | cos 0.4763 | thought 1.0272 dec_ce 2.0658 | 7.1 it/s
step    3000 | cos 0.4741 | thought 0.9967 dec_ce 2.0303 | 7.3 it/s
step    3000 | VAL cos 0.4773 | VAL dec CE 3.8824
step    3050 | cos 0.4751 | thought 1.0745 dec_ce 2.1008 | 5.7 it/s
step    3100 | cos 0.4794 | thought 1.0039 dec_ce 2.0218 | 7.5 it/s
step    3150 | cos 0.4793 | thought 1.0218 dec_ce 2.0393 | 7.4 it/s
step    3200 | cos 0.4781 | thought 1.0036 dec_ce 2.0513 | 7.4 it/s
step    3250 | cos 0.4762 | thought 1.0528 dec_ce 2.1128 | 7.3 it/s
step    3300 | cos 0.4780 | thought 1.0488 dec_ce 2.0995 | 7.1 it/s
step    3350 | cos 0.4778 | thought 1.0001 dec_ce 2.0697 | 7.0 it/s
step    3400 | cos 0.4758 | thought 1.0345 dec_ce 2.0371 | 7.2 it/s
step    3450 | cos 0.4749 | thought 1.0135 dec_ce 1.9199 | 7.4 it/s
step    3500 | cos 0.4791 | thought 1.0053 dec_ce 2.0138 | 7.3 it/s
step    3500 | VAL cos 0.4771 | VAL dec CE 3.8807
step    3550 | cos 0.4791 | thought 1.0461 dec_ce 2.0764 | 5.7 it/s
step    3600 | cos 0.4773 | thought 1.0378 dec_ce 1.9993 | 7.3 it/s
step    3650 | cos 0.4789 | thought 1.0315 dec_ce 1.9541 | 7.4 it/s
step    3700 | cos 0.4770 | thought 1.0266 dec_ce 1.9474 | 7.3 it/s
step    3750 | cos 0.4780 | thought 1.0057 dec_ce 1.9682 | 7.3 it/s
step    3800 | cos 0.4748 | thought 1.0111 dec_ce 2.0499 | 7.2 it/s
step    3850 | cos 0.4766 | thought 1.0446 dec_ce 2.0231 | 7.3 it/s
step    3900 | cos 0.4785 | thought 0.9765 dec_ce 1.9813 | 7.3 it/s
step    3950 | cos 0.4796 | thought 1.0091 dec_ce 2.1172 | 7.5 it/s
step    4000 | cos 0.4781 | thought 1.0248 dec_ce 2.0066 | 7.3 it/s
step    4000 | VAL cos 0.4786 | VAL dec CE 3.8559
step    4050 | cos 0.4797 | thought 1.029 dec_ce 2.0177 | 5.6 it/s
step    4100 | cos 0.4749 | thought 1.0442 dec_ce 2.071 | 7.2 it/s
step    4150 | cos 0.4758 | thought 1.0029 dec_ce 1.9367 | 7.3 it/s
step    4200 | cos 0.4792 | thought 1.0367 dec_ce 2.1192 | 7.2 it/s
step    4250 | cos 0.4790 | thought 0.9905 dec_ce 1.9231 | 7.2 it/s
step    4300 | cos 0.4825 | thought 1.0121 dec_ce 2.0596 | 7.4 it/s
step    4350 | cos 0.4793 | thought 1.0182 dec_ce 1.9573 | 7.1 it/s
step    4400 | cos 0.4819 | thought 0.9951 dec_ce 2.0 | 7.4 it/s
step    4450 | cos 0.4809 | thought 1.02 dec_ce 2.0888 | 7.2 it/s
step    4500 | cos 0.4835 | thought 1.0067 dec_ce 2.0396 | 7.3 it/s
step    4500 | VAL cos 0.4814 | VAL dec CE 3.8472
step    4550 | cos 0.4815 | thought 1.033 dec_ce 2.0171 | 5.7 it/s
step    4600 | cos 0.4802 | thought 1.0198 dec_ce 2.0449 | 7.5 it/s
step    4650 | cos 0.4822 | thought 1.0046 dec_ce 1.9738 | 7.4 it/s
step    4700 | cos 0.4806 | thought 1.0067 dec_ce 1.9896 | 7.3 it/s
step    4750 | cos 0.4790 | thought 1.0353 dec_ce 1.9226 | 7.0 it/s
step    4800 | cos 0.4767 | thought 1.0208 dec_ce 2.0614 | 7.2 it/s
step    4850 | cos 0.4829 | thought 1.0525 dec_ce 2.1736 | 7.2 it/s
step    4900 | cos 0.4857 | thought 0.9951 dec_ce 1.9636 | 7.2 it/s
step    4950 | cos 0.4822 | thought 1.018 dec_ce 2.0094 | 7.3 it/s
step    5000 | cos 0.4797 | thought 1.0211 dec_ce 2.0392 | 7.2 it/s
step    5000 | VAL cos 0.4832 | VAL dec CE 3.8331
step    5050 | cos 0.4843 | thought 1.0007 dec_ce 1.9861 | 5.7 it/s
step    5100 | cos 0.4813 | thought 1.0284 dec_ce 1.9211 | 7.1 it/s
step    5150 | cos 0.4786 | thought 1.0408 dec_ce 2.0151 | 7.1 it/s
step    5200 | cos 0.4809 | thought 1.0348 dec_ce 2.0141 | 7.1 it/s
step    5250 | cos 0.4820 | thought 1.0206 dec_ce 2.1518 | 7.1 it/s
step    5300 | cos 0.4826 | thought 1.0031 dec_ce 2.0193 | 7.2 it/s
step    5350 | cos 0.4839 | thought 0.9974 dec_ce 1.9961 | 7.3 it/s
step    5400 | cos 0.4824 | thought 1.0427 dec_ce 2.063 | 7.4 it/s
step    5450 | cos 0.4845 | thought 0.9823 dec_ce 1.9487 | 7.3 it/s
step    5500 | cos 0.4819 | thought 1.0136 dec_ce 2.0186 | 7.3 it/s
step    5500 | VAL cos 0.4839 | VAL dec CE 3.8223
step    5550 | cos 0.4812 | thought 0.9931 dec_ce 1.996 | 5.7 it/s
step    5600 | cos 0.4840 | thought 1.0015 dec_ce 2.0295 | 7.1 it/s
step    5650 | cos 0.4846 | thought 0.993 dec_ce 1.8943 | 7.3 it/s
step    5700 | cos 0.4830 | thought 1.0004 dec_ce 1.9056 | 7.2 it/s
step    5750 | cos 0.4847 | thought 1.0005 dec_ce 1.9474 | 7.3 it/s
step    5800 | cos 0.4824 | thought 1.0323 dec_ce 2.0196 | 7.2 it/s
step    5850 | cos 0.4833 | thought 1.0489 dec_ce 2.1035 | 7.4 it/s
step    5900 | cos 0.4838 | thought 1.0186 dec_ce 2.0792 | 7.3 it/s
step    5950 | cos 0.4840 | thought 1.0086 dec_ce 1.8413 | 7.4 it/s
step    6000 | cos 0.4860 | thought 0.9866 dec_ce 1.8784 | 7.4 it/s
step    6000 | VAL cos 0.4843 | VAL dec CE 3.8119
step    6050 | cos 0.4840 | thought 1.0158 dec_ce 1.9343 | 5.7 it/s
step    6100 | cos 0.4872 | thought 1.0234 dec_ce 2.0145 | 7.5 it/s
step    6150 | cos 0.4824 | thought 1.0347 dec_ce 2.09 | 7.4 it/s
step    6200 | cos 0.4862 | thought 1.052 dec_ce 2.1053 | 7.3 it/s
step    6250 | cos 0.4854 | thought 1.0293 dec_ce 2.0427 | 7.0 it/s
step    6300 | cos 0.4851 | thought 0.9972 dec_ce 1.9363 | 7.2 it/s
step    6350 | cos 0.4875 | thought 1.0051 dec_ce 1.9357 | 7.5 it/s
step    6400 | cos 0.4830 | thought 1.0123 dec_ce 2.0155 | 7.0 it/s
step    6450 | cos 0.4845 | thought 1.0238 dec_ce 2.0027 | 7.3 it/s
step    6500 | cos 0.4845 | thought 1.0017 dec_ce 1.9572 | 7.2 it/s
step    6500 | VAL cos 0.4869 | VAL dec CE 3.8036
step    6550 | cos 0.4847 | thought 1.0306 dec_ce 2.0611 | 5.7 it/s
step    6600 | cos 0.4866 | thought 0.9767 dec_ce 1.9057 | 7.5 it/s
step    6650 | cos 0.4846 | thought 1.032 dec_ce 2.1651 | 7.3 it/s
step    6700 | cos 0.4828 | thought 1.02 dec_ce 2.032 | 7.2 it/s
step    6750 | cos 0.4852 | thought 1.0151 dec_ce 2.011 | 7.4 it/s
step    6800 | cos 0.4840 | thought 1.0457 dec_ce 2.0482 | 7.4 it/s
step    6850 | cos 0.4861 | thought 0.9826 dec_ce 1.9571 | 7.4 it/s
step    6900 | cos 0.4874 | thought 1.0237 dec_ce 1.9895 | 7.6 it/s
step    6950 | cos 0.4865 | thought 0.9976 dec_ce 1.9278 | 7.1 it/s
step    7000 | cos 0.4883 | thought 1.0045 dec_ce 1.9061 | 7.3 it/s
step    7000 | VAL cos 0.4875 | VAL dec CE 3.7907
step    7050 | cos 0.4847 | thought 1.0229 dec_ce 1.9732 | 5.6 it/s
step    7100 | cos 0.4873 | thought 1.0123 dec_ce 1.9581 | 7.6 it/s
step    7150 | cos 0.4873 | thought 0.9648 dec_ce 1.9105 | 7.3 it/s
step    7200 | cos 0.4844 | thought 0.9984 dec_ce 1.9612 | 7.4 it/s
step    7250 | cos 0.4858 | thought 1.044 dec_ce 2.0835 | 7.2 it/s
step    7300 | cos 0.4871 | thought 1.0257 dec_ce 1.9644 | 7.4 it/s
step    7350 | cos 0.4851 | thought 0.9989 dec_ce 1.9172 | 7.1 it/s
step    7400 | cos 0.4843 | thought 0.9962 dec_ce 2.0537 | 7.2 it/s
step    7450 | cos 0.4857 | thought 1.0219 dec_ce 2.0827 | 7.2 it/s
step    7500 | cos 0.4847 | thought 1.0024 dec_ce 1.9347 | 7.2 it/s
step    7500 | VAL cos 0.4887 | VAL dec CE 3.7894
step    7550 | cos 0.4894 | thought 1.0132 dec_ce 2.0009 | 5.8 it/s
step    7600 | cos 0.4887 | thought 1.0026 dec_ce 1.9953 | 7.4 it/s
step    7650 | cos 0.4913 | thought 0.9942 dec_ce 1.9997 | 7.3 it/s
step    7700 | cos 0.4873 | thought 0.9928 dec_ce 1.9311 | 7.4 it/s
step    7750 | cos 0.4870 | thought 1.0269 dec_ce 2.0546 | 7.4 it/s
step    7800 | cos 0.4859 | thought 1.0425 dec_ce 1.9713 | 7.2 it/s
step    7850 | cos 0.4861 | thought 0.9978 dec_ce 2.0024 | 7.2 it/s
step    7900 | cos 0.4880 | thought 1.0135 dec_ce 2.0171 | 7.5 it/s
step    7950 | cos 0.4880 | thought 0.9962 dec_ce 1.9376 | 7.2 it/s
step    8000 | cos 0.4886 | thought 1.0012 dec_ce 1.8951 | 7.4 it/s
step    8000 | VAL cos 0.4896 | VAL dec CE 3.7803
step    8050 | cos 0.4898 | thought 1.0123 dec_ce 2.0082 | 5.8 it/s
step    8100 | cos 0.4862 | thought 1.0046 dec_ce 1.9432 | 7.2 it/s
step    8150 | cos 0.4853 | thought 0.9903 dec_ce 1.8644 | 7.3 it/s
step    8200 | cos 0.4880 | thought 1.0097 dec_ce 1.9874 | 7.2 it/s
step    8250 | cos 0.4838 | thought 0.9631 dec_ce 1.8782 | 7.1 it/s
step    8300 | cos 0.4867 | thought 1.0177 dec_ce 2.0036 | 7.2 it/s
step    8350 | cos 0.4870 | thought 1.0096 dec_ce 2.0764 | 7.2 it/s
step    8400 | cos 0.4902 | thought 1.005 dec_ce 1.9344 | 7.6 it/s
step    8450 | cos 0.4846 | thought 1.0236 dec_ce 1.9219 | 7.3 it/s
step    8500 | cos 0.4891 | thought 0.9845 dec_ce 1.8005 | 7.3 it/s
step    8500 | VAL cos 0.4902 | VAL dec CE 3.7727
step    8550 | cos 0.4886 | thought 0.9961 dec_ce 1.9365 | 5.7 it/s
step    8600 | cos 0.4863 | thought 0.9789 dec_ce 2.0216 | 7.4 it/s
step    8650 | cos 0.4906 | thought 0.9911 dec_ce 1.8912 | 7.5 it/s
step    8700 | cos 0.4909 | thought 0.9833 dec_ce 2.03 | 7.4 it/s
step    8750 | cos 0.4892 | thought 0.9948 dec_ce 1.8936 | 7.2 it/s
step    8800 | cos 0.4933 | thought 0.9975 dec_ce 2.0473 | 7.4 it/s
step    8850 | cos 0.4876 | thought 1.0126 dec_ce 2.0149 | 7.2 it/s
step    8900 | cos 0.4890 | thought 1.0433 dec_ce 1.9502 | 7.3 it/s
step    8950 | cos 0.4864 | thought 1.0113 dec_ce 1.9959 | 7.3 it/s
step    9000 | cos 0.4906 | thought 0.9804 dec_ce 1.9617 | 7.2 it/s
step    9000 | VAL cos 0.4902 | VAL dec CE 3.7669
step    9050 | cos 0.4903 | thought 0.9695 dec_ce 1.8781 | 5.8 it/s
step    9100 | cos 0.4892 | thought 0.9758 dec_ce 1.8927 | 7.3 it/s
step    9150 | cos 0.4902 | thought 0.9633 dec_ce 1.9473 | 7.3 it/s
step    9200 | cos 0.4888 | thought 0.9409 dec_ce 1.834 | 7.3 it/s
step    9250 | cos 0.4912 | thought 1.0005 dec_ce 1.9678 | 7.4 it/s
step    9300 | cos 0.4916 | thought 1.0116 dec_ce 1.9878 | 7.4 it/s
step    9350 | cos 0.4909 | thought 1.0194 dec_ce 1.9115 | 7.3 it/s
step    9400 | cos 0.4877 | thought 1.0169 dec_ce 1.9091 | 7.1 it/s
step    9450 | cos 0.4866 | thought 0.9889 dec_ce 1.9464 | 7.4 it/s
step    9500 | cos 0.4872 | thought 1.0219 dec_ce 2.027 | 7.2 it/s
step    9500 | VAL cos 0.4925 | VAL dec CE 3.7596
step    9550 | cos 0.4915 | thought 0.9856 dec_ce 1.8684 | 5.8 it/s
step    9600 | cos 0.4886 | thought 1.0042 dec_ce 1.9496 | 7.2 it/s
step    9650 | cos 0.4914 | thought 1.0064 dec_ce 1.845 | 7.1 it/s
step    9700 | cos 0.4902 | thought 1.0052 dec_ce 1.9399 | 7.3 it/s
step    9750 | cos 0.4937 | thought 0.9934 dec_ce 1.8921 | 7.3 it/s
step    9800 | cos 0.4898 | thought 0.9925 dec_ce 2.0585 | 7.1 it/s
step    9850 | cos 0.4917 | thought 0.9622 dec_ce 1.9411 | 7.3 it/s
step    9900 | cos 0.4904 | thought 1.012 dec_ce 1.9996 | 7.3 it/s
step    9950 | cos 0.4918 | thought 1.0503 dec_ce 2.0275 | 7.3 it/s
step   10000 | cos 0.4893 | thought 1.0233 dec_ce 2.046 | 7.4 it/s
step   10000 | VAL cos 0.4926 | VAL dec CE 3.7531
step   10050 | cos 0.4904 | thought 0.9891 dec_ce 1.988 | 5.6 it/s
step   10100 | cos 0.4913 | thought 0.9903 dec_ce 1.9034 | 7.3 it/s
step   10150 | cos 0.4906 | thought 0.9767 dec_ce 1.9661 | 7.1 it/s
step   10200 | cos 0.4892 | thought 1.0227 dec_ce 1.9918 | 7.3 it/s
step   10250 | cos 0.4912 | thought 1.0144 dec_ce 1.986 | 7.3 it/s
step   10300 | cos 0.4891 | thought 0.9994 dec_ce 1.8464 | 7.2 it/s
step   10350 | cos 0.4946 | thought 0.9935 dec_ce 2.0652 | 7.3 it/s
step   10400 | cos 0.4903 | thought 0.9648 dec_ce 1.8977 | 7.1 it/s
step   10450 | cos 0.4910 | thought 1.0346 dec_ce 1.9734 | 7.4 it/s
step   10500 | cos 0.4911 | thought 0.9477 dec_ce 1.8134 | 7.5 it/s
step   10500 | VAL cos 0.4926 | VAL dec CE 3.7535
step   10550 | cos 0.4921 | thought 0.9729 dec_ce 1.8592 | 5.8 it/s
step   10600 | cos 0.4894 | thought 0.9733 dec_ce 1.9169 | 7.3 it/s
step   10650 | cos 0.4910 | thought 1.0237 dec_ce 1.8701 | 7.3 it/s
step   10700 | cos 0.4921 | thought 0.9628 dec_ce 1.8778 | 7.2 it/s
step   10750 | cos 0.4916 | thought 1.0183 dec_ce 2.0546 | 7.2 it/s
step   10800 | cos 0.4900 | thought 0.9543 dec_ce 1.8617 | 7.1 it/s
step   10850 | cos 0.4935 | thought 1.023 dec_ce 1.9888 | 7.3 it/s
step   10900 | cos 0.4953 | thought 0.9675 dec_ce 1.9242 | 7.4 it/s
step   10950 | cos 0.4904 | thought 1.0109 dec_ce 2.0771 | 7.3 it/s
step   11000 | cos 0.4935 | thought 1.0161 dec_ce 2.0254 | 7.4 it/s
step   11000 | VAL cos 0.4936 | VAL dec CE 3.7488
step   11050 | cos 0.4926 | thought 0.9948 dec_ce 1.9984 | 5.8 it/s
step   11100 | cos 0.4946 | thought 0.99 dec_ce 1.9382 | 7.3 it/s
step   11150 | cos 0.4923 | thought 0.9145 dec_ce 1.8059 | 7.3 it/s
step   11200 | cos 0.4919 | thought 0.9993 dec_ce 1.9153 | 7.2 it/s
step   11250 | cos 0.4937 | thought 0.9867 dec_ce 2.0671 | 7.4 it/s
step   11300 | cos 0.4910 | thought 1.0596 dec_ce 2.086 | 7.3 it/s
step   11350 | cos 0.4921 | thought 1.0017 dec_ce 1.9403 | 7.1 it/s
step   11400 | cos 0.4922 | thought 1.012 dec_ce 1.9974 | 7.4 it/s
step   11450 | cos 0.4908 | thought 1.0215 dec_ce 2.034 | 7.3 it/s
step   11500 | cos 0.4951 | thought 1.0024 dec_ce 1.9004 | 7.3 it/s
step   11500 | VAL cos 0.4936 | VAL dec CE 3.7473
step   11550 | cos 0.4906 | thought 1.0356 dec_ce 1.9937 | 5.7 it/s
step   11600 | cos 0.4954 | thought 0.994 dec_ce 2.0138 | 7.4 it/s
step   11650 | cos 0.4901 | thought 1.0359 dec_ce 1.9357 | 7.3 it/s
step   11700 | cos 0.4885 | thought 0.9764 dec_ce 1.8882 | 7.2 it/s
step   11750 | cos 0.4931 | thought 1.0153 dec_ce 2.0253 | 7.3 it/s
step   11800 | cos 0.4900 | thought 1.0263 dec_ce 2.0543 | 7.3 it/s
step   11850 | cos 0.4942 | thought 0.9994 dec_ce 2.013 | 7.4 it/s
step   11900 | cos 0.4946 | thought 0.9882 dec_ce 1.968 | 7.3 it/s
step   11950 | cos 0.4901 | thought 1.0065 dec_ce 1.9798 | 7.3 it/s
step   12000 | cos 0.4894 | thought 1.0147 dec_ce 2.0878 | 7.2 it/s
step   12000 | VAL cos 0.4941 | VAL dec CE 3.7436
step   12050 | cos 0.4938 | thought 0.9898 dec_ce 1.8988 | 5.7 it/s
step   12100 | cos 0.4915 | thought 0.9793 dec_ce 1.9943 | 7.3 it/s
step   12150 | cos 0.4950 | thought 1.0192 dec_ce 2.001 | 7.4 it/s
step   12200 | cos 0.4913 | thought 0.9641 dec_ce 1.8953 | 7.3 it/s
step   12250 | cos 0.4919 | thought 0.9725 dec_ce 1.8298 | 7.4 it/s
step   12300 | cos 0.4897 | thought 1.0493 dec_ce 2.0678 | 7.0 it/s
step   12350 | cos 0.4949 | thought 0.994 dec_ce 1.9142 | 7.3 it/s
step   12400 | cos 0.4931 | thought 1.0491 dec_ce 1.9955 | 7.3 it/s
step   12450 | cos 0.4950 | thought 1.0269 dec_ce 2.0086 | 7.4 it/s
step   12500 | cos 0.4920 | thought 1.0118 dec_ce 1.9832 | 7.4 it/s
step   12500 | VAL cos 0.4946 | VAL dec CE 3.7402
step   12550 | cos 0.4921 | thought 0.9783 dec_ce 1.9414 | 5.7 it/s
step   12600 | cos 0.4925 | thought 0.9965 dec_ce 1.9505 | 7.3 it/s
step   12650 | cos 0.4939 | thought 0.9954 dec_ce 2.0032 | 7.3 it/s
step   12700 | cos 0.4935 | thought 0.9692 dec_ce 1.9415 | 7.2 it/s
step   12750 | cos 0.4944 | thought 0.9797 dec_ce 1.8756 | 7.3 it/s
wall-clock cap reached at step 12760

Run 'ab_FD' done: 12760 steps | final val cos 0.4944 dec CE 3.7372 (best 3.7372)
/home/nochi/vault/projects/ThoughtVectors/thoughtvec/.venv/lib/python3.12/site-packages/torch/nn/modules/transformer.py:392: UserWarning: enable_nested_tensor is True, but self.use_nested_tensor is False because encoder_layer.norm_first was True
  warnings.warn(
{"ckpt": "checkpoints/ab_FD/best.pt", "val_cos": 0.4939, "val_dec_ce": 3.7654, "ref_f1": 0.2875, "distinct1": 0.0095, "distinct2": 0.0335, "len_ratio": 0.804, "rows": 1024}
