/home/nochi/vault/projects/ThoughtVectors/thoughtvec/.venv/lib/python3.12/site-packages/torch/nn/modules/transformer.py:392: UserWarning: enable_nested_tensor is True, but self.use_nested_tensor is False because encoder_layer.norm_first was True
  warnings.warn(
thinker params: 15.10M (codec d=384, frozen=True)
step      50 | cos 0.0844 | thought 2.1616 | 6.3 it/s
step     100 | cos 0.2797 | thought 1.7732 | 7.2 it/s
step     150 | cos 0.3483 | thought 1.7795 | 7.2 it/s
step     200 | cos 0.3526 | thought 1.7319 | 7.2 it/s
step     250 | cos 0.3581 | thought 1.6929 | 7.3 it/s
step     300 | cos 0.3780 | thought 1.5128 | 7.5 it/s
step     350 | cos 0.4019 | thought 1.4329 | 7.5 it/s
step     400 | cos 0.4319 | thought 1.4358 | 7.2 it/s
step     450 | cos 0.4578 | thought 1.334 | 7.5 it/s
step     500 | cos 0.4706 | thought 1.3225 | 7.2 it/s
step     500 | VAL cos 0.4729 | VAL dec CE 15.2246
step     550 | cos 0.4695 | thought 1.2926 | 5.3 it/s
step     600 | cos 0.4765 | thought 1.2193 | 7.6 it/s
step     650 | cos 0.4787 | thought 1.259 | 7.3 it/s
step     700 | cos 0.4783 | thought 1.1894 | 7.4 it/s
step     750 | cos 0.4804 | thought 1.1903 | 7.1 it/s
step     800 | cos 0.4804 | thought 1.2028 | 7.2 it/s
step     850 | cos 0.4790 | thought 1.2173 | 7.1 it/s
step     900 | cos 0.4822 | thought 1.2106 | 7.4 it/s
step     950 | cos 0.4831 | thought 1.1183 | 7.4 it/s
step    1000 | cos 0.4846 | thought 1.1964 | 7.2 it/s
step    1000 | VAL cos 0.4864 | VAL dec CE 14.4613
step    1050 | cos 0.4847 | thought 1.1021 | 5.4 it/s
step    1100 | cos 0.4840 | thought 1.1401 | 7.4 it/s
step    1150 | cos 0.4855 | thought 1.111 | 7.3 it/s
step    1200 | cos 0.4847 | thought 1.0579 | 7.5 it/s
step    1250 | cos 0.4853 | thought 1.1324 | 7.1 it/s
step    1300 | cos 0.4870 | thought 1.0561 | 7.3 it/s
step    1350 | cos 0.4857 | thought 1.0493 | 7.5 it/s
step    1400 | cos 0.4915 | thought 1.0023 | 7.1 it/s
step    1450 | cos 0.4858 | thought 1.0265 | 7.2 it/s
step    1500 | cos 0.4866 | thought 1.0031 | 7.3 it/s
step    1500 | VAL cos 0.4896 | VAL dec CE 13.0541
step    1550 | cos 0.4889 | thought 1.0183 | 5.3 it/s
step    1600 | cos 0.4896 | thought 1.015 | 7.3 it/s
step    1650 | cos 0.4887 | thought 0.9821 | 7.3 it/s
step    1700 | cos 0.4898 | thought 1.0532 | 7.1 it/s
step    1750 | cos 0.4905 | thought 1.0035 | 7.3 it/s
step    1800 | cos 0.4870 | thought 0.9961 | 7.3 it/s
step    1850 | cos 0.4950 | thought 0.9763 | 7.3 it/s
step    1900 | cos 0.4916 | thought 0.9823 | 7.3 it/s
step    1950 | cos 0.4901 | thought 0.9824 | 7.2 it/s
step    2000 | cos 0.4919 | thought 0.9974 | 7.0 it/s
step    2000 | VAL cos 0.4963 | VAL dec CE 12.1384
step    2050 | cos 0.4964 | thought 0.9852 | 5.4 it/s
step    2100 | cos 0.4961 | thought 0.9681 | 7.2 it/s
step    2150 | cos 0.4955 | thought 0.9499 | 7.3 it/s
step    2200 | cos 0.4933 | thought 1.0205 | 7.2 it/s
step    2250 | cos 0.4966 | thought 0.9901 | 7.2 it/s
step    2300 | cos 0.4919 | thought 0.968 | 7.3 it/s
step    2350 | cos 0.4959 | thought 0.9725 | 7.4 it/s
step    2400 | cos 0.4932 | thought 0.9828 | 7.3 it/s
step    2450 | cos 0.4973 | thought 0.9764 | 7.3 it/s
step    2500 | cos 0.4969 | thought 0.9587 | 7.5 it/s
step    2500 | VAL cos 0.4928 | VAL dec CE 12.2526
step    2550 | cos 0.4937 | thought 0.9713 | 5.5 it/s
step    2600 | cos 0.4931 | thought 0.9721 | 7.3 it/s
step    2650 | cos 0.4968 | thought 0.9422 | 7.3 it/s
step    2700 | cos 0.4938 | thought 0.9883 | 7.2 it/s
step    2750 | cos 0.4952 | thought 0.9724 | 7.3 it/s
step    2800 | cos 0.4973 | thought 0.9953 | 7.3 it/s
step    2850 | cos 0.4975 | thought 0.9831 | 7.5 it/s
step    2900 | cos 0.4984 | thought 0.9652 | 7.3 it/s
step    2950 | cos 0.4978 | thought 0.9897 | 7.3 it/s
step    3000 | cos 0.4953 | thought 0.9491 | 7.4 it/s
step    3000 | VAL cos 0.4999 | VAL dec CE 12.0458
step    3050 | cos 0.4980 | thought 1.0129 | 5.4 it/s
step    3100 | cos 0.5008 | thought 0.9659 | 7.4 it/s
step    3150 | cos 0.5010 | thought 0.9764 | 7.2 it/s
step    3200 | cos 0.4994 | thought 0.9504 | 7.1 it/s
step    3250 | cos 0.4981 | thought 1.0033 | 7.3 it/s
step    3300 | cos 0.5003 | thought 0.9949 | 7.5 it/s
step    3350 | cos 0.4980 | thought 0.9565 | 7.3 it/s
step    3400 | cos 0.4966 | thought 0.9638 | 7.3 it/s
step    3450 | cos 0.4966 | thought 0.9589 | 7.4 it/s
step    3500 | cos 0.5004 | thought 0.963 | 7.2 it/s
step    3500 | VAL cos 0.4996 | VAL dec CE 11.9708
step    3550 | cos 0.4996 | thought 0.9895 | 5.4 it/s
step    3600 | cos 0.4988 | thought 0.9858 | 7.2 it/s
step    3650 | cos 0.4999 | thought 0.9809 | 7.3 it/s
step    3700 | cos 0.4989 | thought 0.9833 | 7.2 it/s
step    3750 | cos 0.5003 | thought 0.958 | 7.4 it/s
step    3800 | cos 0.4958 | thought 0.9666 | 7.3 it/s
step    3850 | cos 0.4962 | thought 0.9967 | 7.2 it/s
step    3900 | cos 0.4997 | thought 0.9228 | 7.3 it/s
step    3950 | cos 0.5019 | thought 0.9589 | 7.5 it/s
step    4000 | cos 0.4973 | thought 0.9808 | 7.3 it/s
step    4000 | VAL cos 0.5016 | VAL dec CE 12.1045
step    4050 | cos 0.5009 | thought 0.9831 | 5.5 it/s
step    4100 | cos 0.4962 | thought 0.9909 | 7.5 it/s
step    4150 | cos 0.4960 | thought 0.9539 | 7.1 it/s
step    4200 | cos 0.5000 | thought 0.9827 | 7.3 it/s
step    4250 | cos 0.4998 | thought 0.9533 | 7.4 it/s
step    4300 | cos 0.5042 | thought 0.9568 | 7.3 it/s
step    4350 | cos 0.5000 | thought 0.9821 | 7.3 it/s
step    4400 | cos 0.5026 | thought 0.9346 | 7.5 it/s
step    4450 | cos 0.5020 | thought 0.9786 | 7.5 it/s
step    4500 | cos 0.5044 | thought 0.945 | 7.2 it/s
step    4500 | VAL cos 0.5031 | VAL dec CE 11.9641
step    4550 | cos 0.5025 | thought 0.9982 | 5.4 it/s
step    4600 | cos 0.5003 | thought 0.977 | 7.4 it/s
step    4650 | cos 0.5025 | thought 0.9423 | 7.2 it/s
step    4700 | cos 0.5007 | thought 0.9454 | 7.5 it/s
step    4750 | cos 0.5005 | thought 0.9779 | 6.8 it/s
step    4800 | cos 0.4971 | thought 0.988 | 7.1 it/s
step    4850 | cos 0.5028 | thought 1.0004 | 7.1 it/s
step    4900 | cos 0.5075 | thought 0.9404 | 7.2 it/s
step    4950 | cos 0.5018 | thought 0.966 | 7.2 it/s
step    5000 | cos 0.4998 | thought 0.9695 | 7.0 it/s
step    5000 | VAL cos 0.5020 | VAL dec CE 11.9986
step    5050 | cos 0.5041 | thought 0.9659 | 5.5 it/s
step    5100 | cos 0.5023 | thought 0.9953 | 7.1 it/s
step    5150 | cos 0.4995 | thought 0.9807 | 7.1 it/s
step    5200 | cos 0.5004 | thought 0.982 | 7.1 it/s
step    5250 | cos 0.5025 | thought 0.9805 | 7.1 it/s
step    5300 | cos 0.5037 | thought 0.9523 | 7.1 it/s
step    5350 | cos 0.5042 | thought 0.9493 | 7.1 it/s
step    5400 | cos 0.5024 | thought 1.004 | 7.2 it/s
step    5450 | cos 0.5036 | thought 0.9338 | 7.3 it/s
step    5500 | cos 0.5021 | thought 0.9714 | 7.3 it/s
step    5500 | VAL cos 0.5043 | VAL dec CE 11.8965
step    5550 | cos 0.4996 | thought 0.9575 | 5.4 it/s
step    5600 | cos 0.5040 | thought 0.9612 | 7.1 it/s
step    5650 | cos 0.5059 | thought 0.9422 | 7.3 it/s
step    5700 | cos 0.5016 | thought 0.9511 | 7.2 it/s
step    5750 | cos 0.5053 | thought 0.9568 | 7.2 it/s
step    5800 | cos 0.5018 | thought 0.992 | 7.3 it/s
step    5850 | cos 0.5036 | thought 1.0045 | 7.4 it/s
step    5900 | cos 0.5032 | thought 0.969 | 7.3 it/s
step    5950 | cos 0.5045 | thought 0.9754 | 7.3 it/s
step    6000 | cos 0.5059 | thought 0.9266 | 7.4 it/s
step    6000 | VAL cos 0.5051 | VAL dec CE 12.0149
step    6050 | cos 0.5029 | thought 0.962 | 5.4 it/s
step    6100 | cos 0.5074 | thought 0.9696 | 7.3 it/s
step    6150 | cos 0.5015 | thought 0.985 | 7.4 it/s
step    6200 | cos 0.5058 | thought 1.007 | 7.2 it/s
step    6250 | cos 0.5058 | thought 0.9787 | 7.2 it/s
step    6300 | cos 0.5041 | thought 0.9537 | 7.0 it/s
step    6350 | cos 0.5073 | thought 0.9519 | 7.3 it/s
step    6400 | cos 0.5034 | thought 0.9594 | 7.2 it/s
step    6450 | cos 0.5046 | thought 0.9592 | 7.2 it/s
step    6500 | cos 0.5042 | thought 0.9686 | 7.3 it/s
step    6500 | VAL cos 0.5073 | VAL dec CE 11.9776
step    6550 | cos 0.5041 | thought 0.981 | 5.5 it/s
step    6600 | cos 0.5064 | thought 0.9309 | 7.5 it/s
step    6650 | cos 0.5047 | thought 0.9941 | 7.2 it/s
step    6700 | cos 0.5012 | thought 0.9718 | 7.1 it/s
step    6750 | cos 0.5065 | thought 0.9526 | 7.2 it/s
step    6800 | cos 0.5046 | thought 1.0061 | 6.9 it/s
step    6850 | cos 0.5047 | thought 0.9415 | 7.1 it/s
step    6900 | cos 0.5074 | thought 0.9807 | 7.4 it/s
step    6950 | cos 0.5069 | thought 0.9574 | 7.1 it/s
step    7000 | cos 0.5093 | thought 0.9468 | 7.3 it/s
step    7000 | VAL cos 0.5086 | VAL dec CE 11.8772
step    7050 | cos 0.5036 | thought 0.9642 | 5.3 it/s
step    7100 | cos 0.5060 | thought 0.9564 | 7.2 it/s
step    7150 | cos 0.5088 | thought 0.9282 | 7.1 it/s
step    7200 | cos 0.5048 | thought 0.956 | 7.0 it/s
step    7250 | cos 0.5053 | thought 0.9915 | 7.3 it/s
step    7300 | cos 0.5066 | thought 0.9718 | 7.3 it/s
step    7350 | cos 0.5059 | thought 0.9539 | 7.3 it/s
step    7400 | cos 0.5045 | thought 0.9516 | 7.1 it/s
step    7450 | cos 0.5066 | thought 0.9654 | 7.1 it/s
step    7500 | cos 0.5032 | thought 0.9603 | 7.2 it/s
step    7500 | VAL cos 0.5099 | VAL dec CE 11.7901
step    7550 | cos 0.5086 | thought 0.9492 | 5.4 it/s
step    7600 | cos 0.5100 | thought 0.9519 | 7.3 it/s
step    7650 | cos 0.5115 | thought 0.9426 | 7.2 it/s
step    7700 | cos 0.5066 | thought 0.9457 | 7.3 it/s
step    7750 | cos 0.5067 | thought 0.9707 | 7.2 it/s
step    7800 | cos 0.5064 | thought 0.9965 | 7.1 it/s
step    7850 | cos 0.5047 | thought 0.9544 | 7.4 it/s
step    7900 | cos 0.5068 | thought 0.9573 | 7.2 it/s
step    7950 | cos 0.5072 | thought 0.9535 | 7.1 it/s
step    8000 | cos 0.5088 | thought 0.9592 | 7.0 it/s
step    8000 | VAL cos 0.5116 | VAL dec CE 11.8092
step    8050 | cos 0.5114 | thought 0.946 | 5.5 it/s
step    8100 | cos 0.5046 | thought 0.9599 | 7.2 it/s
Memory access fault by GPU node-1 (Agent handle: 0x41111c40) on address 0x7b3b3d50b000. Reason: Page not present or supervisor privilege.
RUN K8 FAILED — continuing bracket
/home/nochi/vault/projects/ThoughtVectors/thoughtvec/.venv/lib/python3.12/site-packages/torch/nn/modules/transformer.py:392: UserWarning: enable_nested_tensor is True, but self.use_nested_tensor is False because encoder_layer.norm_first was True
  warnings.warn(
{"ckpt": "checkpoints/ab_K8/best.pt", "val_cos": 0.5083, "val_dec_ce": 11.8654, "ref_f1": 0.2474, "distinct1": 0.038, "distinct2": 0.145, "len_ratio": 0.652, "rows": 1024}
