/home/nochi/vault/projects/ThoughtVectors/thoughtvec/.venv/lib/python3.12/site-packages/torch/nn/modules/transformer.py:392: UserWarning: enable_nested_tensor is True, but self.use_nested_tensor is False because encoder_layer.norm_first was True
  warnings.warn(
thinker params: 13.17M (codec d=384, frozen=True)
step      50 | cos 0.0955 | thought 1.4298 dec_ce 2.2253 | 4.6 it/s
step     100 | cos 0.2989 | thought 1.2756 dec_ce 2.1738 | 5.3 it/s
step     150 | cos 0.3310 | thought 1.2507 dec_ce 2.1814 | 5.3 it/s
step     200 | cos 0.3701 | thought 1.2011 dec_ce 1.9864 | 5.2 it/s
step     250 | cos 0.3678 | thought 1.2752 dec_ce 0.5164 | 5.3 it/s
step     300 | cos 0.3716 | thought 1.0804 dec_ce 0.2273 | 5.5 it/s
step     350 | cos 0.3979 | thought 1.0811 dec_ce 0.0486 | 5.4 it/s
step     400 | cos 0.4229 | thought 1.1339 dec_ce 0.0613 | 5.1 it/s
step     450 | cos 0.4514 | thought 1.0602 dec_ce 0.0445 | 5.3 it/s
step     500 | cos 0.4886 | thought 1.0012 dec_ce 0.0148 | 5.1 it/s
step     500 | VAL cos 0.5008 | VAL dec CE 0.0844
step     550 | cos 0.5178 | thought 0.8919 dec_ce 0.037 | 4.1 it/s
step     600 | cos 0.5508 | thought 0.8022 dec_ce 0.0227 | 5.4 it/s
step     650 | cos 0.5833 | thought 0.8058 dec_ce 0.0151 | 5.3 it/s
step     700 | cos 0.6097 | thought 0.6979 dec_ce 0.0119 | 5.3 it/s
step     750 | cos 0.6352 | thought 0.748 dec_ce 0.0122 | 5.0 it/s
step     800 | cos 0.6591 | thought 0.6645 dec_ce 0.0171 | 5.3 it/s
step     850 | cos 0.6724 | thought 0.665 dec_ce 0.0102 | 5.1 it/s
step     900 | cos 0.6937 | thought 0.7476 dec_ce 0.0439 | 5.3 it/s
step     950 | cos 0.7105 | thought 0.5598 dec_ce 0.0162 | 5.2 it/s
step    1000 | cos 0.7322 | thought 0.6212 dec_ce 0.0201 | 5.2 it/s
step    1000 | VAL cos 0.7319 | VAL dec CE 0.0283
step    1050 | cos 0.7375 | thought 0.5025 dec_ce 0.0147 | 4.1 it/s
step    1100 | cos 0.7464 | thought 0.5747 dec_ce 0.0068 | 5.3 it/s
step    1150 | cos 0.7591 | thought 0.5472 dec_ce 0.0131 | 5.2 it/s
step    1200 | cos 0.7625 | thought 0.4613 dec_ce 0.0062 | 5.3 it/s
step    1250 | cos 0.7725 | thought 0.5844 dec_ce 0.0226 | 5.0 it/s
step    1300 | cos 0.7830 | thought 0.4329 dec_ce 0.0052 | 5.2 it/s
step    1350 | cos 0.7830 | thought 0.403 dec_ce 0.0013 | 5.3 it/s
step    1400 | cos 0.7992 | thought 0.35 dec_ce 0.0037 | 5.1 it/s
step    1450 | cos 0.7967 | thought 0.3754 dec_ce 0.002 | 5.1 it/s
step    1500 | cos 0.8047 | thought 0.3657 dec_ce 0.0041 | 5.3 it/s
step    1500 | VAL cos 0.8058 | VAL dec CE 0.0163
step    1550 | cos 0.8113 | thought 0.3906 dec_ce 0.0011 | 4.2 it/s
step    1600 | cos 0.8174 | thought 0.4083 dec_ce 0.0083 | 5.3 it/s
step    1650 | cos 0.8184 | thought 0.3419 dec_ce 0.0045 | 5.3 it/s
step    1700 | cos 0.8204 | thought 0.4351 dec_ce 0.0089 | 5.1 it/s
step    1750 | cos 0.8245 | thought 0.3801 dec_ce 0.0049 | 5.3 it/s
step    1800 | cos 0.8277 | thought 0.3766 dec_ce 0.0089 | 5.2 it/s
step    1850 | cos 0.8377 | thought 0.3351 dec_ce 0.0048 | 5.3 it/s
step    1900 | cos 0.8379 | thought 0.3391 dec_ce 0.0028 | 5.3 it/s
step    1950 | cos 0.8369 | thought 0.3358 dec_ce 0.0036 | 5.2 it/s
step    2000 | cos 0.8403 | thought 0.3056 dec_ce 0.004 | 5.1 it/s
step    2000 | VAL cos 0.8448 | VAL dec CE 0.0080
step    2050 | cos 0.8502 | thought 0.3309 dec_ce 0.0031 | 4.2 it/s
step    2100 | cos 0.8509 | thought 0.3311 dec_ce 0.0117 | 5.3 it/s
step    2150 | cos 0.8498 | thought 0.2633 dec_ce 0.0009 | 5.3 it/s
step    2200 | cos 0.8517 | thought 0.3774 dec_ce 0.012 | 5.2 it/s
step    2250 | cos 0.8554 | thought 0.2862 dec_ce 0.0008 | 5.2 it/s
step    2300 | cos 0.8556 | thought 0.2832 dec_ce 0.0065 | 5.3 it/s
step    2350 | cos 0.8605 | thought 0.2886 dec_ce 0.0073 | 5.3 it/s
step    2400 | cos 0.8573 | thought 0.3272 dec_ce 0.0062 | 5.2 it/s
step    2450 | cos 0.8611 | thought 0.2369 dec_ce 0.0018 | 5.2 it/s
step    2500 | cos 0.8643 | thought 0.288 dec_ce 0.0031 | 5.3 it/s
step    2500 | VAL cos 0.8624 | VAL dec CE 0.0050
step    2550 | cos 0.8639 | thought 0.2475 dec_ce 0.0005 | 4.0 it/s
step    2600 | cos 0.8650 | thought 0.2708 dec_ce 0.0089 | 5.2 it/s
step    2650 | cos 0.8711 | thought 0.2377 dec_ce 0.0013 | 5.3 it/s
step    2700 | cos 0.8712 | thought 0.2367 dec_ce 0.0024 | 5.2 it/s
step    2750 | cos 0.8716 | thought 0.228 dec_ce 0.0001 | 5.3 it/s
step    2800 | cos 0.8756 | thought 0.2626 dec_ce 0.0013 | 5.3 it/s
step    2850 | cos 0.8744 | thought 0.2895 dec_ce 0.0055 | 5.2 it/s
step    2900 | cos 0.8757 | thought 0.2423 dec_ce 0.0011 | 5.2 it/s
step    2950 | cos 0.8722 | thought 0.2573 dec_ce 0.0105 | 5.2 it/s
step    3000 | cos 0.8735 | thought 0.2473 dec_ce 0.001 | 5.2 it/s
step    3000 | VAL cos 0.8747 | VAL dec CE 0.0057
step    3050 | cos 0.8756 | thought 0.3433 dec_ce 0.009 | 4.2 it/s
step    3100 | cos 0.8831 | thought 0.2443 dec_ce 0.0004 | 5.3 it/s
step    3150 | cos 0.8839 | thought 0.2277 dec_ce 0.0024 | 5.3 it/s
step    3200 | cos 0.8839 | thought 0.2383 dec_ce 0.0014 | 5.2 it/s
step    3250 | cos 0.8852 | thought 0.2613 dec_ce 0.0087 | 5.3 it/s
step    3300 | cos 0.8847 | thought 0.2735 dec_ce 0.0034 | 5.3 it/s
step    3350 | cos 0.8844 | thought 0.2363 dec_ce 0.0141 | 5.3 it/s
step    3400 | cos 0.8854 | thought 0.282 dec_ce 0.0133 | 5.2 it/s
step    3450 | cos 0.8899 | thought 0.2359 dec_ce 0.0017 | 5.4 it/s
step    3500 | cos 0.8918 | thought 0.1934 dec_ce 0.003 | 5.3 it/s
step    3500 | VAL cos 0.8914 | VAL dec CE 0.0043
step    3550 | cos 0.8921 | thought 0.2197 dec_ce 0.0005 | 4.2 it/s
step    3600 | cos 0.8876 | thought 0.2785 dec_ce 0.0037 | 5.3 it/s
step    3650 | cos 0.8930 | thought 0.2212 dec_ce 0.0002 | 5.3 it/s
step    3700 | cos 0.8925 | thought 0.2114 dec_ce 0.0002 | 5.3 it/s
step    3750 | cos 0.8929 | thought 0.2163 dec_ce 0.0057 | 5.3 it/s
step    3800 | cos 0.8859 | thought 0.226 dec_ce 0.0044 | 5.3 it/s
step    3850 | cos 0.8940 | thought 0.2367 dec_ce 0.0037 | 5.3 it/s
step    3900 | cos 0.8975 | thought 0.1768 dec_ce 0.0 | 5.3 it/s
step    3950 | cos 0.8997 | thought 0.1914 dec_ce 0.0003 | 5.5 it/s
step    4000 | cos 0.8962 | thought 0.2379 dec_ce 0.0052 | 5.3 it/s
step    4000 | VAL cos 0.8977 | VAL dec CE 0.0032
step    4050 | cos 0.8972 | thought 0.2387 dec_ce 0.0068 | 4.2 it/s
step    4100 | cos 0.8969 | thought 0.2209 dec_ce 0.0024 | 5.4 it/s
step    4150 | cos 0.8980 | thought 0.2214 dec_ce 0.004 | 5.2 it/s
step    4200 | cos 0.8999 | thought 0.1948 dec_ce 0.0018 | 5.3 it/s
step    4250 | cos 0.8977 | thought 0.185 dec_ce 0.0002 | 5.3 it/s
step    4300 | cos 0.9031 | thought 0.1986 dec_ce 0.0003 | 5.4 it/s
step    4350 | cos 0.8997 | thought 0.1934 dec_ce 0.0005 | 5.2 it/s
step    4400 | cos 0.9038 | thought 0.219 dec_ce 0.0017 | 5.4 it/s
step    4450 | cos 0.9021 | thought 0.2344 dec_ce 0.0124 | 5.4 it/s
Memory access fault by GPU node-1 (Agent handle: 0x1eaaffe0) on address 0x7bb5e5050000. Reason: Page not present or supervisor privilege.
RUN PN1 FAILED — continuing bracket
/home/nochi/vault/projects/ThoughtVectors/thoughtvec/.venv/lib/python3.12/site-packages/torch/nn/modules/transformer.py:392: UserWarning: enable_nested_tensor is True, but self.use_nested_tensor is False because encoder_layer.norm_first was True
  warnings.warn(
{"ckpt": "checkpoints/ab_PN1/best.pt", "val_cos": 0.4207, "val_dec_ce": 14.3272, "ref_f1": 0.2375, "distinct1": 0.0061, "distinct2": 0.0326, "len_ratio": 0.608, "rows": 1024}
