/home/nochi/vault/projects/ThoughtVectors/thoughtvec/.venv/lib/python3.12/site-packages/torch/nn/modules/transformer.py:392: UserWarning: enable_nested_tensor is True, but self.use_nested_tensor is False because encoder_layer.norm_first was True
  warnings.warn(
thinker params: 13.17M (codec d=384, frozen=True)
step      50 | cos 0.1593 | thought 1.2654 | 4.2 it/s
step     100 | cos 0.3487 | thought 1.2006 | 4.6 it/s
step     150 | cos 0.3620 | thought 1.2084 | 4.6 it/s
step     200 | cos 0.3898 | thought 1.1209 | 4.7 it/s
step     250 | cos 0.4561 | thought 0.986 | 4.7 it/s
step     300 | cos 0.5403 | thought 0.7917 | 4.8 it/s
step     350 | cos 0.6102 | thought 0.6564 | 4.7 it/s
step     400 | cos 0.6784 | thought 0.6293 | 4.6 it/s
step     450 | cos 0.7324 | thought 0.5035 | 4.7 it/s
step     500 | cos 0.7715 | thought 0.4526 | 4.6 it/s
step     500 | VAL cos 0.7839 | VAL dec CE 1.8665
step     550 | cos 0.7924 | thought 0.4038 | 3.6 it/s
step     600 | cos 0.8127 | thought 0.3514 | 4.8 it/s
step     650 | cos 0.8285 | thought 0.347 | 4.7 it/s
step     700 | cos 0.8376 | thought 0.2962 | 4.7 it/s
step     750 | cos 0.8464 | thought 0.3202 | 4.6 it/s
step     800 | cos 0.8545 | thought 0.2985 | 4.6 it/s
step     850 | cos 0.8580 | thought 0.2987 | 4.6 it/s
step     900 | cos 0.8658 | thought 0.3572 | 4.7 it/s
step     950 | cos 0.8705 | thought 0.2583 | 4.7 it/s
step    1000 | cos 0.8784 | thought 0.2824 | 4.6 it/s
step    1000 | VAL cos 0.8782 | VAL dec CE 0.4285
step    1050 | cos 0.8805 | thought 0.2323 | 3.7 it/s
step    1100 | cos 0.8844 | thought 0.261 | 4.7 it/s
step    1150 | cos 0.8892 | thought 0.2632 | 4.6 it/s
step    1200 | cos 0.8887 | thought 0.2166 | 4.7 it/s
step    1250 | cos 0.8923 | thought 0.2851 | 4.6 it/s
step    1300 | cos 0.8960 | thought 0.2083 | 4.7 it/s
step    1350 | cos 0.8962 | thought 0.1947 | 4.8 it/s
step    1400 | cos 0.9025 | thought 0.1654 | 4.6 it/s
step    1450 | cos 0.9002 | thought 0.1807 | 4.7 it/s
step    1500 | cos 0.9037 | thought 0.1761 | 4.7 it/s
step    1500 | VAL cos 0.9028 | VAL dec CE 0.2914
step    1550 | cos 0.9066 | thought 0.1919 | 3.7 it/s
step    1600 | cos 0.9091 | thought 0.2079 | 4.7 it/s
step    1650 | cos 0.9080 | thought 0.1744 | 4.7 it/s
step    1700 | cos 0.9089 | thought 0.2197 | 4.7 it/s
step    1750 | cos 0.9116 | thought 0.1989 | 4.7 it/s
step    1800 | cos 0.9105 | thought 0.1962 | 4.7 it/s
step    1850 | cos 0.9145 | thought 0.1778 | 4.7 it/s
step    1900 | cos 0.9148 | thought 0.1747 | 4.7 it/s
step    1950 | cos 0.9135 | thought 0.1782 | 4.6 it/s
step    2000 | cos 0.9139 | thought 0.1667 | 4.5 it/s
step    2000 | VAL cos 0.9134 | VAL dec CE 0.2704
step    2050 | cos 0.9187 | thought 0.1791 | 3.6 it/s
step    2100 | cos 0.9188 | thought 0.1789 | 4.7 it/s
step    2150 | cos 0.9185 | thought 0.1445 | 4.6 it/s
step    2200 | cos 0.9184 | thought 0.2081 | 4.7 it/s
step    2250 | cos 0.9193 | thought 0.1654 | 4.7 it/s
step    2300 | cos 0.9184 | thought 0.1557 | 4.7 it/s
step    2350 | cos 0.9219 | thought 0.1585 | 4.7 it/s
step    2400 | cos 0.9196 | thought 0.1849 | 4.6 it/s
step    2450 | cos 0.9213 | thought 0.1334 | 4.6 it/s
step    2500 | cos 0.9226 | thought 0.1573 | 4.7 it/s
step    2500 | VAL cos 0.9204 | VAL dec CE 0.2269
step    2550 | cos 0.9219 | thought 0.1418 | 3.6 it/s
step    2600 | cos 0.9215 | thought 0.1519 | 4.6 it/s
step    2650 | cos 0.9245 | thought 0.1375 | 4.6 it/s
step    2700 | cos 0.9233 | thought 0.1397 | 4.6 it/s
step    2750 | cos 0.9242 | thought 0.1355 | 4.7 it/s
step    2800 | cos 0.9257 | thought 0.1548 | 4.7 it/s
step    2850 | cos 0.9256 | thought 0.1678 | 4.7 it/s
step    2900 | cos 0.9257 | thought 0.1475 | 4.6 it/s
step    2950 | cos 0.9246 | thought 0.1467 | 4.6 it/s
step    3000 | cos 0.9244 | thought 0.1458 | 4.6 it/s
step    3000 | VAL cos 0.9246 | VAL dec CE 0.2133
step    3050 | cos 0.9257 | thought 0.2002 | 3.6 it/s
step    3100 | cos 0.9282 | thought 0.1549 | 4.7 it/s
step    3150 | cos 0.9275 | thought 0.1388 | 4.6 it/s
step    3200 | cos 0.9285 | thought 0.1469 | 4.6 it/s
step    3250 | cos 0.9286 | thought 0.1636 | 4.6 it/s
step    3300 | cos 0.9278 | thought 0.173 | 4.7 it/s
step    3350 | cos 0.9272 | thought 0.1436 | 4.6 it/s
step    3400 | cos 0.9278 | thought 0.1765 | 4.6 it/s
step    3450 | cos 0.9287 | thought 0.1577 | 4.7 it/s
step    3500 | cos 0.9295 | thought 0.1253 | 4.6 it/s
step    3500 | VAL cos 0.9279 | VAL dec CE 0.2092
step    3550 | cos 0.9299 | thought 0.1378 | 3.6 it/s
step    3600 | cos 0.9288 | thought 0.1768 | 4.6 it/s
step    3650 | cos 0.9310 | thought 0.1498 | 4.7 it/s
step    3700 | cos 0.9301 | thought 0.136 | 4.6 it/s
step    3750 | cos 0.9316 | thought 0.1293 | 4.7 it/s
step    3800 | cos 0.9275 | thought 0.1431 | 4.7 it/s
step    3850 | cos 0.9303 | thought 0.153 | 4.7 it/s
step    3900 | cos 0.9311 | thought 0.115 | 4.6 it/s
step    3950 | cos 0.9328 | thought 0.1288 | 4.8 it/s
step    4000 | cos 0.9312 | thought 0.1529 | 4.7 it/s
step    4000 | VAL cos 0.9300 | VAL dec CE 0.1959
step    4050 | cos 0.9322 | thought 0.1536 | 3.6 it/s
step    4100 | cos 0.9309 | thought 0.1475 | 4.7 it/s
step    4150 | cos 0.9307 | thought 0.1436 | 4.6 it/s
step    4200 | cos 0.9317 | thought 0.1304 | 4.7 it/s
step    4250 | cos 0.9314 | thought 0.1265 | 4.7 it/s
step    4300 | cos 0.9342 | thought 0.1382 | 4.7 it/s
step    4350 | cos 0.9311 | thought 0.1359 | 4.7 it/s
step    4400 | cos 0.9330 | thought 0.1477 | 4.7 it/s
step    4450 | cos 0.9331 | thought 0.1547 | 4.7 it/s
step    4500 | cos 0.9343 | thought 0.1286 | 4.6 it/s
step    4500 | VAL cos 0.9319 | VAL dec CE 0.1915
step    4550 | cos 0.9338 | thought 0.1495 | 3.6 it/s
step    4600 | cos 0.9334 | thought 0.1359 | 4.8 it/s
step    4650 | cos 0.9336 | thought 0.1245 | 4.7 it/s
step    4700 | cos 0.9338 | thought 0.1409 | 4.8 it/s
step    4750 | cos 0.9335 | thought 0.1473 | 4.6 it/s
step    4800 | cos 0.9321 | thought 0.1418 | 4.6 it/s
step    4850 | cos 0.9351 | thought 0.1531 | 4.6 it/s
step    4900 | cos 0.9354 | thought 0.133 | 4.7 it/s
step    4950 | cos 0.9355 | thought 0.1412 | 4.7 it/s
step    5000 | cos 0.9345 | thought 0.1524 | 4.6 it/s
step    5000 | VAL cos 0.9338 | VAL dec CE 0.1899
step    5050 | cos 0.9365 | thought 0.111 | 3.7 it/s
step    5100 | cos 0.9347 | thought 0.1385 | 4.6 it/s
step    5150 | cos 0.9327 | thought 0.1383 | 4.6 it/s
step    5200 | cos 0.9339 | thought 0.1324 | 4.6 it/s
step    5250 | cos 0.9349 | thought 0.1596 | 4.6 it/s
step    5300 | cos 0.9356 | thought 0.1116 | 4.7 it/s
step    5350 | cos 0.9377 | thought 0.1209 | 4.7 it/s
step    5400 | cos 0.9368 | thought 0.1362 | 4.7 it/s
step    5450 | cos 0.9355 | thought 0.1279 | 4.8 it/s
step    5500 | cos 0.9353 | thought 0.1425 | 4.8 it/s
step    5500 | VAL cos 0.9350 | VAL dec CE 0.1868
step    5550 | cos 0.9358 | thought 0.1337 | 3.7 it/s
step    5600 | cos 0.9370 | thought 0.1505 | 4.7 it/s
step    5650 | cos 0.9365 | thought 0.1294 | 4.8 it/s
step    5700 | cos 0.9361 | thought 0.1287 | 4.7 it/s
step    5750 | cos 0.9375 | thought 0.1194 | 4.8 it/s
step    5800 | cos 0.9363 | thought 0.1494 | 4.8 it/s
step    5850 | cos 0.9378 | thought 0.1326 | 4.8 it/s
step    5900 | cos 0.9365 | thought 0.1323 | 4.8 it/s
step    5950 | cos 0.9376 | thought 0.131 | 4.8 it/s
step    6000 | cos 0.9382 | thought 0.1297 | 4.8 it/s
step    6000 | VAL cos 0.9358 | VAL dec CE 0.1856
step    6050 | cos 0.9385 | thought 0.1227 | 3.7 it/s
step    6100 | cos 0.9391 | thought 0.1254 | 4.7 it/s
step    6150 | cos 0.9377 | thought 0.1559 | 4.8 it/s
step    6200 | cos 0.9384 | thought 0.1614 | 4.7 it/s
step    6250 | cos 0.9370 | thought 0.1461 | 4.7 it/s
step    6300 | cos 0.9394 | thought 0.1344 | 4.6 it/s
step    6350 | cos 0.9400 | thought 0.106 | 4.8 it/s
step    6400 | cos 0.9379 | thought 0.1392 | 4.7 it/s
step    6450 | cos 0.9384 | thought 0.1331 | 4.7 it/s
step    6500 | cos 0.9385 | thought 0.1264 | 4.8 it/s
step    6500 | VAL cos 0.9370 | VAL dec CE 0.1780
step    6550 | cos 0.9381 | thought 0.1487 | 3.7 it/s
step    6600 | cos 0.9389 | thought 0.1055 | 4.8 it/s
step    6650 | cos 0.9382 | thought 0.1312 | 4.7 it/s
step    6700 | cos 0.9370 | thought 0.1336 | 4.7 it/s
step    6750 | cos 0.9392 | thought 0.1336 | 4.7 it/s
step    6800 | cos 0.9373 | thought 0.1292 | 4.6 it/s
step    6850 | cos 0.9398 | thought 0.1004 | 4.7 it/s
step    6900 | cos 0.9394 | thought 0.1273 | 4.8 it/s
step    6950 | cos 0.9387 | thought 0.1181 | 4.7 it/s
step    7000 | cos 0.9396 | thought 0.133 | 4.8 it/s
step    7000 | VAL cos 0.9376 | VAL dec CE 0.1822
step    7050 | cos 0.9370 | thought 0.1327 | 3.8 it/s
step    7100 | cos 0.9403 | thought 0.1254 | 4.7 it/s
step    7150 | cos 0.9392 | thought 0.0979 | 4.7 it/s
step    7200 | cos 0.9389 | thought 0.1221 | 4.6 it/s
step    7250 | cos 0.9391 | thought 0.1596 | 4.7 it/s
step    7300 | cos 0.9400 | thought 0.1355 | 4.8 it/s
step    7350 | cos 0.9391 | thought 0.1087 | 4.8 it/s
step    7400 | cos 0.9387 | thought 0.1114 | 4.7 it/s
step    7450 | cos 0.9380 | thought 0.1101 | 4.7 it/s
step    7500 | cos 0.9389 | thought 0.0967 | 4.7 it/s
step    7500 | VAL cos 0.9383 | VAL dec CE 0.1769
step    7550 | cos 0.9419 | thought 0.1132 | 3.7 it/s
step    7600 | cos 0.9411 | thought 0.1335 | 4.8 it/s
step    7650 | cos 0.9410 | thought 0.1148 | 4.7 it/s
step    7700 | cos 0.9404 | thought 0.1126 | 4.8 it/s
step    7750 | cos 0.9402 | thought 0.1427 | 4.8 it/s
step    7800 | cos 0.9397 | thought 0.1314 | 4.7 it/s
step    7850 | cos 0.9381 | thought 0.1267 | 4.8 it/s
step    7900 | cos 0.9408 | thought 0.1355 | 4.7 it/s
step    7950 | cos 0.9404 | thought 0.1208 | 4.7 it/s
step    8000 | cos 0.9407 | thought 0.1111 | 4.7 it/s
step    8000 | VAL cos 0.9387 | VAL dec CE 0.1789
step    8050 | cos 0.9415 | thought 0.1193 | 3.8 it/s
step    8100 | cos 0.9393 | thought 0.1498 | 4.8 it/s
step    8150 | cos 0.9382 | thought 0.0989 | 4.7 it/s
step    8200 | cos 0.9395 | thought 0.1217 | 4.7 it/s
wall-clock cap reached at step 8212

Run 'ab_P0' done: 8212 steps | final val cos 0.9387 dec CE 0.1714 (best 0.1714)
/home/nochi/vault/projects/ThoughtVectors/thoughtvec/.venv/lib/python3.12/site-packages/torch/nn/modules/transformer.py:392: UserWarning: enable_nested_tensor is True, but self.use_nested_tensor is False because encoder_layer.norm_first was True
  warnings.warn(
{"ckpt": "checkpoints/ab_P0/best.pt", "val_cos": 0.4203, "val_dec_ce": 13.9365, "ref_f1": 0.2329, "distinct1": 0.0287, "distinct2": 0.1563, "len_ratio": 0.715, "rows": 1024}
