/home/nochi/vault/projects/ThoughtVectors/thoughtvec/.venv/lib/python3.12/site-packages/torch/nn/modules/transformer.py:392: UserWarning: enable_nested_tensor is True, but self.use_nested_tensor is False because encoder_layer.norm_first was True
  warnings.warn(
thinker params: 15.11M (codec d=384, frozen=True)
step      50 | cos 0.1260 | thought 1.9349 reverse 0.944 | 3.0 it/s
step     100 | cos 0.3376 | thought 1.729 reverse 0.8067 | 3.3 it/s
step     150 | cos 0.3567 | thought 1.7477 reverse 0.7778 | 3.3 it/s
step     200 | cos 0.3650 | thought 1.6416 reverse 0.7121 | 3.3 it/s
step     250 | cos 0.3944 | thought 1.5212 reverse 0.6682 | 3.3 it/s
step     300 | cos 0.4446 | thought 1.3294 reverse 0.5992 | 3.3 it/s
step     350 | cos 0.4662 | thought 1.2565 reverse 0.5227 | 3.3 it/s
step     400 | cos 0.4729 | thought 1.3137 reverse 0.5194 | 3.2 it/s
step     450 | cos 0.4771 | thought 1.238 reverse 0.4863 | 3.3 it/s
step     500 | cos 0.4809 | thought 1.2459 reverse 0.4478 | 3.3 it/s
step     500 | VAL cos 0.4814 | VAL dec CE 15.0683
step     550 | cos 0.4768 | thought 1.2217 reverse 0.4236 | 2.8 it/s
step     600 | cos 0.4827 | thought 1.1461 reverse 0.3833 | 3.3 it/s
step     650 | cos 0.4830 | thought 1.1935 reverse 0.3783 | 3.3 it/s
step     700 | cos 0.4816 | thought 1.131 reverse 0.3561 | 3.3 it/s
step     750 | cos 0.4838 | thought 1.1321 reverse 0.3297 | 3.2 it/s
step     800 | cos 0.4838 | thought 1.1612 reverse 0.3225 | 3.3 it/s
step     850 | cos 0.4814 | thought 1.1571 reverse 0.2963 | 3.3 it/s
step     900 | cos 0.4846 | thought 1.16 reverse 0.2751 | 3.3 it/s
step     950 | cos 0.4858 | thought 1.0705 reverse 0.2507 | 3.3 it/s
step    1000 | cos 0.4862 | thought 1.1631 reverse 0.235 | 3.2 it/s
step    1000 | VAL cos 0.4877 | VAL dec CE 14.1632
step    1050 | cos 0.4863 | thought 1.0751 reverse 0.2123 | 2.8 it/s
step    1100 | cos 0.4855 | thought 1.1118 reverse 0.1981 | 3.3 it/s
step    1150 | cos 0.4876 | thought 1.0868 reverse 0.1835 | 3.3 it/s
step    1200 | cos 0.4863 | thought 1.0347 reverse 0.1661 | 3.4 it/s
step    1250 | cos 0.4866 | thought 1.1135 reverse 0.1503 | 3.2 it/s
step    1300 | cos 0.4883 | thought 1.0368 reverse 0.135 | 3.3 it/s
step    1350 | cos 0.4873 | thought 1.0482 reverse 0.1164 | 3.3 it/s
step    1400 | cos 0.4928 | thought 0.987 reverse 0.1027 | 3.2 it/s
step    1450 | cos 0.4877 | thought 1.0139 reverse 0.0827 | 3.3 it/s
step    1500 | cos 0.4870 | thought 0.9964 reverse 0.0723 | 3.3 it/s
step    1500 | VAL cos 0.4897 | VAL dec CE 12.9040
step    1550 | cos 0.4909 | thought 1.0063 reverse 0.056 | 2.8 it/s
step    1600 | cos 0.4912 | thought 1.006 reverse 0.0433 | 3.3 it/s
step    1650 | cos 0.4901 | thought 0.9862 reverse 0.0265 | 3.3 it/s
step    1700 | cos 0.4918 | thought 1.0496 reverse 0.0125 | 3.3 it/s
step    1750 | cos 0.4924 | thought 0.9932 | 3.5 it/s
step    1800 | cos 0.4883 | thought 0.9928 | 4.9 it/s
step    1850 | cos 0.4963 | thought 0.9731 | 4.9 it/s
step    1900 | cos 0.4929 | thought 0.9873 | 4.9 it/s
step    1950 | cos 0.4911 | thought 0.9854 | 4.8 it/s
step    2000 | cos 0.4922 | thought 0.9968 | 4.8 it/s
step    2000 | VAL cos 0.4955 | VAL dec CE 12.3069
step    2050 | cos 0.4967 | thought 0.9836 | 3.9 it/s
step    2100 | cos 0.4967 | thought 0.9692 | 4.9 it/s
step    2150 | cos 0.4966 | thought 0.9437 | 4.8 it/s
step    2200 | cos 0.4941 | thought 1.015 | 4.8 it/s
step    2250 | cos 0.4977 | thought 0.992 | 4.8 it/s
step    2300 | cos 0.4928 | thought 0.9687 | 4.9 it/s
step    2350 | cos 0.4975 | thought 0.9657 | 4.9 it/s
step    2400 | cos 0.4944 | thought 0.9823 | 4.8 it/s
step    2450 | cos 0.4981 | thought 0.974 | 4.8 it/s
step    2500 | cos 0.4979 | thought 0.9564 | 4.9 it/s
step    2500 | VAL cos 0.4937 | VAL dec CE 12.1222
step    2550 | cos 0.4944 | thought 0.974 | 3.8 it/s
step    2600 | cos 0.4937 | thought 0.9724 | 4.8 it/s
step    2650 | cos 0.4978 | thought 0.9315 | 4.8 it/s
step    2700 | cos 0.4961 | thought 0.9836 | 4.8 it/s
step    2750 | cos 0.4966 | thought 0.9758 | 4.8 it/s
step    2800 | cos 0.4986 | thought 0.9905 | 4.8 it/s
step    2850 | cos 0.4992 | thought 0.9846 | 4.9 it/s
step    2900 | cos 0.4997 | thought 0.9595 | 4.8 it/s
step    2950 | cos 0.4994 | thought 0.9875 | 4.8 it/s
step    3000 | cos 0.4969 | thought 0.9481 | 4.8 it/s
step    3000 | VAL cos 0.5008 | VAL dec CE 12.0853
step    3050 | cos 0.4993 | thought 1.0104 | 3.8 it/s
step    3100 | cos 0.5025 | thought 0.9595 | 4.9 it/s
step    3150 | cos 0.5032 | thought 0.9676 | 4.8 it/s
step    3200 | cos 0.5013 | thought 0.9452 | 4.7 it/s
step    3250 | cos 0.4994 | thought 0.9966 | 4.8 it/s
step    3300 | cos 0.5026 | thought 0.9999 | 4.9 it/s
step    3350 | cos 0.5006 | thought 0.9617 | 4.8 it/s
step    3400 | cos 0.4986 | thought 0.9645 | 4.8 it/s
step    3450 | cos 0.4979 | thought 0.9512 | 4.9 it/s
step    3500 | cos 0.5022 | thought 0.9527 | 4.8 it/s
step    3500 | VAL cos 0.5022 | VAL dec CE 11.9405
step    3550 | cos 0.5015 | thought 0.9853 | 3.8 it/s
step    3600 | cos 0.5006 | thought 0.9803 | 4.8 it/s
step    3650 | cos 0.5022 | thought 0.9882 | 4.9 it/s
step    3700 | cos 0.5010 | thought 0.983 | 4.8 it/s
step    3750 | cos 0.5024 | thought 0.9553 | 4.8 it/s
step    3800 | cos 0.4983 | thought 0.963 | 4.8 it/s
step    3850 | cos 0.4986 | thought 0.9934 | 4.8 it/s
step    3900 | cos 0.5021 | thought 0.9232 | 4.8 it/s
step    3950 | cos 0.5037 | thought 0.9567 | 4.9 it/s
step    4000 | cos 0.4993 | thought 0.9749 | 4.8 it/s
step    4000 | VAL cos 0.5036 | VAL dec CE 12.0438
step    4050 | cos 0.5031 | thought 0.9829 | 3.9 it/s
step    4100 | cos 0.4982 | thought 0.9921 | 4.9 it/s
step    4150 | cos 0.4982 | thought 0.9457 | 4.7 it/s
step    4200 | cos 0.5029 | thought 0.9767 | 4.8 it/s
step    4250 | cos 0.5018 | thought 0.947 | 4.8 it/s
step    4300 | cos 0.5068 | thought 0.9542 | 4.8 it/s
step    4350 | cos 0.5018 | thought 0.9744 | 4.8 it/s
step    4400 | cos 0.5048 | thought 0.9333 | 4.9 it/s
step    4450 | cos 0.5039 | thought 0.9692 | 4.9 it/s
step    4500 | cos 0.5071 | thought 0.945 | 4.8 it/s
step    4500 | VAL cos 0.5060 | VAL dec CE 11.9001
step    4550 | cos 0.5052 | thought 0.9905 | 3.8 it/s
step    4600 | cos 0.5033 | thought 0.9725 | 4.9 it/s
step    4650 | cos 0.5060 | thought 0.9368 | 4.8 it/s
step    4700 | cos 0.5030 | thought 0.9446 | 4.9 it/s
step    4750 | cos 0.5028 | thought 0.981 | 4.7 it/s
step    4800 | cos 0.5001 | thought 0.98 | 4.8 it/s
step    4850 | cos 0.5055 | thought 0.9948 | 4.8 it/s
step    4900 | cos 0.5110 | thought 0.938 | 4.8 it/s
step    4950 | cos 0.5055 | thought 0.9559 | 4.8 it/s
step    5000 | cos 0.5029 | thought 0.9587 | 4.8 it/s
step    5000 | VAL cos 0.5059 | VAL dec CE 11.9795
step    5050 | cos 0.5070 | thought 0.9561 | 3.9 it/s
step    5100 | cos 0.5049 | thought 0.995 | 4.7 it/s
step    5150 | cos 0.5020 | thought 0.9792 | 4.8 it/s
step    5200 | cos 0.5034 | thought 0.9706 | 4.8 it/s
step    5250 | cos 0.5055 | thought 0.975 | 4.8 it/s
step    5300 | cos 0.5072 | thought 0.9384 | 4.8 it/s
step    5350 | cos 0.5068 | thought 0.941 | 4.8 it/s
step    5400 | cos 0.5050 | thought 1.001 | 4.9 it/s
step    5450 | cos 0.5067 | thought 0.9305 | 4.9 it/s
step    5500 | cos 0.5048 | thought 0.9625 | 4.9 it/s
step    5500 | VAL cos 0.5075 | VAL dec CE 11.8237
step    5550 | cos 0.5037 | thought 0.9484 | 3.8 it/s
step    5600 | cos 0.5066 | thought 0.9539 | 4.8 it/s
step    5650 | cos 0.5090 | thought 0.9293 | 5.0 it/s
step    5700 | cos 0.5050 | thought 0.943 | 4.9 it/s
step    5750 | cos 0.5088 | thought 0.9488 | 4.9 it/s
step    5800 | cos 0.5051 | thought 0.9848 | 4.9 it/s
step    5850 | cos 0.5068 | thought 0.9996 | 5.0 it/s
step    5900 | cos 0.5062 | thought 0.9691 | 4.9 it/s
step    5950 | cos 0.5074 | thought 0.9627 | 4.9 it/s
step    6000 | cos 0.5089 | thought 0.9258 | 5.0 it/s
step    6000 | VAL cos 0.5083 | VAL dec CE 11.9063
step    6050 | cos 0.5063 | thought 0.951 | 3.9 it/s
step    6100 | cos 0.5104 | thought 0.961 | 4.9 it/s
step    6150 | cos 0.5053 | thought 0.9719 | 4.9 it/s
step    6200 | cos 0.5097 | thought 1.0083 | 4.8 it/s
step    6250 | cos 0.5094 | thought 0.9725 | 4.8 it/s
step    6300 | cos 0.5076 | thought 0.9468 | 4.7 it/s
step    6350 | cos 0.5107 | thought 0.9493 | 4.9 it/s
step    6400 | cos 0.5059 | thought 0.9516 | 4.8 it/s
step    6450 | cos 0.5080 | thought 0.9551 | 4.8 it/s
step    6500 | cos 0.5071 | thought 0.9636 | 4.9 it/s
step    6500 | VAL cos 0.5094 | VAL dec CE 11.9320
step    6550 | cos 0.5072 | thought 0.972 | 4.0 it/s
step    6600 | cos 0.5091 | thought 0.927 | 5.0 it/s
step    6650 | cos 0.5076 | thought 0.9862 | 4.8 it/s
step    6700 | cos 0.5049 | thought 0.9664 | 4.8 it/s
step    6750 | cos 0.5087 | thought 0.9481 | 4.9 it/s
step    6800 | cos 0.5074 | thought 1.0018 | 4.8 it/s
step    6850 | cos 0.5080 | thought 0.9406 | 4.8 it/s
step    6900 | cos 0.5101 | thought 0.9755 | 5.0 it/s
step    6950 | cos 0.5092 | thought 0.9568 | 4.8 it/s
step    7000 | cos 0.5120 | thought 0.9388 | 4.9 it/s
step    7000 | VAL cos 0.5114 | VAL dec CE 11.8941
step    7050 | cos 0.5071 | thought 0.9638 | 3.9 it/s
step    7100 | cos 0.5092 | thought 0.9495 | 4.8 it/s
step    7150 | cos 0.5108 | thought 0.9271 | 4.8 it/s
step    7200 | cos 0.5061 | thought 0.9494 | 4.7 it/s
step    7250 | cos 0.5082 | thought 0.9881 | 4.8 it/s
step    7300 | cos 0.5087 | thought 0.9667 | 4.9 it/s
step    7350 | cos 0.5072 | thought 0.9512 | 4.8 it/s
step    7400 | cos 0.5068 | thought 0.947 | 4.8 it/s
step    7450 | cos 0.5085 | thought 0.9678 | 4.8 it/s
step    7500 | cos 0.5061 | thought 0.9557 | 4.8 it/s
step    7500 | VAL cos 0.5109 | VAL dec CE 11.8072
step    7550 | cos 0.5113 | thought 0.9471 | 3.8 it/s
step    7600 | cos 0.5118 | thought 0.9414 | 4.9 it/s
step    7650 | cos 0.5137 | thought 0.9433 | 4.8 it/s
wall-clock cap reached at step 7693

Run 'ab_T3' done: 7693 steps | final val cos 0.5112 dec CE 11.8703 (best 11.8072)
/home/nochi/vault/projects/ThoughtVectors/thoughtvec/.venv/lib/python3.12/site-packages/torch/nn/modules/transformer.py:392: UserWarning: enable_nested_tensor is True, but self.use_nested_tensor is False because encoder_layer.norm_first was True
  warnings.warn(
{"ckpt": "checkpoints/ab_T3/best.pt", "val_cos": 0.5099, "val_dec_ce": 11.8819, "ref_f1": 0.2558, "distinct1": 0.0377, "distinct2": 0.1529, "len_ratio": 0.696, "rows": 1024}
