/home/nochi/vault/projects/ThoughtVectors/thoughtvec/.venv/lib/python3.12/site-packages/torch/nn/modules/transformer.py:392: UserWarning: enable_nested_tensor is True, but self.use_nested_tensor is False because encoder_layer.norm_first was True
  warnings.warn(
thinker params: 15.10M (codec d=384, frozen=True)
step      50 | cos 0.1000 | thought 2.0679 | 4.5 it/s
step     100 | cos 0.3103 | thought 1.746 | 4.9 it/s
step     150 | cos 0.3530 | thought 1.7586 | 0.1 it/s
step     200 | cos 0.3618 | thought 1.645 | 4.8 it/s
step     250 | cos 0.3902 | thought 1.531 | 4.9 it/s
step     300 | cos 0.4348 | thought 1.3426 | 5.0 it/s
step     350 | cos 0.4602 | thought 1.2746 | 5.0 it/s
step     400 | cos 0.4689 | thought 1.3369 | 4.9 it/s
step     450 | cos 0.4738 | thought 1.2607 | 5.0 it/s
step     500 | cos 0.4788 | thought 1.2668 | 4.9 it/s
step     500 | VAL cos 0.4787 | VAL dec CE 14.8421
step     550 | cos 0.4752 | thought 1.2467 | 3.9 it/s
step     600 | cos 0.4807 | thought 1.1708 | 5.0 it/s
step     650 | cos 0.4815 | thought 1.2239 | 4.8 it/s
step     700 | cos 0.4810 | thought 1.1686 | 4.9 it/s
step     750 | cos 0.4831 | thought 1.1619 | 4.7 it/s
step     800 | cos 0.4817 | thought 1.1874 | 4.8 it/s
step     850 | cos 0.4807 | thought 1.1993 | 4.8 it/s
step     900 | cos 0.4839 | thought 1.2044 | 4.9 it/s
step     950 | cos 0.4851 | thought 1.1141 | 4.9 it/s
step    1000 | cos 0.4855 | thought 1.2005 | 4.8 it/s
step    1000 | VAL cos 0.4867 | VAL dec CE 14.7012
step    1050 | cos 0.4860 | thought 1.109 | 3.9 it/s
step    1100 | cos 0.4856 | thought 1.1555 | 4.9 it/s
step    1150 | cos 0.4873 | thought 1.1261 | 4.8 it/s
step    1200 | cos 0.4864 | thought 1.0759 | 4.9 it/s
step    1250 | cos 0.4872 | thought 1.1535 | 4.7 it/s
step    1300 | cos 0.4887 | thought 1.0775 | 4.8 it/s
step    1350 | cos 0.4883 | thought 1.0788 | 4.9 it/s
step    1400 | cos 0.4939 | thought 1.0218 | 4.7 it/s
step    1450 | cos 0.4885 | thought 1.0544 | 4.8 it/s
step    1500 | cos 0.4884 | thought 1.0329 | 4.9 it/s
step    1500 | VAL cos 0.4916 | VAL dec CE 13.3777
step    1550 | cos 0.4915 | thought 1.0502 | 3.8 it/s
step    1600 | cos 0.4920 | thought 1.0375 | 4.8 it/s
step    1650 | cos 0.4908 | thought 1.0163 | 4.9 it/s
step    1700 | cos 0.4921 | thought 1.092 | 4.8 it/s
step    1750 | cos 0.4932 | thought 1.0386 | 4.9 it/s
step    1800 | cos 0.4892 | thought 1.0251 | 4.9 it/s
step    1850 | cos 0.4971 | thought 1.0089 | 4.9 it/s
step    1900 | cos 0.4938 | thought 1.0159 | 4.9 it/s
step    1950 | cos 0.4915 | thought 1.0206 | 4.8 it/s
step    2000 | cos 0.4923 | thought 1.0298 | 4.8 it/s
step    2000 | VAL cos 0.4962 | VAL dec CE 12.9785
step    2050 | cos 0.4969 | thought 1.0192 | 3.9 it/s
step    2100 | cos 0.4975 | thought 0.9941 | 4.9 it/s
step    2150 | cos 0.4962 | thought 0.9715 | 4.9 it/s
step    2200 | cos 0.4933 | thought 1.0517 | 4.9 it/s
step    2250 | cos 0.4975 | thought 1.0171 | 4.9 it/s
step    2300 | cos 0.4929 | thought 0.9908 | 5.0 it/s
step    2350 | cos 0.4975 | thought 0.9937 | 5.0 it/s
step    2400 | cos 0.4939 | thought 1.0127 | 4.9 it/s
step    2450 | cos 0.4981 | thought 0.9871 | 4.9 it/s
step    2500 | cos 0.4982 | thought 0.9674 | 5.0 it/s
step    2500 | VAL cos 0.4958 | VAL dec CE 13.0354
step    2550 | cos 0.4948 | thought 0.9852 | 4.0 it/s
step    2600 | cos 0.4941 | thought 0.9894 | 4.9 it/s
step    2650 | cos 0.4978 | thought 0.941 | 4.9 it/s
step    2700 | cos 0.4960 | thought 0.9977 | 4.9 it/s
step    2750 | cos 0.4970 | thought 0.9856 | 4.9 it/s
step    2800 | cos 0.4986 | thought 0.9982 | 4.9 it/s
step    2850 | cos 0.4993 | thought 0.9966 | 5.0 it/s
step    2900 | cos 0.5000 | thought 0.9646 | 4.9 it/s
step    2950 | cos 0.5001 | thought 0.9977 | 4.9 it/s
step    3000 | cos 0.4977 | thought 0.9489 | 4.9 it/s
step    3000 | VAL cos 0.5008 | VAL dec CE 12.5794
step    3050 | cos 0.4993 | thought 1.0236 | 3.9 it/s
step    3100 | cos 0.5033 | thought 0.9618 | 4.9 it/s
step    3150 | cos 0.5033 | thought 0.979 | 4.9 it/s
step    3200 | cos 0.5011 | thought 0.9499 | 4.8 it/s
step    3250 | cos 0.5001 | thought 1.009 | 4.9 it/s
step    3300 | cos 0.5030 | thought 1.009 | 5.0 it/s
step    3350 | cos 0.5010 | thought 0.9652 | 4.9 it/s
step    3400 | cos 0.4984 | thought 0.9747 | 4.9 it/s
step    3450 | cos 0.4991 | thought 0.9577 | 5.0 it/s
step    3500 | cos 0.5022 | thought 0.9577 | 4.9 it/s
step    3500 | VAL cos 0.5025 | VAL dec CE 12.3431
step    3550 | cos 0.5022 | thought 0.987 | 4.0 it/s
step    3600 | cos 0.5014 | thought 0.9853 | 4.9 it/s
step    3650 | cos 0.5022 | thought 0.9849 | 5.0 it/s
step    3700 | cos 0.5016 | thought 0.9871 | 4.9 it/s
step    3750 | cos 0.5025 | thought 0.9631 | 5.0 it/s
step    3800 | cos 0.4991 | thought 0.9624 | 5.0 it/s
step    3850 | cos 0.4992 | thought 1.0037 | 4.9 it/s
step    3900 | cos 0.5028 | thought 0.9268 | 4.9 it/s
step    3950 | cos 0.5042 | thought 0.9577 | 5.0 it/s
step    4000 | cos 0.5003 | thought 0.9759 | 5.0 it/s
step    4000 | VAL cos 0.5041 | VAL dec CE 12.1663
step    4050 | cos 0.5034 | thought 0.9834 | 3.9 it/s
step    4100 | cos 0.4986 | thought 1.0014 | 5.0 it/s
step    4150 | cos 0.4987 | thought 0.9477 | 4.8 it/s
step    4200 | cos 0.5037 | thought 0.9774 | 4.9 it/s
step    4250 | cos 0.5025 | thought 0.9461 | 5.0 it/s
step    4300 | cos 0.5065 | thought 0.9568 | 4.9 it/s
step    4350 | cos 0.5020 | thought 0.9743 | 4.9 it/s
step    4400 | cos 0.5053 | thought 0.9287 | 5.0 it/s
step    4450 | cos 0.5048 | thought 0.9683 | 5.0 it/s
step    4500 | cos 0.5065 | thought 0.9482 | 4.9 it/s
step    4500 | VAL cos 0.5049 | VAL dec CE 11.9386
step    4550 | cos 0.5053 | thought 0.9928 | 3.9 it/s
step    4600 | cos 0.5031 | thought 0.9775 | 5.0 it/s
step    4650 | cos 0.5054 | thought 0.9379 | 5.0 it/s
step    4700 | cos 0.5033 | thought 0.9439 | 5.1 it/s
step    4750 | cos 0.5032 | thought 0.9822 | 4.8 it/s
step    4800 | cos 0.5001 | thought 0.9856 | 4.9 it/s
step    4850 | cos 0.5054 | thought 1.002 | 4.9 it/s
step    4900 | cos 0.5104 | thought 0.9388 | 4.8 it/s
step    4950 | cos 0.5048 | thought 0.9594 | 4.8 it/s
step    5000 | cos 0.5028 | thought 0.9639 | 4.8 it/s
step    5000 | VAL cos 0.5056 | VAL dec CE 11.9415
step    5050 | cos 0.5067 | thought 0.9541 | 3.9 it/s
step    5100 | cos 0.5045 | thought 0.9919 | 4.8 it/s
step    5150 | cos 0.5021 | thought 0.9798 | 4.8 it/s
step    5200 | cos 0.5035 | thought 0.9819 | 4.8 it/s
step    5250 | cos 0.5046 | thought 0.9737 | 4.8 it/s
step    5300 | cos 0.5069 | thought 0.9412 | 4.7 it/s
step    5350 | cos 0.5066 | thought 0.94 | 4.8 it/s
step    5400 | cos 0.5047 | thought 1.0065 | 4.8 it/s
step    5450 | cos 0.5056 | thought 0.9393 | 4.9 it/s
step    5500 | cos 0.5038 | thought 0.9645 | 4.9 it/s
step    5500 | VAL cos 0.5061 | VAL dec CE 11.8451
step    5550 | cos 0.5030 | thought 0.9541 | 3.9 it/s
step    5600 | cos 0.5060 | thought 0.961 | 4.8 it/s
step    5650 | cos 0.5080 | thought 0.934 | 4.9 it/s
wall-clock cap reached at step 5668

Run 'ab_T0' done: 5668 steps | final val cos 0.5068 dec CE 11.9449 (best 11.8451)
/home/nochi/vault/projects/ThoughtVectors/thoughtvec/.venv/lib/python3.12/site-packages/torch/nn/modules/transformer.py:392: UserWarning: enable_nested_tensor is True, but self.use_nested_tensor is False because encoder_layer.norm_first was True
  warnings.warn(
{"ckpt": "checkpoints/ab_T0/best.pt", "val_cos": 0.5055, "val_dec_ce": 11.9117, "ref_f1": 0.2535, "distinct1": 0.0315, "distinct2": 0.1293, "len_ratio": 0.658, "rows": 1024}
