/home/nochi/vault/projects/ThoughtVectors/thoughtvec/.venv/lib/python3.12/site-packages/torch/nn/modules/transformer.py:392: UserWarning: enable_nested_tensor is True, but self.use_nested_tensor is False because encoder_layer.norm_first was True
  warnings.warn(
thinker params: 15.11M (codec d=384, frozen=True)
step      50 | cos 0.0800 | thought 2.1216 dec_ce 2.3124 reverse 1.0236 | 2.7 it/s
step     100 | cos 0.2670 | thought 1.8852 dec_ce 2.2741 reverse 0.8757 | 2.9 it/s
step     150 | cos 0.2913 | thought 1.9211 dec_ce 2.3285 reverse 0.8232 | 2.9 it/s
step     200 | cos 0.3114 | thought 1.7297 dec_ce 2.3288 reverse 0.7097 | 2.8 it/s
step     250 | cos 0.3574 | thought 1.6292 dec_ce 2.0947 reverse 0.6615 | 2.9 it/s
step     300 | cos 0.3871 | thought 1.438 dec_ce 2.0942 reverse 0.6053 | 2.9 it/s
step     350 | cos 0.4030 | thought 1.3884 dec_ce 1.9409 reverse 0.5405 | 2.9 it/s
step     400 | cos 0.4192 | thought 1.4189 dec_ce 2.1337 reverse 0.5308 | 2.8 it/s
step     450 | cos 0.4332 | thought 1.3324 dec_ce 2.0673 reverse 0.4932 | 2.9 it/s
step     500 | cos 0.4444 | thought 1.3211 dec_ce 2.013 reverse 0.4393 | 2.8 it/s
step     500 | VAL cos 0.4467 | VAL dec CE 3.9934
step     550 | cos 0.4456 | thought 1.2804 dec_ce 2.0261 reverse 0.417 | 2.5 it/s
step     600 | cos 0.4527 | thought 1.2095 dec_ce 2.0523 reverse 0.3678 | 2.9 it/s
step     650 | cos 0.4548 | thought 1.2607 dec_ce 2.0482 reverse 0.3581 | 2.9 it/s
step     700 | cos 0.4545 | thought 1.1888 dec_ce 2.1026 reverse 0.3303 | 2.9 it/s
step     750 | cos 0.4580 | thought 1.2116 dec_ce 1.9017 reverse 0.3064 | 2.8 it/s
step     800 | cos 0.4566 | thought 1.2147 dec_ce 2.1661 reverse 0.2902 | 2.9 it/s
step     850 | cos 0.4551 | thought 1.2132 dec_ce 2.1047 reverse 0.2653 | 2.9 it/s
step     900 | cos 0.4581 | thought 1.2325 dec_ce 2.1522 reverse 0.2389 | 2.9 it/s
step     950 | cos 0.4602 | thought 1.1394 dec_ce 1.9362 reverse 0.2136 | 2.9 it/s
step    1000 | cos 0.4615 | thought 1.2122 dec_ce 2.1371 reverse 0.1974 | 2.9 it/s
step    1000 | VAL cos 0.4629 | VAL dec CE 3.9351
step    1050 | cos 0.4611 | thought 1.1288 dec_ce 1.966 reverse 0.1704 | 2.5 it/s
step    1100 | cos 0.4613 | thought 1.1801 dec_ce 2.0657 reverse 0.1542 | 2.9 it/s
step    1150 | cos 0.4625 | thought 1.153 dec_ce 2.104 reverse 0.1397 | 2.9 it/s
step    1200 | cos 0.4616 | thought 1.1056 dec_ce 1.9369 reverse 0.1184 | 2.9 it/s
step    1250 | cos 0.4617 | thought 1.1899 dec_ce 2.1342 reverse 0.099 | 2.8 it/s
step    1300 | cos 0.4639 | thought 1.1011 dec_ce 2.0346 reverse 0.0815 | 2.9 it/s
step    1350 | cos 0.4637 | thought 1.1006 dec_ce 1.9387 reverse 0.0606 | 2.9 it/s
step    1400 | cos 0.4678 | thought 1.0485 dec_ce 1.8814 reverse 0.045 | 2.8 it/s
step    1450 | cos 0.4630 | thought 1.0734 dec_ce 1.9956 reverse 0.0262 | 2.8 it/s
step    1500 | cos 0.4635 | thought 1.0468 dec_ce 1.9086 reverse 0.0098 | 2.9 it/s
step    1500 | VAL cos 0.4668 | VAL dec CE 3.9092
step    1550 | cos 0.4661 | thought 1.0777 dec_ce 2.0399 | 2.9 it/s
step    1600 | cos 0.4677 | thought 1.0747 dec_ce 2.1036 | 4.1 it/s
step    1650 | cos 0.4655 | thought 1.0531 dec_ce 1.9047 | 4.1 it/s
step    1700 | cos 0.4671 | thought 1.1149 dec_ce 2.0923 | 4.0 it/s
step    1750 | cos 0.4685 | thought 1.0684 dec_ce 2.1237 | 4.1 it/s
step    1800 | cos 0.4645 | thought 1.0696 dec_ce 2.0039 | 4.0 it/s
step    1850 | cos 0.4727 | thought 1.0444 dec_ce 2.0402 | 4.1 it/s
step    1900 | cos 0.4682 | thought 1.0664 dec_ce 2.0085 | 4.1 it/s
step    1950 | cos 0.4661 | thought 1.057 dec_ce 2.0012 | 4.0 it/s
step    2000 | cos 0.4678 | thought 1.0609 dec_ce 2.0807 | 3.9 it/s
step    2000 | VAL cos 0.4709 | VAL dec CE 3.8751
step    2050 | cos 0.4723 | thought 1.0509 dec_ce 2.0608 | 3.3 it/s
step    2100 | cos 0.4723 | thought 1.035 dec_ce 2.0057 | 4.1 it/s
step    2150 | cos 0.4712 | thought 1.005 dec_ce 1.8632 | 4.0 it/s
step    2200 | cos 0.4688 | thought 1.0819 dec_ce 2.1554 | 4.0 it/s
step    2250 | cos 0.4721 | thought 1.0447 dec_ce 2.0429 | 4.0 it/s
step    2300 | cos 0.4695 | thought 1.0173 dec_ce 2.0041 | 4.1 it/s
step    2350 | cos 0.4737 | thought 1.015 dec_ce 1.9626 | 4.1 it/s
step    2400 | cos 0.4701 | thought 1.048 dec_ce 1.9763 | 4.0 it/s
step    2450 | cos 0.4742 | thought 1.013 dec_ce 2.0118 | 4.0 it/s
step    2500 | cos 0.4754 | thought 1.0113 dec_ce 1.9592 | 4.1 it/s
step    2500 | VAL cos 0.4730 | VAL dec CE 3.8765
step    2550 | cos 0.4717 | thought 1.0183 dec_ce 1.989 | 3.3 it/s
step    2600 | cos 0.4713 | thought 1.0156 dec_ce 2.0384 | 4.0 it/s
step    2650 | cos 0.4753 | thought 0.9798 dec_ce 1.9933 | 4.1 it/s
step    2700 | cos 0.4730 | thought 1.0288 dec_ce 2.0933 | 4.0 it/s
step    2750 | cos 0.4738 | thought 1.0193 dec_ce 2.0116 | 4.1 it/s
step    2800 | cos 0.4758 | thought 1.0448 dec_ce 2.0432 | 4.1 it/s
step    2850 | cos 0.4763 | thought 1.0282 dec_ce 2.0094 | 4.0 it/s
step    2900 | cos 0.4777 | thought 1.0125 dec_ce 1.977 | 4.0 it/s
step    2950 | cos 0.4762 | thought 1.0326 dec_ce 2.0527 | 4.0 it/s
step    3000 | cos 0.4745 | thought 0.9919 dec_ce 2.0094 | 4.0 it/s
step    3000 | VAL cos 0.4790 | VAL dec CE 3.8421
step    3050 | cos 0.4763 | thought 1.071 dec_ce 2.0853 | 3.3 it/s
step    3100 | cos 0.4804 | thought 1.0129 dec_ce 2.0116 | 4.1 it/s
step    3150 | cos 0.4799 | thought 1.0197 dec_ce 2.0239 | 4.1 it/s
step    3200 | cos 0.4790 | thought 0.9941 dec_ce 2.0281 | 4.0 it/s
step    3250 | cos 0.4770 | thought 1.0469 dec_ce 2.1008 | 4.1 it/s
step    3300 | cos 0.4797 | thought 1.0512 dec_ce 2.0784 | 4.1 it/s
step    3350 | cos 0.4781 | thought 1.0093 dec_ce 2.0676 | 4.0 it/s
step    3400 | cos 0.4761 | thought 1.0286 dec_ce 2.0222 | 4.0 it/s
step    3450 | cos 0.4758 | thought 1.0073 dec_ce 1.8894 | 4.1 it/s
step    3500 | cos 0.4800 | thought 1.0032 dec_ce 1.9922 | 4.1 it/s
step    3500 | VAL cos 0.4791 | VAL dec CE 3.8284
step    3550 | cos 0.4794 | thought 1.0345 dec_ce 2.0409 | 3.4 it/s
step    3600 | cos 0.4785 | thought 1.0436 dec_ce 1.986 | 4.1 it/s
step    3650 | cos 0.4798 | thought 1.0279 dec_ce 1.9445 | 4.1 it/s
step    3700 | cos 0.4786 | thought 1.0326 dec_ce 1.9262 | 4.0 it/s
step    3750 | cos 0.4797 | thought 1.0055 dec_ce 1.949 | 4.1 it/s
step    3800 | cos 0.4756 | thought 1.0098 dec_ce 2.0356 | 4.0 it/s
step    3850 | cos 0.4769 | thought 1.0457 dec_ce 2.0154 | 4.0 it/s
step    3900 | cos 0.4800 | thought 0.9796 dec_ce 1.9599 | 4.0 it/s
step    3950 | cos 0.4811 | thought 1.0068 dec_ce 2.0879 | 4.1 it/s
step    4000 | cos 0.4775 | thought 1.0258 dec_ce 1.9855 | 4.1 it/s
step    4000 | VAL cos 0.4813 | VAL dec CE 3.8098
step    4050 | cos 0.4809 | thought 1.0309 dec_ce 2.0118 | 3.3 it/s
step    4100 | cos 0.4761 | thought 1.0563 dec_ce 2.0552 | 4.1 it/s
step    4150 | cos 0.4768 | thought 0.9911 dec_ce 1.9262 | 4.0 it/s
step    4200 | cos 0.4808 | thought 1.0287 dec_ce 2.0903 | 4.0 it/s
step    4250 | cos 0.4795 | thought 0.9996 dec_ce 1.9087 | 4.0 it/s
step    4300 | cos 0.4837 | thought 1.0102 dec_ce 2.0313 | 4.1 it/s
step    4350 | cos 0.4795 | thought 1.02 dec_ce 1.9422 | 4.0 it/s
step    4400 | cos 0.4825 | thought 0.9825 dec_ce 1.9728 | 4.1 it/s
step    4450 | cos 0.4826 | thought 1.0097 dec_ce 2.085 | 4.1 it/s
step    4500 | cos 0.4846 | thought 0.9984 dec_ce 2.0176 | 4.0 it/s
step    4500 | VAL cos 0.4823 | VAL dec CE 3.7959
step    4550 | cos 0.4834 | thought 1.0292 dec_ce 1.9992 | 3.3 it/s
step    4600 | cos 0.4811 | thought 1.027 dec_ce 2.041 | 4.1 it/s
step    4650 | cos 0.4830 | thought 0.9928 dec_ce 1.9574 | 4.1 it/s
step    4700 | cos 0.4812 | thought 0.9993 dec_ce 1.9699 | 4.1 it/s
step    4750 | cos 0.4803 | thought 1.0303 dec_ce 1.9083 | 3.9 it/s
step    4800 | cos 0.4786 | thought 1.0269 dec_ce 2.045 | 4.0 it/s
step    4850 | cos 0.4831 | thought 1.0586 dec_ce 2.156 | 4.0 it/s
step    4900 | cos 0.4878 | thought 0.9963 dec_ce 1.9552 | 4.0 it/s
step    4950 | cos 0.4833 | thought 1.0119 dec_ce 1.9862 | 4.1 it/s
step    5000 | cos 0.4806 | thought 1.0218 dec_ce 2.014 | 4.0 it/s
step    5000 | VAL cos 0.4839 | VAL dec CE 3.7872
step    5050 | cos 0.4851 | thought 1.0035 dec_ce 1.9743 | 3.3 it/s
step    5100 | cos 0.4822 | thought 1.0295 dec_ce 1.9088 | 4.0 it/s
step    5150 | cos 0.4799 | thought 1.0352 dec_ce 1.9906 | 4.0 it/s
step    5200 | cos 0.4816 | thought 1.0329 dec_ce 2.0001 | 4.0 it/s
step    5250 | cos 0.4824 | thought 1.0303 dec_ce 2.1345 | 3.9 it/s
step    5300 | cos 0.4846 | thought 0.9873 dec_ce 1.9926 | 4.0 it/s
step    5350 | cos 0.4854 | thought 0.9886 dec_ce 1.9765 | 4.0 it/s
step    5400 | cos 0.4829 | thought 1.0473 dec_ce 2.0376 | 4.1 it/s
step    5450 | cos 0.4844 | thought 0.99 dec_ce 1.9356 | 4.1 it/s
step    5500 | cos 0.4823 | thought 1.0157 dec_ce 1.9977 | 4.0 it/s
step    5500 | VAL cos 0.4844 | VAL dec CE 3.7799
step    5550 | cos 0.4816 | thought 1.0 dec_ce 1.9776 | 3.3 it/s
step    5600 | cos 0.4845 | thought 1.0104 dec_ce 2.0179 | 3.9 it/s
step    5650 | cos 0.4859 | thought 0.9879 dec_ce 1.8752 | 4.1 it/s
step    5700 | cos 0.4835 | thought 1.006 dec_ce 1.8947 | 4.0 it/s
step    5750 | cos 0.4849 | thought 1.0006 dec_ce 1.9231 | 4.0 it/s
step    5800 | cos 0.4827 | thought 1.0327 dec_ce 1.9992 | 4.0 it/s
step    5850 | cos 0.4839 | thought 1.0512 dec_ce 2.0999 | 4.1 it/s
step    5900 | cos 0.4837 | thought 1.0241 dec_ce 2.0563 | 4.0 it/s
step    5950 | cos 0.4854 | thought 1.0067 dec_ce 1.8253 | 4.1 it/s
step    6000 | cos 0.4863 | thought 0.988 dec_ce 1.8669 | 4.1 it/s
step    6000 | VAL cos 0.4849 | VAL dec CE 3.7722
step    6050 | cos 0.4834 | thought 1.0093 dec_ce 1.9011 | 3.3 it/s
step    6100 | cos 0.4870 | thought 1.015 dec_ce 1.9784 | 4.0 it/s
step    6150 | cos 0.4825 | thought 1.0262 dec_ce 2.0722 | 4.1 it/s
step    6200 | cos 0.4865 | thought 1.0599 dec_ce 2.0998 | 4.0 it/s
step    6250 | cos 0.4850 | thought 1.0182 dec_ce 2.0072 | 4.0 it/s
step    6300 | cos 0.4849 | thought 1.0002 dec_ce 1.9261 | 4.0 it/s
step    6350 | cos 0.4878 | thought 0.9974 dec_ce 1.9114 | 4.1 it/s
step    6400 | cos 0.4831 | thought 1.0021 dec_ce 2.0029 | 4.0 it/s
step    6450 | cos 0.4846 | thought 1.0178 dec_ce 1.9743 | 4.0 it/s
step    6500 | cos 0.4842 | thought 1.0109 dec_ce 1.9568 | 4.0 it/s
step    6500 | VAL cos 0.4860 | VAL dec CE 3.7690
wall-clock cap reached at step 6502

Run 'ab_T4' done: 6502 steps | final val cos 0.4858 dec CE 3.7695 (best 3.7690)
/home/nochi/vault/projects/ThoughtVectors/thoughtvec/.venv/lib/python3.12/site-packages/torch/nn/modules/transformer.py:392: UserWarning: enable_nested_tensor is True, but self.use_nested_tensor is False because encoder_layer.norm_first was True
  warnings.warn(
{"ckpt": "checkpoints/ab_T4/best.pt", "val_cos": 0.485, "val_dec_ce": 3.7959, "ref_f1": 0.2824, "distinct1": 0.0083, "distinct2": 0.027, "len_ratio": 0.818, "rows": 1024}
