=== thinker ablation C8 (1800s): thinker.w_decoder=0.5 thinker.k_ctx=8 ===
/home/nochi/vault/projects/ThoughtVectors/thoughtvec/.venv/lib/python3.12/site-packages/torch/nn/modules/transformer.py:392: UserWarning: enable_nested_tensor is True, but self.use_nested_tensor is False because encoder_layer.norm_first was True
  warnings.warn(
thinker params: 15.10M (codec d=384, frozen=True)
step      50 | cos 0.0525 | thought 2.3013 dec_ce 2.2982 | 4.9 it/s
step     100 | cos 0.2053 | thought 1.9817 dec_ce 2.2343 | 5.6 it/s
step     150 | cos 0.2684 | thought 1.9719 dec_ce 2.317 | 5.5 it/s
step     200 | cos 0.2764 | thought 1.906 dec_ce 2.3829 | 5.5 it/s
step     250 | cos 0.2883 | thought 1.8288 dec_ce 2.1762 | 5.5 it/s
step     300 | cos 0.3322 | thought 1.5875 dec_ce 2.1469 | 5.7 it/s
step     350 | cos 0.3677 | thought 1.5137 dec_ce 1.9599 | 5.7 it/s
step     400 | cos 0.3899 | thought 1.5369 dec_ce 2.1638 | 5.5 it/s
step     450 | cos 0.4072 | thought 1.4355 dec_ce 2.0914 | 5.6 it/s
step     500 | cos 0.4324 | thought 1.3781 dec_ce 2.0379 | 5.5 it/s
step     500 | VAL cos 0.4418 | VAL dec CE 4.0310
step     550 | cos 0.4429 | thought 1.3237 dec_ce 2.0373 | 4.4 it/s
step     600 | cos 0.4536 | thought 1.248 dec_ce 2.0585 | 5.7 it/s
step     650 | cos 0.4580 | thought 1.2932 dec_ce 2.0556 | 5.7 it/s
step     700 | cos 0.4590 | thought 1.2231 dec_ce 2.1203 | 5.7 it/s
step     750 | cos 0.4632 | thought 1.2287 dec_ce 1.9075 | 5.4 it/s
step     800 | cos 0.4624 | thought 1.237 dec_ce 2.1727 | 5.6 it/s
step     850 | cos 0.4617 | thought 1.2355 dec_ce 2.1222 | 5.5 it/s
step     900 | cos 0.4650 | thought 1.2504 dec_ce 2.1594 | 5.7 it/s
step     950 | cos 0.4666 | thought 1.1481 dec_ce 1.9433 | 5.6 it/s
step    1000 | cos 0.4684 | thought 1.223 dec_ce 2.1319 | 5.5 it/s
step    1000 | VAL cos 0.4701 | VAL dec CE 3.9508
step    1050 | cos 0.4685 | thought 1.1249 dec_ce 1.9663 | 4.4 it/s
step    1100 | cos 0.4689 | thought 1.1818 dec_ce 2.0875 | 5.6 it/s
step    1150 | cos 0.4706 | thought 1.1532 dec_ce 2.1066 | 5.6 it/s
step    1200 | cos 0.4693 | thought 1.1003 dec_ce 1.9564 | 5.6 it/s
step    1250 | cos 0.4698 | thought 1.18 dec_ce 2.1368 | 5.4 it/s
step    1300 | cos 0.4711 | thought 1.0944 dec_ce 2.0359 | 5.6 it/s
step    1350 | cos 0.4717 | thought 1.092 dec_ce 1.9499 | 5.6 it/s
step    1400 | cos 0.4767 | thought 1.0343 dec_ce 1.8899 | 5.4 it/s
step    1450 | cos 0.4723 | thought 1.0635 dec_ce 2.011 | 5.5 it/s
step    1500 | cos 0.4722 | thought 1.0342 dec_ce 1.9189 | 5.6 it/s
step    1500 | VAL cos 0.4755 | VAL dec CE 3.9176
step    1550 | cos 0.4748 | thought 1.0603 dec_ce 2.0492 | 4.4 it/s
step    1600 | cos 0.4767 | thought 1.0544 dec_ce 2.1067 | 5.7 it/s
step    1650 | cos 0.4749 | thought 1.03 dec_ce 1.9149 | 5.7 it/s
step    1700 | cos 0.4762 | thought 1.0895 dec_ce 2.1018 | 5.5 it/s
step    1750 | cos 0.4774 | thought 1.0456 dec_ce 2.1299 | 5.7 it/s
step    1800 | cos 0.4739 | thought 1.0446 dec_ce 2.0102 | 5.6 it/s
step    1850 | cos 0.4820 | thought 1.0166 dec_ce 2.0388 | 5.7 it/s
step    1900 | cos 0.4782 | thought 1.0377 dec_ce 2.0152 | 5.7 it/s
step    1950 | cos 0.4766 | thought 1.0309 dec_ce 2.0295 | 5.6 it/s
step    2000 | cos 0.4777 | thought 1.0364 dec_ce 2.0939 | 5.4 it/s
step    2000 | VAL cos 0.4811 | VAL dec CE 3.9011
step    2050 | cos 0.4821 | thought 1.0241 dec_ce 2.0687 | 4.4 it/s
step    2100 | cos 0.4823 | thought 1.0082 dec_ce 2.0043 | 5.7 it/s
step    2150 | cos 0.4815 | thought 0.9868 dec_ce 1.8753 | 5.6 it/s
step    2200 | cos 0.4798 | thought 1.0602 dec_ce 2.1798 | 5.6 it/s
step    2250 | cos 0.4829 | thought 1.0249 dec_ce 2.0534 | 5.6 it/s
step    2300 | cos 0.4800 | thought 0.9963 dec_ce 2.0181 | 5.6 it/s
step    2350 | cos 0.4840 | thought 0.9984 dec_ce 1.9723 | 5.7 it/s
step    2400 | cos 0.4802 | thought 1.0269 dec_ce 1.9922 | 5.5 it/s
step    2450 | cos 0.4840 | thought 0.9983 dec_ce 2.0267 | 5.5 it/s
step    2500 | cos 0.4845 | thought 0.9969 dec_ce 1.9738 | 5.6 it/s
step    2500 | VAL cos 0.4828 | VAL dec CE 3.8992
step    2550 | cos 0.4818 | thought 0.9955 dec_ce 2.0024 | 4.3 it/s
step    2600 | cos 0.4816 | thought 0.9975 dec_ce 2.0521 | 5.6 it/s
step    2650 | cos 0.4848 | thought 0.9649 dec_ce 2.0021 | 5.7 it/s
step    2700 | cos 0.4826 | thought 1.0092 dec_ce 2.1041 | 5.5 it/s
step    2750 | cos 0.4836 | thought 1.0031 dec_ce 2.0225 | 5.6 it/s
step    2800 | cos 0.4856 | thought 1.0244 dec_ce 2.0555 | 5.6 it/s
step    2850 | cos 0.4859 | thought 1.0139 dec_ce 2.0281 | 5.6 it/s
step    2900 | cos 0.4869 | thought 0.9988 dec_ce 2.0029 | 5.6 it/s
step    2950 | cos 0.4863 | thought 1.01 dec_ce 2.0644 | 5.5 it/s
step    3000 | cos 0.4847 | thought 0.9708 dec_ce 2.0214 | 5.6 it/s
step    3000 | VAL cos 0.4887 | VAL dec CE 3.8764
step    3050 | cos 0.4859 | thought 1.053 dec_ce 2.0991 | 4.4 it/s
step    3100 | cos 0.4898 | thought 0.9852 dec_ce 2.0255 | 5.7 it/s
step    3150 | cos 0.4899 | thought 1.0065 dec_ce 2.0463 | 5.6 it/s
step    3200 | cos 0.4887 | thought 0.9722 dec_ce 2.0433 | 5.5 it/s
step    3250 | cos 0.4869 | thought 1.0299 dec_ce 2.1136 | 5.6 it/s
step    3300 | cos 0.4895 | thought 1.0317 dec_ce 2.0881 | 5.6 it/s
step    3350 | cos 0.4879 | thought 0.9879 dec_ce 2.0878 | 5.5 it/s
step    3400 | cos 0.4859 | thought 1.0052 dec_ce 2.0333 | 5.5 it/s
step    3450 | cos 0.4861 | thought 0.9862 dec_ce 1.9051 | 5.7 it/s
step    3500 | cos 0.4898 | thought 0.9875 dec_ce 2.0186 | 5.6 it/s
step    3500 | VAL cos 0.4892 | VAL dec CE 3.8689
step    3550 | cos 0.4893 | thought 1.0105 dec_ce 2.0639 | 4.4 it/s
step    3600 | cos 0.4883 | thought 1.0207 dec_ce 2.0047 | 5.6 it/s
step    3650 | cos 0.4890 | thought 1.0127 dec_ce 1.9612 | 5.6 it/s
step    3700 | cos 0.4881 | thought 1.0112 dec_ce 1.9418 | 5.5 it/s
step    3750 | cos 0.4897 | thought 0.9829 dec_ce 1.977 | 5.6 it/s
step    3800 | cos 0.4852 | thought 0.9974 dec_ce 2.0587 | 5.5 it/s
step    3850 | cos 0.4864 | thought 1.0344 dec_ce 2.0351 | 5.6 it/s
step    3900 | cos 0.4901 | thought 0.9563 dec_ce 1.9823 | 5.6 it/s
step    3950 | cos 0.4908 | thought 0.9838 dec_ce 2.1059 | 5.8 it/s
step    4000 | cos 0.4871 | thought 1.0049 dec_ce 1.997 | 5.6 it/s
step    4000 | VAL cos 0.4916 | VAL dec CE 3.8437
step    4050 | cos 0.4907 | thought 1.0157 dec_ce 2.039 | 4.3 it/s
step    4100 | cos 0.4857 | thought 1.0252 dec_ce 2.0653 | 5.7 it/s
step    4150 | cos 0.4857 | thought 0.9769 dec_ce 1.9415 | 5.5 it/s
step    4200 | cos 0.4901 | thought 1.0096 dec_ce 2.1144 | 5.5 it/s
step    4250 | cos 0.4893 | thought 0.983 dec_ce 1.9266 | 5.6 it/s
step    4300 | cos 0.4942 | thought 0.9844 dec_ce 2.0414 | 5.6 it/s
step    4350 | cos 0.4899 | thought 1.017 dec_ce 1.9697 | 5.5 it/s
step    4400 | cos 0.4925 | thought 0.9584 dec_ce 1.9851 | 5.7 it/s
step    4450 | cos 0.4913 | thought 1.0002 dec_ce 2.0911 | 5.7 it/s
step    4500 | cos 0.4947 | thought 0.9748 dec_ce 2.0268 | 5.6 it/s
step    4500 | VAL cos 0.4930 | VAL dec CE 3.8439
step    4550 | cos 0.4924 | thought 1.0131 dec_ce 2.0105 | 4.5 it/s
step    4600 | cos 0.4906 | thought 1.0072 dec_ce 2.0503 | 5.7 it/s
step    4650 | cos 0.4928 | thought 0.9779 dec_ce 1.9765 | 5.6 it/s
step    4700 | cos 0.4912 | thought 0.9818 dec_ce 1.9794 | 5.7 it/s
step    4750 | cos 0.4905 | thought 1.0159 dec_ce 1.9138 | 5.4 it/s
step    4800 | cos 0.4880 | thought 1.005 dec_ce 2.0565 | 5.5 it/s
step    4850 | cos 0.4928 | thought 1.0327 dec_ce 2.1762 | 5.5 it/s
step    4900 | cos 0.4975 | thought 0.9736 dec_ce 1.9749 | 5.5 it/s
step    4950 | cos 0.4931 | thought 0.9938 dec_ce 1.9992 | 5.6 it/s
step    5000 | cos 0.4904 | thought 1.0017 dec_ce 2.0301 | 5.5 it/s
step    5000 | VAL cos 0.4941 | VAL dec CE 3.8262
step    5050 | cos 0.4951 | thought 0.9822 dec_ce 1.9943 | 4.4 it/s
step    5100 | cos 0.4924 | thought 1.0145 dec_ce 1.9308 | 5.5 it/s
step    5150 | cos 0.4899 | thought 1.019 dec_ce 2.0125 | 5.4 it/s
step    5200 | cos 0.4920 | thought 1.0117 dec_ce 2.0196 | 5.5 it/s
step    5250 | cos 0.4930 | thought 1.0066 dec_ce 2.1596 | 5.4 it/s
step    5300 | cos 0.4947 | thought 0.9693 dec_ce 2.0052 | 5.5 it/s
step    5350 | cos 0.4946 | thought 0.9711 dec_ce 1.9899 | 5.6 it/s
step    5400 | cos 0.4932 | thought 1.0271 dec_ce 2.056 | 5.6 it/s
step    5450 | cos 0.4948 | thought 0.9653 dec_ce 1.965 | 5.7 it/s
step    5500 | cos 0.4929 | thought 0.9907 dec_ce 2.0178 | 5.6 it/s
step    5500 | VAL cos 0.4951 | VAL dec CE 3.8210
step    5550 | cos 0.4914 | thought 0.9841 dec_ce 1.9866 | 4.4 it/s
step    5600 | cos 0.4942 | thought 0.9832 dec_ce 2.0337 | 5.4 it/s
step    5650 | cos 0.4966 | thought 0.9677 dec_ce 1.8974 | 5.7 it/s
step    5700 | cos 0.4937 | thought 0.986 dec_ce 1.9118 | 5.5 it/s
step    5750 | cos 0.4955 | thought 0.98 dec_ce 1.9364 | 5.6 it/s
step    5800 | cos 0.4929 | thought 1.0131 dec_ce 2.0262 | 5.6 it/s
step    5850 | cos 0.4944 | thought 1.0284 dec_ce 2.1092 | 5.7 it/s
step    5900 | cos 0.4946 | thought 0.999 dec_ce 2.0809 | 5.6 it/s
step    5950 | cos 0.4962 | thought 0.9886 dec_ce 1.8305 | 5.7 it/s
step    6000 | cos 0.4969 | thought 0.9677 dec_ce 1.895 | 5.7 it/s
step    6000 | VAL cos 0.4961 | VAL dec CE 3.8048
step    6050 | cos 0.4937 | thought 0.994 dec_ce 1.9026 | 4.4 it/s
step    6100 | cos 0.4978 | thought 0.9969 dec_ce 1.9929 | 5.6 it/s
step    6150 | cos 0.4936 | thought 1.008 dec_ce 2.0924 | 5.7 it/s
step    6200 | cos 0.4978 | thought 1.0333 dec_ce 2.1175 | 5.6 it/s
step    6250 | cos 0.4966 | thought 1.0029 dec_ce 2.024 | 5.5 it/s
step    6300 | cos 0.4960 | thought 0.9759 dec_ce 1.9338 | 5.4 it/s
step    6350 | cos 0.4984 | thought 0.9793 dec_ce 1.9324 | 5.8 it/s
step    6400 | cos 0.4937 | thought 0.9869 dec_ce 2.0332 | 5.4 it/s
step    6450 | cos 0.4952 | thought 0.9979 dec_ce 2.0136 | 5.6 it/s
step    6500 | cos 0.4949 | thought 0.9919 dec_ce 1.9777 | 5.6 it/s
step    6500 | VAL cos 0.4966 | VAL dec CE 3.8036
step    6550 | cos 0.4958 | thought 1.0109 dec_ce 2.0769 | 4.4 it/s
step    6600 | cos 0.4978 | thought 0.9685 dec_ce 1.9245 | 5.8 it/s
step    6650 | cos 0.4961 | thought 1.0172 dec_ce 2.1811 | 5.6 it/s
step    6700 | cos 0.4938 | thought 0.9951 dec_ce 2.0256 | 5.5 it/s
step    6750 | cos 0.4968 | thought 0.9856 dec_ce 2.0137 | 5.6 it/s
step    6800 | cos 0.4959 | thought 1.0253 dec_ce 2.0524 | 5.4 it/s
step    6850 | cos 0.4965 | thought 0.9613 dec_ce 1.9475 | 5.5 it/s
step    6900 | cos 0.4986 | thought 1.0006 dec_ce 1.9806 | 5.8 it/s
step    6950 | cos 0.4976 | thought 0.9822 dec_ce 1.9262 | 5.5 it/s
step    7000 | cos 0.4999 | thought 0.9745 dec_ce 1.8869 | 5.6 it/s
step    7000 | VAL cos 0.4987 | VAL dec CE 3.7885
step    7050 | cos 0.4954 | thought 0.9983 dec_ce 1.9735 | 4.3 it/s
step    7100 | cos 0.4983 | thought 0.9854 dec_ce 1.9459 | 5.7 it/s
step    7150 | cos 0.4999 | thought 0.9478 dec_ce 1.8997 | 5.6 it/s
step    7200 | cos 0.4956 | thought 0.9778 dec_ce 1.9475 | 5.5 it/s
step    7250 | cos 0.4973 | thought 1.0225 dec_ce 2.0853 | 5.6 it/s
step    7300 | cos 0.4977 | thought 1.005 dec_ce 1.9726 | 5.6 it/s
step    7350 | cos 0.4963 | thought 0.9835 dec_ce 1.917 | 5.6 it/s
step    7400 | cos 0.4960 | thought 0.9793 dec_ce 2.0609 | 5.5 it/s
step    7450 | cos 0.4970 | thought 1.0027 dec_ce 2.0974 | 5.5 it/s
step    7500 | cos 0.4954 | thought 0.9828 dec_ce 1.9365 | 5.6 it/s
step    7500 | VAL cos 0.4999 | VAL dec CE 3.7846
step    7550 | cos 0.5004 | thought 0.9795 dec_ce 2.0068 | 4.5 it/s
step    7600 | cos 0.5011 | thought 0.9807 dec_ce 1.9889 | 5.7 it/s
step    7650 | cos 0.5021 | thought 0.9718 dec_ce 1.9952 | 5.6 it/s
step    7700 | cos 0.4984 | thought 0.9725 dec_ce 1.9244 | 5.7 it/s
step    7750 | cos 0.4974 | thought 0.9944 dec_ce 2.0529 | 5.6 it/s
step    7800 | cos 0.4969 | thought 1.0236 dec_ce 1.9639 | 5.5 it/s
step    7850 | cos 0.4958 | thought 0.9782 dec_ce 1.9848 | 5.6 it/s
step    7900 | cos 0.4985 | thought 0.9867 dec_ce 2.0136 | 5.7 it/s
step    7950 | cos 0.4985 | thought 0.9862 dec_ce 1.9554 | 5.5 it/s
step    8000 | cos 0.5003 | thought 0.9801 dec_ce 1.8814 | 5.5 it/s
step    8000 | VAL cos 0.5001 | VAL dec CE 3.7766
step    8050 | cos 0.5020 | thought 0.9861 dec_ce 2.0137 | 4.4 it/s
step    8100 | cos 0.4963 | thought 0.9884 dec_ce 1.9364 | 5.6 it/s
step    8150 | cos 0.4956 | thought 0.9579 dec_ce 1.8359 | 5.6 it/s
step    8200 | cos 0.4985 | thought 0.9919 dec_ce 1.9746 | 5.3 it/s
step    8250 | cos 0.4949 | thought 0.9381 dec_ce 1.8654 | 5.4 it/s
step    8300 | cos 0.4979 | thought 0.992 dec_ce 1.9966 | 5.5 it/s
step    8350 | cos 0.4982 | thought 0.9846 dec_ce 2.0762 | 5.6 it/s
step    8400 | cos 0.5009 | thought 0.9856 dec_ce 1.924 | 5.7 it/s
step    8450 | cos 0.4947 | thought 1.0066 dec_ce 1.9201 | 5.6 it/s
step    8500 | cos 0.4989 | thought 0.9575 dec_ce 1.7929 | 5.6 it/s
step    8500 | VAL cos 0.5004 | VAL dec CE 3.7721
step    8550 | cos 0.4995 | thought 0.9856 dec_ce 1.9441 | 4.4 it/s
step    8600 | cos 0.4972 | thought 0.9577 dec_ce 2.0174 | 5.6 it/s
step    8650 | cos 0.5009 | thought 0.9751 dec_ce 1.9009 | 5.8 it/s
step    8700 | cos 0.5009 | thought 0.9587 dec_ce 2.0126 | 5.6 it/s
step    8750 | cos 0.4993 | thought 0.9864 dec_ce 1.9193 | 5.5 it/s
step    8800 | cos 0.5038 | thought 0.9732 dec_ce 2.0521 | 5.6 it/s
step    8850 | cos 0.4992 | thought 0.9828 dec_ce 2.0177 | 5.5 it/s
step    8900 | cos 0.5001 | thought 1.0228 dec_ce 1.9575 | 5.7 it/s
step    8950 | cos 0.4972 | thought 0.9936 dec_ce 1.9895 | 5.5 it/s
step    9000 | cos 0.5012 | thought 0.9491 dec_ce 1.939 | 5.5 it/s
step    9000 | VAL cos 0.5014 | VAL dec CE 3.7678
step    9050 | cos 0.5009 | thought 0.9467 dec_ce 1.89 | 4.5 it/s
step    9100 | cos 0.4993 | thought 0.9558 dec_ce 1.8849 | 5.5 it/s
step    9150 | cos 0.5007 | thought 0.9466 dec_ce 1.9559 | 5.5 it/s
step    9200 | cos 0.5003 | thought 0.92 dec_ce 1.8227 | 5.6 it/s
step    9250 | cos 0.5020 | thought 0.9778 dec_ce 1.9645 | 5.7 it/s
step    9300 | cos 0.5020 | thought 0.9993 dec_ce 1.9904 | 5.6 it/s
step    9350 | cos 0.5014 | thought 1.0061 dec_ce 1.9268 | 5.6 it/s
step    9400 | cos 0.4977 | thought 0.9925 dec_ce 1.9123 | 5.5 it/s
step    9450 | cos 0.4962 | thought 0.9644 dec_ce 1.947 | 5.6 it/s
step    9500 | cos 0.4971 | thought 0.9925 dec_ce 2.0132 | 5.5 it/s
step    9500 | VAL cos 0.5012 | VAL dec CE 3.7659
step    9550 | cos 0.5002 | thought 0.9632 dec_ce 1.8794 | 4.4 it/s
step    9600 | cos 0.4992 | thought 0.9677 dec_ce 1.9448 | 5.4 it/s
step    9650 | cos 0.5006 | thought 0.9914 dec_ce 1.8572 | 5.5 it/s
step    9700 | cos 0.5004 | thought 0.985 dec_ce 1.9429 | 5.6 it/s
step    9750 | cos 0.5042 | thought 0.9761 dec_ce 1.8954 | 5.6 it/s
wall-clock cap reached at step 9779

Run 'ab_C8' done: 9779 steps | final val cos 0.5013 dec CE 3.7658 (best 3.7658)
/home/nochi/vault/projects/ThoughtVectors/thoughtvec/.venv/lib/python3.12/site-packages/torch/nn/modules/transformer.py:392: UserWarning: enable_nested_tensor is True, but self.use_nested_tensor is False because encoder_layer.norm_first was True
  warnings.warn(
{"ckpt": "checkpoints/ab_C8/best.pt", "val_cos": 0.5006, "val_dec_ce": 3.7936, "ref_f1": 0.2963, "distinct1": 0.0089, "distinct2": 0.0313, "len_ratio": 0.87, "rows": 1024}
=== thinker ablation D8 (1800s): thinker.w_thought=0.0 thinker.w_decoder=1.0 thinker.k_ctx=8 ===
/home/nochi/vault/projects/ThoughtVectors/thoughtvec/.venv/lib/python3.12/site-packages/torch/nn/modules/transformer.py:392: UserWarning: enable_nested_tensor is True, but self.use_nested_tensor is False because encoder_layer.norm_first was True
  warnings.warn(
thinker params: 15.10M (codec d=384, frozen=True)
step      50 | cos 0.0398 | dec_ce 4.5464 | 4.9 it/s
step     100 | cos 0.0903 | dec_ce 4.3347 | 5.6 it/s
step     150 | cos 0.1002 | dec_ce 4.4319 | 5.5 it/s
step     200 | cos 0.1071 | dec_ce 4.5607 | 5.5 it/s
step     250 | cos 0.1137 | dec_ce 4.158 | 5.5 it/s
step     300 | cos 0.1197 | dec_ce 4.1634 | 5.8 it/s
step     350 | cos 0.1286 | dec_ce 3.8029 | 5.7 it/s
step     400 | cos 0.1307 | dec_ce 4.2447 | 5.5 it/s
step     450 | cos 0.1295 | dec_ce 4.0921 | 5.6 it/s
step     500 | cos 0.1320 | dec_ce 3.9426 | 5.5 it/s
step     500 | VAL cos 0.1300 | VAL dec CE 3.9464
step     550 | cos 0.1294 | dec_ce 4.0114 | 4.4 it/s
step     600 | cos 0.1331 | dec_ce 4.0394 | 5.7 it/s
step     650 | cos 0.1273 | dec_ce 4.0675 | 5.7 it/s
step     700 | cos 0.1289 | dec_ce 4.1985 | 5.7 it/s
step     750 | cos 0.1274 | dec_ce 3.7273 | 5.4 it/s
step     800 | cos 0.1255 | dec_ce 4.2567 | 5.6 it/s
step     850 | cos 0.1235 | dec_ce 4.1739 | 5.5 it/s
step     900 | cos 0.1225 | dec_ce 4.2507 | 5.7 it/s
step     950 | cos 0.1198 | dec_ce 3.7963 | 5.6 it/s
step    1000 | cos 0.1202 | dec_ce 4.2012 | 5.5 it/s
step    1000 | VAL cos 0.1201 | VAL dec CE 3.8584
step    1050 | cos 0.1155 | dec_ce 3.8529 | 4.4 it/s
step    1100 | cos 0.1146 | dec_ce 4.0697 | 5.6 it/s
step    1150 | cos 0.1149 | dec_ce 4.1183 | 5.6 it/s
step    1200 | cos 0.1116 | dec_ce 3.8114 | 5.7 it/s
step    1250 | cos 0.1118 | dec_ce 4.2042 | 5.4 it/s
step    1300 | cos 0.1110 | dec_ce 3.9306 | 5.6 it/s
step    1350 | cos 0.1105 | dec_ce 3.8069 | 5.6 it/s
step    1400 | cos 0.1097 | dec_ce 3.6207 | 5.4 it/s
step    1450 | cos 0.1051 | dec_ce 3.8552 | 5.5 it/s
step    1500 | cos 0.1048 | dec_ce 3.6767 | 5.6 it/s
step    1500 | VAL cos 0.1089 | VAL dec CE 3.8069
step    1550 | cos 0.1058 | dec_ce 4.0181 | 4.4 it/s
step    1600 | cos 0.1057 | dec_ce 4.127 | 5.7 it/s
step    1650 | cos 0.1046 | dec_ce 3.7206 | 5.7 it/s
step    1700 | cos 0.1032 | dec_ce 4.1114 | 5.5 it/s
step    1750 | cos 0.1032 | dec_ce 4.1185 | 5.7 it/s
step    1800 | cos 0.1021 | dec_ce 3.9191 | 5.6 it/s
step    1850 | cos 0.1030 | dec_ce 3.9826 | 5.7 it/s
step    1900 | cos 0.1044 | dec_ce 3.911 | 5.7 it/s
step    1950 | cos 0.1004 | dec_ce 3.9204 | 5.6 it/s
step    2000 | cos 0.1014 | dec_ce 4.0244 | 5.4 it/s
step    2000 | VAL cos 0.1009 | VAL dec CE 3.7518
step    2050 | cos 0.1021 | dec_ce 3.9981 | 4.4 it/s
step    2100 | cos 0.1015 | dec_ce 3.8558 | 5.7 it/s
step    2150 | cos 0.1021 | dec_ce 3.6001 | 5.6 it/s
step    2200 | cos 0.0995 | dec_ce 4.1793 | 5.6 it/s
step    2250 | cos 0.0997 | dec_ce 3.9542 | 5.6 it/s
step    2300 | cos 0.0978 | dec_ce 3.886 | 5.7 it/s
step    2350 | cos 0.0994 | dec_ce 3.7946 | 5.7 it/s
step    2400 | cos 0.0975 | dec_ce 3.8512 | 5.5 it/s
step    2450 | cos 0.0965 | dec_ce 3.8323 | 5.5 it/s
step    2500 | cos 0.0981 | dec_ce 3.8253 | 5.7 it/s
step    2500 | VAL cos 0.0976 | VAL dec CE 3.7338
step    2550 | cos 0.0964 | dec_ce 3.8138 | 4.3 it/s
step    2600 | cos 0.0945 | dec_ce 3.9769 | 5.6 it/s
step    2650 | cos 0.0963 | dec_ce 3.83 | 5.7 it/s
step    2700 | cos 0.0955 | dec_ce 4.0289 | 5.5 it/s
step    2750 | cos 0.0952 | dec_ce 3.8614 | 5.6 it/s
step    2800 | cos 0.0961 | dec_ce 3.9931 | 5.7 it/s
step    2850 | cos 0.0946 | dec_ce 3.8981 | 5.6 it/s
step    2900 | cos 0.0968 | dec_ce 3.8223 | 5.6 it/s
step    2950 | cos 0.0956 | dec_ce 3.972 | 5.5 it/s
step    3000 | cos 0.0931 | dec_ce 3.8395 | 5.6 it/s
step    3000 | VAL cos 0.0943 | VAL dec CE 3.7044
step    3050 | cos 0.0955 | dec_ce 4.0742 | 4.4 it/s
step    3100 | cos 0.0964 | dec_ce 3.8955 | 5.7 it/s
step    3150 | cos 0.0936 | dec_ce 3.9077 | 5.6 it/s
step    3200 | cos 0.0938 | dec_ce 3.9371 | 5.5 it/s
step    3250 | cos 0.0936 | dec_ce 4.0774 | 5.6 it/s
step    3300 | cos 0.0917 | dec_ce 4.0396 | 5.6 it/s
step    3350 | cos 0.0908 | dec_ce 3.9838 | 5.5 it/s
step    3400 | cos 0.0921 | dec_ce 3.9009 | 5.5 it/s
step    3450 | cos 0.0909 | dec_ce 3.6429 | 5.7 it/s
step    3500 | cos 0.0930 | dec_ce 3.7988 | 5.6 it/s
step    3500 | VAL cos 0.0888 | VAL dec CE 3.6873
step    3550 | cos 0.0907 | dec_ce 3.836 | 4.4 it/s
step    3600 | cos 0.0923 | dec_ce 3.8404 | 5.6 it/s
step    3650 | cos 0.0913 | dec_ce 3.7126 | 5.6 it/s
step    3700 | cos 0.0900 | dec_ce 3.7134 | 5.6 it/s
step    3750 | cos 0.0889 | dec_ce 3.6761 | 5.6 it/s
step    3800 | cos 0.0864 | dec_ce 3.9715 | 5.5 it/s
step    3850 | cos 0.0878 | dec_ce 3.9262 | 5.6 it/s
step    3900 | cos 0.0890 | dec_ce 3.7534 | 5.6 it/s
step    3950 | cos 0.0884 | dec_ce 4.0635 | 5.8 it/s
step    4000 | cos 0.0874 | dec_ce 3.8021 | 5.6 it/s
step    4000 | VAL cos 0.0871 | VAL dec CE 3.6604
step    4050 | cos 0.0869 | dec_ce 3.8991 | 4.4 it/s
step    4100 | cos 0.0852 | dec_ce 3.9426 | 5.7 it/s
step    4150 | cos 0.0855 | dec_ce 3.6931 | 5.5 it/s
step    4200 | cos 0.0876 | dec_ce 4.0492 | 5.6 it/s
step    4250 | cos 0.0892 | dec_ce 3.6309 | 5.6 it/s
step    4300 | cos 0.0878 | dec_ce 3.8826 | 5.7 it/s
step    4350 | cos 0.0856 | dec_ce 3.7231 | 5.5 it/s
step    4400 | cos 0.0867 | dec_ce 3.7461 | 5.6 it/s
step    4450 | cos 0.0858 | dec_ce 3.9819 | 5.7 it/s
step    4500 | cos 0.0872 | dec_ce 3.8885 | 5.6 it/s
step    4500 | VAL cos 0.0839 | VAL dec CE 3.6390
step    4550 | cos 0.0869 | dec_ce 3.8343 | 4.4 it/s
step    4600 | cos 0.0851 | dec_ce 3.9769 | 5.7 it/s
step    4650 | cos 0.0866 | dec_ce 3.7495 | 5.7 it/s
step    4700 | cos 0.0863 | dec_ce 3.8179 | 5.7 it/s
step    4750 | cos 0.0848 | dec_ce 3.6831 | 5.4 it/s
step    4800 | cos 0.0835 | dec_ce 3.9219 | 5.5 it/s
step    4850 | cos 0.0842 | dec_ce 4.1156 | 5.5 it/s
step    4900 | cos 0.0846 | dec_ce 3.7796 | 5.5 it/s
step    4950 | cos 0.0856 | dec_ce 3.8389 | 5.6 it/s
step    5000 | cos 0.0844 | dec_ce 3.8396 | 5.5 it/s
step    5000 | VAL cos 0.0823 | VAL dec CE 3.6190
step    5050 | cos 0.0850 | dec_ce 3.7603 | 4.5 it/s
step    5100 | cos 0.0829 | dec_ce 3.6487 | 5.5 it/s
step    5150 | cos 0.0827 | dec_ce 3.8275 | 5.4 it/s
step    5200 | cos 0.0836 | dec_ce 3.8693 | 5.5 it/s
step    5250 | cos 0.0832 | dec_ce 4.117 | 5.4 it/s
step    5300 | cos 0.0839 | dec_ce 3.818 | 5.5 it/s
step    5350 | cos 0.0837 | dec_ce 3.7746 | 5.6 it/s
step    5400 | cos 0.0832 | dec_ce 3.9547 | 5.6 it/s
step    5450 | cos 0.0842 | dec_ce 3.7082 | 5.7 it/s
step    5500 | cos 0.0825 | dec_ce 3.8391 | 5.6 it/s
step    5500 | VAL cos 0.0826 | VAL dec CE 3.6058
step    5550 | cos 0.0833 | dec_ce 3.7908 | 4.4 it/s
step    5600 | cos 0.0840 | dec_ce 3.879 | 5.4 it/s
step    5650 | cos 0.0838 | dec_ce 3.5863 | 5.7 it/s
step    5700 | cos 0.0833 | dec_ce 3.6865 | 5.5 it/s
step    5750 | cos 0.0822 | dec_ce 3.6755 | 5.6 it/s
step    5800 | cos 0.0827 | dec_ce 3.8933 | 5.6 it/s
step    5850 | cos 0.0831 | dec_ce 4.0432 | 5.7 it/s
step    5900 | cos 0.0815 | dec_ce 3.9967 | 5.6 it/s
step    5950 | cos 0.0820 | dec_ce 3.4648 | 5.7 it/s
step    6000 | cos 0.0824 | dec_ce 3.6036 | 5.7 it/s
step    6000 | VAL cos 0.0821 | VAL dec CE 3.5881
step    6050 | cos 0.0827 | dec_ce 3.6429 | 4.4 it/s
step    6100 | cos 0.0836 | dec_ce 3.8013 | 5.6 it/s
step    6150 | cos 0.0830 | dec_ce 3.9239 | 5.7 it/s
step    6200 | cos 0.0829 | dec_ce 4.0598 | 5.6 it/s
step    6250 | cos 0.0819 | dec_ce 3.9281 | 5.5 it/s
step    6300 | cos 0.0837 | dec_ce 3.6264 | 5.5 it/s
step    6350 | cos 0.0830 | dec_ce 3.6108 | 5.8 it/s
step    6400 | cos 0.0818 | dec_ce 3.8438 | 5.4 it/s
step    6450 | cos 0.0819 | dec_ce 3.815 | 5.6 it/s
step    6500 | cos 0.0826 | dec_ce 3.7192 | 5.6 it/s
step    6500 | VAL cos 0.0815 | VAL dec CE 3.5802
step    6550 | cos 0.0815 | dec_ce 3.9878 | 4.4 it/s
step    6600 | cos 0.0801 | dec_ce 3.5948 | 5.8 it/s
step    6650 | cos 0.0788 | dec_ce 4.1158 | 5.6 it/s
step    6700 | cos 0.0806 | dec_ce 3.8259 | 5.5 it/s
step    6750 | cos 0.0814 | dec_ce 3.8165 | 5.6 it/s
step    6800 | cos 0.0806 | dec_ce 3.9236 | 5.5 it/s
step    6850 | cos 0.0818 | dec_ce 3.699 | 5.5 it/s
step    6900 | cos 0.0825 | dec_ce 3.7223 | 5.8 it/s
step    6950 | cos 0.0810 | dec_ce 3.6112 | 5.5 it/s
step    7000 | cos 0.0820 | dec_ce 3.5748 | 5.6 it/s
step    7000 | VAL cos 0.0814 | VAL dec CE 3.5579
step    7050 | cos 0.0806 | dec_ce 3.6947 | 4.4 it/s
step    7100 | cos 0.0816 | dec_ce 3.6691 | 5.7 it/s
step    7150 | cos 0.0808 | dec_ce 3.5261 | 5.6 it/s
step    7200 | cos 0.0804 | dec_ce 3.7516 | 5.5 it/s
step    7250 | cos 0.0805 | dec_ce 3.9627 | 5.6 it/s
step    7300 | cos 0.0797 | dec_ce 3.7439 | 5.7 it/s
step    7350 | cos 0.0806 | dec_ce 3.5694 | 5.6 it/s
step    7400 | cos 0.0798 | dec_ce 3.8914 | 5.5 it/s
step    7450 | cos 0.0797 | dec_ce 3.9361 | 5.5 it/s
step    7500 | cos 0.0800 | dec_ce 3.5911 | 5.6 it/s
step    7500 | VAL cos 0.0798 | VAL dec CE 3.5523
step    7550 | cos 0.0820 | dec_ce 3.8394 | 4.5 it/s
step    7600 | cos 0.0810 | dec_ce 3.7496 | 5.7 it/s
step    7650 | cos 0.0821 | dec_ce 3.7622 | 5.6 it/s
step    7700 | cos 0.0820 | dec_ce 3.6232 | 5.7 it/s
step    7750 | cos 0.0803 | dec_ce 3.8893 | 5.7 it/s
step    7800 | cos 0.0798 | dec_ce 3.7394 | 5.5 it/s
step    7850 | cos 0.0800 | dec_ce 3.7295 | 5.6 it/s
step    7900 | cos 0.0797 | dec_ce 3.7576 | 5.7 it/s
step    7950 | cos 0.0789 | dec_ce 3.7422 | 5.5 it/s
step    8000 | cos 0.0803 | dec_ce 3.5332 | 5.5 it/s
step    8000 | VAL cos 0.0794 | VAL dec CE 3.5398
step    8050 | cos 0.0805 | dec_ce 3.8159 | 4.5 it/s
step    8100 | cos 0.0793 | dec_ce 3.6598 | 5.6 it/s
step    8150 | cos 0.0791 | dec_ce 3.37 | 5.6 it/s
step    8200 | cos 0.0804 | dec_ce 3.7441 | 5.5 it/s
step    8250 | cos 0.0775 | dec_ce 3.4714 | 5.4 it/s
step    8300 | cos 0.0801 | dec_ce 3.7248 | 5.5 it/s
step    8350 | cos 0.0778 | dec_ce 3.9937 | 5.6 it/s
step    8400 | cos 0.0800 | dec_ce 3.6243 | 5.7 it/s
step    8450 | cos 0.0781 | dec_ce 3.6328 | 5.6 it/s
step    8500 | cos 0.0785 | dec_ce 3.3867 | 5.6 it/s
step    8500 | VAL cos 0.0790 | VAL dec CE 3.5346
step    8550 | cos 0.0793 | dec_ce 3.613 | 4.5 it/s
step    8600 | cos 0.0794 | dec_ce 3.8021 | 5.6 it/s
step    8650 | cos 0.0799 | dec_ce 3.5309 | 5.8 it/s
step    8700 | cos 0.0803 | dec_ce 3.814 | 5.6 it/s
step    8750 | cos 0.0800 | dec_ce 3.5738 | 5.5 it/s
step    8800 | cos 0.0802 | dec_ce 3.8834 | 5.6 it/s
step    8850 | cos 0.0785 | dec_ce 3.7749 | 5.5 it/s
step    8900 | cos 0.0792 | dec_ce 3.7502 | 5.7 it/s
step    8950 | cos 0.0781 | dec_ce 3.7675 | 5.5 it/s
step    9000 | cos 0.0808 | dec_ce 3.6436 | 5.5 it/s
step    9000 | VAL cos 0.0792 | VAL dec CE 3.5267
step    9050 | cos 0.0803 | dec_ce 3.5583 | 4.5 it/s
step    9100 | cos 0.0785 | dec_ce 3.6045 | 5.5 it/s
step    9150 | cos 0.0797 | dec_ce 3.7089 | 5.5 it/s
step    9200 | cos 0.0786 | dec_ce 3.3838 | 5.6 it/s
step    9250 | cos 0.0804 | dec_ce 3.6906 | 5.7 it/s
step    9300 | cos 0.0803 | dec_ce 3.7748 | 5.6 it/s
step    9350 | cos 0.0796 | dec_ce 3.6589 | 5.6 it/s
step    9400 | cos 0.0793 | dec_ce 3.5044 | 5.5 it/s
step    9450 | cos 0.0771 | dec_ce 3.7312 | 5.6 it/s
step    9500 | cos 0.0783 | dec_ce 3.8266 | 5.5 it/s
step    9500 | VAL cos 0.0783 | VAL dec CE 3.5238
step    9550 | cos 0.0788 | dec_ce 3.4772 | 4.4 it/s
step    9600 | cos 0.0794 | dec_ce 3.6412 | 5.4 it/s
step    9650 | cos 0.0795 | dec_ce 3.3967 | 5.5 it/s
step    9700 | cos 0.0793 | dec_ce 3.6298 | 5.6 it/s
step    9750 | cos 0.0788 | dec_ce 3.5998 | 5.6 it/s
wall-clock cap reached at step 9797

Run 'ab_D8' done: 9797 steps | final val cos 0.0786 dec CE 3.5240 (best 3.5238)
/home/nochi/vault/projects/ThoughtVectors/thoughtvec/.venv/lib/python3.12/site-packages/torch/nn/modules/transformer.py:392: UserWarning: enable_nested_tensor is True, but self.use_nested_tensor is False because encoder_layer.norm_first was True
  warnings.warn(
{"ckpt": "checkpoints/ab_D8/best.pt", "val_cos": 0.0798, "val_dec_ce": 3.5581, "ref_f1": 0.3009, "distinct1": 0.0132, "distinct2": 0.046, "len_ratio": 0.728, "rows": 1024}
=== thinker ablation WTA4 (1800s): thinker.n_hypotheses=4 thinker.w_decoder=0.5 thinker.k_ctx=8 ===
/home/nochi/vault/projects/ThoughtVectors/thoughtvec/.venv/lib/python3.12/site-packages/torch/nn/modules/transformer.py:392: UserWarning: enable_nested_tensor is True, but self.use_nested_tensor is False because encoder_layer.norm_first was True
  warnings.warn(
thinker params: 15.13M (codec d=384, frozen=True)
step      50 | cos 0.0511 | thought 2.2514 dec_ce 2.2992 | 4.6 it/s
step     100 | cos 0.2146 | thought 1.971 dec_ce 2.233 | 5.4 it/s
step     150 | cos 0.2699 | thought 1.971 dec_ce 2.3235 | 5.3 it/s
step     200 | cos 0.2764 | thought 1.9148 dec_ce 2.3641 | 5.3 it/s
step     250 | cos 0.2893 | thought 1.8323 dec_ce 2.155 | 5.4 it/s
step     300 | cos 0.3385 | thought 1.5778 dec_ce 2.1302 | 5.6 it/s
step     350 | cos 0.3724 | thought 1.4907 dec_ce 1.9526 | 5.6 it/s
step     400 | cos 0.3959 | thought 1.5267 dec_ce 2.1612 | 5.3 it/s
step     450 | cos 0.4156 | thought 1.4072 dec_ce 2.0796 | 5.5 it/s
step     500 | cos 0.4448 | thought 1.3557 dec_ce 2.0106 | 5.3 it/s
step     500 | VAL cos 0.4553 | VAL dec CE 3.9955
step     550 | cos 0.4592 | thought 1.2827 dec_ce 2.0253 | 4.2 it/s
step     600 | cos 0.4808 | thought 1.1863 dec_ce 2.0301 | 5.5 it/s
step     650 | cos 0.4908 | thought 1.2256 dec_ce 2.0388 | 5.5 it/s
step     700 | cos 0.4964 | thought 1.1263 dec_ce 2.0941 | 5.5 it/s
step     750 | cos 0.5032 | thought 1.167 dec_ce 1.8897 | 5.2 it/s
step     800 | cos 0.5047 | thought 1.1556 dec_ce 2.1533 | 5.4 it/s
step     850 | cos 0.5063 | thought 1.1487 dec_ce 2.0849 | 5.3 it/s
step     900 | cos 0.5112 | thought 1.1952 dec_ce 2.1429 | 5.5 it/s
step     950 | cos 0.5143 | thought 1.0764 dec_ce 1.9227 | 5.4 it/s
step    1000 | cos 0.5177 | thought 1.1229 dec_ce 2.0995 | 5.3 it/s
step    1000 | VAL cos 0.5192 | VAL dec CE 3.8857
step    1050 | cos 0.5176 | thought 1.047 dec_ce 1.9405 | 4.1 it/s
step    1100 | cos 0.5186 | thought 1.1016 dec_ce 2.0485 | 5.4 it/s
step    1150 | cos 0.5216 | thought 1.0853 dec_ce 2.0838 | 5.4 it/s
step    1200 | cos 0.5197 | thought 1.0294 dec_ce 1.9287 | 5.5 it/s
step    1250 | cos 0.5202 | thought 1.1201 dec_ce 2.1194 | 5.2 it/s
step    1300 | cos 0.5223 | thought 1.0113 dec_ce 1.9896 | 5.4 it/s
step    1350 | cos 0.5225 | thought 0.9993 dec_ce 1.9127 | 5.4 it/s
step    1400 | cos 0.5285 | thought 0.9544 dec_ce 1.838 | 5.2 it/s
step    1450 | cos 0.5246 | thought 0.9541 dec_ce 1.936 | 5.2 it/s
step    1500 | cos 0.5251 | thought 0.9446 dec_ce 1.8767 | 5.4 it/s
step    1500 | VAL cos 0.5290 | VAL dec CE 3.8397
step    1550 | cos 0.5272 | thought 0.9871 dec_ce 2.0232 | 4.1 it/s
step    1600 | cos 0.5311 | thought 0.9723 dec_ce 2.0699 | 5.4 it/s
step    1650 | cos 0.5284 | thought 0.9589 dec_ce 1.865 | 5.4 it/s
step    1700 | cos 0.5280 | thought 1.0103 dec_ce 2.0794 | 5.3 it/s
step    1750 | cos 0.5305 | thought 0.9703 dec_ce 2.0888 | 5.5 it/s
step    1800 | cos 0.5277 | thought 0.97 dec_ce 1.9721 | 5.4 it/s
step    1850 | cos 0.5338 | thought 0.9448 dec_ce 2.0019 | 5.5 it/s
step    1900 | cos 0.5320 | thought 0.9649 dec_ce 1.9776 | 5.5 it/s
step    1950 | cos 0.5314 | thought 0.9672 dec_ce 1.9899 | 5.4 it/s
step    2000 | cos 0.5323 | thought 0.9222 dec_ce 2.0422 | 5.2 it/s
step    2000 | VAL cos 0.5358 | VAL dec CE 3.8174
step    2050 | cos 0.5368 | thought 0.9519 dec_ce 2.0262 | 4.2 it/s
step    2100 | cos 0.5360 | thought 0.9294 dec_ce 1.9704 | 5.4 it/s
step    2150 | cos 0.5354 | thought 0.8948 dec_ce 1.8261 | 5.3 it/s
step    2200 | cos 0.5336 | thought 0.9942 dec_ce 2.1428 | 5.3 it/s
step    2250 | cos 0.5372 | thought 0.9406 dec_ce 2.0073 | 5.3 it/s
step    2300 | cos 0.5351 | thought 0.9099 dec_ce 1.979 | 5.4 it/s
step    2350 | cos 0.5402 | thought 0.9094 dec_ce 1.9293 | 5.3 it/s
step    2400 | cos 0.5351 | thought 0.9598 dec_ce 1.9623 | 5.3 it/s
step    2450 | cos 0.5385 | thought 0.8919 dec_ce 1.9675 | 5.3 it/s
step    2500 | cos 0.5400 | thought 0.918 dec_ce 1.9238 | 5.4 it/s
step    2500 | VAL cos 0.5406 | VAL dec CE 3.7991
step    2550 | cos 0.5371 | thought 0.9261 dec_ce 1.956 | 4.1 it/s
step    2600 | cos 0.5375 | thought 0.9101 dec_ce 2.0032 | 5.3 it/s
step    2650 | cos 0.5402 | thought 0.8857 dec_ce 1.9523 | 5.4 it/s
step    2700 | cos 0.5378 | thought 0.9058 dec_ce 2.0427 | 5.2 it/s
step    2750 | cos 0.5397 | thought 0.907 dec_ce 1.9605 | 5.4 it/s
step    2800 | cos 0.5424 | thought 0.9528 dec_ce 2.0135 | 5.4 it/s
step    2850 | cos 0.5405 | thought 0.9381 dec_ce 1.9777 | 5.3 it/s
step    2900 | cos 0.5434 | thought 0.9098 dec_ce 1.9428 | 5.3 it/s
step    2950 | cos 0.5414 | thought 0.9183 dec_ce 2.0142 | 5.2 it/s
step    3000 | cos 0.5390 | thought 0.9041 dec_ce 1.9805 | 5.3 it/s
step    3000 | VAL cos 0.5437 | VAL dec CE 3.7907
step    3050 | cos 0.5398 | thought 0.9878 dec_ce 2.082 | 4.2 it/s
step    3100 | cos 0.5453 | thought 0.9092 dec_ce 1.9886 | 5.4 it/s
step    3150 | cos 0.5437 | thought 0.9369 dec_ce 2.002 | 5.3 it/s
step    3200 | cos 0.5449 | thought 0.9007 dec_ce 1.9835 | 5.2 it/s
step    3250 | cos 0.5437 | thought 0.9561 dec_ce 2.0663 | 5.3 it/s
step    3300 | cos 0.5425 | thought 0.961 dec_ce 2.0552 | 5.3 it/s
step    3350 | cos 0.5422 | thought 0.8825 dec_ce 2.0185 | 5.3 it/s
step    3400 | cos 0.5413 | thought 0.9491 dec_ce 2.0054 | 5.3 it/s
step    3450 | cos 0.5408 | thought 0.9159 dec_ce 1.8741 | 5.4 it/s
step    3500 | cos 0.5461 | thought 0.8946 dec_ce 1.9746 | 5.4 it/s
step    3500 | VAL cos 0.5441 | VAL dec CE 3.7814
step    3550 | cos 0.5439 | thought 0.9375 dec_ce 2.0173 | 4.2 it/s
step    3600 | cos 0.5425 | thought 0.963 dec_ce 1.9737 | 5.3 it/s
step    3650 | cos 0.5442 | thought 0.9105 dec_ce 1.9031 | 5.4 it/s
step    3700 | cos 0.5435 | thought 0.9253 dec_ce 1.8917 | 5.3 it/s
step    3750 | cos 0.5437 | thought 0.9038 dec_ce 1.923 | 5.4 it/s
step    3800 | cos 0.5384 | thought 0.9145 dec_ce 2.008 | 5.3 it/s
step    3850 | cos 0.5415 | thought 0.9642 dec_ce 1.9962 | 5.2 it/s
step    3900 | cos 0.5438 | thought 0.8775 dec_ce 1.9208 | 5.3 it/s
step    3950 | cos 0.5456 | thought 0.9037 dec_ce 2.0557 | 5.5 it/s
step    4000 | cos 0.5423 | thought 0.9333 dec_ce 1.966 | 5.3 it/s
step    4000 | VAL cos 0.5466 | VAL dec CE 3.7544
step    4050 | cos 0.5457 | thought 0.932 dec_ce 1.9832 | 4.1 it/s
step    4100 | cos 0.5404 | thought 0.9352 dec_ce 2.0117 | 5.4 it/s
step    4150 | cos 0.5428 | thought 0.8788 dec_ce 1.8912 | 5.2 it/s
step    4200 | cos 0.5444 | thought 0.9405 dec_ce 2.0657 | 5.3 it/s
step    4250 | cos 0.5449 | thought 0.9006 dec_ce 1.8742 | 5.3 it/s
step    4300 | cos 0.5492 | thought 0.9151 dec_ce 2.0099 | 5.4 it/s
step    4350 | cos 0.5438 | thought 0.8926 dec_ce 1.8933 | 5.2 it/s
step    4400 | cos 0.5456 | thought 0.9035 dec_ce 1.9372 | 5.4 it/s
step    4450 | cos 0.5455 | thought 0.9281 dec_ce 2.0577 | 5.4 it/s
step    4500 | cos 0.5486 | thought 0.8962 dec_ce 1.9902 | 5.3 it/s
step    4500 | VAL cos 0.5474 | VAL dec CE 3.7407
step    4550 | cos 0.5470 | thought 0.9398 dec_ce 1.9701 | 4.1 it/s
step    4600 | cos 0.5478 | thought 0.9408 dec_ce 2.0133 | 5.4 it/s
step    4650 | cos 0.5475 | thought 0.8954 dec_ce 1.9325 | 5.4 it/s
step    4700 | cos 0.5462 | thought 0.9109 dec_ce 1.9432 | 5.4 it/s
step    4750 | cos 0.5439 | thought 0.9309 dec_ce 1.869 | 5.0 it/s
step    4800 | cos 0.5415 | thought 0.9144 dec_ce 2.0062 | 5.2 it/s
step    4850 | cos 0.5470 | thought 0.9735 dec_ce 2.1426 | 5.2 it/s
step    4900 | cos 0.5501 | thought 0.9181 dec_ce 1.9364 | 5.3 it/s
step    4950 | cos 0.5483 | thought 0.9203 dec_ce 1.9673 | 5.3 it/s
step    5000 | cos 0.5446 | thought 0.9299 dec_ce 1.9944 | 5.2 it/s
step    5000 | VAL cos 0.5489 | VAL dec CE 3.7279
step    5050 | cos 0.5508 | thought 0.8902 dec_ce 1.9339 | 4.2 it/s
step    5100 | cos 0.5458 | thought 0.9056 dec_ce 1.8795 | 5.2 it/s
step    5150 | cos 0.5430 | thought 0.9388 dec_ce 1.9669 | 5.1 it/s
step    5200 | cos 0.5446 | thought 0.9422 dec_ce 1.9845 | 5.2 it/s
step    5250 | cos 0.5455 | thought 0.9394 dec_ce 2.1105 | 5.1 it/s
step    5300 | cos 0.5475 | thought 0.8936 dec_ce 1.969 | 5.3 it/s
step    5350 | cos 0.5511 | thought 0.8884 dec_ce 1.949 | 5.4 it/s
step    5400 | cos 0.5467 | thought 0.9419 dec_ce 2.0067 | 5.4 it/s
step    5450 | cos 0.5496 | thought 0.8829 dec_ce 1.8929 | 5.5 it/s
step    5500 | cos 0.5465 | thought 0.9265 dec_ce 1.9666 | 5.4 it/s
step    5500 | VAL cos 0.5494 | VAL dec CE 3.7178
step    5550 | cos 0.5457 | thought 0.8859 dec_ce 1.9319 | 4.2 it/s
step    5600 | cos 0.5501 | thought 0.9215 dec_ce 2.0112 | 5.2 it/s
step    5650 | cos 0.5496 | thought 0.9096 dec_ce 1.8603 | 5.5 it/s
step    5700 | cos 0.5486 | thought 0.9158 dec_ce 1.86 | 5.3 it/s
step    5750 | cos 0.5478 | thought 0.9183 dec_ce 1.8774 | 5.4 it/s
step    5800 | cos 0.5462 | thought 0.9583 dec_ce 1.9957 | 5.4 it/s
step    5850 | cos 0.5492 | thought 0.9483 dec_ce 2.0723 | 5.5 it/s
step    5900 | cos 0.5475 | thought 0.9402 dec_ce 2.0361 | 5.4 it/s
step    5950 | cos 0.5486 | thought 0.9074 dec_ce 1.7976 | 5.4 it/s
step    6000 | cos 0.5504 | thought 0.8969 dec_ce 1.842 | 5.5 it/s
step    6000 | VAL cos 0.5501 | VAL dec CE 3.7061
step    6050 | cos 0.5483 | thought 0.9097 dec_ce 1.8639 | 4.1 it/s
step    6100 | cos 0.5515 | thought 0.9284 dec_ce 1.957 | 5.4 it/s
step    6150 | cos 0.5475 | thought 0.9447 dec_ce 2.0546 | 5.5 it/s
step    6200 | cos 0.5494 | thought 0.9627 dec_ce 2.0666 | 5.3 it/s
step    6250 | cos 0.5496 | thought 0.9296 dec_ce 1.982 | 5.2 it/s
step    6300 | cos 0.5508 | thought 0.8972 dec_ce 1.8786 | 5.2 it/s
step    6350 | cos 0.5527 | thought 0.881 dec_ce 1.8741 | 5.5 it/s
step    6400 | cos 0.5472 | thought 0.9155 dec_ce 1.984 | 5.2 it/s
step    6450 | cos 0.5491 | thought 0.9406 dec_ce 1.9617 | 5.3 it/s
step    6500 | cos 0.5506 | thought 0.9138 dec_ce 1.9233 | 5.4 it/s
step    6500 | VAL cos 0.5514 | VAL dec CE 3.6965
step    6550 | cos 0.5481 | thought 0.9482 dec_ce 2.0585 | 4.2 it/s
step    6600 | cos 0.5489 | thought 0.8776 dec_ce 1.8661 | 5.5 it/s
step    6650 | cos 0.5495 | thought 0.9395 dec_ce 2.1357 | 5.4 it/s
step    6700 | cos 0.5459 | thought 0.9363 dec_ce 1.9974 | 5.3 it/s
step    6750 | cos 0.5507 | thought 0.902 dec_ce 1.9674 | 5.4 it/s
step    6800 | cos 0.5475 | thought 0.9231 dec_ce 2.0085 | 5.2 it/s
step    6850 | cos 0.5521 | thought 0.8762 dec_ce 1.9072 | 5.3 it/s
step    6900 | cos 0.5515 | thought 0.9127 dec_ce 1.9303 | 5.5 it/s
step    6950 | cos 0.5501 | thought 0.9232 dec_ce 1.8828 | 5.3 it/s
step    7000 | cos 0.5529 | thought 0.9094 dec_ce 1.8518 | 5.4 it/s
step    7000 | VAL cos 0.5522 | VAL dec CE 3.6874
step    7050 | cos 0.5470 | thought 0.9235 dec_ce 1.9186 | 4.1 it/s
step    7100 | cos 0.5508 | thought 0.9117 dec_ce 1.8883 | 5.5 it/s
step    7150 | cos 0.5519 | thought 0.8284 dec_ce 1.8213 | 5.4 it/s
step    7200 | cos 0.5501 | thought 0.8903 dec_ce 1.9027 | 5.3 it/s
step    7250 | cos 0.5509 | thought 0.9702 dec_ce 2.0421 | 5.4 it/s
step    7300 | cos 0.5518 | thought 0.9426 dec_ce 1.9322 | 5.4 it/s
step    7350 | cos 0.5509 | thought 0.9016 dec_ce 1.8616 | 5.4 it/s
step    7400 | cos 0.5499 | thought 0.8821 dec_ce 2.0172 | 5.3 it/s
step    7450 | cos 0.5475 | thought 0.9139 dec_ce 2.0339 | 5.2 it/s
step    7500 | cos 0.5495 | thought 0.8844 dec_ce 1.8603 | 5.3 it/s
step    7500 | VAL cos 0.5534 | VAL dec CE 3.6850
step    7550 | cos 0.5547 | thought 0.9203 dec_ce 1.9691 | 4.3 it/s
step    7600 | cos 0.5559 | thought 0.901 dec_ce 1.9539 | 5.4 it/s
step    7650 | cos 0.5560 | thought 0.9087 dec_ce 1.9576 | 5.3 it/s
step    7700 | cos 0.5527 | thought 0.8891 dec_ce 1.8844 | 5.5 it/s
step    7750 | cos 0.5507 | thought 0.9308 dec_ce 2.0153 | 5.4 it/s
step    7800 | cos 0.5490 | thought 0.9573 dec_ce 1.9284 | 5.3 it/s
step    7850 | cos 0.5484 | thought 0.9113 dec_ce 1.9342 | 5.4 it/s
step    7900 | cos 0.5515 | thought 0.9312 dec_ce 1.9713 | 5.4 it/s
step    7950 | cos 0.5527 | thought 0.9022 dec_ce 1.9132 | 5.3 it/s
step    8000 | cos 0.5534 | thought 0.8857 dec_ce 1.8207 | 5.3 it/s
step    8000 | VAL cos 0.5540 | VAL dec CE 3.6765
step    8050 | cos 0.5546 | thought 0.9128 dec_ce 1.9768 | 4.2 it/s
step    8100 | cos 0.5497 | thought 0.9218 dec_ce 1.9057 | 5.4 it/s
step    8150 | cos 0.5477 | thought 0.8743 dec_ce 1.7723 | 5.3 it/s
step    8200 | cos 0.5509 | thought 0.9249 dec_ce 1.9285 | 5.3 it/s
step    8250 | cos 0.5459 | thought 0.8544 dec_ce 1.8215 | 5.2 it/s
step    8300 | cos 0.5516 | thought 0.9106 dec_ce 1.9563 | 5.3 it/s
step    8350 | cos 0.5512 | thought 0.9429 dec_ce 2.0402 | 5.3 it/s
step    8400 | cos 0.5539 | thought 0.8953 dec_ce 1.8642 | 5.4 it/s
step    8450 | cos 0.5482 | thought 0.9089 dec_ce 1.869 | 5.4 it/s
step    8500 | cos 0.5518 | thought 0.8759 dec_ce 1.752 | 5.3 it/s
step    8500 | VAL cos 0.5542 | VAL dec CE 3.6696
step    8550 | cos 0.5528 | thought 0.8941 dec_ce 1.8922 | 4.2 it/s
step    8600 | cos 0.5519 | thought 0.8801 dec_ce 1.9862 | 5.4 it/s
step    8650 | cos 0.5526 | thought 0.8921 dec_ce 1.8468 | 5.5 it/s
step    8700 | cos 0.5535 | thought 0.8927 dec_ce 1.9802 | 5.3 it/s
step    8750 | cos 0.5525 | thought 0.9077 dec_ce 1.858 | 5.3 it/s
step    8800 | cos 0.5572 | thought 0.8932 dec_ce 1.9956 | 5.4 it/s
step    8850 | cos 0.5493 | thought 0.9127 dec_ce 1.9746 | 5.3 it/s
step    8900 | cos 0.5513 | thought 0.9445 dec_ce 1.9232 | 5.4 it/s
step    8950 | cos 0.5484 | thought 0.9185 dec_ce 1.9538 | 5.3 it/s
step    9000 | cos 0.5539 | thought 0.8801 dec_ce 1.8763 | 5.3 it/s
step    9000 | VAL cos 0.5548 | VAL dec CE 3.6674
step    9050 | cos 0.5547 | thought 0.8559 dec_ce 1.8352 | 4.3 it/s
step    9100 | cos 0.5508 | thought 0.867 dec_ce 1.8444 | 5.2 it/s
step    9150 | cos 0.5543 | thought 0.8875 dec_ce 1.9084 | 5.3 it/s
step    9200 | cos 0.5537 | thought 0.8447 dec_ce 1.7759 | 5.3 it/s
step    9250 | cos 0.5555 | thought 0.9049 dec_ce 1.9264 | 5.4 it/s
step    9300 | cos 0.5558 | thought 0.9063 dec_ce 1.9374 | 5.4 it/s
step    9350 | cos 0.5533 | thought 0.9362 dec_ce 1.8767 | 5.4 it/s
wall-clock cap reached at step 9358

Run 'ab_WTA4' done: 9358 steps | final val cos 0.5546 dec CE 3.6683 (best 3.6674)
/home/nochi/vault/projects/ThoughtVectors/thoughtvec/.venv/lib/python3.12/site-packages/torch/nn/modules/transformer.py:392: UserWarning: enable_nested_tensor is True, but self.use_nested_tensor is False because encoder_layer.norm_first was True
  warnings.warn(
{"ckpt": "checkpoints/ab_WTA4/best.pt", "val_cos": 0.4336, "val_dec_ce": 4.0697, "ref_f1": 0.266, "distinct1": 0.0119, "distinct2": 0.0452, "len_ratio": 0.714, "rows": 1024}
=== thinker ablation WTA8 (1800s): thinker.n_hypotheses=8 thinker.w_decoder=0.5 thinker.k_ctx=8 ===
/home/nochi/vault/projects/ThoughtVectors/thoughtvec/.venv/lib/python3.12/site-packages/torch/nn/modules/transformer.py:392: UserWarning: enable_nested_tensor is True, but self.use_nested_tensor is False because encoder_layer.norm_first was True
  warnings.warn(
thinker params: 15.18M (codec d=384, frozen=True)
step      50 | cos 0.0557 | thought 2.2332 dec_ce 2.2932 | 4.4 it/s
step     100 | cos 0.2196 | thought 1.969 dec_ce 2.2306 | 5.1 it/s
step     150 | cos 0.2713 | thought 1.9676 dec_ce 2.3208 | 5.0 it/s
step     200 | cos 0.2778 | thought 1.8967 dec_ce 2.375 | 5.0 it/s
step     250 | cos 0.2973 | thought 1.803 dec_ce 2.1436 | 5.0 it/s
step     300 | cos 0.3474 | thought 1.5527 dec_ce 2.126 | 5.2 it/s
step     350 | cos 0.3799 | thought 1.4833 dec_ce 1.9592 | 5.2 it/s
step     400 | cos 0.3990 | thought 1.5066 dec_ce 2.1531 | 5.0 it/s
step     450 | cos 0.4202 | thought 1.3941 dec_ce 2.0802 | 5.1 it/s
step     500 | cos 0.4528 | thought 1.3236 dec_ce 2.0193 | 5.0 it/s
step     500 | VAL cos 0.4640 | VAL dec CE 3.9872
step     550 | cos 0.4705 | thought 1.2588 dec_ce 2.0181 | 3.9 it/s
step     600 | cos 0.4861 | thought 1.1752 dec_ce 2.0277 | 5.2 it/s
step     650 | cos 0.4946 | thought 1.2131 dec_ce 2.0306 | 5.2 it/s
step     700 | cos 0.5006 | thought 1.1257 dec_ce 2.081 | 5.2 it/s
step     750 | cos 0.5061 | thought 1.1623 dec_ce 1.8917 | 4.9 it/s
step     800 | cos 0.5077 | thought 1.1451 dec_ce 2.143 | 5.1 it/s
step     850 | cos 0.5104 | thought 1.1387 dec_ce 2.089 | 5.0 it/s
step     900 | cos 0.5153 | thought 1.176 dec_ce 2.1292 | 5.1 it/s
step     950 | cos 0.5180 | thought 1.066 dec_ce 1.8992 | 5.1 it/s
step    1000 | cos 0.5213 | thought 1.1129 dec_ce 2.0953 | 5.0 it/s
step    1000 | VAL cos 0.5223 | VAL dec CE 3.8727
step    1050 | cos 0.5214 | thought 1.0395 dec_ce 1.9345 | 4.0 it/s
step    1100 | cos 0.5253 | thought 1.0856 dec_ce 2.0375 | 5.1 it/s
step    1150 | cos 0.5279 | thought 1.0738 dec_ce 2.0772 | 5.1 it/s
step    1200 | cos 0.5266 | thought 1.0088 dec_ce 1.9193 | 5.1 it/s
step    1250 | cos 0.5284 | thought 1.1018 dec_ce 2.1155 | 4.9 it/s
step    1300 | cos 0.5299 | thought 0.9937 dec_ce 1.9928 | 5.1 it/s
step    1350 | cos 0.5304 | thought 0.974 dec_ce 1.8994 | 5.1 it/s
step    1400 | cos 0.5373 | thought 0.93 dec_ce 1.8444 | 5.0 it/s
step    1450 | cos 0.5332 | thought 0.9305 dec_ce 1.9253 | 5.0 it/s
step    1500 | cos 0.5338 | thought 0.9362 dec_ce 1.8809 | 5.1 it/s
step    1500 | VAL cos 0.5360 | VAL dec CE 3.8316
step    1550 | cos 0.5367 | thought 0.9678 dec_ce 2.0111 | 4.0 it/s
step    1600 | cos 0.5403 | thought 0.9622 dec_ce 2.0725 | 5.2 it/s
step    1650 | cos 0.5392 | thought 0.9347 dec_ce 1.8563 | 5.1 it/s
step    1700 | cos 0.5387 | thought 0.9958 dec_ce 2.0807 | 5.0 it/s
step    1750 | cos 0.5408 | thought 0.9543 dec_ce 2.0787 | 5.2 it/s
step    1800 | cos 0.5373 | thought 0.9594 dec_ce 1.9659 | 5.1 it/s
step    1850 | cos 0.5441 | thought 0.9239 dec_ce 1.9921 | 5.1 it/s
step    1900 | cos 0.5427 | thought 0.9439 dec_ce 1.9745 | 5.1 it/s
step    1950 | cos 0.5410 | thought 0.9463 dec_ce 1.9807 | 5.1 it/s
step    2000 | cos 0.5425 | thought 0.9071 dec_ce 2.0316 | 4.9 it/s
step    2000 | VAL cos 0.5446 | VAL dec CE 3.8096
step    2050 | cos 0.5471 | thought 0.9362 dec_ce 2.0174 | 4.0 it/s
step    2100 | cos 0.5465 | thought 0.912 dec_ce 1.9681 | 5.2 it/s
step    2150 | cos 0.5468 | thought 0.8819 dec_ce 1.8194 | 5.1 it/s
step    2200 | cos 0.5458 | thought 0.9647 dec_ce 2.1287 | 5.1 it/s
step    2250 | cos 0.5481 | thought 0.9282 dec_ce 2.006 | 5.1 it/s
step    2300 | cos 0.5461 | thought 0.8877 dec_ce 1.9728 | 5.2 it/s
step    2350 | cos 0.5510 | thought 0.8872 dec_ce 1.9269 | 5.1 it/s
step    2400 | cos 0.5465 | thought 0.9436 dec_ce 1.952 | 5.0 it/s
step    2450 | cos 0.5500 | thought 0.8626 dec_ce 1.936 | 5.0 it/s
step    2500 | cos 0.5510 | thought 0.8982 dec_ce 1.911 | 5.1 it/s
step    2500 | VAL cos 0.5510 | VAL dec CE 3.7822
step    2550 | cos 0.5492 | thought 0.9048 dec_ce 1.9436 | 3.9 it/s
step    2600 | cos 0.5488 | thought 0.888 dec_ce 1.9967 | 5.0 it/s
step    2650 | cos 0.5521 | thought 0.8606 dec_ce 1.9432 | 5.1 it/s
step    2700 | cos 0.5493 | thought 0.8896 dec_ce 2.0354 | 5.0 it/s
step    2750 | cos 0.5507 | thought 0.8988 dec_ce 1.9586 | 5.1 it/s
step    2800 | cos 0.5536 | thought 0.9227 dec_ce 1.9945 | 5.1 it/s
step    2850 | cos 0.5521 | thought 0.9156 dec_ce 1.9777 | 5.1 it/s
step    2900 | cos 0.5542 | thought 0.8963 dec_ce 1.9362 | 5.0 it/s
step    2950 | cos 0.5519 | thought 0.8993 dec_ce 1.9994 | 5.0 it/s
step    3000 | cos 0.5496 | thought 0.879 dec_ce 1.9697 | 5.1 it/s
step    3000 | VAL cos 0.5537 | VAL dec CE 3.7699
step    3050 | cos 0.5527 | thought 0.9636 dec_ce 2.0639 | 4.0 it/s
step    3100 | cos 0.5563 | thought 0.8926 dec_ce 1.9842 | 5.2 it/s
step    3150 | cos 0.5547 | thought 0.9088 dec_ce 1.9941 | 5.1 it/s
step    3200 | cos 0.5568 | thought 0.8821 dec_ce 1.9806 | 5.0 it/s
step    3250 | cos 0.5554 | thought 0.9334 dec_ce 2.0561 | 5.1 it/s
step    3300 | cos 0.5545 | thought 0.9512 dec_ce 2.0484 | 5.1 it/s
step    3350 | cos 0.5536 | thought 0.8597 dec_ce 2.0112 | 5.0 it/s
step    3400 | cos 0.5529 | thought 0.9343 dec_ce 2.0026 | 5.0 it/s
step    3450 | cos 0.5527 | thought 0.8976 dec_ce 1.8567 | 5.2 it/s
step    3500 | cos 0.5582 | thought 0.8815 dec_ce 1.9706 | 5.1 it/s
step    3500 | VAL cos 0.5557 | VAL dec CE 3.7657
step    3550 | cos 0.5562 | thought 0.9177 dec_ce 2.0114 | 4.0 it/s
step    3600 | cos 0.5546 | thought 0.9417 dec_ce 1.9575 | 5.1 it/s
step    3650 | cos 0.5561 | thought 0.8964 dec_ce 1.9038 | 5.1 it/s
step    3700 | cos 0.5562 | thought 0.904 dec_ce 1.8844 | 5.0 it/s
step    3750 | cos 0.5573 | thought 0.8714 dec_ce 1.8989 | 5.1 it/s
step    3800 | cos 0.5510 | thought 0.8882 dec_ce 1.9987 | 5.0 it/s
step    3850 | cos 0.5544 | thought 0.9401 dec_ce 1.9904 | 5.1 it/s
step    3900 | cos 0.5561 | thought 0.8556 dec_ce 1.9017 | 5.0 it/s
step    3950 | cos 0.5584 | thought 0.8742 dec_ce 2.0545 | 5.2 it/s
step    4000 | cos 0.5556 | thought 0.9175 dec_ce 1.9586 | 5.1 it/s
step    4000 | VAL cos 0.5583 | VAL dec CE 3.7360
step    4050 | cos 0.5581 | thought 0.9138 dec_ce 1.9656 | 3.9 it/s
step    4100 | cos 0.5526 | thought 0.9115 dec_ce 2.0193 | 5.2 it/s
step    4150 | cos 0.5541 | thought 0.8623 dec_ce 1.8824 | 5.0 it/s
step    4200 | cos 0.5565 | thought 0.9115 dec_ce 2.0491 | 5.0 it/s
step    4250 | cos 0.5583 | thought 0.8713 dec_ce 1.8744 | 5.1 it/s
step    4300 | cos 0.5629 | thought 0.8982 dec_ce 2.0103 | 5.1 it/s
step    4350 | cos 0.5572 | thought 0.8708 dec_ce 1.8732 | 5.0 it/s
step    4400 | cos 0.5598 | thought 0.8731 dec_ce 1.9189 | 5.2 it/s
step    4450 | cos 0.5600 | thought 0.9012 dec_ce 2.0424 | 5.1 it/s
step    4500 | cos 0.5627 | thought 0.8789 dec_ce 1.9796 | 5.1 it/s
step    4500 | VAL cos 0.5621 | VAL dec CE 3.7208
step    4550 | cos 0.5626 | thought 0.9127 dec_ce 1.9632 | 3.9 it/s
step    4600 | cos 0.5618 | thought 0.9118 dec_ce 1.9979 | 5.2 it/s
step    4650 | cos 0.5626 | thought 0.8666 dec_ce 1.9139 | 5.1 it/s
step    4700 | cos 0.5617 | thought 0.8918 dec_ce 1.9339 | 5.1 it/s
step    4750 | cos 0.5600 | thought 0.9027 dec_ce 1.854 | 4.9 it/s
step    4800 | cos 0.5575 | thought 0.8984 dec_ce 1.9977 | 5.0 it/s
step    4850 | cos 0.5632 | thought 0.941 dec_ce 2.1242 | 5.0 it/s
step    4900 | cos 0.5664 | thought 0.8935 dec_ce 1.9374 | 5.0 it/s
step    4950 | cos 0.5645 | thought 0.892 dec_ce 1.9517 | 5.1 it/s
step    5000 | cos 0.5603 | thought 0.9073 dec_ce 1.9838 | 4.9 it/s
step    5000 | VAL cos 0.5652 | VAL dec CE 3.7076
step    5050 | cos 0.5667 | thought 0.8574 dec_ce 1.901 | 4.0 it/s
step    5100 | cos 0.5623 | thought 0.8835 dec_ce 1.8622 | 5.0 it/s
step    5150 | cos 0.5599 | thought 0.91 dec_ce 1.952 | 4.9 it/s
step    5200 | cos 0.5616 | thought 0.9148 dec_ce 1.9804 | 5.0 it/s
step    5250 | cos 0.5617 | thought 0.9089 dec_ce 2.1013 | 4.9 it/s
step    5300 | cos 0.5638 | thought 0.868 dec_ce 1.957 | 5.0 it/s
step    5350 | cos 0.5676 | thought 0.8582 dec_ce 1.936 | 5.1 it/s
step    5400 | cos 0.5643 | thought 0.9174 dec_ce 1.9939 | 5.1 it/s
step    5450 | cos 0.5658 | thought 0.8648 dec_ce 1.8861 | 5.2 it/s
step    5500 | cos 0.5632 | thought 0.9024 dec_ce 1.9547 | 5.1 it/s
step    5500 | VAL cos 0.5652 | VAL dec CE 3.7002
step    5550 | cos 0.5625 | thought 0.8622 dec_ce 1.9233 | 3.9 it/s
step    5600 | cos 0.5667 | thought 0.8913 dec_ce 1.994 | 4.9 it/s
step    5650 | cos 0.5658 | thought 0.8798 dec_ce 1.8484 | 5.1 it/s
step    5700 | cos 0.5641 | thought 0.8897 dec_ce 1.858 | 5.1 it/s
step    5750 | cos 0.5651 | thought 0.8853 dec_ce 1.8793 | 5.1 it/s
step    5800 | cos 0.5637 | thought 0.9228 dec_ce 1.9828 | 5.1 it/s
step    5850 | cos 0.5656 | thought 0.921 dec_ce 2.0501 | 5.2 it/s
step    5900 | cos 0.5642 | thought 0.9128 dec_ce 2.0104 | 5.1 it/s
step    5950 | cos 0.5648 | thought 0.8862 dec_ce 1.782 | 5.2 it/s
step    6000 | cos 0.5675 | thought 0.8733 dec_ce 1.8331 | 5.2 it/s
step    6000 | VAL cos 0.5666 | VAL dec CE 3.6851
step    6050 | cos 0.5652 | thought 0.8859 dec_ce 1.8554 | 3.9 it/s
step    6100 | cos 0.5672 | thought 0.9078 dec_ce 1.9453 | 5.1 it/s
step    6150 | cos 0.5642 | thought 0.9268 dec_ce 2.0515 | 5.2 it/s
step    6200 | cos 0.5674 | thought 0.9247 dec_ce 2.0548 | 5.0 it/s
step    6250 | cos 0.5667 | thought 0.9005 dec_ce 1.9829 | 5.0 it/s
step    6300 | cos 0.5682 | thought 0.87 dec_ce 1.8667 | 5.0 it/s
step    6350 | cos 0.5698 | thought 0.8568 dec_ce 1.8503 | 5.2 it/s
step    6400 | cos 0.5651 | thought 0.8831 dec_ce 1.9654 | 5.0 it/s
step    6450 | cos 0.5672 | thought 0.9052 dec_ce 1.9606 | 5.0 it/s
step    6500 | cos 0.5686 | thought 0.8813 dec_ce 1.9134 | 5.1 it/s
step    6500 | VAL cos 0.5691 | VAL dec CE 3.6794
step    6550 | cos 0.5658 | thought 0.9244 dec_ce 2.0344 | 4.0 it/s
step    6600 | cos 0.5669 | thought 0.851 dec_ce 1.8586 | 5.3 it/s
step    6650 | cos 0.5663 | thought 0.9086 dec_ce 2.1228 | 5.1 it/s
step    6700 | cos 0.5643 | thought 0.9029 dec_ce 1.974 | 5.0 it/s
step    6750 | cos 0.5680 | thought 0.8784 dec_ce 1.9605 | 5.1 it/s
step    6800 | cos 0.5660 | thought 0.8969 dec_ce 1.9897 | 4.9 it/s
step    6850 | cos 0.5696 | thought 0.8516 dec_ce 1.9041 | 5.0 it/s
step    6900 | cos 0.5688 | thought 0.8909 dec_ce 1.9221 | 5.2 it/s
step    6950 | cos 0.5684 | thought 0.8919 dec_ce 1.8687 | 5.0 it/s
step    7000 | cos 0.5707 | thought 0.8837 dec_ce 1.8369 | 5.1 it/s
step    7000 | VAL cos 0.5705 | VAL dec CE 3.6705
step    7050 | cos 0.5654 | thought 0.8908 dec_ce 1.9018 | 3.7 it/s
step    7100 | cos 0.5692 | thought 0.8898 dec_ce 1.8824 | 5.2 it/s
step    7150 | cos 0.5691 | thought 0.813 dec_ce 1.8122 | 5.1 it/s
step    7200 | cos 0.5673 | thought 0.8647 dec_ce 1.8864 | 5.1 it/s
step    7250 | cos 0.5688 | thought 0.9343 dec_ce 2.0249 | 5.1 it/s
step    7300 | cos 0.5695 | thought 0.9017 dec_ce 1.9124 | 5.2 it/s
step    7350 | cos 0.5690 | thought 0.8682 dec_ce 1.8516 | 5.1 it/s
step    7400 | cos 0.5677 | thought 0.8567 dec_ce 1.983 | 5.0 it/s
step    7450 | cos 0.5649 | thought 0.8858 dec_ce 2.0006 | 5.0 it/s
step    7500 | cos 0.5684 | thought 0.8591 dec_ce 1.8658 | 5.1 it/s
step    7500 | VAL cos 0.5712 | VAL dec CE 3.6655
step    7550 | cos 0.5727 | thought 0.8842 dec_ce 1.9572 | 4.0 it/s
step    7600 | cos 0.5734 | thought 0.866 dec_ce 1.9391 | 5.2 it/s
step    7650 | cos 0.5741 | thought 0.8697 dec_ce 1.9334 | 5.1 it/s
step    7700 | cos 0.5713 | thought 0.8547 dec_ce 1.8693 | 5.2 it/s
step    7750 | cos 0.5687 | thought 0.9047 dec_ce 2.0032 | 5.2 it/s
step    7800 | cos 0.5676 | thought 0.9287 dec_ce 1.9175 | 5.1 it/s
step    7850 | cos 0.5666 | thought 0.8934 dec_ce 1.9316 | 5.1 it/s
step    7900 | cos 0.5697 | thought 0.8973 dec_ce 1.9575 | 5.2 it/s
step    7950 | cos 0.5699 | thought 0.8829 dec_ce 1.9012 | 5.0 it/s
step    8000 | cos 0.5710 | thought 0.858 dec_ce 1.8101 | 5.1 it/s
step    8000 | VAL cos 0.5720 | VAL dec CE 3.6565
step    8050 | cos 0.5722 | thought 0.8851 dec_ce 1.9614 | 4.0 it/s
step    8100 | cos 0.5670 | thought 0.8924 dec_ce 1.8949 | 5.1 it/s
step    8150 | cos 0.5657 | thought 0.846 dec_ce 1.7497 | 5.1 it/s
step    8200 | cos 0.5698 | thought 0.8906 dec_ce 1.9226 | 5.1 it/s
step    8250 | cos 0.5642 | thought 0.8267 dec_ce 1.8042 | 5.0 it/s
step    8300 | cos 0.5695 | thought 0.893 dec_ce 1.9547 | 5.1 it/s
step    8350 | cos 0.5684 | thought 0.9095 dec_ce 2.0178 | 5.1 it/s
step    8400 | cos 0.5723 | thought 0.8724 dec_ce 1.851 | 5.2 it/s
step    8450 | cos 0.5666 | thought 0.8878 dec_ce 1.8699 | 5.1 it/s
step    8500 | cos 0.5695 | thought 0.856 dec_ce 1.7489 | 5.1 it/s
step    8500 | VAL cos 0.5723 | VAL dec CE 3.6510
step    8550 | cos 0.5695 | thought 0.8689 dec_ce 1.8679 | 3.8 it/s
step    8600 | cos 0.5706 | thought 0.8553 dec_ce 1.9678 | 5.1 it/s
step    8650 | cos 0.5705 | thought 0.8647 dec_ce 1.8345 | 5.3 it/s
step    8700 | cos 0.5717 | thought 0.871 dec_ce 1.9655 | 5.1 it/s
step    8750 | cos 0.5701 | thought 0.8855 dec_ce 1.85 | 5.0 it/s
step    8800 | cos 0.5750 | thought 0.8662 dec_ce 1.9909 | 5.1 it/s
step    8850 | cos 0.5670 | thought 0.8768 dec_ce 1.9634 | 5.0 it/s
wall-clock cap reached at step 8883

Run 'ab_WTA8' done: 8883 steps | final val cos 0.5725 dec CE 3.6485 (best 3.6485)
/home/nochi/vault/projects/ThoughtVectors/thoughtvec/.venv/lib/python3.12/site-packages/torch/nn/modules/transformer.py:392: UserWarning: enable_nested_tensor is True, but self.use_nested_tensor is False because encoder_layer.norm_first was True
  warnings.warn(
{"ckpt": "checkpoints/ab_WTA8/best.pt", "val_cos": 0.4209, "val_dec_ce": 4.1389, "ref_f1": 0.2662, "distinct1": 0.0105, "distinct2": 0.0414, "len_ratio": 0.836, "rows": 1024}
=== thinker ablation PN1 (1800s): thinker.mode=prefix thinker.tf_noise_std=0.1 thinker.w_decoder=0.5 thinker.k_ctx=8 ===
/home/nochi/vault/projects/ThoughtVectors/thoughtvec/.venv/lib/python3.12/site-packages/torch/nn/modules/transformer.py:392: UserWarning: enable_nested_tensor is True, but self.use_nested_tensor is False because encoder_layer.norm_first was True
  warnings.warn(
thinker params: 13.17M (codec d=384, frozen=True)
step      50 | cos 0.0955 | thought 1.4298 dec_ce 2.2253 | 4.6 it/s
step     100 | cos 0.2989 | thought 1.2756 dec_ce 2.1738 | 5.3 it/s
step     150 | cos 0.3310 | thought 1.2507 dec_ce 2.1814 | 5.3 it/s
step     200 | cos 0.3701 | thought 1.2011 dec_ce 1.9864 | 5.2 it/s
step     250 | cos 0.3678 | thought 1.2752 dec_ce 0.5164 | 5.3 it/s
step     300 | cos 0.3716 | thought 1.0804 dec_ce 0.2273 | 5.5 it/s
step     350 | cos 0.3979 | thought 1.0811 dec_ce 0.0486 | 5.4 it/s
step     400 | cos 0.4229 | thought 1.1339 dec_ce 0.0613 | 5.1 it/s
step     450 | cos 0.4514 | thought 1.0602 dec_ce 0.0445 | 5.3 it/s
step     500 | cos 0.4886 | thought 1.0012 dec_ce 0.0148 | 5.1 it/s
step     500 | VAL cos 0.5008 | VAL dec CE 0.0844
step     550 | cos 0.5178 | thought 0.8919 dec_ce 0.037 | 4.1 it/s
step     600 | cos 0.5508 | thought 0.8022 dec_ce 0.0227 | 5.4 it/s
step     650 | cos 0.5833 | thought 0.8058 dec_ce 0.0151 | 5.3 it/s
step     700 | cos 0.6097 | thought 0.6979 dec_ce 0.0119 | 5.3 it/s
step     750 | cos 0.6352 | thought 0.748 dec_ce 0.0122 | 5.0 it/s
step     800 | cos 0.6591 | thought 0.6645 dec_ce 0.0171 | 5.3 it/s
step     850 | cos 0.6724 | thought 0.665 dec_ce 0.0102 | 5.1 it/s
step     900 | cos 0.6937 | thought 0.7476 dec_ce 0.0439 | 5.3 it/s
step     950 | cos 0.7105 | thought 0.5598 dec_ce 0.0162 | 5.2 it/s
step    1000 | cos 0.7322 | thought 0.6212 dec_ce 0.0201 | 5.2 it/s
step    1000 | VAL cos 0.7319 | VAL dec CE 0.0283
step    1050 | cos 0.7375 | thought 0.5025 dec_ce 0.0147 | 4.1 it/s
step    1100 | cos 0.7464 | thought 0.5747 dec_ce 0.0068 | 5.3 it/s
step    1150 | cos 0.7591 | thought 0.5472 dec_ce 0.0131 | 5.2 it/s
step    1200 | cos 0.7625 | thought 0.4613 dec_ce 0.0062 | 5.3 it/s
step    1250 | cos 0.7725 | thought 0.5844 dec_ce 0.0226 | 5.0 it/s
step    1300 | cos 0.7830 | thought 0.4329 dec_ce 0.0052 | 5.2 it/s
step    1350 | cos 0.7830 | thought 0.403 dec_ce 0.0013 | 5.3 it/s
step    1400 | cos 0.7992 | thought 0.35 dec_ce 0.0037 | 5.1 it/s
step    1450 | cos 0.7967 | thought 0.3754 dec_ce 0.002 | 5.1 it/s
step    1500 | cos 0.8047 | thought 0.3657 dec_ce 0.0041 | 5.3 it/s
step    1500 | VAL cos 0.8058 | VAL dec CE 0.0163
step    1550 | cos 0.8113 | thought 0.3906 dec_ce 0.0011 | 4.2 it/s
step    1600 | cos 0.8174 | thought 0.4083 dec_ce 0.0083 | 5.3 it/s
step    1650 | cos 0.8184 | thought 0.3419 dec_ce 0.0045 | 5.3 it/s
step    1700 | cos 0.8204 | thought 0.4351 dec_ce 0.0089 | 5.1 it/s
step    1750 | cos 0.8245 | thought 0.3801 dec_ce 0.0049 | 5.3 it/s
step    1800 | cos 0.8277 | thought 0.3766 dec_ce 0.0089 | 5.2 it/s
step    1850 | cos 0.8377 | thought 0.3351 dec_ce 0.0048 | 5.3 it/s
step    1900 | cos 0.8379 | thought 0.3391 dec_ce 0.0028 | 5.3 it/s
step    1950 | cos 0.8369 | thought 0.3358 dec_ce 0.0036 | 5.2 it/s
step    2000 | cos 0.8403 | thought 0.3056 dec_ce 0.004 | 5.1 it/s
step    2000 | VAL cos 0.8448 | VAL dec CE 0.0080
step    2050 | cos 0.8502 | thought 0.3309 dec_ce 0.0031 | 4.2 it/s
step    2100 | cos 0.8509 | thought 0.3311 dec_ce 0.0117 | 5.3 it/s
step    2150 | cos 0.8498 | thought 0.2633 dec_ce 0.0009 | 5.3 it/s
step    2200 | cos 0.8517 | thought 0.3774 dec_ce 0.012 | 5.2 it/s
step    2250 | cos 0.8554 | thought 0.2862 dec_ce 0.0008 | 5.2 it/s
step    2300 | cos 0.8556 | thought 0.2832 dec_ce 0.0065 | 5.3 it/s
step    2350 | cos 0.8605 | thought 0.2886 dec_ce 0.0073 | 5.3 it/s
step    2400 | cos 0.8573 | thought 0.3272 dec_ce 0.0062 | 5.2 it/s
step    2450 | cos 0.8611 | thought 0.2369 dec_ce 0.0018 | 5.2 it/s
step    2500 | cos 0.8643 | thought 0.288 dec_ce 0.0031 | 5.3 it/s
step    2500 | VAL cos 0.8624 | VAL dec CE 0.0050
step    2550 | cos 0.8639 | thought 0.2475 dec_ce 0.0005 | 4.0 it/s
step    2600 | cos 0.8650 | thought 0.2708 dec_ce 0.0089 | 5.2 it/s
step    2650 | cos 0.8711 | thought 0.2377 dec_ce 0.0013 | 5.3 it/s
step    2700 | cos 0.8712 | thought 0.2367 dec_ce 0.0024 | 5.2 it/s
step    2750 | cos 0.8716 | thought 0.228 dec_ce 0.0001 | 5.3 it/s
step    2800 | cos 0.8756 | thought 0.2626 dec_ce 0.0013 | 5.3 it/s
step    2850 | cos 0.8744 | thought 0.2895 dec_ce 0.0055 | 5.2 it/s
step    2900 | cos 0.8757 | thought 0.2423 dec_ce 0.0011 | 5.2 it/s
step    2950 | cos 0.8722 | thought 0.2573 dec_ce 0.0105 | 5.2 it/s
step    3000 | cos 0.8735 | thought 0.2473 dec_ce 0.001 | 5.2 it/s
step    3000 | VAL cos 0.8747 | VAL dec CE 0.0057
step    3050 | cos 0.8756 | thought 0.3433 dec_ce 0.009 | 4.2 it/s
step    3100 | cos 0.8831 | thought 0.2443 dec_ce 0.0004 | 5.3 it/s
step    3150 | cos 0.8839 | thought 0.2277 dec_ce 0.0024 | 5.3 it/s
step    3200 | cos 0.8839 | thought 0.2383 dec_ce 0.0014 | 5.2 it/s
step    3250 | cos 0.8852 | thought 0.2613 dec_ce 0.0087 | 5.3 it/s
step    3300 | cos 0.8847 | thought 0.2735 dec_ce 0.0034 | 5.3 it/s
step    3350 | cos 0.8844 | thought 0.2363 dec_ce 0.0141 | 5.3 it/s
step    3400 | cos 0.8854 | thought 0.282 dec_ce 0.0133 | 5.2 it/s
step    3450 | cos 0.8899 | thought 0.2359 dec_ce 0.0017 | 5.4 it/s
step    3500 | cos 0.8918 | thought 0.1934 dec_ce 0.003 | 5.3 it/s
step    3500 | VAL cos 0.8914 | VAL dec CE 0.0043
step    3550 | cos 0.8921 | thought 0.2197 dec_ce 0.0005 | 4.2 it/s
step    3600 | cos 0.8876 | thought 0.2785 dec_ce 0.0037 | 5.3 it/s
step    3650 | cos 0.8930 | thought 0.2212 dec_ce 0.0002 | 5.3 it/s
step    3700 | cos 0.8925 | thought 0.2114 dec_ce 0.0002 | 5.3 it/s
step    3750 | cos 0.8929 | thought 0.2163 dec_ce 0.0057 | 5.3 it/s
step    3800 | cos 0.8859 | thought 0.226 dec_ce 0.0044 | 5.3 it/s
step    3850 | cos 0.8940 | thought 0.2367 dec_ce 0.0037 | 5.3 it/s
step    3900 | cos 0.8975 | thought 0.1768 dec_ce 0.0 | 5.3 it/s
step    3950 | cos 0.8997 | thought 0.1914 dec_ce 0.0003 | 5.5 it/s
step    4000 | cos 0.8962 | thought 0.2379 dec_ce 0.0052 | 5.3 it/s
step    4000 | VAL cos 0.8977 | VAL dec CE 0.0032
step    4050 | cos 0.8972 | thought 0.2387 dec_ce 0.0068 | 4.2 it/s
step    4100 | cos 0.8969 | thought 0.2209 dec_ce 0.0024 | 5.4 it/s
step    4150 | cos 0.8980 | thought 0.2214 dec_ce 0.004 | 5.2 it/s
step    4200 | cos 0.8999 | thought 0.1948 dec_ce 0.0018 | 5.3 it/s
step    4250 | cos 0.8977 | thought 0.185 dec_ce 0.0002 | 5.3 it/s
step    4300 | cos 0.9031 | thought 0.1986 dec_ce 0.0003 | 5.4 it/s
step    4350 | cos 0.8997 | thought 0.1934 dec_ce 0.0005 | 5.2 it/s
step    4400 | cos 0.9038 | thought 0.219 dec_ce 0.0017 | 5.4 it/s
step    4450 | cos 0.9021 | thought 0.2344 dec_ce 0.0124 | 5.4 it/s
Memory access fault by GPU node-1 (Agent handle: 0x1eaaffe0) on address 0x7bb5e5050000. Reason: Page not present or supervisor privilege.
scripts/ablate_thinker.sh: line 49: 57527 Aborted                 (core dumped) .venv/bin/tv-train-thinker --config configs/m4_thinker.yaml run.name="ab_$name" train.max_seconds="$DUR" $ov 2>&1
     57528 Done                    | tee "logs/ab_$name.out"
RUN PN1 FAILED — continuing bracket
/home/nochi/vault/projects/ThoughtVectors/thoughtvec/.venv/lib/python3.12/site-packages/torch/nn/modules/transformer.py:392: UserWarning: enable_nested_tensor is True, but self.use_nested_tensor is False because encoder_layer.norm_first was True
  warnings.warn(
{"ckpt": "checkpoints/ab_PN1/best.pt", "val_cos": 0.4207, "val_dec_ce": 14.3272, "ref_f1": 0.2375, "distinct1": 0.0061, "distinct2": 0.0326, "len_ratio": 0.608, "rows": 1024}
=== thinker ablation PN3 (1800s): thinker.mode=prefix thinker.tf_noise_std=0.3 thinker.w_decoder=0.5 thinker.k_ctx=8 ===
/home/nochi/vault/projects/ThoughtVectors/thoughtvec/.venv/lib/python3.12/site-packages/torch/nn/modules/transformer.py:392: UserWarning: enable_nested_tensor is True, but self.use_nested_tensor is False because encoder_layer.norm_first was True
  warnings.warn(
thinker params: 13.17M (codec d=384, frozen=True)
step      50 | cos 0.0939 | thought 1.437 dec_ce 2.2268 | 4.7 it/s
step     100 | cos 0.2970 | thought 1.2788 dec_ce 2.1748 | 5.3 it/s
step     150 | cos 0.3262 | thought 1.2602 dec_ce 2.188 | 5.2 it/s
step     200 | cos 0.3653 | thought 1.2057 dec_ce 2.0844 | 5.2 it/s
step     250 | cos 0.3732 | thought 1.282 dec_ce 0.925 | 5.3 it/s
step     300 | cos 0.3602 | thought 1.122 dec_ce 0.3045 | 5.4 it/s
step     350 | cos 0.3801 | thought 1.1184 dec_ce 0.0713 | 5.4 it/s
step     400 | cos 0.4022 | thought 1.1768 dec_ce 0.0631 | 5.2 it/s
step     450 | cos 0.4279 | thought 1.0928 dec_ce 0.0557 | 5.3 it/s
step     500 | cos 0.4608 | thought 1.0465 dec_ce 0.0473 | 5.2 it/s
step     500 | VAL cos 0.4869 | VAL dec CE 0.0897
step     550 | cos 0.4886 | thought 0.952 dec_ce 0.048 | 4.2 it/s
step     600 | cos 0.5226 | thought 0.8558 dec_ce 0.0215 | 5.4 it/s
step     650 | cos 0.5538 | thought 0.866 dec_ce 0.022 | 5.4 it/s
step     700 | cos 0.5725 | thought 0.7785 dec_ce 0.0299 | 5.4 it/s
step     750 | cos 0.5941 | thought 0.8317 dec_ce 0.011 | 5.1 it/s
step     800 | cos 0.6148 | thought 0.7577 dec_ce 0.0248 | 5.3 it/s
step     850 | cos 0.6284 | thought 0.7533 dec_ce 0.0141 | 5.2 it/s
step     900 | cos 0.6502 | thought 0.8272 dec_ce 0.0886 | 5.4 it/s
step     950 | cos 0.6667 | thought 0.6419 dec_ce 0.037 | 5.3 it/s
step    1000 | cos 0.6875 | thought 0.7099 dec_ce 0.0127 | 5.2 it/s
step    1000 | VAL cos 0.6957 | VAL dec CE 0.0245
step    1050 | cos 0.6965 | thought 0.577 dec_ce 0.0138 | 4.2 it/s
step    1100 | cos 0.7082 | thought 0.647 dec_ce 0.0141 | 5.3 it/s
step    1150 | cos 0.7224 | thought 0.6193 dec_ce 0.0168 | 5.3 it/s
step    1200 | cos 0.7228 | thought 0.5446 dec_ce 0.0092 | 5.4 it/s
step    1250 | cos 0.7330 | thought 0.6692 dec_ce 0.0239 | 5.1 it/s
step    1300 | cos 0.7429 | thought 0.5103 dec_ce 0.0087 | 5.3 it/s
step    1350 | cos 0.7451 | thought 0.4828 dec_ce 0.0058 | 5.3 it/s
step    1400 | cos 0.7610 | thought 0.4115 dec_ce 0.0068 | 5.2 it/s
step    1450 | cos 0.7587 | thought 0.4433 dec_ce 0.0069 | 5.2 it/s
step    1500 | cos 0.7670 | thought 0.4327 dec_ce 0.0183 | 5.3 it/s
step    1500 | VAL cos 0.7808 | VAL dec CE 0.0135
step    1550 | cos 0.7751 | thought 0.459 dec_ce 0.0064 | 4.2 it/s
step    1600 | cos 0.7824 | thought 0.4866 dec_ce 0.0113 | 5.4 it/s
step    1650 | cos 0.7865 | thought 0.4032 dec_ce 0.0112 | 5.4 it/s
step    1700 | cos 0.7895 | thought 0.4979 dec_ce 0.0171 | 5.2 it/s
step    1750 | cos 0.7948 | thought 0.4462 dec_ce 0.0134 | 5.4 it/s
step    1800 | cos 0.7945 | thought 0.4508 dec_ce 0.0186 | 5.3 it/s
step    1850 | cos 0.8065 | thought 0.3973 dec_ce 0.0197 | 5.4 it/s
step    1900 | cos 0.8094 | thought 0.3956 dec_ce 0.0107 | 5.4 it/s
step    1950 | cos 0.8058 | thought 0.4054 dec_ce 0.0026 | 5.3 it/s
step    2000 | cos 0.8094 | thought 0.3707 dec_ce 0.012 | 5.2 it/s
step    2000 | VAL cos 0.8230 | VAL dec CE 0.0120
step    2050 | cos 0.8194 | thought 0.3954 dec_ce 0.0105 | 4.2 it/s
step    2100 | cos 0.8215 | thought 0.3881 dec_ce 0.0295 | 5.4 it/s
step    2150 | cos 0.8206 | thought 0.3199 dec_ce 0.0005 | 5.3 it/s
step    2200 | cos 0.8230 | thought 0.4414 dec_ce 0.0417 | 5.2 it/s
step    2250 | cos 0.8264 | thought 0.3456 dec_ce 0.0085 | 5.3 it/s
step    2300 | cos 0.8284 | thought 0.3396 dec_ce 0.0149 | 5.4 it/s
step    2350 | cos 0.8332 | thought 0.3445 dec_ce 0.022 | 5.3 it/s
step    2400 | cos 0.8308 | thought 0.3916 dec_ce 0.007 | 5.3 it/s
step    2450 | cos 0.8337 | thought 0.2875 dec_ce 0.005 | 5.2 it/s
step    2500 | cos 0.8390 | thought 0.3402 dec_ce 0.004 | 5.3 it/s
step    2500 | VAL cos 0.8470 | VAL dec CE 0.0070
step    2550 | cos 0.8376 | thought 0.2993 dec_ce 0.0021 | 4.1 it/s
step    2600 | cos 0.8395 | thought 0.3222 dec_ce 0.0142 | 5.2 it/s
step    2650 | cos 0.8465 | thought 0.2863 dec_ce 0.0052 | 5.3 it/s
step    2700 | cos 0.8459 | thought 0.2892 dec_ce 0.0025 | 5.2 it/s
step    2750 | cos 0.8462 | thought 0.2759 dec_ce 0.0012 | 5.3 it/s
step    2800 | cos 0.8512 | thought 0.3161 dec_ce 0.0033 | 5.3 it/s
step    2850 | cos 0.8496 | thought 0.3387 dec_ce 0.0134 | 5.3 it/s
step    2900 | cos 0.8510 | thought 0.2945 dec_ce 0.0041 | 5.3 it/s
step    2950 | cos 0.8491 | thought 0.3064 dec_ce 0.0079 | 5.2 it/s
step    3000 | cos 0.8484 | thought 0.295 dec_ce 0.0066 | 5.3 it/s
step    3000 | VAL cos 0.8593 | VAL dec CE 0.0054
step    3050 | cos 0.8514 | thought 0.4027 dec_ce 0.0162 | 4.2 it/s
step    3100 | cos 0.8593 | thought 0.2965 dec_ce 0.0015 | 5.4 it/s
step    3150 | cos 0.8597 | thought 0.2775 dec_ce 0.0053 | 5.3 it/s
step    3200 | cos 0.8619 | thought 0.283 dec_ce 0.0023 | 5.2 it/s
step    3250 | cos 0.8622 | thought 0.321 dec_ce 0.0063 | 5.3 it/s
step    3300 | cos 0.8617 | thought 0.3289 dec_ce 0.0033 | 5.4 it/s
step    3350 | cos 0.8619 | thought 0.2833 dec_ce 0.0261 | 5.3 it/s
step    3400 | cos 0.8592 | thought 0.3399 dec_ce 0.0129 | 5.3 it/s
step    3450 | cos 0.8638 | thought 0.2941 dec_ce 0.0088 | 5.4 it/s
step    3500 | cos 0.8653 | thought 0.2456 dec_ce 0.0019 | 5.3 it/s
step    3500 | VAL cos 0.8731 | VAL dec CE 0.0023
step    3550 | cos 0.8678 | thought 0.2717 dec_ce 0.0036 | 4.2 it/s
step    3600 | cos 0.8655 | thought 0.3284 dec_ce 0.0044 | 5.3 it/s
step    3650 | cos 0.8713 | thought 0.2649 dec_ce 0.0011 | 5.4 it/s
step    3700 | cos 0.8680 | thought 0.2602 dec_ce 0.0031 | 5.3 it/s
step    3750 | cos 0.8694 | thought 0.2627 dec_ce 0.0017 | 5.4 it/s
step    3800 | cos 0.8624 | thought 0.2754 dec_ce 0.0096 | 5.3 it/s
step    3850 | cos 0.8707 | thought 0.2925 dec_ce 0.0041 | 5.4 it/s
step    3900 | cos 0.8733 | thought 0.2215 dec_ce 0.0001 | 5.3 it/s
step    3950 | cos 0.8772 | thought 0.2384 dec_ce 0.0032 | 5.5 it/s
step    4000 | cos 0.8723 | thought 0.2884 dec_ce 0.0112 | 5.4 it/s
step    4000 | VAL cos 0.8811 | VAL dec CE 0.0039
step    4050 | cos 0.8744 | thought 0.2884 dec_ce 0.0045 | 4.3 it/s
step    4100 | cos 0.8748 | thought 0.2663 dec_ce 0.0035 | 5.5 it/s
step    4150 | cos 0.8758 | thought 0.2661 dec_ce 0.0199 | 5.2 it/s
step    4200 | cos 0.8759 | thought 0.2407 dec_ce 0.0004 | 5.3 it/s
step    4250 | cos 0.8754 | thought 0.2245 dec_ce 0.0003 | 5.3 it/s
step    4300 | cos 0.8810 | thought 0.2402 dec_ce 0.0001 | 5.4 it/s
step    4350 | cos 0.8765 | thought 0.2393 dec_ce 0.0006 | 5.3 it/s
step    4400 | cos 0.8810 | thought 0.2664 dec_ce 0.0048 | 5.5 it/s
step    4450 | cos 0.8785 | thought 0.2844 dec_ce 0.0072 | 5.4 it/s
step    4500 | cos 0.8818 | thought 0.226 dec_ce 0.0013 | 5.3 it/s
step    4500 | VAL cos 0.8886 | VAL dec CE 0.0038
step    4550 | cos 0.8802 | thought 0.2697 dec_ce 0.0183 | 4.3 it/s
step    4600 | cos 0.8831 | thought 0.2471 dec_ce 0.0013 | 5.5 it/s
step    4650 | cos 0.8822 | thought 0.2176 dec_ce 0.0001 | 5.4 it/s
step    4700 | cos 0.8828 | thought 0.2491 dec_ce 0.0081 | 5.4 it/s
step    4750 | cos 0.8817 | thought 0.2606 dec_ce 0.0006 | 5.1 it/s
step    4800 | cos 0.8813 | thought 0.2428 dec_ce 0.0032 | 5.3 it/s
step    4850 | cos 0.8856 | thought 0.2653 dec_ce 0.0077 | 5.3 it/s
step    4900 | cos 0.8873 | thought 0.2285 dec_ce 0.0041 | 5.3 it/s
step    4950 | cos 0.8880 | thought 0.2449 dec_ce 0.0032 | 5.4 it/s
step    5000 | cos 0.8858 | thought 0.2721 dec_ce 0.0051 | 5.2 it/s
step    5000 | VAL cos 0.8948 | VAL dec CE 0.0029
step    5050 | cos 0.8891 | thought 0.1987 dec_ce 0.0007 | 4.4 it/s
step    5100 | cos 0.8867 | thought 0.2306 dec_ce 0.0001 | 5.2 it/s
step    5150 | cos 0.8840 | thought 0.2428 dec_ce 0.0061 | 5.2 it/s
step    5200 | cos 0.8861 | thought 0.2314 dec_ce 0.0056 | 5.2 it/s
step    5250 | cos 0.8874 | thought 0.2837 dec_ce 0.0167 | 5.1 it/s
step    5300 | cos 0.8887 | thought 0.202 dec_ce 0.0008 | 5.3 it/s
step    5350 | cos 0.8931 | thought 0.2112 dec_ce 0.0013 | 5.4 it/s
step    5400 | cos 0.8925 | thought 0.2285 dec_ce 0.0009 | 5.4 it/s
step    5450 | cos 0.8913 | thought 0.226 dec_ce 0.0061 | 5.4 it/s
step    5500 | cos 0.8910 | thought 0.2379 dec_ce 0.0004 | 5.4 it/s
step    5500 | VAL cos 0.8994 | VAL dec CE 0.0027
step    5550 | cos 0.8909 | thought 0.2285 dec_ce 0.0008 | 4.3 it/s
step    5600 | cos 0.8927 | thought 0.2657 dec_ce 0.0053 | 5.2 it/s
step    5650 | cos 0.8918 | thought 0.2189 dec_ce 0.0008 | 5.4 it/s
step    5700 | cos 0.8925 | thought 0.2141 dec_ce 0.0013 | 5.3 it/s
step    5750 | cos 0.8944 | thought 0.2093 dec_ce 0.0023 | 5.4 it/s
step    5800 | cos 0.8926 | thought 0.2454 dec_ce 0.0006 | 5.4 it/s
step    5850 | cos 0.8956 | thought 0.215 dec_ce 0.0001 | 5.5 it/s
step    5900 | cos 0.8936 | thought 0.2194 dec_ce 0.0056 | 5.4 it/s
step    5950 | cos 0.8961 | thought 0.2122 dec_ce 0.0001 | 5.4 it/s
step    6000 | cos 0.8975 | thought 0.2123 dec_ce 0.0014 | 5.5 it/s
step    6000 | VAL cos 0.9041 | VAL dec CE 0.0016
step    6050 | cos 0.8981 | thought 0.2 dec_ce 0.0002 | 4.2 it/s
step    6100 | cos 0.8980 | thought 0.2096 dec_ce 0.0001 | 5.3 it/s
step    6150 | cos 0.8973 | thought 0.2546 dec_ce 0.005 | 5.5 it/s
step    6200 | cos 0.8980 | thought 0.272 dec_ce 0.0073 | 5.3 it/s
step    6250 | cos 0.8952 | thought 0.2453 dec_ce 0.002 | 5.3 it/s
step    6300 | cos 0.9001 | thought 0.2264 dec_ce 0.0011 | 5.2 it/s
step    6350 | cos 0.9016 | thought 0.1803 dec_ce 0.0024 | 5.5 it/s
step    6400 | cos 0.8980 | thought 0.2354 dec_ce 0.0015 | 5.2 it/s
step    6450 | cos 0.8986 | thought 0.2166 dec_ce 0.0011 | 5.3 it/s
step    6500 | cos 0.8984 | thought 0.2094 dec_ce 0.0051 | 5.3 it/s
step    6500 | VAL cos 0.9063 | VAL dec CE 0.0009
step    6550 | cos 0.8981 | thought 0.2367 dec_ce 0.0013 | 4.2 it/s
step    6600 | cos 0.9006 | thought 0.1739 dec_ce 0.0001 | 5.5 it/s
step    6650 | cos 0.8997 | thought 0.2167 dec_ce 0.0108 | 5.4 it/s
step    6700 | cos 0.8975 | thought 0.2151 dec_ce 0.0012 | 5.3 it/s
step    6750 | cos 0.9012 | thought 0.2229 dec_ce 0.0114 | 5.3 it/s
step    6800 | cos 0.8983 | thought 0.2133 dec_ce 0.0009 | 5.2 it/s
step    6850 | cos 0.9023 | thought 0.1685 dec_ce 0.0 | 5.2 it/s
step    6900 | cos 0.9019 | thought 0.2009 dec_ce 0.0008 | 5.5 it/s
step    6950 | cos 0.9007 | thought 0.1942 dec_ce 0.0 | 5.3 it/s
step    7000 | cos 0.9020 | thought 0.2234 dec_ce 0.0013 | 5.4 it/s
step    7000 | VAL cos 0.9091 | VAL dec CE 0.0012
step    7050 | cos 0.8980 | thought 0.2227 dec_ce 0.0023 | 4.3 it/s
step    7100 | cos 0.9040 | thought 0.203 dec_ce 0.0001 | 5.5 it/s
step    7150 | cos 0.9026 | thought 0.1638 dec_ce 0.0001 | 5.3 it/s
step    7200 | cos 0.9021 | thought 0.1952 dec_ce 0.0007 | 5.3 it/s
step    7250 | cos 0.9015 | thought 0.2554 dec_ce 0.0011 | 5.4 it/s
step    7300 | cos 0.9037 | thought 0.2165 dec_ce 0.0022 | 5.4 it/s
step    7350 | cos 0.9018 | thought 0.1796 dec_ce 0.0017 | 5.3 it/s
step    7400 | cos 0.9018 | thought 0.179 dec_ce 0.0015 | 5.3 it/s
step    7450 | cos 0.9009 | thought 0.1812 dec_ce 0.0 | 5.2 it/s
step    7500 | cos 0.9027 | thought 0.1643 dec_ce 0.0007 | 5.3 it/s
step    7500 | VAL cos 0.9113 | VAL dec CE 0.0013
step    7550 | cos 0.9071 | thought 0.1851 dec_ce 0.0001 | 4.4 it/s
step    7600 | cos 0.9062 | thought 0.2104 dec_ce 0.008 | 5.4 it/s
step    7650 | cos 0.9058 | thought 0.1844 dec_ce 0.0006 | 5.3 it/s
step    7700 | cos 0.9054 | thought 0.1786 dec_ce 0.0001 | 5.4 it/s
step    7750 | cos 0.9047 | thought 0.2228 dec_ce 0.0062 | 5.4 it/s
step    7800 | cos 0.9040 | thought 0.211 dec_ce 0.0041 | 5.3 it/s
step    7850 | cos 0.9013 | thought 0.1968 dec_ce 0.0009 | 5.4 it/s
step    7900 | cos 0.9062 | thought 0.2228 dec_ce 0.0055 | 5.4 it/s
step    7950 | cos 0.9058 | thought 0.1933 dec_ce 0.0002 | 5.3 it/s
step    8000 | cos 0.9062 | thought 0.1777 dec_ce 0.0001 | 5.3 it/s
step    8000 | VAL cos 0.9127 | VAL dec CE 0.0010
step    8050 | cos 0.9070 | thought 0.1871 dec_ce 0.0 | 4.4 it/s
step    8100 | cos 0.9035 | thought 0.2323 dec_ce 0.0003 | 5.4 it/s
step    8150 | cos 0.9026 | thought 0.1615 dec_ce 0.0001 | 5.3 it/s
step    8200 | cos 0.9035 | thought 0.196 dec_ce 0.0017 | 5.3 it/s
step    8250 | cos 0.9006 | thought 0.161 dec_ce 0.0 | 5.2 it/s
step    8300 | cos 0.9053 | thought 0.1957 dec_ce 0.0012 | 5.3 it/s
step    8350 | cos 0.9052 | thought 0.2051 dec_ce 0.0004 | 5.3 it/s
step    8400 | cos 0.9096 | thought 0.1819 dec_ce 0.0002 | 5.4 it/s
step    8450 | cos 0.9055 | thought 0.1931 dec_ce 0.0001 | 5.3 it/s
step    8500 | cos 0.9067 | thought 0.1848 dec_ce 0.0007 | 5.3 it/s
step    8500 | VAL cos 0.9142 | VAL dec CE 0.0017
step    8550 | cos 0.9069 | thought 0.1713 dec_ce 0.0002 | 4.3 it/s
step    8600 | cos 0.9070 | thought 0.1768 dec_ce 0.0004 | 5.3 it/s
step    8650 | cos 0.9072 | thought 0.1766 dec_ce 0.0001 | 5.5 it/s
step    8700 | cos 0.9072 | thought 0.1839 dec_ce 0.0008 | 5.3 it/s
step    8750 | cos 0.9063 | thought 0.1906 dec_ce 0.0001 | 5.2 it/s
step    8800 | cos 0.9085 | thought 0.195 dec_ce 0.0015 | 5.3 it/s
step    8850 | cos 0.9061 | thought 0.1823 dec_ce 0.0051 | 5.2 it/s
step    8900 | cos 0.9063 | thought 0.2312 dec_ce 0.002 | 5.4 it/s
step    8950 | cos 0.9048 | thought 0.2184 dec_ce 0.0003 | 5.3 it/s
step    9000 | cos 0.9068 | thought 0.1837 dec_ce 0.0001 | 5.3 it/s
step    9000 | VAL cos 0.9147 | VAL dec CE 0.0009
step    9050 | cos 0.9091 | thought 0.1622 dec_ce 0.0001 | 4.3 it/s
step    9100 | cos 0.9062 | thought 0.1794 dec_ce 0.0001 | 5.2 it/s
step    9150 | cos 0.9082 | thought 0.179 dec_ce 0.0009 | 5.3 it/s
step    9200 | cos 0.9077 | thought 0.1753 dec_ce 0.0035 | 5.3 it/s
step    9250 | cos 0.9099 | thought 0.2054 dec_ce 0.0011 | 5.4 it/s
step    9300 | cos 0.9097 | thought 0.1853 dec_ce 0.0001 | 5.3 it/s
wall-clock cap reached at step 9345

Run 'ab_PN3' done: 9345 steps | final val cos 0.9154 dec CE 0.0013 (best 0.0009)
/home/nochi/vault/projects/ThoughtVectors/thoughtvec/.venv/lib/python3.12/site-packages/torch/nn/modules/transformer.py:392: UserWarning: enable_nested_tensor is True, but self.use_nested_tensor is False because encoder_layer.norm_first was True
  warnings.warn(
{"ckpt": "checkpoints/ab_PN3/best.pt", "val_cos": 0.3932, "val_dec_ce": 12.6822, "ref_f1": 0.1977, "distinct1": 0.0162, "distinct2": 0.0767, "len_ratio": 0.387, "rows": 1024}
=== thinker ablation FD (1800s): thinker.flat_context=true thinker.w_decoder=0.5 ===
/home/nochi/vault/projects/ThoughtVectors/thoughtvec/.venv/lib/python3.12/site-packages/torch/nn/modules/transformer.py:392: UserWarning: enable_nested_tensor is True, but self.use_nested_tensor is False because encoder_layer.norm_first was True
  warnings.warn(
thinker params: 15.10M (codec d=384, frozen=True)
step      50 | cos 0.0482 | thought 2.3406 dec_ce 2.3066 | 6.2 it/s
step     100 | cos 0.1852 | thought 2.0196 dec_ce 2.2342 | 7.4 it/s
step     150 | cos 0.2597 | thought 1.9839 dec_ce 2.3252 | 7.2 it/s
step     200 | cos 0.2730 | thought 1.9319 dec_ce 2.3692 | 7.1 it/s
step     250 | cos 0.2790 | thought 1.8983 dec_ce 2.191 | 7.2 it/s
step     300 | cos 0.3022 | thought 1.6709 dec_ce 2.2044 | 7.4 it/s
step     350 | cos 0.3345 | thought 1.6212 dec_ce 1.9602 | 7.4 it/s
step     400 | cos 0.3570 | thought 1.6227 dec_ce 2.1678 | 7.2 it/s
step     450 | cos 0.3808 | thought 1.5232 dec_ce 2.0941 | 7.3 it/s
step     500 | cos 0.4017 | thought 1.4762 dec_ce 2.0325 | 7.1 it/s
step     500 | VAL cos 0.4079 | VAL dec CE 4.0325
step     550 | cos 0.4130 | thought 1.4041 dec_ce 2.0521 | 5.8 it/s
step     600 | cos 0.4311 | thought 1.3152 dec_ce 2.0744 | 7.3 it/s
step     650 | cos 0.4409 | thought 1.3548 dec_ce 2.0649 | 7.4 it/s
step     700 | cos 0.4452 | thought 1.2685 dec_ce 2.1345 | 7.4 it/s
step     750 | cos 0.4518 | thought 1.2776 dec_ce 1.9152 | 7.1 it/s
step     800 | cos 0.4521 | thought 1.2682 dec_ce 2.1712 | 7.3 it/s
step     850 | cos 0.4520 | thought 1.2719 dec_ce 2.1345 | 7.2 it/s
step     900 | cos 0.4564 | thought 1.2803 dec_ce 2.1647 | 7.2 it/s
step     950 | cos 0.4591 | thought 1.1826 dec_ce 1.9498 | 7.2 it/s
step    1000 | cos 0.4613 | thought 1.2489 dec_ce 2.1419 | 7.3 it/s
step    1000 | VAL cos 0.4611 | VAL dec CE 3.9705
step    1050 | cos 0.4609 | thought 1.1545 dec_ce 1.9739 | 5.6 it/s
step    1100 | cos 0.4604 | thought 1.2129 dec_ce 2.1003 | 7.3 it/s
step    1150 | cos 0.4618 | thought 1.1863 dec_ce 2.1173 | 7.1 it/s
step    1200 | cos 0.4612 | thought 1.1189 dec_ce 1.9453 | 7.2 it/s
step    1250 | cos 0.4624 | thought 1.2116 dec_ce 2.1537 | 7.1 it/s
step    1300 | cos 0.4637 | thought 1.1194 dec_ce 2.0328 | 7.4 it/s
step    1350 | cos 0.4634 | thought 1.1132 dec_ce 1.9521 | 7.2 it/s
step    1400 | cos 0.4693 | thought 1.0605 dec_ce 1.9001 | 7.2 it/s
step    1450 | cos 0.4636 | thought 1.0799 dec_ce 2.0072 | 7.1 it/s
step    1500 | cos 0.4632 | thought 1.061 dec_ce 1.9357 | 7.5 it/s
step    1500 | VAL cos 0.4657 | VAL dec CE 3.9447
step    1550 | cos 0.4672 | thought 1.0788 dec_ce 2.0478 | 5.9 it/s
step    1600 | cos 0.4688 | thought 1.0813 dec_ce 2.1102 | 7.4 it/s
step    1650 | cos 0.4670 | thought 1.0472 dec_ce 1.9209 | 7.4 it/s
step    1700 | cos 0.4686 | thought 1.1096 dec_ce 2.1143 | 7.2 it/s
step    1750 | cos 0.4690 | thought 1.0788 dec_ce 2.1489 | 7.4 it/s
step    1800 | cos 0.4655 | thought 1.0671 dec_ce 2.0234 | 7.3 it/s
step    1850 | cos 0.4732 | thought 1.0358 dec_ce 2.0387 | 7.5 it/s
step    1900 | cos 0.4698 | thought 1.0589 dec_ce 2.029 | 7.4 it/s
step    1950 | cos 0.4680 | thought 1.0479 dec_ce 2.0211 | 7.3 it/s
step    2000 | cos 0.4686 | thought 1.0397 dec_ce 2.0937 | 7.2 it/s
step    2000 | VAL cos 0.4719 | VAL dec CE 3.9158
step    2050 | cos 0.4743 | thought 1.0468 dec_ce 2.0799 | 5.6 it/s
step    2100 | cos 0.4732 | thought 1.026 dec_ce 2.0102 | 7.5 it/s
step    2150 | cos 0.4731 | thought 0.9969 dec_ce 1.8847 | 7.4 it/s
step    2200 | cos 0.4710 | thought 1.0769 dec_ce 2.1751 | 7.2 it/s
step    2250 | cos 0.4738 | thought 1.0421 dec_ce 2.0657 | 7.3 it/s
step    2300 | cos 0.4714 | thought 1.0168 dec_ce 2.0298 | 7.4 it/s
step    2350 | cos 0.4746 | thought 1.014 dec_ce 1.9745 | 7.3 it/s
step    2400 | cos 0.4711 | thought 1.0443 dec_ce 1.9914 | 7.3 it/s
step    2450 | cos 0.4741 | thought 1.0076 dec_ce 2.039 | 7.2 it/s
step    2500 | cos 0.4757 | thought 1.0165 dec_ce 1.9706 | 7.3 it/s
step    2500 | VAL cos 0.4748 | VAL dec CE 3.9004
step    2550 | cos 0.4725 | thought 1.0126 dec_ce 2.0029 | 5.6 it/s
step    2600 | cos 0.4721 | thought 1.0257 dec_ce 2.0631 | 7.2 it/s
step    2650 | cos 0.4755 | thought 0.9833 dec_ce 2.0048 | 7.5 it/s
step    2700 | cos 0.4732 | thought 1.0324 dec_ce 2.1095 | 7.2 it/s
step    2750 | cos 0.4736 | thought 1.0142 dec_ce 2.0255 | 7.3 it/s
step    2800 | cos 0.4752 | thought 1.0402 dec_ce 2.0492 | 7.4 it/s
step    2850 | cos 0.4759 | thought 1.0279 dec_ce 2.0214 | 7.3 it/s
step    2900 | cos 0.4769 | thought 1.0161 dec_ce 1.9984 | 7.2 it/s
step    2950 | cos 0.4763 | thought 1.0272 dec_ce 2.0658 | 7.1 it/s
step    3000 | cos 0.4741 | thought 0.9967 dec_ce 2.0303 | 7.3 it/s
step    3000 | VAL cos 0.4773 | VAL dec CE 3.8824
step    3050 | cos 0.4751 | thought 1.0745 dec_ce 2.1008 | 5.7 it/s
step    3100 | cos 0.4794 | thought 1.0039 dec_ce 2.0218 | 7.5 it/s
step    3150 | cos 0.4793 | thought 1.0218 dec_ce 2.0393 | 7.4 it/s
step    3200 | cos 0.4781 | thought 1.0036 dec_ce 2.0513 | 7.4 it/s
step    3250 | cos 0.4762 | thought 1.0528 dec_ce 2.1128 | 7.3 it/s
step    3300 | cos 0.4780 | thought 1.0488 dec_ce 2.0995 | 7.1 it/s
step    3350 | cos 0.4778 | thought 1.0001 dec_ce 2.0697 | 7.0 it/s
step    3400 | cos 0.4758 | thought 1.0345 dec_ce 2.0371 | 7.2 it/s
step    3450 | cos 0.4749 | thought 1.0135 dec_ce 1.9199 | 7.4 it/s
step    3500 | cos 0.4791 | thought 1.0053 dec_ce 2.0138 | 7.3 it/s
step    3500 | VAL cos 0.4771 | VAL dec CE 3.8807
step    3550 | cos 0.4791 | thought 1.0461 dec_ce 2.0764 | 5.7 it/s
step    3600 | cos 0.4773 | thought 1.0378 dec_ce 1.9993 | 7.3 it/s
step    3650 | cos 0.4789 | thought 1.0315 dec_ce 1.9541 | 7.4 it/s
step    3700 | cos 0.4770 | thought 1.0266 dec_ce 1.9474 | 7.3 it/s
step    3750 | cos 0.4780 | thought 1.0057 dec_ce 1.9682 | 7.3 it/s
step    3800 | cos 0.4748 | thought 1.0111 dec_ce 2.0499 | 7.2 it/s
step    3850 | cos 0.4766 | thought 1.0446 dec_ce 2.0231 | 7.3 it/s
step    3900 | cos 0.4785 | thought 0.9765 dec_ce 1.9813 | 7.3 it/s
step    3950 | cos 0.4796 | thought 1.0091 dec_ce 2.1172 | 7.5 it/s
step    4000 | cos 0.4781 | thought 1.0248 dec_ce 2.0066 | 7.3 it/s
step    4000 | VAL cos 0.4786 | VAL dec CE 3.8559
step    4050 | cos 0.4797 | thought 1.029 dec_ce 2.0177 | 5.6 it/s
step    4100 | cos 0.4749 | thought 1.0442 dec_ce 2.071 | 7.2 it/s
step    4150 | cos 0.4758 | thought 1.0029 dec_ce 1.9367 | 7.3 it/s
step    4200 | cos 0.4792 | thought 1.0367 dec_ce 2.1192 | 7.2 it/s
step    4250 | cos 0.4790 | thought 0.9905 dec_ce 1.9231 | 7.2 it/s
step    4300 | cos 0.4825 | thought 1.0121 dec_ce 2.0596 | 7.4 it/s
step    4350 | cos 0.4793 | thought 1.0182 dec_ce 1.9573 | 7.1 it/s
step    4400 | cos 0.4819 | thought 0.9951 dec_ce 2.0 | 7.4 it/s
step    4450 | cos 0.4809 | thought 1.02 dec_ce 2.0888 | 7.2 it/s
step    4500 | cos 0.4835 | thought 1.0067 dec_ce 2.0396 | 7.3 it/s
step    4500 | VAL cos 0.4814 | VAL dec CE 3.8472
step    4550 | cos 0.4815 | thought 1.033 dec_ce 2.0171 | 5.7 it/s
step    4600 | cos 0.4802 | thought 1.0198 dec_ce 2.0449 | 7.5 it/s
step    4650 | cos 0.4822 | thought 1.0046 dec_ce 1.9738 | 7.4 it/s
step    4700 | cos 0.4806 | thought 1.0067 dec_ce 1.9896 | 7.3 it/s
step    4750 | cos 0.4790 | thought 1.0353 dec_ce 1.9226 | 7.0 it/s
step    4800 | cos 0.4767 | thought 1.0208 dec_ce 2.0614 | 7.2 it/s
step    4850 | cos 0.4829 | thought 1.0525 dec_ce 2.1736 | 7.2 it/s
step    4900 | cos 0.4857 | thought 0.9951 dec_ce 1.9636 | 7.2 it/s
step    4950 | cos 0.4822 | thought 1.018 dec_ce 2.0094 | 7.3 it/s
step    5000 | cos 0.4797 | thought 1.0211 dec_ce 2.0392 | 7.2 it/s
step    5000 | VAL cos 0.4832 | VAL dec CE 3.8331
step    5050 | cos 0.4843 | thought 1.0007 dec_ce 1.9861 | 5.7 it/s
step    5100 | cos 0.4813 | thought 1.0284 dec_ce 1.9211 | 7.1 it/s
step    5150 | cos 0.4786 | thought 1.0408 dec_ce 2.0151 | 7.1 it/s
step    5200 | cos 0.4809 | thought 1.0348 dec_ce 2.0141 | 7.1 it/s
step    5250 | cos 0.4820 | thought 1.0206 dec_ce 2.1518 | 7.1 it/s
step    5300 | cos 0.4826 | thought 1.0031 dec_ce 2.0193 | 7.2 it/s
step    5350 | cos 0.4839 | thought 0.9974 dec_ce 1.9961 | 7.3 it/s
step    5400 | cos 0.4824 | thought 1.0427 dec_ce 2.063 | 7.4 it/s
step    5450 | cos 0.4845 | thought 0.9823 dec_ce 1.9487 | 7.3 it/s
step    5500 | cos 0.4819 | thought 1.0136 dec_ce 2.0186 | 7.3 it/s
step    5500 | VAL cos 0.4839 | VAL dec CE 3.8223
step    5550 | cos 0.4812 | thought 0.9931 dec_ce 1.996 | 5.7 it/s
step    5600 | cos 0.4840 | thought 1.0015 dec_ce 2.0295 | 7.1 it/s
step    5650 | cos 0.4846 | thought 0.993 dec_ce 1.8943 | 7.3 it/s
step    5700 | cos 0.4830 | thought 1.0004 dec_ce 1.9056 | 7.2 it/s
step    5750 | cos 0.4847 | thought 1.0005 dec_ce 1.9474 | 7.3 it/s
step    5800 | cos 0.4824 | thought 1.0323 dec_ce 2.0196 | 7.2 it/s
step    5850 | cos 0.4833 | thought 1.0489 dec_ce 2.1035 | 7.4 it/s
step    5900 | cos 0.4838 | thought 1.0186 dec_ce 2.0792 | 7.3 it/s
step    5950 | cos 0.4840 | thought 1.0086 dec_ce 1.8413 | 7.4 it/s
step    6000 | cos 0.4860 | thought 0.9866 dec_ce 1.8784 | 7.4 it/s
step    6000 | VAL cos 0.4843 | VAL dec CE 3.8119
step    6050 | cos 0.4840 | thought 1.0158 dec_ce 1.9343 | 5.7 it/s
step    6100 | cos 0.4872 | thought 1.0234 dec_ce 2.0145 | 7.5 it/s
step    6150 | cos 0.4824 | thought 1.0347 dec_ce 2.09 | 7.4 it/s
step    6200 | cos 0.4862 | thought 1.052 dec_ce 2.1053 | 7.3 it/s
step    6250 | cos 0.4854 | thought 1.0293 dec_ce 2.0427 | 7.0 it/s
step    6300 | cos 0.4851 | thought 0.9972 dec_ce 1.9363 | 7.2 it/s
step    6350 | cos 0.4875 | thought 1.0051 dec_ce 1.9357 | 7.5 it/s
step    6400 | cos 0.4830 | thought 1.0123 dec_ce 2.0155 | 7.0 it/s
step    6450 | cos 0.4845 | thought 1.0238 dec_ce 2.0027 | 7.3 it/s
step    6500 | cos 0.4845 | thought 1.0017 dec_ce 1.9572 | 7.2 it/s
step    6500 | VAL cos 0.4869 | VAL dec CE 3.8036
step    6550 | cos 0.4847 | thought 1.0306 dec_ce 2.0611 | 5.7 it/s
step    6600 | cos 0.4866 | thought 0.9767 dec_ce 1.9057 | 7.5 it/s
step    6650 | cos 0.4846 | thought 1.032 dec_ce 2.1651 | 7.3 it/s
step    6700 | cos 0.4828 | thought 1.02 dec_ce 2.032 | 7.2 it/s
step    6750 | cos 0.4852 | thought 1.0151 dec_ce 2.011 | 7.4 it/s
step    6800 | cos 0.4840 | thought 1.0457 dec_ce 2.0482 | 7.4 it/s
step    6850 | cos 0.4861 | thought 0.9826 dec_ce 1.9571 | 7.4 it/s
step    6900 | cos 0.4874 | thought 1.0237 dec_ce 1.9895 | 7.6 it/s
step    6950 | cos 0.4865 | thought 0.9976 dec_ce 1.9278 | 7.1 it/s
step    7000 | cos 0.4883 | thought 1.0045 dec_ce 1.9061 | 7.3 it/s
step    7000 | VAL cos 0.4875 | VAL dec CE 3.7907
step    7050 | cos 0.4847 | thought 1.0229 dec_ce 1.9732 | 5.6 it/s
step    7100 | cos 0.4873 | thought 1.0123 dec_ce 1.9581 | 7.6 it/s
step    7150 | cos 0.4873 | thought 0.9648 dec_ce 1.9105 | 7.3 it/s
step    7200 | cos 0.4844 | thought 0.9984 dec_ce 1.9612 | 7.4 it/s
step    7250 | cos 0.4858 | thought 1.044 dec_ce 2.0835 | 7.2 it/s
step    7300 | cos 0.4871 | thought 1.0257 dec_ce 1.9644 | 7.4 it/s
step    7350 | cos 0.4851 | thought 0.9989 dec_ce 1.9172 | 7.1 it/s
step    7400 | cos 0.4843 | thought 0.9962 dec_ce 2.0537 | 7.2 it/s
step    7450 | cos 0.4857 | thought 1.0219 dec_ce 2.0827 | 7.2 it/s
step    7500 | cos 0.4847 | thought 1.0024 dec_ce 1.9347 | 7.2 it/s
step    7500 | VAL cos 0.4887 | VAL dec CE 3.7894
step    7550 | cos 0.4894 | thought 1.0132 dec_ce 2.0009 | 5.8 it/s
step    7600 | cos 0.4887 | thought 1.0026 dec_ce 1.9953 | 7.4 it/s
step    7650 | cos 0.4913 | thought 0.9942 dec_ce 1.9997 | 7.3 it/s
step    7700 | cos 0.4873 | thought 0.9928 dec_ce 1.9311 | 7.4 it/s
step    7750 | cos 0.4870 | thought 1.0269 dec_ce 2.0546 | 7.4 it/s
step    7800 | cos 0.4859 | thought 1.0425 dec_ce 1.9713 | 7.2 it/s
step    7850 | cos 0.4861 | thought 0.9978 dec_ce 2.0024 | 7.2 it/s
step    7900 | cos 0.4880 | thought 1.0135 dec_ce 2.0171 | 7.5 it/s
step    7950 | cos 0.4880 | thought 0.9962 dec_ce 1.9376 | 7.2 it/s
step    8000 | cos 0.4886 | thought 1.0012 dec_ce 1.8951 | 7.4 it/s
step    8000 | VAL cos 0.4896 | VAL dec CE 3.7803
step    8050 | cos 0.4898 | thought 1.0123 dec_ce 2.0082 | 5.8 it/s
step    8100 | cos 0.4862 | thought 1.0046 dec_ce 1.9432 | 7.2 it/s
step    8150 | cos 0.4853 | thought 0.9903 dec_ce 1.8644 | 7.3 it/s
step    8200 | cos 0.4880 | thought 1.0097 dec_ce 1.9874 | 7.2 it/s
step    8250 | cos 0.4838 | thought 0.9631 dec_ce 1.8782 | 7.1 it/s
step    8300 | cos 0.4867 | thought 1.0177 dec_ce 2.0036 | 7.2 it/s
step    8350 | cos 0.4870 | thought 1.0096 dec_ce 2.0764 | 7.2 it/s
step    8400 | cos 0.4902 | thought 1.005 dec_ce 1.9344 | 7.6 it/s
step    8450 | cos 0.4846 | thought 1.0236 dec_ce 1.9219 | 7.3 it/s
step    8500 | cos 0.4891 | thought 0.9845 dec_ce 1.8005 | 7.3 it/s
step    8500 | VAL cos 0.4902 | VAL dec CE 3.7727
step    8550 | cos 0.4886 | thought 0.9961 dec_ce 1.9365 | 5.7 it/s
step    8600 | cos 0.4863 | thought 0.9789 dec_ce 2.0216 | 7.4 it/s
step    8650 | cos 0.4906 | thought 0.9911 dec_ce 1.8912 | 7.5 it/s
step    8700 | cos 0.4909 | thought 0.9833 dec_ce 2.03 | 7.4 it/s
step    8750 | cos 0.4892 | thought 0.9948 dec_ce 1.8936 | 7.2 it/s
step    8800 | cos 0.4933 | thought 0.9975 dec_ce 2.0473 | 7.4 it/s
step    8850 | cos 0.4876 | thought 1.0126 dec_ce 2.0149 | 7.2 it/s
step    8900 | cos 0.4890 | thought 1.0433 dec_ce 1.9502 | 7.3 it/s
step    8950 | cos 0.4864 | thought 1.0113 dec_ce 1.9959 | 7.3 it/s
step    9000 | cos 0.4906 | thought 0.9804 dec_ce 1.9617 | 7.2 it/s
step    9000 | VAL cos 0.4902 | VAL dec CE 3.7669
step    9050 | cos 0.4903 | thought 0.9695 dec_ce 1.8781 | 5.8 it/s
step    9100 | cos 0.4892 | thought 0.9758 dec_ce 1.8927 | 7.3 it/s
step    9150 | cos 0.4902 | thought 0.9633 dec_ce 1.9473 | 7.3 it/s
step    9200 | cos 0.4888 | thought 0.9409 dec_ce 1.834 | 7.3 it/s
step    9250 | cos 0.4912 | thought 1.0005 dec_ce 1.9678 | 7.4 it/s
step    9300 | cos 0.4916 | thought 1.0116 dec_ce 1.9878 | 7.4 it/s
step    9350 | cos 0.4909 | thought 1.0194 dec_ce 1.9115 | 7.3 it/s
step    9400 | cos 0.4877 | thought 1.0169 dec_ce 1.9091 | 7.1 it/s
step    9450 | cos 0.4866 | thought 0.9889 dec_ce 1.9464 | 7.4 it/s
step    9500 | cos 0.4872 | thought 1.0219 dec_ce 2.027 | 7.2 it/s
step    9500 | VAL cos 0.4925 | VAL dec CE 3.7596
step    9550 | cos 0.4915 | thought 0.9856 dec_ce 1.8684 | 5.8 it/s
step    9600 | cos 0.4886 | thought 1.0042 dec_ce 1.9496 | 7.2 it/s
step    9650 | cos 0.4914 | thought 1.0064 dec_ce 1.845 | 7.1 it/s
step    9700 | cos 0.4902 | thought 1.0052 dec_ce 1.9399 | 7.3 it/s
step    9750 | cos 0.4937 | thought 0.9934 dec_ce 1.8921 | 7.3 it/s
step    9800 | cos 0.4898 | thought 0.9925 dec_ce 2.0585 | 7.1 it/s
step    9850 | cos 0.4917 | thought 0.9622 dec_ce 1.9411 | 7.3 it/s
step    9900 | cos 0.4904 | thought 1.012 dec_ce 1.9996 | 7.3 it/s
step    9950 | cos 0.4918 | thought 1.0503 dec_ce 2.0275 | 7.3 it/s
step   10000 | cos 0.4893 | thought 1.0233 dec_ce 2.046 | 7.4 it/s
step   10000 | VAL cos 0.4926 | VAL dec CE 3.7531
step   10050 | cos 0.4904 | thought 0.9891 dec_ce 1.988 | 5.6 it/s
step   10100 | cos 0.4913 | thought 0.9903 dec_ce 1.9034 | 7.3 it/s
step   10150 | cos 0.4906 | thought 0.9767 dec_ce 1.9661 | 7.1 it/s
step   10200 | cos 0.4892 | thought 1.0227 dec_ce 1.9918 | 7.3 it/s
step   10250 | cos 0.4912 | thought 1.0144 dec_ce 1.986 | 7.3 it/s
step   10300 | cos 0.4891 | thought 0.9994 dec_ce 1.8464 | 7.2 it/s
step   10350 | cos 0.4946 | thought 0.9935 dec_ce 2.0652 | 7.3 it/s
step   10400 | cos 0.4903 | thought 0.9648 dec_ce 1.8977 | 7.1 it/s
step   10450 | cos 0.4910 | thought 1.0346 dec_ce 1.9734 | 7.4 it/s
step   10500 | cos 0.4911 | thought 0.9477 dec_ce 1.8134 | 7.5 it/s
step   10500 | VAL cos 0.4926 | VAL dec CE 3.7535
step   10550 | cos 0.4921 | thought 0.9729 dec_ce 1.8592 | 5.8 it/s
step   10600 | cos 0.4894 | thought 0.9733 dec_ce 1.9169 | 7.3 it/s
step   10650 | cos 0.4910 | thought 1.0237 dec_ce 1.8701 | 7.3 it/s
step   10700 | cos 0.4921 | thought 0.9628 dec_ce 1.8778 | 7.2 it/s
step   10750 | cos 0.4916 | thought 1.0183 dec_ce 2.0546 | 7.2 it/s
step   10800 | cos 0.4900 | thought 0.9543 dec_ce 1.8617 | 7.1 it/s
step   10850 | cos 0.4935 | thought 1.023 dec_ce 1.9888 | 7.3 it/s
step   10900 | cos 0.4953 | thought 0.9675 dec_ce 1.9242 | 7.4 it/s
step   10950 | cos 0.4904 | thought 1.0109 dec_ce 2.0771 | 7.3 it/s
step   11000 | cos 0.4935 | thought 1.0161 dec_ce 2.0254 | 7.4 it/s
step   11000 | VAL cos 0.4936 | VAL dec CE 3.7488
step   11050 | cos 0.4926 | thought 0.9948 dec_ce 1.9984 | 5.8 it/s
step   11100 | cos 0.4946 | thought 0.99 dec_ce 1.9382 | 7.3 it/s
step   11150 | cos 0.4923 | thought 0.9145 dec_ce 1.8059 | 7.3 it/s
step   11200 | cos 0.4919 | thought 0.9993 dec_ce 1.9153 | 7.2 it/s
step   11250 | cos 0.4937 | thought 0.9867 dec_ce 2.0671 | 7.4 it/s
step   11300 | cos 0.4910 | thought 1.0596 dec_ce 2.086 | 7.3 it/s
step   11350 | cos 0.4921 | thought 1.0017 dec_ce 1.9403 | 7.1 it/s
step   11400 | cos 0.4922 | thought 1.012 dec_ce 1.9974 | 7.4 it/s
step   11450 | cos 0.4908 | thought 1.0215 dec_ce 2.034 | 7.3 it/s
step   11500 | cos 0.4951 | thought 1.0024 dec_ce 1.9004 | 7.3 it/s
step   11500 | VAL cos 0.4936 | VAL dec CE 3.7473
step   11550 | cos 0.4906 | thought 1.0356 dec_ce 1.9937 | 5.7 it/s
step   11600 | cos 0.4954 | thought 0.994 dec_ce 2.0138 | 7.4 it/s
step   11650 | cos 0.4901 | thought 1.0359 dec_ce 1.9357 | 7.3 it/s
step   11700 | cos 0.4885 | thought 0.9764 dec_ce 1.8882 | 7.2 it/s
step   11750 | cos 0.4931 | thought 1.0153 dec_ce 2.0253 | 7.3 it/s
step   11800 | cos 0.4900 | thought 1.0263 dec_ce 2.0543 | 7.3 it/s
step   11850 | cos 0.4942 | thought 0.9994 dec_ce 2.013 | 7.4 it/s
step   11900 | cos 0.4946 | thought 0.9882 dec_ce 1.968 | 7.3 it/s
step   11950 | cos 0.4901 | thought 1.0065 dec_ce 1.9798 | 7.3 it/s
step   12000 | cos 0.4894 | thought 1.0147 dec_ce 2.0878 | 7.2 it/s
step   12000 | VAL cos 0.4941 | VAL dec CE 3.7436
step   12050 | cos 0.4938 | thought 0.9898 dec_ce 1.8988 | 5.7 it/s
step   12100 | cos 0.4915 | thought 0.9793 dec_ce 1.9943 | 7.3 it/s
step   12150 | cos 0.4950 | thought 1.0192 dec_ce 2.001 | 7.4 it/s
step   12200 | cos 0.4913 | thought 0.9641 dec_ce 1.8953 | 7.3 it/s
step   12250 | cos 0.4919 | thought 0.9725 dec_ce 1.8298 | 7.4 it/s
step   12300 | cos 0.4897 | thought 1.0493 dec_ce 2.0678 | 7.0 it/s
step   12350 | cos 0.4949 | thought 0.994 dec_ce 1.9142 | 7.3 it/s
step   12400 | cos 0.4931 | thought 1.0491 dec_ce 1.9955 | 7.3 it/s
step   12450 | cos 0.4950 | thought 1.0269 dec_ce 2.0086 | 7.4 it/s
step   12500 | cos 0.4920 | thought 1.0118 dec_ce 1.9832 | 7.4 it/s
step   12500 | VAL cos 0.4946 | VAL dec CE 3.7402
step   12550 | cos 0.4921 | thought 0.9783 dec_ce 1.9414 | 5.7 it/s
step   12600 | cos 0.4925 | thought 0.9965 dec_ce 1.9505 | 7.3 it/s
step   12650 | cos 0.4939 | thought 0.9954 dec_ce 2.0032 | 7.3 it/s
step   12700 | cos 0.4935 | thought 0.9692 dec_ce 1.9415 | 7.2 it/s
step   12750 | cos 0.4944 | thought 0.9797 dec_ce 1.8756 | 7.3 it/s
wall-clock cap reached at step 12760

Run 'ab_FD' done: 12760 steps | final val cos 0.4944 dec CE 3.7372 (best 3.7372)
/home/nochi/vault/projects/ThoughtVectors/thoughtvec/.venv/lib/python3.12/site-packages/torch/nn/modules/transformer.py:392: UserWarning: enable_nested_tensor is True, but self.use_nested_tensor is False because encoder_layer.norm_first was True
  warnings.warn(
{"ckpt": "checkpoints/ab_FD/best.pt", "val_cos": 0.4939, "val_dec_ce": 3.7654, "ref_f1": 0.2875, "distinct1": 0.0095, "distinct2": 0.0335, "len_ratio": 0.804, "rows": 1024}
