=== [11:47:54] B1 arm: b1_lm_A_384x5 ===
/home/nochi/vault/projects/ThoughtVectors/.venv/lib/python3.12/site-packages/torch/nn/modules/transformer.py:392: UserWarning: enable_nested_tensor is True, but self.use_nested_tensor is False because encoder_layer.norm_first was True
  warnings.warn(
[lm] b1_lm_A_384x5: 15.3M params (d384 x 5L, ffn 1536)
/home/nochi/vault/projects/ThoughtVectors/.venv/lib/python3.12/site-packages/torch/nn/functional.py:6044: UserWarning: Support for mismatched src_key_padding_mask and mask is deprecated. Use same type for both instead.
  warnings.warn(
[lm] done: 14696 steps, best val_ce 3.1101
=== [12:33:34] B1 arm: b1_lm_A_320x8 ===
/home/nochi/vault/projects/ThoughtVectors/.venv/lib/python3.12/site-packages/torch/nn/modules/transformer.py:392: UserWarning: enable_nested_tensor is True, but self.use_nested_tensor is False because encoder_layer.norm_first was True
  warnings.warn(
[lm] b1_lm_A_320x8: 15.2M params (d320 x 8L, ffn 1280)
/home/nochi/vault/projects/ThoughtVectors/.venv/lib/python3.12/site-packages/torch/nn/functional.py:6044: UserWarning: Support for mismatched src_key_padding_mask and mask is deprecated. Use same type for both instead.
  warnings.warn(
Traceback (most recent call last):
  File "/home/nochi/vault/projects/ThoughtVectors/.venv/bin/tv-train-lm", line 6, in <module>
    sys.exit(train_lm_main())
             ^^^^^^^^^^^^^^^
  File "/home/nochi/vault/projects/ThoughtVectors/src/thoughtvec/cli.py", line 113, in train_lm_main
    LMTrainer(cfg, Tokenizer(cfg.run.tokenizer_path)).fit()
  File "/home/nochi/vault/projects/ThoughtVectors/src/thoughtvec/lm.py", line 227, in fit
    raise RuntimeError("20 consecutive non-finite losses — aborting")
RuntimeError: 20 consecutive non-finite losses — aborting
