=== thinker ablation R3_DATA (2400s): thinker.n_hypotheses=4 thinker.w_decoder=0.5 thinker.k_ctx=8 data.shard_dir=data/dialogue_combined ===
/home/nochi/vault/projects/ThoughtVectors/thoughtvec/.venv/lib/python3.12/site-packages/torch/nn/modules/transformer.py:392: UserWarning: enable_nested_tensor is True, but self.use_nested_tensor is False because encoder_layer.norm_first was True
  warnings.warn(
thinker params: 15.13M (codec d=384, frozen=True)
step      50 | cos 0.0375 | thought 2.353 dec_ce 2.32 | 4.0 it/s
step     100 | cos 0.1742 | thought 2.0883 dec_ce 2.4206 | 4.3 it/s
step     150 | cos 0.2384 | thought 1.9877 dec_ce 2.274 | 4.3 it/s
step     200 | cos 0.2548 | thought 2.0093 dec_ce 2.4251 | 4.4 it/s
step     250 | cos 0.2617 | thought 1.9145 dec_ce 2.345 | 4.3 it/s
step     300 | cos 0.2978 | thought 1.7461 dec_ce 2.1848 | 4.4 it/s
step     350 | cos 0.3356 | thought 1.631 dec_ce 2.0525 | 4.4 it/s
step     400 | cos 0.3637 | thought 1.6249 dec_ce 2.3351 | 4.4 it/s
step     450 | cos 0.3902 | thought 1.4659 dec_ce 2.1984 | 4.3 it/s
step     500 | cos 0.4278 | thought 1.4253 dec_ce 2.0961 | 4.5 it/s
step     500 | VAL cos 0.4502 | VAL dec CE 4.0990
step     550 | cos 0.4471 | thought 1.2947 dec_ce 2.1197 | 3.6 it/s
step     600 | cos 0.4623 | thought 1.2746 dec_ce 1.9968 | 4.3 it/s
step     650 | cos 0.4669 | thought 1.2469 dec_ce 2.1244 | 4.4 it/s
step     700 | cos 0.4765 | thought 1.2713 dec_ce 2.2112 | 4.5 it/s
step     750 | cos 0.4820 | thought 1.2168 dec_ce 2.3192 | 4.4 it/s
step     800 | cos 0.4839 | thought 1.1799 dec_ce 2.0149 | 4.4 it/s
step     850 | cos 0.4910 | thought 1.1707 dec_ce 2.2047 | 4.4 it/s
step     900 | cos 0.4937 | thought 1.2092 dec_ce 2.3067 | 4.3 it/s
step     950 | cos 0.4970 | thought 1.1875 dec_ce 2.2422 | 4.5 it/s
step    1000 | cos 0.4942 | thought 1.1213 dec_ce 2.0847 | 4.3 it/s
step    1000 | VAL cos 0.5108 | VAL dec CE 4.0059
step    1050 | cos 0.4982 | thought 1.1143 dec_ce 2.1176 | 3.6 it/s
step    1100 | cos 0.5017 | thought 1.1396 dec_ce 2.2301 | 4.3 it/s
step    1150 | cos 0.5006 | thought 1.0802 dec_ce 2.0537 | 4.3 it/s
step    1200 | cos 0.5037 | thought 1.0811 dec_ce 2.1404 | 4.3 it/s
step    1250 | cos 0.5025 | thought 1.0665 dec_ce 2.124 | 4.3 it/s
step    1300 | cos 0.5074 | thought 1.0745 dec_ce 2.1935 | 4.4 it/s
step    1350 | cos 0.5054 | thought 1.0665 dec_ce 2.1011 | 4.4 it/s
step    1400 | cos 0.5080 | thought 1.0606 dec_ce 2.0774 | 4.4 it/s
step    1450 | cos 0.5055 | thought 1.0479 dec_ce 2.1181 | 4.2 it/s
step    1500 | cos 0.5095 | thought 1.0521 dec_ce 2.1576 | 4.3 it/s
step    1500 | VAL cos 0.5221 | VAL dec CE 3.9659
step    1550 | cos 0.5089 | thought 0.9859 dec_ce 1.9643 | 3.5 it/s
step    1600 | cos 0.5137 | thought 0.9973 dec_ce 2.0011 | 4.4 it/s
step    1650 | cos 0.5109 | thought 0.9817 dec_ce 1.9648 | 4.3 it/s
step    1700 | cos 0.5128 | thought 0.9994 dec_ce 2.0276 | 4.4 it/s
step    1750 | cos 0.5150 | thought 0.9885 dec_ce 2.0409 | 4.4 it/s
step    1800 | cos 0.5125 | thought 0.9941 dec_ce 2.2787 | 4.3 it/s
step    1850 | cos 0.5125 | thought 1.0112 dec_ce 2.1396 | 4.5 it/s
step    1900 | cos 0.5123 | thought 0.9619 dec_ce 2.0806 | 4.3 it/s
step    1950 | cos 0.5175 | thought 0.9932 dec_ce 2.2004 | 4.3 it/s
step    2000 | cos 0.5152 | thought 0.9565 dec_ce 2.0797 | 4.3 it/s
step    2000 | VAL cos 0.5295 | VAL dec CE 3.9360
step    2050 | cos 0.5169 | thought 0.9441 dec_ce 1.998 | 3.4 it/s
step    2100 | cos 0.5181 | thought 0.9766 dec_ce 2.0952 | 4.2 it/s
step    2150 | cos 0.5186 | thought 1.0144 dec_ce 2.2371 | 4.4 it/s
step    2200 | cos 0.5191 | thought 0.9665 dec_ce 2.107 | 4.3 it/s
step    2250 | cos 0.5201 | thought 0.9604 dec_ce 2.1351 | 4.3 it/s
step    2300 | cos 0.5209 | thought 0.9585 dec_ce 2.1421 | 4.3 it/s
step    2350 | cos 0.5206 | thought 0.9729 dec_ce 2.1879 | 4.3 it/s
step    2400 | cos 0.5224 | thought 1.0027 dec_ce 2.1747 | 4.4 it/s
step    2450 | cos 0.5226 | thought 0.9737 dec_ce 2.2026 | 4.4 it/s
step    2500 | cos 0.5233 | thought 0.9403 dec_ce 1.9956 | 4.4 it/s
step    2500 | VAL cos 0.5343 | VAL dec CE 3.9244
step    2550 | cos 0.5208 | thought 0.9552 dec_ce 2.065 | 3.4 it/s
step    2600 | cos 0.5249 | thought 0.9419 dec_ce 1.9542 | 4.3 it/s
step    2650 | cos 0.5229 | thought 0.9826 dec_ce 2.1856 | 4.3 it/s
step    2700 | cos 0.5240 | thought 0.9754 dec_ce 2.2084 | 4.2 it/s
step    2750 | cos 0.5242 | thought 0.9637 dec_ce 1.9996 | 4.4 it/s
step    2800 | cos 0.5231 | thought 0.9269 dec_ce 2.0548 | 4.3 it/s
step    2850 | cos 0.5249 | thought 0.9501 dec_ce 2.2279 | 4.3 it/s
step    2900 | cos 0.5282 | thought 0.9547 dec_ce 2.0344 | 4.3 it/s
step    2950 | cos 0.5247 | thought 0.9281 dec_ce 1.963 | 4.3 it/s
step    3000 | cos 0.5243 | thought 0.9646 dec_ce 2.077 | 4.2 it/s
step    3000 | VAL cos 0.5371 | VAL dec CE 3.9154
step    3050 | cos 0.5258 | thought 0.9152 dec_ce 1.8609 | 3.4 it/s
step    3100 | cos 0.5274 | thought 0.9538 dec_ce 2.1192 | 4.4 it/s
step    3150 | cos 0.5272 | thought 0.9754 dec_ce 2.3393 | 4.4 it/s
step    3200 | cos 0.5269 | thought 0.9448 dec_ce 2.032 | 4.3 it/s
step    3250 | cos 0.5257 | thought 0.9593 dec_ce 2.075 | 4.2 it/s
step    3300 | cos 0.5282 | thought 0.9575 dec_ce 2.1791 | 4.3 it/s
step    3350 | cos 0.5259 | thought 0.9708 dec_ce 2.0474 | 4.3 it/s
step    3400 | cos 0.5271 | thought 0.9423 dec_ce 2.0092 | 4.3 it/s
step    3450 | cos 0.5257 | thought 0.9487 dec_ce 2.0489 | 4.2 it/s
step    3500 | cos 0.5242 | thought 0.9679 dec_ce 2.0118 | 4.3 it/s
step    3500 | VAL cos 0.5381 | VAL dec CE 3.9017
step    3550 | cos 0.5250 | thought 0.9295 dec_ce 2.1246 | 3.4 it/s
step    3600 | cos 0.5287 | thought 0.9582 dec_ce 2.225 | 4.3 it/s
step    3650 | cos 0.5259 | thought 0.9427 dec_ce 2.0169 | 4.3 it/s
step    3700 | cos 0.5290 | thought 0.9416 dec_ce 2.0263 | 4.4 it/s
step    3750 | cos 0.5272 | thought 0.9681 dec_ce 2.1129 | 4.4 it/s
step    3800 | cos 0.5294 | thought 0.9424 dec_ce 2.0075 | 4.4 it/s
step    3850 | cos 0.5266 | thought 0.9689 dec_ce 2.2827 | 4.3 it/s
step    3900 | cos 0.5293 | thought 0.9758 dec_ce 2.1775 | 4.5 it/s
step    3950 | cos 0.5286 | thought 0.9408 dec_ce 2.0962 | 4.3 it/s
step    4000 | cos 0.5283 | thought 0.9949 dec_ce 2.1232 | 4.3 it/s
step    4000 | VAL cos 0.5406 | VAL dec CE 3.8869
step    4050 | cos 0.5287 | thought 0.9963 dec_ce 2.305 | 3.5 it/s
step    4100 | cos 0.5293 | thought 0.9304 dec_ce 2.0521 | 4.4 it/s
step    4150 | cos 0.5273 | thought 0.9031 dec_ce 1.9382 | 4.2 it/s
step    4200 | cos 0.5280 | thought 0.9405 dec_ce 2.0819 | 4.3 it/s
step    4250 | cos 0.5294 | thought 0.9721 dec_ce 2.2128 | 4.3 it/s
step    4300 | cos 0.5292 | thought 0.9412 dec_ce 2.1906 | 4.4 it/s
step    4350 | cos 0.5291 | thought 0.9338 dec_ce 1.9762 | 4.4 it/s
step    4400 | cos 0.5309 | thought 0.923 dec_ce 2.0375 | 4.3 it/s
step    4450 | cos 0.5310 | thought 0.9857 dec_ce 2.2143 | 4.4 it/s
step    4500 | cos 0.5320 | thought 0.9569 dec_ce 2.1056 | 4.4 it/s
step    4500 | VAL cos 0.5418 | VAL dec CE 3.8809
step    4550 | cos 0.5303 | thought 0.9343 dec_ce 1.9533 | 3.5 it/s
step    4600 | cos 0.5312 | thought 0.925 dec_ce 2.1017 | 4.3 it/s
step    4650 | cos 0.5317 | thought 0.9228 dec_ce 2.0216 | 4.3 it/s
step    4700 | cos 0.5318 | thought 0.9592 dec_ce 2.1324 | 4.3 it/s
step    4750 | cos 0.5343 | thought 0.9176 dec_ce 1.9061 | 4.4 it/s
step    4800 | cos 0.5330 | thought 0.9476 dec_ce 2.1444 | 4.4 it/s
step    4850 | cos 0.5328 | thought 0.9379 dec_ce 2.0222 | 4.3 it/s
step    4900 | cos 0.5332 | thought 0.9226 dec_ce 1.9531 | 4.2 it/s
step    4950 | cos 0.5292 | thought 0.986 dec_ce 2.2754 | 4.3 it/s
step    5000 | cos 0.5337 | thought 0.9588 dec_ce 2.0807 | 4.5 it/s
step    5000 | VAL cos 0.5423 | VAL dec CE 3.8702
step    5050 | cos 0.5323 | thought 0.9539 dec_ce 2.2338 | 3.4 it/s
step    5100 | cos 0.5308 | thought 0.9608 dec_ce 2.1458 | 4.3 it/s
step    5150 | cos 0.5315 | thought 0.9659 dec_ce 2.1356 | 4.2 it/s
step    5200 | cos 0.5334 | thought 0.9306 dec_ce 2.0547 | 4.3 it/s
step    5250 | cos 0.5321 | thought 0.9223 dec_ce 2.0114 | 4.4 it/s
step    5300 | cos 0.5310 | thought 0.933 dec_ce 2.1557 | 4.2 it/s
step    5350 | cos 0.5334 | thought 0.967 dec_ce 2.1473 | 4.4 it/s
step    5400 | cos 0.5310 | thought 0.9455 dec_ce 2.1353 | 4.3 it/s
step    5450 | cos 0.5309 | thought 0.9573 dec_ce 2.0003 | 4.3 it/s
step    5500 | cos 0.5318 | thought 0.9328 dec_ce 2.1167 | 4.4 it/s
step    5500 | VAL cos 0.5428 | VAL dec CE 3.8695
step    5550 | cos 0.5341 | thought 0.9504 dec_ce 2.0664 | 3.5 it/s
step    5600 | cos 0.5313 | thought 0.963 dec_ce 2.2123 | 4.3 it/s
step    5650 | cos 0.5333 | thought 0.9328 dec_ce 2.0376 | 4.3 it/s
step    5700 | cos 0.5313 | thought 0.9178 dec_ce 1.9595 | 4.3 it/s
step    5750 | cos 0.5317 | thought 0.9855 dec_ce 2.2261 | 4.4 it/s
step    5800 | cos 0.5306 | thought 0.9418 dec_ce 2.2038 | 4.4 it/s
step    5850 | cos 0.5328 | thought 0.9492 dec_ce 2.0876 | 4.3 it/s
step    5900 | cos 0.5331 | thought 0.9323 dec_ce 2.0928 | 4.5 it/s
step    5950 | cos 0.5344 | thought 0.9842 dec_ce 2.1965 | 4.4 it/s
step    6000 | cos 0.5336 | thought 0.9188 dec_ce 1.9212 | 4.4 it/s
step    6000 | VAL cos 0.5442 | VAL dec CE 3.8590
step    6050 | cos 0.5320 | thought 0.9484 dec_ce 2.1889 | 3.5 it/s
step    6100 | cos 0.5343 | thought 0.8932 dec_ce 1.9145 | 4.3 it/s
step    6150 | cos 0.5348 | thought 0.9412 dec_ce 2.0818 | 4.4 it/s
step    6200 | cos 0.5327 | thought 0.9545 dec_ce 2.1027 | 4.4 it/s
step    6250 | cos 0.5376 | thought 0.939 dec_ce 1.9825 | 4.4 it/s
step    6300 | cos 0.5327 | thought 0.9117 dec_ce 2.0627 | 4.4 it/s
step    6350 | cos 0.5363 | thought 0.9381 dec_ce 2.0566 | 4.4 it/s
step    6400 | cos 0.5361 | thought 0.8827 dec_ce 1.9419 | 4.4 it/s
step    6450 | cos 0.5355 | thought 0.9895 dec_ce 2.229 | 4.3 it/s
step    6500 | cos 0.5341 | thought 0.9021 dec_ce 2.0531 | 4.4 it/s
step    6500 | VAL cos 0.5450 | VAL dec CE 3.8470
step    6550 | cos 0.5316 | thought 0.9361 dec_ce 2.0624 | 3.1 it/s
step    6600 | cos 0.5337 | thought 0.9435 dec_ce 2.1051 | 4.4 it/s
step    6650 | cos 0.5345 | thought 0.9267 dec_ce 1.9204 | 4.2 it/s
step    6700 | cos 0.5366 | thought 0.9163 dec_ce 2.0659 | 4.4 it/s
step    6750 | cos 0.5346 | thought 0.9267 dec_ce 2.0361 | 4.5 it/s
step    6800 | cos 0.5353 | thought 0.9604 dec_ce 2.1724 | 4.4 it/s
step    6850 | cos 0.5335 | thought 0.9301 dec_ce 1.9768 | 4.3 it/s
step    6900 | cos 0.5390 | thought 0.9419 dec_ce 2.0714 | 4.4 it/s
step    6950 | cos 0.5351 | thought 0.95 dec_ce 1.9987 | 4.4 it/s
step    7000 | cos 0.5360 | thought 0.9584 dec_ce 2.3686 | 4.3 it/s
step    7000 | VAL cos 0.5452 | VAL dec CE 3.8422
step    7050 | cos 0.5304 | thought 0.9129 dec_ce 1.828 | 3.4 it/s
step    7100 | cos 0.5365 | thought 0.9109 dec_ce 2.0271 | 4.4 it/s
step    7150 | cos 0.5375 | thought 0.9517 dec_ce 1.9978 | 4.4 it/s
step    7200 | cos 0.5369 | thought 0.949 dec_ce 2.0747 | 4.4 it/s
step    7250 | cos 0.5359 | thought 0.9906 dec_ce 2.3397 | 4.3 it/s
step    7300 | cos 0.5379 | thought 0.9201 dec_ce 2.0483 | 4.3 it/s
step    7350 | cos 0.5382 | thought 0.9089 dec_ce 1.8604 | 4.5 it/s
step    7400 | cos 0.5385 | thought 0.9028 dec_ce 1.8704 | 4.5 it/s
step    7450 | cos 0.5349 | thought 0.9243 dec_ce 2.0569 | 4.3 it/s
step    7500 | cos 0.5387 | thought 0.9341 dec_ce 2.0799 | 4.3 it/s
step    7500 | VAL cos 0.5462 | VAL dec CE 3.8395
step    7550 | cos 0.5381 | thought 0.9246 dec_ce 2.0461 | 3.6 it/s
step    7600 | cos 0.5361 | thought 0.9405 dec_ce 2.173 | 4.4 it/s
step    7650 | cos 0.5356 | thought 0.9474 dec_ce 2.1541 | 4.4 it/s
step    7700 | cos 0.5333 | thought 0.9476 dec_ce 2.037 | 4.4 it/s
step    7750 | cos 0.5342 | thought 0.9249 dec_ce 1.9585 | 4.5 it/s
step    7800 | cos 0.5347 | thought 0.9571 dec_ce 2.0898 | 4.4 it/s
step    7850 | cos 0.5343 | thought 0.934 dec_ce 2.0608 | 4.3 it/s
step    7900 | cos 0.5355 | thought 0.9767 dec_ce 2.285 | 4.5 it/s
step    7950 | cos 0.5382 | thought 0.9083 dec_ce 2.0549 | 4.4 it/s
step    8000 | cos 0.5363 | thought 0.9068 dec_ce 1.9239 | 4.4 it/s
step    8000 | VAL cos 0.5467 | VAL dec CE 3.8260
step    8050 | cos 0.5391 | thought 0.9054 dec_ce 1.9743 | 3.6 it/s
step    8100 | cos 0.5391 | thought 0.9121 dec_ce 1.974 | 4.5 it/s
step    8150 | cos 0.5362 | thought 0.8952 dec_ce 1.8541 | 4.4 it/s
step    8200 | cos 0.5369 | thought 0.9061 dec_ce 1.9698 | 4.3 it/s
step    8250 | cos 0.5394 | thought 0.9062 dec_ce 1.9022 | 4.3 it/s
step    8300 | cos 0.5365 | thought 0.9398 dec_ce 2.1116 | 4.4 it/s
step    8350 | cos 0.5365 | thought 0.9252 dec_ce 1.931 | 4.4 it/s
step    8400 | cos 0.5358 | thought 0.9501 dec_ce 2.1503 | 4.4 it/s
step    8450 | cos 0.5377 | thought 0.9283 dec_ce 1.9606 | 4.4 it/s
step    8500 | cos 0.5381 | thought 0.934 dec_ce 2.0331 | 4.4 it/s
step    8500 | VAL cos 0.5471 | VAL dec CE 3.8224
step    8550 | cos 0.5353 | thought 0.951 dec_ce 2.1057 | 3.6 it/s
step    8600 | cos 0.5374 | thought 0.8902 dec_ce 1.8727 | 4.3 it/s
step    8650 | cos 0.5378 | thought 0.9666 dec_ce 2.1812 | 4.5 it/s
step    8700 | cos 0.5351 | thought 0.9462 dec_ce 2.0242 | 4.3 it/s
step    8750 | cos 0.5375 | thought 0.9088 dec_ce 2.0758 | 4.4 it/s
step    8800 | cos 0.5361 | thought 0.9166 dec_ce 2.0771 | 4.4 it/s
step    8850 | cos 0.5368 | thought 0.9436 dec_ce 2.1994 | 4.4 it/s
step    8900 | cos 0.5370 | thought 0.9334 dec_ce 2.1836 | 4.4 it/s
step    8950 | cos 0.5359 | thought 0.936 dec_ce 1.9548 | 4.4 it/s
step    9000 | cos 0.5391 | thought 0.9436 dec_ce 1.9957 | 4.5 it/s
step    9000 | VAL cos 0.5475 | VAL dec CE 3.8211
step    9050 | cos 0.5376 | thought 0.9267 dec_ce 2.0561 | 3.6 it/s
step    9100 | cos 0.5364 | thought 0.9121 dec_ce 1.9502 | 4.4 it/s
step    9150 | cos 0.5391 | thought 0.9434 dec_ce 2.1576 | 4.3 it/s
step    9200 | cos 0.5407 | thought 0.9219 dec_ce 2.0103 | 4.6 it/s
step    9250 | cos 0.5385 | thought 0.972 dec_ce 2.2085 | 4.4 it/s
step    9300 | cos 0.5390 | thought 0.9455 dec_ce 2.0958 | 4.4 it/s
step    9350 | cos 0.5381 | thought 0.9265 dec_ce 1.984 | 4.4 it/s
step    9400 | cos 0.5375 | thought 0.9338 dec_ce 2.0588 | 4.3 it/s
step    9450 | cos 0.5356 | thought 0.9565 dec_ce 2.2053 | 4.5 it/s
step    9500 | cos 0.5380 | thought 0.9084 dec_ce 2.0314 | 4.3 it/s
step    9500 | VAL cos 0.5481 | VAL dec CE 3.8172
step    9550 | cos 0.5379 | thought 0.9251 dec_ce 1.9524 | 3.5 it/s
step    9600 | cos 0.5381 | thought 0.9523 dec_ce 2.0263 | 4.3 it/s
step    9650 | cos 0.5398 | thought 0.9538 dec_ce 2.1606 | 4.4 it/s
step    9700 | cos 0.5387 | thought 0.9649 dec_ce 2.0884 | 4.4 it/s
step    9750 | cos 0.5409 | thought 0.8962 dec_ce 1.7784 | 4.4 it/s
step    9800 | cos 0.5336 | thought 0.9082 dec_ce 1.8937 | 4.4 it/s
step    9850 | cos 0.5391 | thought 0.9444 dec_ce 2.0776 | 4.4 it/s
step    9900 | cos 0.5367 | thought 0.9595 dec_ce 2.1919 | 4.3 it/s
step    9950 | cos 0.5387 | thought 0.9014 dec_ce 1.9804 | 4.4 it/s
step   10000 | cos 0.5357 | thought 0.8979 dec_ce 1.8659 | 4.4 it/s
step   10000 | VAL cos 0.5481 | VAL dec CE 3.8165
step   10050 | cos 0.5392 | thought 0.9067 dec_ce 1.8522 | 3.5 it/s
step   10100 | cos 0.5392 | thought 0.9147 dec_ce 1.9486 | 4.5 it/s
step   10150 | cos 0.5377 | thought 0.8844 dec_ce 2.0219 | 4.4 it/s
step   10200 | cos 0.5389 | thought 0.9432 dec_ce 2.0002 | 4.4 it/s
wall-clock cap reached at step 10209

Run 'R3_DATA' done: 10209 steps | final val cos 0.5481 | dec CE 3.8176
/home/nochi/vault/projects/ThoughtVectors/thoughtvec/.venv/lib/python3.12/site-packages/torch/nn/modules/transformer.py:392: UserWarning: enable_nested_tensor is True, but self.use_nested_tensor is False because encoder_layer.norm_first was True
  warnings.warn(
{"ckpt": "checkpoints/R3_DATA/best.pt", "val_cos": 0.4269, "val_dec_ce": 4.0294, "ref_f1": 0.2555, "distinct1": 0.0082, "distinct2": 0.0309, "len_ratio": 1.091, "out_vectors": 32.0, "rows": 1024}
=== thinker ablation R3_KOUT16 (2400s): thinker.n_hypotheses=4 thinker.w_decoder=0.5 thinker.k_ctx=8 data.shard_dir=data/dialogue_combined thinker.k_out=16 ===
/home/nochi/vault/projects/ThoughtVectors/thoughtvec/.venv/lib/python3.12/site-packages/torch/nn/modules/transformer.py:392: UserWarning: enable_nested_tensor is True, but self.use_nested_tensor is False because encoder_layer.norm_first was True
  warnings.warn(
thinker params: 15.11M (codec d=384, frozen=True)
step      50 | cos 0.0493 | thought 2.3668 dec_ce 2.3215 | 4.2 it/s
step     100 | cos 0.1692 | thought 2.0993 dec_ce 2.4168 | 4.5 it/s
step     150 | cos 0.2366 | thought 1.9877 dec_ce 2.2676 | 4.5 it/s
step     200 | cos 0.2567 | thought 1.9886 dec_ce 2.435 | 4.5 it/s
step     250 | cos 0.2622 | thought 1.9211 dec_ce 2.3453 | 4.5 it/s
step     300 | cos 0.2785 | thought 1.7873 dec_ce 2.2269 | 4.6 it/s
step     350 | cos 0.3275 | thought 1.638 dec_ce 2.0499 | 4.6 it/s
step     400 | cos 0.3599 | thought 1.637 dec_ce 2.3261 | 4.5 it/s
step     450 | cos 0.3940 | thought 1.4547 dec_ce 2.1786 | 4.5 it/s
step     500 | cos 0.4242 | thought 1.435 dec_ce 2.0799 | 4.7 it/s
step     500 | VAL cos 0.4440 | VAL dec CE 4.0807
step     550 | cos 0.4378 | thought 1.3305 dec_ce 2.1146 | 3.8 it/s
step     600 | cos 0.4497 | thought 1.2906 dec_ce 1.9938 | 4.5 it/s
step     650 | cos 0.4523 | thought 1.2828 dec_ce 2.1383 | 4.5 it/s
step     700 | cos 0.4621 | thought 1.2949 dec_ce 2.2167 | 4.7 it/s
step     750 | cos 0.4709 | thought 1.2271 dec_ce 2.3133 | 4.6 it/s
step     800 | cos 0.4744 | thought 1.1925 dec_ce 2.0197 | 4.5 it/s
step     850 | cos 0.4828 | thought 1.1794 dec_ce 2.1875 | 4.5 it/s
step     900 | cos 0.4854 | thought 1.2268 dec_ce 2.3071 | 4.5 it/s
step     950 | cos 0.4886 | thought 1.2036 dec_ce 2.2372 | 4.6 it/s
step    1000 | cos 0.4860 | thought 1.1388 dec_ce 2.0894 | 4.4 it/s
step    1000 | VAL cos 0.5034 | VAL dec CE 4.0100
step    1050 | cos 0.4897 | thought 1.1347 dec_ce 2.1216 | 3.7 it/s
step    1100 | cos 0.4941 | thought 1.1522 dec_ce 2.23 | 4.4 it/s
step    1150 | cos 0.4919 | thought 1.101 dec_ce 2.054 | 4.4 it/s
step    1200 | cos 0.4958 | thought 1.0833 dec_ce 2.1511 | 4.5 it/s
step    1250 | cos 0.4938 | thought 1.0789 dec_ce 2.1323 | 4.5 it/s
step    1300 | cos 0.4989 | thought 1.0822 dec_ce 2.1938 | 4.6 it/s
step    1350 | cos 0.4967 | thought 1.0797 dec_ce 2.0947 | 4.5 it/s
step    1400 | cos 0.4995 | thought 1.0809 dec_ce 2.0852 | 4.5 it/s
step    1450 | cos 0.4970 | thought 1.0497 dec_ce 2.1211 | 4.4 it/s
step    1500 | cos 0.5001 | thought 1.0663 dec_ce 2.1705 | 4.5 it/s
step    1500 | VAL cos 0.5139 | VAL dec CE 3.9655
step    1550 | cos 0.4998 | thought 0.9954 dec_ce 1.9759 | 3.6 it/s
step    1600 | cos 0.5056 | thought 0.9974 dec_ce 2.0022 | 4.5 it/s
step    1650 | cos 0.5019 | thought 0.9788 dec_ce 1.9601 | 4.4 it/s
step    1700 | cos 0.5036 | thought 1.0155 dec_ce 2.0331 | 4.5 it/s
step    1750 | cos 0.5067 | thought 0.9983 dec_ce 2.041 | 4.5 it/s
step    1800 | cos 0.5036 | thought 1.0125 dec_ce 2.2843 | 4.4 it/s
step    1850 | cos 0.5032 | thought 1.0318 dec_ce 2.1456 | 4.6 it/s
step    1900 | cos 0.5021 | thought 0.9751 dec_ce 2.0868 | 4.5 it/s
step    1950 | cos 0.5076 | thought 1.0031 dec_ce 2.197 | 4.4 it/s
step    2000 | cos 0.5056 | thought 0.9681 dec_ce 2.0837 | 4.5 it/s
step    2000 | VAL cos 0.5208 | VAL dec CE 3.9416
step    2050 | cos 0.5058 | thought 0.9644 dec_ce 1.9964 | 3.5 it/s
step    2100 | cos 0.5076 | thought 0.9997 dec_ce 2.0943 | 4.4 it/s
step    2150 | cos 0.5081 | thought 1.0363 dec_ce 2.2302 | 4.5 it/s
step    2200 | cos 0.5083 | thought 0.9935 dec_ce 2.1144 | 4.5 it/s
step    2250 | cos 0.5105 | thought 0.9712 dec_ce 2.1377 | 4.5 it/s
step    2300 | cos 0.5101 | thought 0.9761 dec_ce 2.1499 | 4.5 it/s
step    2350 | cos 0.5091 | thought 0.9976 dec_ce 2.1988 | 4.5 it/s
step    2400 | cos 0.5108 | thought 1.0282 dec_ce 2.1733 | 4.5 it/s
step    2450 | cos 0.5107 | thought 0.9926 dec_ce 2.2077 | 4.6 it/s
step    2500 | cos 0.5124 | thought 0.9551 dec_ce 1.9985 | 4.6 it/s
step    2500 | VAL cos 0.5232 | VAL dec CE 3.9330
step    2550 | cos 0.5092 | thought 0.9676 dec_ce 2.0801 | 3.5 it/s
step    2600 | cos 0.5137 | thought 0.9512 dec_ce 1.9666 | 4.5 it/s
step    2650 | cos 0.5117 | thought 1.0074 dec_ce 2.1952 | 4.5 it/s
step    2700 | cos 0.5123 | thought 0.9987 dec_ce 2.2197 | 4.4 it/s
step    2750 | cos 0.5129 | thought 0.9737 dec_ce 1.9965 | 4.5 it/s
step    2800 | cos 0.5117 | thought 0.947 dec_ce 2.0548 | 4.5 it/s
step    2850 | cos 0.5134 | thought 0.9661 dec_ce 2.2308 | 4.5 it/s
step    2900 | cos 0.5171 | thought 0.9782 dec_ce 2.0356 | 4.5 it/s
step    2950 | cos 0.5131 | thought 0.9418 dec_ce 1.9751 | 4.4 it/s
step    3000 | cos 0.5121 | thought 0.9789 dec_ce 2.0804 | 4.4 it/s
step    3000 | VAL cos 0.5274 | VAL dec CE 3.9262
step    3050 | cos 0.5150 | thought 0.9262 dec_ce 1.8669 | 3.3 it/s
step    3100 | cos 0.5161 | thought 0.9728 dec_ce 2.1288 | 4.6 it/s
step    3150 | cos 0.5161 | thought 1.0001 dec_ce 2.3441 | 4.5 it/s
step    3200 | cos 0.5162 | thought 0.9546 dec_ce 2.0328 | 4.4 it/s
step    3250 | cos 0.5145 | thought 0.9749 dec_ce 2.0812 | 4.4 it/s
step    3300 | cos 0.5170 | thought 0.9807 dec_ce 2.1712 | 4.5 it/s
step    3350 | cos 0.5148 | thought 0.9941 dec_ce 2.0514 | 4.5 it/s
step    3400 | cos 0.5159 | thought 0.9584 dec_ce 2.023 | 4.5 it/s
step    3450 | cos 0.5144 | thought 0.965 dec_ce 2.0585 | 4.4 it/s
step    3500 | cos 0.5132 | thought 0.9931 dec_ce 2.0229 | 4.4 it/s
step    3500 | VAL cos 0.5279 | VAL dec CE 3.9186
step    3550 | cos 0.5137 | thought 0.9474 dec_ce 2.133 | 3.5 it/s
step    3600 | cos 0.5175 | thought 0.9758 dec_ce 2.2224 | 4.5 it/s
step    3650 | cos 0.5146 | thought 0.9596 dec_ce 2.0244 | 4.4 it/s
step    3700 | cos 0.5181 | thought 0.9672 dec_ce 2.0409 | 4.5 it/s
step    3750 | cos 0.5162 | thought 0.9837 dec_ce 2.1267 | 4.5 it/s
step    3800 | cos 0.5190 | thought 0.957 dec_ce 2.0069 | 4.5 it/s
step    3850 | cos 0.5150 | thought 0.997 dec_ce 2.2931 | 4.5 it/s
step    3900 | cos 0.5188 | thought 0.9948 dec_ce 2.1821 | 4.6 it/s
step    3950 | cos 0.5171 | thought 0.9451 dec_ce 2.1038 | 4.4 it/s
step    4000 | cos 0.5173 | thought 1.0212 dec_ce 2.1184 | 4.5 it/s
step    4000 | VAL cos 0.5295 | VAL dec CE 3.8981
step    4050 | cos 0.5175 | thought 1.0226 dec_ce 2.3209 | 3.6 it/s
step    4100 | cos 0.5183 | thought 0.9579 dec_ce 2.0668 | 4.5 it/s
step    4150 | cos 0.5168 | thought 0.9028 dec_ce 1.935 | 4.4 it/s
step    4200 | cos 0.5172 | thought 0.9549 dec_ce 2.0744 | 4.5 it/s
step    4250 | cos 0.5180 | thought 0.9968 dec_ce 2.2182 | 4.5 it/s
step    4300 | cos 0.5183 | thought 0.9599 dec_ce 2.2034 | 4.5 it/s
step    4350 | cos 0.5175 | thought 0.9524 dec_ce 1.97 | 4.5 it/s
step    4400 | cos 0.5197 | thought 0.935 dec_ce 2.0391 | 4.5 it/s
step    4450 | cos 0.5195 | thought 1.0022 dec_ce 2.2165 | 4.5 it/s
step    4500 | cos 0.5219 | thought 0.9823 dec_ce 2.1162 | 4.5 it/s
step    4500 | VAL cos 0.5312 | VAL dec CE 3.8966
step    4550 | cos 0.5188 | thought 0.9505 dec_ce 1.9622 | 3.7 it/s
step    4600 | cos 0.5203 | thought 0.9454 dec_ce 2.1079 | 4.5 it/s
step    4650 | cos 0.5203 | thought 0.9318 dec_ce 2.0495 | 4.4 it/s
step    4700 | cos 0.5203 | thought 0.9765 dec_ce 2.1405 | 4.5 it/s
step    4750 | cos 0.5234 | thought 0.935 dec_ce 1.9124 | 4.5 it/s
step    4800 | cos 0.5219 | thought 0.9647 dec_ce 2.1606 | 4.6 it/s
step    4850 | cos 0.5221 | thought 0.9598 dec_ce 2.0348 | 4.4 it/s
step    4900 | cos 0.5225 | thought 0.9373 dec_ce 1.9576 | 4.4 it/s
step    4950 | cos 0.5183 | thought 1.0031 dec_ce 2.2757 | 4.5 it/s
step    5000 | cos 0.5224 | thought 0.9747 dec_ce 2.095 | 4.6 it/s
step    5000 | VAL cos 0.5319 | VAL dec CE 3.8856
step    5050 | cos 0.5217 | thought 0.9703 dec_ce 2.2283 | 3.5 it/s
step    5100 | cos 0.5194 | thought 0.9842 dec_ce 2.1547 | 4.5 it/s
step    5150 | cos 0.5203 | thought 0.9871 dec_ce 2.1431 | 4.4 it/s
step    5200 | cos 0.5226 | thought 0.9588 dec_ce 2.0706 | 4.4 it/s
step    5250 | cos 0.5210 | thought 0.9365 dec_ce 2.0158 | 4.6 it/s
step    5300 | cos 0.5199 | thought 0.9572 dec_ce 2.1636 | 4.4 it/s
step    5350 | cos 0.5225 | thought 0.985 dec_ce 2.1442 | 4.6 it/s
step    5400 | cos 0.5205 | thought 0.9688 dec_ce 2.1324 | 4.4 it/s
step    5450 | cos 0.5207 | thought 0.9754 dec_ce 2.0096 | 4.5 it/s
step    5500 | cos 0.5206 | thought 0.9542 dec_ce 2.113 | 4.5 it/s
step    5500 | VAL cos 0.5322 | VAL dec CE 3.8867
step    5550 | cos 0.5228 | thought 0.9765 dec_ce 2.0869 | 3.7 it/s
step    5600 | cos 0.5203 | thought 0.9866 dec_ce 2.2234 | 4.4 it/s
step    5650 | cos 0.5218 | thought 0.9491 dec_ce 2.0601 | 4.5 it/s
step    5700 | cos 0.5200 | thought 0.9319 dec_ce 1.9643 | 4.5 it/s
step    5750 | cos 0.5203 | thought 1.0126 dec_ce 2.2352 | 4.5 it/s
step    5800 | cos 0.5192 | thought 0.9627 dec_ce 2.2091 | 4.5 it/s
step    5850 | cos 0.5222 | thought 0.9807 dec_ce 2.0937 | 4.5 it/s
step    5900 | cos 0.5228 | thought 0.9415 dec_ce 2.0974 | 4.6 it/s
step    5950 | cos 0.5239 | thought 0.9989 dec_ce 2.2045 | 4.5 it/s
step    6000 | cos 0.5228 | thought 0.9351 dec_ce 1.9278 | 4.5 it/s
step    6000 | VAL cos 0.5334 | VAL dec CE 3.8730
step    6050 | cos 0.5212 | thought 0.9619 dec_ce 2.1949 | 3.6 it/s
step    6100 | cos 0.5238 | thought 0.8972 dec_ce 1.9192 | 4.4 it/s
step    6150 | cos 0.5238 | thought 0.9635 dec_ce 2.0923 | 4.6 it/s
step    6200 | cos 0.5220 | thought 0.9713 dec_ce 2.1124 | 4.5 it/s
step    6250 | cos 0.5264 | thought 0.9601 dec_ce 2.0006 | 4.5 it/s
step    6300 | cos 0.5216 | thought 0.9266 dec_ce 2.0735 | 4.4 it/s
step    6350 | cos 0.5249 | thought 0.954 dec_ce 2.0634 | 4.5 it/s
step    6400 | cos 0.5251 | thought 0.8932 dec_ce 1.9536 | 4.5 it/s
step    6450 | cos 0.5255 | thought 1.015 dec_ce 2.2389 | 4.4 it/s
step    6500 | cos 0.5238 | thought 0.9186 dec_ce 2.0585 | 4.5 it/s
step    6500 | VAL cos 0.5345 | VAL dec CE 3.8666
step    6550 | cos 0.5203 | thought 0.9704 dec_ce 2.0741 | 3.5 it/s
step    6600 | cos 0.5224 | thought 0.953 dec_ce 2.1085 | 4.5 it/s
step    6650 | cos 0.5240 | thought 0.944 dec_ce 1.9253 | 4.3 it/s
step    6700 | cos 0.5254 | thought 0.9286 dec_ce 2.0776 | 4.5 it/s
step    6750 | cos 0.5231 | thought 0.9412 dec_ce 2.0408 | 4.6 it/s
step    6800 | cos 0.5238 | thought 0.9777 dec_ce 2.1815 | 4.5 it/s
step    6850 | cos 0.5227 | thought 0.9503 dec_ce 1.9758 | 4.4 it/s
step    6900 | cos 0.5277 | thought 0.9543 dec_ce 2.0735 | 4.6 it/s
step    6950 | cos 0.5243 | thought 0.9755 dec_ce 2.01 | 4.5 it/s
step    7000 | cos 0.5252 | thought 0.9767 dec_ce 2.3776 | 4.4 it/s
step    7000 | VAL cos 0.5350 | VAL dec CE 3.8642
step    7050 | cos 0.5189 | thought 0.9184 dec_ce 1.8383 | 3.6 it/s
step    7100 | cos 0.5264 | thought 0.9256 dec_ce 2.0521 | 4.5 it/s
step    7150 | cos 0.5271 | thought 0.962 dec_ce 1.9995 | 4.5 it/s
step    7200 | cos 0.5260 | thought 0.9687 dec_ce 2.0937 | 4.5 it/s
step    7250 | cos 0.5251 | thought 1.0083 dec_ce 2.3376 | 4.4 it/s
step    7300 | cos 0.5263 | thought 0.9338 dec_ce 2.0559 | 4.4 it/s
step    7350 | cos 0.5276 | thought 0.9168 dec_ce 1.8685 | 4.6 it/s
step    7400 | cos 0.5275 | thought 0.9095 dec_ce 1.8781 | 4.6 it/s
step    7450 | cos 0.5239 | thought 0.9396 dec_ce 2.0768 | 4.4 it/s
step    7500 | cos 0.5276 | thought 0.9509 dec_ce 2.1021 | 4.4 it/s
step    7500 | VAL cos 0.5359 | VAL dec CE 3.8601
step    7550 | cos 0.5274 | thought 0.9408 dec_ce 2.0498 | 3.7 it/s
step    7600 | cos 0.5250 | thought 0.9526 dec_ce 2.1744 | 4.5 it/s
step    7650 | cos 0.5242 | thought 0.9733 dec_ce 2.1633 | 4.5 it/s
step    7700 | cos 0.5221 | thought 0.9656 dec_ce 2.0431 | 4.5 it/s
step    7750 | cos 0.5230 | thought 0.9369 dec_ce 1.9645 | 4.6 it/s
step    7800 | cos 0.5234 | thought 0.9742 dec_ce 2.105 | 4.5 it/s
step    7850 | cos 0.5234 | thought 0.9556 dec_ce 2.0775 | 4.4 it/s
step    7900 | cos 0.5246 | thought 0.9997 dec_ce 2.2901 | 4.6 it/s
step    7950 | cos 0.5277 | thought 0.9287 dec_ce 2.071 | 4.5 it/s
step    8000 | cos 0.5257 | thought 0.9177 dec_ce 1.9297 | 4.5 it/s
step    8000 | VAL cos 0.5367 | VAL dec CE 3.8459
step    8050 | cos 0.5293 | thought 0.9193 dec_ce 1.9717 | 3.3 it/s
step    8100 | cos 0.5282 | thought 0.9264 dec_ce 1.9757 | 4.7 it/s
step    8150 | cos 0.5258 | thought 0.9119 dec_ce 1.8678 | 4.5 it/s
step    8200 | cos 0.5265 | thought 0.9083 dec_ce 1.9734 | 4.4 it/s
step    8250 | cos 0.5293 | thought 0.9161 dec_ce 1.8984 | 4.4 it/s
step    8300 | cos 0.5253 | thought 0.9584 dec_ce 2.1308 | 4.5 it/s
step    8350 | cos 0.5258 | thought 0.9388 dec_ce 1.93 | 4.5 it/s
step    8400 | cos 0.5257 | thought 0.9661 dec_ce 2.1545 | 4.5 it/s
step    8450 | cos 0.5264 | thought 0.949 dec_ce 1.9636 | 4.6 it/s
step    8500 | cos 0.5274 | thought 0.9498 dec_ce 2.0452 | 4.5 it/s
step    8500 | VAL cos 0.5371 | VAL dec CE 3.8434
step    8550 | cos 0.5241 | thought 0.9713 dec_ce 2.1076 | 3.7 it/s
step    8600 | cos 0.5268 | thought 0.9045 dec_ce 1.8829 | 4.4 it/s
step    8650 | cos 0.5273 | thought 0.974 dec_ce 2.1808 | 4.6 it/s
step    8700 | cos 0.5254 | thought 0.9562 dec_ce 2.0309 | 4.4 it/s
step    8750 | cos 0.5277 | thought 0.9095 dec_ce 2.0774 | 4.5 it/s
step    8800 | cos 0.5254 | thought 0.9352 dec_ce 2.0898 | 4.5 it/s
step    8850 | cos 0.5261 | thought 0.9597 dec_ce 2.2068 | 4.5 it/s
step    8900 | cos 0.5261 | thought 0.9478 dec_ce 2.1929 | 4.5 it/s
step    8950 | cos 0.5255 | thought 0.954 dec_ce 1.9626 | 4.4 it/s
step    9000 | cos 0.5285 | thought 0.9675 dec_ce 2.0068 | 4.6 it/s
step    9000 | VAL cos 0.5371 | VAL dec CE 3.8417
step    9050 | cos 0.5270 | thought 0.9444 dec_ce 2.0621 | 3.6 it/s
step    9100 | cos 0.5260 | thought 0.9235 dec_ce 1.9544 | 4.5 it/s
step    9150 | cos 0.5288 | thought 0.9639 dec_ce 2.1608 | 4.4 it/s
step    9200 | cos 0.5298 | thought 0.9433 dec_ce 2.016 | 4.6 it/s
step    9250 | cos 0.5281 | thought 0.9929 dec_ce 2.2197 | 4.5 it/s
step    9300 | cos 0.5289 | thought 0.9543 dec_ce 2.0993 | 4.5 it/s
step    9350 | cos 0.5280 | thought 0.9397 dec_ce 1.9881 | 4.5 it/s
step    9400 | cos 0.5259 | thought 0.9535 dec_ce 2.0585 | 4.4 it/s
step    9450 | cos 0.5250 | thought 0.9777 dec_ce 2.2062 | 4.6 it/s
step    9500 | cos 0.5268 | thought 0.9302 dec_ce 2.0434 | 4.4 it/s
step    9500 | VAL cos 0.5377 | VAL dec CE 3.8381
step    9550 | cos 0.5273 | thought 0.9444 dec_ce 1.9642 | 3.6 it/s
step    9600 | cos 0.5271 | thought 0.9685 dec_ce 2.0293 | 4.4 it/s
step    9650 | cos 0.5295 | thought 0.9747 dec_ce 2.1695 | 4.5 it/s
step    9700 | cos 0.5280 | thought 0.9746 dec_ce 2.0878 | 4.5 it/s
step    9750 | cos 0.5305 | thought 0.9009 dec_ce 1.7958 | 4.5 it/s
step    9800 | cos 0.5234 | thought 0.9205 dec_ce 1.9018 | 4.5 it/s
step    9850 | cos 0.5288 | thought 0.9599 dec_ce 2.0859 | 4.5 it/s
step    9900 | cos 0.5262 | thought 0.9769 dec_ce 2.2014 | 4.4 it/s
step    9950 | cos 0.5286 | thought 0.9143 dec_ce 1.9853 | 4.5 it/s
step   10000 | cos 0.5250 | thought 0.903 dec_ce 1.8657 | 4.5 it/s
step   10000 | VAL cos 0.5377 | VAL dec CE 3.8342
step   10050 | cos 0.5288 | thought 0.9141 dec_ce 1.8693 | 3.5 it/s
step   10100 | cos 0.5282 | thought 0.9316 dec_ce 1.9495 | 4.6 it/s
step   10150 | cos 0.5267 | thought 0.8991 dec_ce 2.0289 | 4.5 it/s
step   10200 | cos 0.5288 | thought 0.9573 dec_ce 2.009 | 4.5 it/s
step   10250 | cos 0.5245 | thought 0.9092 dec_ce 2.0046 | 4.5 it/s
step   10300 | cos 0.5237 | thought 0.9648 dec_ce 2.1345 | 4.5 it/s
step   10350 | cos 0.5286 | thought 0.9602 dec_ce 2.078 | 4.4 it/s
step   10400 | cos 0.5255 | thought 0.9299 dec_ce 1.9926 | 4.4 it/s
step   10450 | cos 0.5240 | thought 0.9972 dec_ce 2.0317 | 4.5 it/s
step   10500 | cos 0.5252 | thought 0.9812 dec_ce 2.2399 | 4.4 it/s
step   10500 | VAL cos 0.5382 | VAL dec CE 3.8331
wall-clock cap reached at step 10511

Run 'R3_KOUT16' done: 10511 steps | final val cos 0.5383 | dec CE 3.8335
/home/nochi/vault/projects/ThoughtVectors/thoughtvec/.venv/lib/python3.12/site-packages/torch/nn/modules/transformer.py:392: UserWarning: enable_nested_tensor is True, but self.use_nested_tensor is False because encoder_layer.norm_first was True
  warnings.warn(
{"ckpt": "checkpoints/R3_KOUT16/best.pt", "val_cos": 0.4112, "val_dec_ce": 4.0272, "ref_f1": 0.26, "distinct1": 0.0079, "distinct2": 0.0295, "len_ratio": 1.077, "out_vectors": 16.0, "rows": 1024}
=== thinker ablation R3_KRP (2400s): thinker.n_hypotheses=4 thinker.w_decoder=0.5 thinker.k_ctx=8 data.shard_dir=data/dialogue_combined thinker.k_out_random_prefix=true thinker.k_out_min=4 thinker.out_tau=0.5 ===
/home/nochi/vault/projects/ThoughtVectors/thoughtvec/.venv/lib/python3.12/site-packages/torch/nn/modules/transformer.py:392: UserWarning: enable_nested_tensor is True, but self.use_nested_tensor is False because encoder_layer.norm_first was True
  warnings.warn(
thinker params: 15.13M (codec d=384, frozen=True)
step      50 | cos 0.0364 | thought 2.3611 dec_ce 2.3257 | 4.1 it/s
step     100 | cos 0.1722 | thought 2.09 dec_ce 2.4125 | 4.4 it/s
step     150 | cos 0.2408 | thought 1.9636 dec_ce 2.2737 | 4.3 it/s
step     200 | cos 0.2666 | thought 1.8961 dec_ce 2.5408 | 4.4 it/s
step     250 | cos 0.3066 | thought 1.8006 dec_ce 2.305 | 4.3 it/s
step     300 | cos 0.3201 | thought 1.7283 dec_ce 2.1857 | 4.5 it/s
step     350 | cos 0.3320 | thought 1.6548 dec_ce 2.0495 | 4.5 it/s
step     400 | cos 0.3531 | thought 1.654 dec_ce 2.3364 | 4.4 it/s
step     450 | cos 0.3693 | thought 1.5355 dec_ce 2.2152 | 4.3 it/s
step     500 | cos 0.3944 | thought 1.4783 dec_ce 2.0934 | 4.5 it/s
step     500 | VAL cos 0.4204 | VAL dec CE 4.1430
step     550 | cos 0.4215 | thought 1.351 dec_ce 2.116 | 3.7 it/s
step     600 | cos 0.4477 | thought 1.281 dec_ce 2.0 | 4.3 it/s
step     650 | cos 0.4564 | thought 1.2732 dec_ce 2.1547 | 4.4 it/s
step     700 | cos 0.4676 | thought 1.2937 dec_ce 2.2198 | 4.5 it/s
step     750 | cos 0.4711 | thought 1.2271 dec_ce 2.3052 | 4.4 it/s
step     800 | cos 0.4722 | thought 1.2009 dec_ce 2.0308 | 4.4 it/s
step     850 | cos 0.4803 | thought 1.1936 dec_ce 2.2026 | 4.4 it/s
step     900 | cos 0.4838 | thought 1.2299 dec_ce 2.3052 | 4.3 it/s
step     950 | cos 0.4867 | thought 1.2156 dec_ce 2.2484 | 4.5 it/s
step    1000 | cos 0.4826 | thought 1.1455 dec_ce 2.09 | 4.3 it/s
step    1000 | VAL cos 0.5012 | VAL dec CE 4.0269
step    1050 | cos 0.4881 | thought 1.1454 dec_ce 2.1358 | 3.7 it/s
step    1100 | cos 0.4917 | thought 1.1667 dec_ce 2.2426 | 4.3 it/s
step    1150 | cos 0.4891 | thought 1.1041 dec_ce 2.055 | 4.3 it/s
step    1200 | cos 0.4938 | thought 1.1007 dec_ce 2.1629 | 4.3 it/s
step    1250 | cos 0.4914 | thought 1.1004 dec_ce 2.1317 | 4.3 it/s
step    1300 | cos 0.4976 | thought 1.0973 dec_ce 2.2012 | 4.5 it/s
step    1350 | cos 0.4968 | thought 1.1071 dec_ce 2.1177 | 4.4 it/s
step    1400 | cos 0.4996 | thought 1.0762 dec_ce 2.101 | 4.4 it/s
step    1450 | cos 0.4957 | thought 1.072 dec_ce 2.1263 | 4.2 it/s
step    1500 | cos 0.4994 | thought 1.0744 dec_ce 2.1661 | 4.3 it/s
step    1500 | VAL cos 0.5121 | VAL dec CE 3.9887
step    1550 | cos 0.5002 | thought 0.9974 dec_ce 1.9742 | 3.6 it/s
step    1600 | cos 0.5041 | thought 1.0119 dec_ce 2.0069 | 4.4 it/s
step    1650 | cos 0.5017 | thought 0.9885 dec_ce 1.9734 | 4.3 it/s
step    1700 | cos 0.5030 | thought 1.0212 dec_ce 2.034 | 4.4 it/s
step    1750 | cos 0.5062 | thought 1.0031 dec_ce 2.0505 | 4.4 it/s
step    1800 | cos 0.5041 | thought 0.9874 dec_ce 2.283 | 4.3 it/s
step    1850 | cos 0.5028 | thought 1.0202 dec_ce 2.1599 | 4.5 it/s
step    1900 | cos 0.5052 | thought 0.953 dec_ce 2.0939 | 4.4 it/s
step    1950 | cos 0.5106 | thought 1.0019 dec_ce 2.1954 | 4.3 it/s
step    2000 | cos 0.5091 | thought 0.9618 dec_ce 2.0787 | 4.4 it/s
step    2000 | VAL cos 0.5231 | VAL dec CE 3.9489
step    2050 | cos 0.5102 | thought 0.9586 dec_ce 2.0235 | 3.6 it/s
step    2100 | cos 0.5111 | thought 0.994 dec_ce 2.1234 | 4.3 it/s
step    2150 | cos 0.5107 | thought 1.032 dec_ce 2.2397 | 4.4 it/s
step    2200 | cos 0.5124 | thought 0.9729 dec_ce 2.1098 | 4.4 it/s
step    2250 | cos 0.5142 | thought 0.9655 dec_ce 2.1426 | 4.4 it/s
step    2300 | cos 0.5136 | thought 0.962 dec_ce 2.1476 | 4.4 it/s
step    2350 | cos 0.5142 | thought 0.9905 dec_ce 2.2033 | 4.4 it/s
step    2400 | cos 0.5142 | thought 1.0361 dec_ce 2.1838 | 4.4 it/s
step    2450 | cos 0.5152 | thought 0.9884 dec_ce 2.2122 | 4.4 it/s
step    2500 | cos 0.5162 | thought 0.9522 dec_ce 1.9996 | 4.5 it/s
step    2500 | VAL cos 0.5281 | VAL dec CE 3.9294
step    2550 | cos 0.5135 | thought 0.9678 dec_ce 2.0782 | 3.5 it/s
step    2600 | cos 0.5184 | thought 0.9535 dec_ce 1.9728 | 4.4 it/s
step    2650 | cos 0.5171 | thought 0.9936 dec_ce 2.1975 | 4.4 it/s
step    2700 | cos 0.5167 | thought 0.9932 dec_ce 2.2083 | 4.3 it/s
step    2750 | cos 0.5184 | thought 0.9765 dec_ce 2.0003 | 4.4 it/s
step    2800 | cos 0.5159 | thought 0.9458 dec_ce 2.0574 | 4.4 it/s
step    2850 | cos 0.5184 | thought 0.9554 dec_ce 2.2391 | 4.4 it/s
step    2900 | cos 0.5233 | thought 0.9641 dec_ce 2.036 | 4.4 it/s
step    2950 | cos 0.5186 | thought 0.9407 dec_ce 1.9823 | 4.3 it/s
step    3000 | cos 0.5180 | thought 0.9707 dec_ce 2.0786 | 4.3 it/s
step    3000 | VAL cos 0.5312 | VAL dec CE 3.9246
step    3050 | cos 0.5192 | thought 0.9199 dec_ce 1.8616 | 3.6 it/s
step    3100 | cos 0.5218 | thought 0.9622 dec_ce 2.1322 | 4.5 it/s
step    3150 | cos 0.5226 | thought 0.9879 dec_ce 2.3407 | 4.4 it/s
step    3200 | cos 0.5214 | thought 0.9441 dec_ce 2.0292 | 4.3 it/s
step    3250 | cos 0.5196 | thought 0.9646 dec_ce 2.077 | 4.3 it/s
step    3300 | cos 0.5227 | thought 0.9667 dec_ce 2.1795 | 4.4 it/s
step    3350 | cos 0.5196 | thought 1.0042 dec_ce 2.0597 | 4.4 it/s
step    3400 | cos 0.5213 | thought 0.945 dec_ce 2.024 | 4.4 it/s
step    3450 | cos 0.5197 | thought 0.9612 dec_ce 2.0498 | 4.3 it/s
step    3500 | cos 0.5182 | thought 0.9881 dec_ce 2.0188 | 4.3 it/s
step    3500 | VAL cos 0.5327 | VAL dec CE 3.9094
step    3550 | cos 0.5188 | thought 0.9402 dec_ce 2.1301 | 3.5 it/s
step    3600 | cos 0.5231 | thought 0.9554 dec_ce 2.2156 | 4.4 it/s
step    3650 | cos 0.5194 | thought 0.9514 dec_ce 2.026 | 4.3 it/s
step    3700 | cos 0.5229 | thought 0.9542 dec_ce 2.0454 | 4.4 it/s
step    3750 | cos 0.5221 | thought 0.9716 dec_ce 2.1426 | 4.4 it/s
step    3800 | cos 0.5242 | thought 0.9565 dec_ce 2.0071 | 4.4 it/s
step    3850 | cos 0.5200 | thought 0.9801 dec_ce 2.2781 | 4.4 it/s
step    3900 | cos 0.5256 | thought 0.9825 dec_ce 2.1824 | 4.5 it/s
step    3950 | cos 0.5225 | thought 0.9389 dec_ce 2.1015 | 4.3 it/s
step    4000 | cos 0.5236 | thought 1.0117 dec_ce 2.1358 | 4.4 it/s
step    4000 | VAL cos 0.5357 | VAL dec CE 3.9032
step    4050 | cos 0.5243 | thought 1.0098 dec_ce 2.3273 | 3.6 it/s
step    4100 | cos 0.5239 | thought 0.9431 dec_ce 2.063 | 4.4 it/s
step    4150 | cos 0.5224 | thought 0.9134 dec_ce 1.9334 | 4.3 it/s
step    4200 | cos 0.5235 | thought 0.9556 dec_ce 2.08 | 4.4 it/s
step    4250 | cos 0.5256 | thought 0.9833 dec_ce 2.2128 | 4.4 it/s
step    4300 | cos 0.5250 | thought 0.9401 dec_ce 2.1976 | 4.4 it/s
step    4350 | cos 0.5239 | thought 0.9555 dec_ce 1.9813 | 4.4 it/s
step    4400 | cos 0.5260 | thought 0.9238 dec_ce 2.0588 | 4.4 it/s
step    4450 | cos 0.5247 | thought 0.9857 dec_ce 2.2235 | 4.4 it/s
step    4500 | cos 0.5264 | thought 0.9803 dec_ce 2.1167 | 4.4 it/s
step    4500 | VAL cos 0.5371 | VAL dec CE 3.9028
step    4550 | cos 0.5253 | thought 0.9419 dec_ce 1.9517 | 3.7 it/s
step    4600 | cos 0.5261 | thought 0.9488 dec_ce 2.1386 | 4.4 it/s
step    4650 | cos 0.5267 | thought 0.9136 dec_ce 2.0093 | 4.4 it/s
step    4700 | cos 0.5281 | thought 0.969 dec_ce 2.1351 | 4.4 it/s
step    4750 | cos 0.5304 | thought 0.9311 dec_ce 1.91 | 4.5 it/s
step    4800 | cos 0.5285 | thought 0.9596 dec_ce 2.1464 | 4.5 it/s
step    4850 | cos 0.5283 | thought 0.9622 dec_ce 2.0525 | 4.4 it/s
step    4900 | cos 0.5295 | thought 0.9236 dec_ce 1.9536 | 4.3 it/s
step    4950 | cos 0.5249 | thought 0.9899 dec_ce 2.2753 | 4.4 it/s
step    5000 | cos 0.5307 | thought 0.973 dec_ce 2.0787 | 4.5 it/s
step    5000 | VAL cos 0.5370 | VAL dec CE 3.8783
step    5050 | cos 0.5277 | thought 0.9593 dec_ce 2.2223 | 3.5 it/s
step    5100 | cos 0.5271 | thought 0.9697 dec_ce 2.1489 | 4.4 it/s
step    5150 | cos 0.5266 | thought 0.9801 dec_ce 2.1398 | 4.3 it/s
step    5200 | cos 0.5294 | thought 0.9342 dec_ce 2.0564 | 4.4 it/s
step    5250 | cos 0.5268 | thought 0.9265 dec_ce 2.0114 | 4.5 it/s
step    5300 | cos 0.5279 | thought 0.9362 dec_ce 2.1648 | 4.3 it/s
step    5350 | cos 0.5285 | thought 0.9812 dec_ce 2.1486 | 4.5 it/s
step    5400 | cos 0.5276 | thought 0.9506 dec_ce 2.1297 | 4.4 it/s
step    5450 | cos 0.5259 | thought 0.973 dec_ce 2.0104 | 4.4 it/s
step    5500 | cos 0.5273 | thought 0.9406 dec_ce 2.1335 | 4.5 it/s
step    5500 | VAL cos 0.5383 | VAL dec CE 3.8992
step    5550 | cos 0.5295 | thought 0.9589 dec_ce 2.0635 | 3.7 it/s
step    5600 | cos 0.5268 | thought 0.9807 dec_ce 2.2105 | 4.4 it/s
step    5650 | cos 0.5291 | thought 0.9317 dec_ce 2.042 | 4.4 it/s
step    5700 | cos 0.5249 | thought 0.9137 dec_ce 1.9597 | 4.4 it/s
step    5750 | cos 0.5255 | thought 1.007 dec_ce 2.2317 | 4.4 it/s
step    5800 | cos 0.5258 | thought 0.9576 dec_ce 2.2076 | 4.4 it/s
step    5850 | cos 0.5294 | thought 0.9708 dec_ce 2.1009 | 4.4 it/s
step    5900 | cos 0.5294 | thought 0.9509 dec_ce 2.0914 | 4.6 it/s
step    5950 | cos 0.5293 | thought 0.9934 dec_ce 2.2093 | 4.4 it/s
step    6000 | cos 0.5295 | thought 0.9217 dec_ce 1.92 | 4.4 it/s
step    6000 | VAL cos 0.5391 | VAL dec CE 3.8680
step    6050 | cos 0.5287 | thought 0.9442 dec_ce 2.2036 | 3.5 it/s
step    6100 | cos 0.5293 | thought 0.9015 dec_ce 1.9223 | 4.3 it/s
step    6150 | cos 0.5312 | thought 0.954 dec_ce 2.0878 | 4.5 it/s
step    6200 | cos 0.5286 | thought 0.9612 dec_ce 2.0985 | 4.4 it/s
step    6250 | cos 0.5329 | thought 0.9525 dec_ce 1.9947 | 4.4 it/s
step    6300 | cos 0.5278 | thought 0.9066 dec_ce 2.0733 | 4.4 it/s
step    6350 | cos 0.5316 | thought 0.9466 dec_ce 2.072 | 4.4 it/s
step    6400 | cos 0.5321 | thought 0.9006 dec_ce 1.9612 | 4.5 it/s
step    6450 | cos 0.5334 | thought 1.0044 dec_ce 2.2303 | 4.3 it/s
step    6500 | cos 0.5299 | thought 0.9067 dec_ce 2.0537 | 4.4 it/s
step    6500 | VAL cos 0.5406 | VAL dec CE 3.8607
step    6550 | cos 0.5272 | thought 0.9565 dec_ce 2.0674 | 3.6 it/s
step    6600 | cos 0.5294 | thought 0.9479 dec_ce 2.1044 | 4.4 it/s
step    6650 | cos 0.5324 | thought 0.9176 dec_ce 1.9256 | 4.3 it/s
step    6700 | cos 0.5335 | thought 0.9332 dec_ce 2.0746 | 4.4 it/s
step    6750 | cos 0.5303 | thought 0.9245 dec_ce 2.0308 | 4.5 it/s
step    6800 | cos 0.5301 | thought 0.968 dec_ce 2.1748 | 4.4 it/s
step    6850 | cos 0.5293 | thought 0.9394 dec_ce 1.9752 | 4.3 it/s
step    6900 | cos 0.5351 | thought 0.9603 dec_ce 2.0762 | 4.5 it/s
step    6950 | cos 0.5314 | thought 0.9608 dec_ce 1.9947 | 4.4 it/s
step    7000 | cos 0.5312 | thought 0.9618 dec_ce 2.3736 | 4.4 it/s
step    7000 | VAL cos 0.5402 | VAL dec CE 3.8583
step    7050 | cos 0.5258 | thought 0.9144 dec_ce 1.8363 | 3.6 it/s
step    7100 | cos 0.5321 | thought 0.9103 dec_ce 2.0374 | 4.4 it/s
step    7150 | cos 0.5332 | thought 0.9571 dec_ce 1.9943 | 4.4 it/s
step    7200 | cos 0.5332 | thought 0.9489 dec_ce 2.1004 | 4.4 it/s
step    7250 | cos 0.5316 | thought 1.0031 dec_ce 2.3403 | 4.3 it/s
step    7300 | cos 0.5341 | thought 0.9211 dec_ce 2.0446 | 4.4 it/s
step    7350 | cos 0.5334 | thought 0.9089 dec_ce 1.9127 | 4.5 it/s
step    7400 | cos 0.5348 | thought 0.9008 dec_ce 1.862 | 4.5 it/s
step    7450 | cos 0.5307 | thought 0.9243 dec_ce 2.0626 | 4.3 it/s
step    7500 | cos 0.5345 | thought 0.9307 dec_ce 2.0819 | 4.3 it/s
step    7500 | VAL cos 0.5410 | VAL dec CE 3.8533
step    7550 | cos 0.5347 | thought 0.9481 dec_ce 2.0645 | 3.7 it/s
step    7600 | cos 0.5329 | thought 0.9531 dec_ce 2.173 | 4.4 it/s
step    7650 | cos 0.5321 | thought 0.9591 dec_ce 2.159 | 4.4 it/s
step    7700 | cos 0.5293 | thought 0.9454 dec_ce 2.0366 | 4.4 it/s
step    7750 | cos 0.5292 | thought 0.935 dec_ce 1.9601 | 4.5 it/s
step    7800 | cos 0.5307 | thought 0.9761 dec_ce 2.1082 | 4.4 it/s
step    7850 | cos 0.5303 | thought 0.9519 dec_ce 2.0623 | 4.3 it/s
step    7900 | cos 0.5317 | thought 0.9887 dec_ce 2.2911 | 4.5 it/s
step    7950 | cos 0.5341 | thought 0.9151 dec_ce 2.0598 | 4.4 it/s
step    8000 | cos 0.5313 | thought 0.9259 dec_ce 1.9329 | 4.4 it/s
step    8000 | VAL cos 0.5424 | VAL dec CE 3.8432
step    8050 | cos 0.5353 | thought 0.9225 dec_ce 1.9782 | 3.6 it/s
step    8100 | cos 0.5345 | thought 0.9172 dec_ce 1.9841 | 4.6 it/s
step    8150 | cos 0.5323 | thought 0.9016 dec_ce 1.8597 | 4.4 it/s
step    8200 | cos 0.5339 | thought 0.911 dec_ce 2.0088 | 4.3 it/s
step    8250 | cos 0.5366 | thought 0.907 dec_ce 1.9044 | 4.3 it/s
step    8300 | cos 0.5326 | thought 0.9583 dec_ce 2.1261 | 4.4 it/s
step    8350 | cos 0.5317 | thought 0.9355 dec_ce 1.9473 | 4.4 it/s
step    8400 | cos 0.5330 | thought 0.9521 dec_ce 2.1469 | 4.4 it/s
step    8450 | cos 0.5332 | thought 0.9331 dec_ce 1.9812 | 4.5 it/s
step    8500 | cos 0.5342 | thought 0.9302 dec_ce 2.0352 | 4.4 it/s
step    8500 | VAL cos 0.5425 | VAL dec CE 3.8329
step    8550 | cos 0.5311 | thought 0.9565 dec_ce 2.1032 | 3.6 it/s
step    8600 | cos 0.5335 | thought 0.8911 dec_ce 1.8783 | 4.3 it/s
step    8650 | cos 0.5343 | thought 0.9763 dec_ce 2.1887 | 4.5 it/s
step    8700 | cos 0.5329 | thought 0.9403 dec_ce 2.0256 | 4.3 it/s
step    8750 | cos 0.5342 | thought 0.9146 dec_ce 2.0787 | 4.4 it/s
step    8800 | cos 0.5338 | thought 0.9179 dec_ce 2.0782 | 4.4 it/s
step    8850 | cos 0.5340 | thought 0.9498 dec_ce 2.2044 | 4.4 it/s
step    8900 | cos 0.5330 | thought 0.9296 dec_ce 2.1813 | 4.4 it/s
step    8950 | cos 0.5319 | thought 0.9595 dec_ce 1.9668 | 4.4 it/s
step    9000 | cos 0.5345 | thought 0.9615 dec_ce 2.0061 | 4.5 it/s
step    9000 | VAL cos 0.5427 | VAL dec CE 3.8356
step    9050 | cos 0.5334 | thought 0.944 dec_ce 2.0676 | 3.7 it/s
step    9100 | cos 0.5326 | thought 0.9251 dec_ce 1.9801 | 4.4 it/s
step    9150 | cos 0.5361 | thought 0.9431 dec_ce 2.1659 | 4.4 it/s
step    9200 | cos 0.5377 | thought 0.9249 dec_ce 2.0095 | 4.6 it/s
step    9250 | cos 0.5344 | thought 0.9845 dec_ce 2.2132 | 4.4 it/s
step    9300 | cos 0.5349 | thought 0.9483 dec_ce 2.1009 | 4.5 it/s
step    9350 | cos 0.5349 | thought 0.9286 dec_ce 1.9868 | 4.4 it/s
step    9400 | cos 0.5328 | thought 0.9577 dec_ce 2.0719 | 4.3 it/s
step    9450 | cos 0.5309 | thought 0.9721 dec_ce 2.2025 | 4.5 it/s
step    9500 | cos 0.5346 | thought 0.9095 dec_ce 2.0338 | 4.4 it/s
step    9500 | VAL cos 0.5434 | VAL dec CE 3.8324
step    9550 | cos 0.5344 | thought 0.9394 dec_ce 1.9591 | 3.6 it/s
step    9600 | cos 0.5340 | thought 0.9625 dec_ce 2.0285 | 4.4 it/s
step    9650 | cos 0.5361 | thought 0.9549 dec_ce 2.1629 | 4.4 it/s
step    9700 | cos 0.5353 | thought 0.974 dec_ce 2.1 | 4.4 it/s
step    9750 | cos 0.5379 | thought 0.8918 dec_ce 1.7743 | 4.4 it/s
step    9800 | cos 0.5292 | thought 0.909 dec_ce 1.894 | 4.4 it/s
step    9850 | cos 0.5362 | thought 0.9579 dec_ce 2.0787 | 4.4 it/s
step    9900 | cos 0.5333 | thought 0.9661 dec_ce 2.189 | 4.3 it/s
step    9950 | cos 0.5348 | thought 0.9236 dec_ce 1.9985 | 4.4 it/s
step   10000 | cos 0.5316 | thought 0.8972 dec_ce 1.8705 | 4.4 it/s
step   10000 | VAL cos 0.5434 | VAL dec CE 3.8254
step   10050 | cos 0.5367 | thought 0.9092 dec_ce 1.8613 | 3.5 it/s
step   10100 | cos 0.5356 | thought 0.9292 dec_ce 1.962 | 4.5 it/s
step   10150 | cos 0.5332 | thought 0.8891 dec_ce 2.0181 | 4.4 it/s
step   10200 | cos 0.5353 | thought 0.9381 dec_ce 2.019 | 4.4 it/s
step   10250 | cos 0.5305 | thought 0.9081 dec_ce 1.9985 | 4.4 it/s
step   10300 | cos 0.5300 | thought 0.9621 dec_ce 2.1506 | 4.4 it/s
wall-clock cap reached at step 10325

Run 'R3_KRP' done: 10325 steps | final val cos 0.5437 | dec CE 3.8311
/home/nochi/vault/projects/ThoughtVectors/thoughtvec/.venv/lib/python3.12/site-packages/torch/nn/modules/transformer.py:392: UserWarning: enable_nested_tensor is True, but self.use_nested_tensor is False because encoder_layer.norm_first was True
  warnings.warn(
{"ckpt": "checkpoints/R3_KRP/best.pt", "val_cos": 0.437, "val_dec_ce": 4.0858, "ref_f1": 0.2016, "distinct1": 0.0098, "distinct2": 0.0409, "len_ratio": 0.662, "out_vectors": 2.31, "rows": 1024}
=== thinker ablation R3_SLOT (2400s): thinker.n_hypotheses=4 thinker.w_decoder=0.5 thinker.k_ctx=8 data.shard_dir=data/dialogue_combined thinker.slot_weight_decay=0.3 ===
/home/nochi/vault/projects/ThoughtVectors/thoughtvec/.venv/lib/python3.12/site-packages/torch/nn/modules/transformer.py:392: UserWarning: enable_nested_tensor is True, but self.use_nested_tensor is False because encoder_layer.norm_first was True
  warnings.warn(
thinker params: 15.13M (codec d=384, frozen=True)
step      50 | cos 0.0364 | thought 2.3602 dec_ce 2.3206 | 4.0 it/s
step     100 | cos 0.1725 | thought 2.0873 dec_ce 2.4175 | 4.3 it/s
step     150 | cos 0.2368 | thought 1.9847 dec_ce 2.2726 | 4.3 it/s
step     200 | cos 0.2530 | thought 2.0067 dec_ce 2.4237 | 4.3 it/s
step     250 | cos 0.2661 | thought 1.8487 dec_ce 2.3022 | 4.3 it/s
step     300 | cos 0.2990 | thought 1.7479 dec_ce 2.1865 | 4.4 it/s
step     350 | cos 0.3157 | thought 1.6831 dec_ce 2.0489 | 4.4 it/s
step     400 | cos 0.3250 | thought 1.7091 dec_ce 2.339 | 4.3 it/s
step     450 | cos 0.3338 | thought 1.6123 dec_ce 2.1877 | 4.3 it/s
step     500 | cos 0.3486 | thought 1.5624 dec_ce 2.0902 | 4.5 it/s
step     500 | VAL cos 0.3688 | VAL dec CE 4.0903
step     550 | cos 0.3694 | thought 1.4436 dec_ce 2.1118 | 3.6 it/s
step     600 | cos 0.3952 | thought 1.3873 dec_ce 1.9976 | 4.3 it/s
step     650 | cos 0.4075 | thought 1.3413 dec_ce 2.1433 | 4.3 it/s
step     700 | cos 0.4218 | thought 1.36 dec_ce 2.2279 | 4.5 it/s
step     750 | cos 0.4312 | thought 1.2908 dec_ce 2.3253 | 4.3 it/s
step     800 | cos 0.4369 | thought 1.2517 dec_ce 2.0283 | 4.3 it/s
step     850 | cos 0.4473 | thought 1.2318 dec_ce 2.2028 | 4.3 it/s
step     900 | cos 0.4532 | thought 1.2746 dec_ce 2.3143 | 4.3 it/s
step     950 | cos 0.4580 | thought 1.2594 dec_ce 2.2588 | 4.5 it/s
step    1000 | cos 0.4581 | thought 1.1712 dec_ce 2.0867 | 4.2 it/s
step    1000 | VAL cos 0.4753 | VAL dec CE 4.0164
step    1050 | cos 0.4694 | thought 1.1566 dec_ce 2.126 | 3.6 it/s
step    1100 | cos 0.4771 | thought 1.1826 dec_ce 2.2397 | 4.2 it/s
step    1150 | cos 0.4788 | thought 1.1112 dec_ce 2.0559 | 4.2 it/s
step    1200 | cos 0.4837 | thought 1.1031 dec_ce 2.1415 | 4.3 it/s
step    1250 | cos 0.4833 | thought 1.0913 dec_ce 2.1256 | 4.3 it/s
step    1300 | cos 0.4908 | thought 1.0903 dec_ce 2.1929 | 4.4 it/s
step    1350 | cos 0.4902 | thought 1.0895 dec_ce 2.1015 | 4.3 it/s
step    1400 | cos 0.4934 | thought 1.0829 dec_ce 2.0815 | 4.3 it/s
step    1450 | cos 0.4910 | thought 1.0596 dec_ce 2.1167 | 4.2 it/s
step    1500 | cos 0.4956 | thought 1.0682 dec_ce 2.1645 | 4.3 it/s
step    1500 | VAL cos 0.5093 | VAL dec CE 3.9566
step    1550 | cos 0.4959 | thought 0.9885 dec_ce 1.9633 | 3.5 it/s
step    1600 | cos 0.5016 | thought 1.0019 dec_ce 1.9946 | 4.4 it/s
step    1650 | cos 0.4984 | thought 0.982 dec_ce 1.9632 | 4.3 it/s
step    1700 | cos 0.5007 | thought 1.0071 dec_ce 2.0327 | 4.3 it/s
step    1750 | cos 0.5045 | thought 0.9831 dec_ce 2.0437 | 4.3 it/s
step    1800 | cos 0.5033 | thought 0.9934 dec_ce 2.275 | 4.2 it/s
step    1850 | cos 0.5043 | thought 1.0067 dec_ce 2.1419 | 4.4 it/s
step    1900 | cos 0.5050 | thought 0.9543 dec_ce 2.0813 | 4.3 it/s
step    1950 | cos 0.5113 | thought 0.9933 dec_ce 2.1948 | 4.3 it/s
step    2000 | cos 0.5092 | thought 0.9519 dec_ce 2.0729 | 4.3 it/s
step    2000 | VAL cos 0.5234 | VAL dec CE 3.9283
step    2050 | cos 0.5091 | thought 0.9464 dec_ce 1.9972 | 3.5 it/s
step    2100 | cos 0.5114 | thought 0.9839 dec_ce 2.0882 | 4.2 it/s
step    2150 | cos 0.5117 | thought 1.0174 dec_ce 2.2295 | 4.3 it/s
step    2200 | cos 0.5125 | thought 0.9721 dec_ce 2.1096 | 4.3 it/s
step    2250 | cos 0.5133 | thought 0.9597 dec_ce 2.1315 | 4.3 it/s
step    2300 | cos 0.5135 | thought 0.9648 dec_ce 2.1462 | 4.2 it/s
step    2350 | cos 0.5140 | thought 0.9797 dec_ce 2.1921 | 4.3 it/s
step    2400 | cos 0.5151 | thought 1.0094 dec_ce 2.1731 | 4.3 it/s
step    2450 | cos 0.5158 | thought 0.9791 dec_ce 2.2067 | 4.4 it/s
step    2500 | cos 0.5165 | thought 0.9465 dec_ce 1.9943 | 4.4 it/s
step    2500 | VAL cos 0.5284 | VAL dec CE 3.9127
step    2550 | cos 0.5142 | thought 0.956 dec_ce 2.0695 | 3.5 it/s
step    2600 | cos 0.5187 | thought 0.9445 dec_ce 1.9543 | 4.3 it/s
step    2650 | cos 0.5164 | thought 0.9903 dec_ce 2.19 | 4.3 it/s
step    2700 | cos 0.5172 | thought 0.9809 dec_ce 2.2092 | 4.2 it/s
step    2750 | cos 0.5186 | thought 0.9669 dec_ce 1.9964 | 4.3 it/s
step    2800 | cos 0.5168 | thought 0.928 dec_ce 2.0476 | 4.3 it/s
step    2850 | cos 0.5187 | thought 0.9564 dec_ce 2.226 | 4.3 it/s
step    2900 | cos 0.5222 | thought 0.961 dec_ce 2.0284 | 4.3 it/s
step    2950 | cos 0.5187 | thought 0.9325 dec_ce 1.9699 | 4.3 it/s
step    3000 | cos 0.5184 | thought 0.974 dec_ce 2.0757 | 4.2 it/s
step    3000 | VAL cos 0.5320 | VAL dec CE 3.9034
step    3050 | cos 0.5202 | thought 0.9165 dec_ce 1.8505 | 3.5 it/s
step    3100 | cos 0.5212 | thought 0.9586 dec_ce 2.1231 | 4.4 it/s
step    3150 | cos 0.5215 | thought 0.9815 dec_ce 2.3353 | 4.3 it/s
step    3200 | cos 0.5222 | thought 0.9446 dec_ce 2.0273 | 4.3 it/s
step    3250 | cos 0.5202 | thought 0.9591 dec_ce 2.0679 | 4.2 it/s
step    3300 | cos 0.5230 | thought 0.9596 dec_ce 2.1632 | 4.3 it/s
step    3350 | cos 0.5206 | thought 0.9798 dec_ce 2.0484 | 4.3 it/s
step    3400 | cos 0.5225 | thought 0.9464 dec_ce 2.0041 | 4.3 it/s
step    3450 | cos 0.5206 | thought 0.9511 dec_ce 2.0441 | 4.2 it/s
step    3500 | cos 0.5190 | thought 0.9779 dec_ce 2.0134 | 4.3 it/s
step    3500 | VAL cos 0.5316 | VAL dec CE 3.9004
step    3550 | cos 0.5195 | thought 0.9324 dec_ce 2.1189 | 3.3 it/s
step    3600 | cos 0.5237 | thought 0.958 dec_ce 2.2194 | 4.3 it/s
step    3650 | cos 0.5210 | thought 0.9437 dec_ce 2.014 | 4.3 it/s
step    3700 | cos 0.5242 | thought 0.9461 dec_ce 2.0234 | 4.3 it/s
step    3750 | cos 0.5224 | thought 0.9722 dec_ce 2.1126 | 4.4 it/s
step    3800 | cos 0.5247 | thought 0.9403 dec_ce 1.9999 | 4.3 it/s
step    3850 | cos 0.5218 | thought 0.9747 dec_ce 2.2777 | 4.3 it/s
step    3900 | cos 0.5248 | thought 0.9759 dec_ce 2.1717 | 4.4 it/s
step    3950 | cos 0.5242 | thought 0.9401 dec_ce 2.0981 | 4.3 it/s
step    4000 | cos 0.5234 | thought 1.0073 dec_ce 2.1175 | 4.3 it/s
step    4000 | VAL cos 0.5355 | VAL dec CE 3.8795
step    4050 | cos 0.5240 | thought 1.0022 dec_ce 2.3049 | 3.4 it/s
step    4100 | cos 0.5247 | thought 0.9359 dec_ce 2.0527 | 4.4 it/s
step    4150 | cos 0.5231 | thought 0.9032 dec_ce 1.9203 | 4.2 it/s
step    4200 | cos 0.5238 | thought 0.9396 dec_ce 2.0729 | 4.3 it/s
step    4250 | cos 0.5252 | thought 0.9782 dec_ce 2.2111 | 4.4 it/s
step    4300 | cos 0.5251 | thought 0.9437 dec_ce 2.1909 | 4.4 it/s
step    4350 | cos 0.5247 | thought 0.934 dec_ce 1.9609 | 4.4 it/s
step    4400 | cos 0.5264 | thought 0.9242 dec_ce 2.0255 | 4.3 it/s
step    4450 | cos 0.5267 | thought 0.9903 dec_ce 2.218 | 4.3 it/s
step    4500 | cos 0.5279 | thought 0.9607 dec_ce 2.105 | 4.4 it/s
step    4500 | VAL cos 0.5376 | VAL dec CE 3.8696
step    4550 | cos 0.5263 | thought 0.9362 dec_ce 1.9562 | 3.6 it/s
step    4600 | cos 0.5273 | thought 0.9272 dec_ce 2.0994 | 4.3 it/s
step    4650 | cos 0.5275 | thought 0.921 dec_ce 2.0169 | 4.3 it/s
step    4700 | cos 0.5274 | thought 0.9605 dec_ce 2.1343 | 4.3 it/s
step    4750 | cos 0.5308 | thought 0.9189 dec_ce 1.8975 | 4.4 it/s
step    4800 | cos 0.5287 | thought 0.9516 dec_ce 2.1402 | 4.4 it/s
step    4850 | cos 0.5286 | thought 0.9426 dec_ce 2.0117 | 4.3 it/s
step    4900 | cos 0.5291 | thought 0.923 dec_ce 1.9468 | 4.3 it/s
step    4950 | cos 0.5252 | thought 0.9886 dec_ce 2.2735 | 4.3 it/s
step    5000 | cos 0.5294 | thought 0.9547 dec_ce 2.0734 | 4.5 it/s
step    5000 | VAL cos 0.5381 | VAL dec CE 3.8579
step    5050 | cos 0.5283 | thought 0.952 dec_ce 2.2129 | 3.4 it/s
step    5100 | cos 0.5268 | thought 0.9635 dec_ce 2.1495 | 4.4 it/s
step    5150 | cos 0.5279 | thought 0.9697 dec_ce 2.1291 | 4.4 it/s
step    5200 | cos 0.5296 | thought 0.931 dec_ce 2.0545 | 4.4 it/s
step    5250 | cos 0.5282 | thought 0.9217 dec_ce 2.0056 | 4.5 it/s
step    5300 | cos 0.5274 | thought 0.9338 dec_ce 2.153 | 4.4 it/s
step    5350 | cos 0.5292 | thought 0.9698 dec_ce 2.1371 | 4.5 it/s
step    5400 | cos 0.5271 | thought 0.9491 dec_ce 2.1299 | 4.4 it/s
step    5450 | cos 0.5267 | thought 0.9571 dec_ce 1.9961 | 4.4 it/s
step    5500 | cos 0.5279 | thought 0.9381 dec_ce 2.1139 | 4.5 it/s
step    5500 | VAL cos 0.5389 | VAL dec CE 3.8570
step    5550 | cos 0.5301 | thought 0.9546 dec_ce 2.075 | 3.6 it/s
step    5600 | cos 0.5274 | thought 0.9677 dec_ce 2.2081 | 4.4 it/s
step    5650 | cos 0.5291 | thought 0.9362 dec_ce 2.0392 | 4.4 it/s
step    5700 | cos 0.5273 | thought 0.9172 dec_ce 1.954 | 4.4 it/s
step    5750 | cos 0.5275 | thought 0.9934 dec_ce 2.2189 | 4.5 it/s
step    5800 | cos 0.5265 | thought 0.9431 dec_ce 2.1904 | 4.5 it/s
step    5850 | cos 0.5289 | thought 0.9545 dec_ce 2.0818 | 4.4 it/s
step    5900 | cos 0.5295 | thought 0.9346 dec_ce 2.0941 | 4.6 it/s
step    5950 | cos 0.5306 | thought 0.9855 dec_ce 2.1937 | 4.5 it/s
step    6000 | cos 0.5295 | thought 0.922 dec_ce 1.9137 | 4.4 it/s
step    6000 | VAL cos 0.5402 | VAL dec CE 3.8431
step    6050 | cos 0.5280 | thought 0.9431 dec_ce 2.1814 | 3.6 it/s
step    6100 | cos 0.5308 | thought 0.8903 dec_ce 1.9087 | 4.4 it/s
step    6150 | cos 0.5307 | thought 0.9414 dec_ce 2.077 | 4.6 it/s
step    6200 | cos 0.5288 | thought 0.9563 dec_ce 2.1037 | 4.5 it/s
step    6250 | cos 0.5335 | thought 0.9372 dec_ce 1.9738 | 4.5 it/s
step    6300 | cos 0.5289 | thought 0.9132 dec_ce 2.0651 | 4.5 it/s
step    6350 | cos 0.5326 | thought 0.9356 dec_ce 2.0437 | 4.4 it/s
step    6400 | cos 0.5321 | thought 0.8829 dec_ce 1.9436 | 4.5 it/s
step    6450 | cos 0.5321 | thought 0.9954 dec_ce 2.2169 | 4.4 it/s
step    6500 | cos 0.5303 | thought 0.9011 dec_ce 2.0453 | 4.4 it/s
step    6500 | VAL cos 0.5414 | VAL dec CE 3.8322
step    6550 | cos 0.5280 | thought 0.9409 dec_ce 2.056 | 3.6 it/s
step    6600 | cos 0.5303 | thought 0.9463 dec_ce 2.0929 | 4.5 it/s
step    6650 | cos 0.5306 | thought 0.9285 dec_ce 1.9179 | 4.3 it/s
step    6700 | cos 0.5328 | thought 0.9166 dec_ce 2.0648 | 4.5 it/s
step    6750 | cos 0.5306 | thought 0.9247 dec_ce 2.0344 | 4.5 it/s
step    6800 | cos 0.5314 | thought 0.9597 dec_ce 2.1646 | 4.4 it/s
step    6850 | cos 0.5297 | thought 0.9321 dec_ce 1.966 | 4.4 it/s
step    6900 | cos 0.5355 | thought 0.9412 dec_ce 2.0629 | 4.5 it/s
step    6950 | cos 0.5312 | thought 0.9506 dec_ce 1.9929 | 4.5 it/s
step    7000 | cos 0.5321 | thought 0.9606 dec_ce 2.3677 | 4.4 it/s
step    7000 | VAL cos 0.5414 | VAL dec CE 3.8308
step    7050 | cos 0.5263 | thought 0.911 dec_ce 1.8208 | 3.6 it/s
step    7100 | cos 0.5329 | thought 0.9092 dec_ce 2.0241 | 4.5 it/s
step    7150 | cos 0.5338 | thought 0.9515 dec_ce 1.9926 | 4.5 it/s
step    7200 | cos 0.5333 | thought 0.9573 dec_ce 2.0796 | 4.5 it/s
step    7250 | cos 0.5323 | thought 0.9883 dec_ce 2.3321 | 4.4 it/s
step    7300 | cos 0.5344 | thought 0.9169 dec_ce 2.0421 | 4.4 it/s
step    7350 | cos 0.5345 | thought 0.9031 dec_ce 1.8529 | 4.6 it/s
step    7400 | cos 0.5347 | thought 0.9014 dec_ce 1.8694 | 4.5 it/s
step    7450 | cos 0.5313 | thought 0.9249 dec_ce 2.0534 | 4.4 it/s
step    7500 | cos 0.5350 | thought 0.9326 dec_ce 2.0692 | 4.3 it/s
step    7500 | VAL cos 0.5424 | VAL dec CE 3.8275
step    7550 | cos 0.5342 | thought 0.9219 dec_ce 2.0378 | 3.6 it/s
step    7600 | cos 0.5323 | thought 0.9409 dec_ce 2.1641 | 4.4 it/s
step    7650 | cos 0.5319 | thought 0.9493 dec_ce 2.152 | 4.4 it/s
step    7700 | cos 0.5297 | thought 0.9447 dec_ce 2.0296 | 4.5 it/s
step    7750 | cos 0.5302 | thought 0.9253 dec_ce 1.9584 | 4.5 it/s
step    7800 | cos 0.5309 | thought 0.9577 dec_ce 2.0879 | 4.4 it/s
step    7850 | cos 0.5306 | thought 0.9328 dec_ce 2.0545 | 4.4 it/s
step    7900 | cos 0.5316 | thought 0.9838 dec_ce 2.2784 | 4.5 it/s
step    7950 | cos 0.5347 | thought 0.9088 dec_ce 2.0566 | 4.4 it/s
step    8000 | cos 0.5327 | thought 0.9026 dec_ce 1.9204 | 4.5 it/s
step    8000 | VAL cos 0.5431 | VAL dec CE 3.8135
step    8050 | cos 0.5352 | thought 0.9074 dec_ce 1.9608 | 3.7 it/s
step    8100 | cos 0.5356 | thought 0.9125 dec_ce 1.9628 | 4.6 it/s
step    8150 | cos 0.5327 | thought 0.8938 dec_ce 1.8505 | 4.5 it/s
step    8200 | cos 0.5336 | thought 0.9022 dec_ce 1.9655 | 4.4 it/s
step    8250 | cos 0.5356 | thought 0.9041 dec_ce 1.8836 | 4.3 it/s
step    8300 | cos 0.5328 | thought 0.9415 dec_ce 2.1164 | 4.4 it/s
step    8350 | cos 0.5330 | thought 0.9229 dec_ce 1.9243 | 4.5 it/s
step    8400 | cos 0.5322 | thought 0.9517 dec_ce 2.1475 | 4.4 it/s
step    8450 | cos 0.5341 | thought 0.9311 dec_ce 1.953 | 4.5 it/s
step    8500 | cos 0.5347 | thought 0.9326 dec_ce 2.0307 | 4.5 it/s
step    8500 | VAL cos 0.5434 | VAL dec CE 3.8121
step    8550 | cos 0.5314 | thought 0.9516 dec_ce 2.097 | 3.6 it/s
step    8600 | cos 0.5338 | thought 0.8903 dec_ce 1.8647 | 4.4 it/s
step    8650 | cos 0.5343 | thought 0.9671 dec_ce 2.1707 | 4.6 it/s
step    8700 | cos 0.5320 | thought 0.943 dec_ce 2.0179 | 4.4 it/s
step    8750 | cos 0.5342 | thought 0.9006 dec_ce 2.069 | 4.5 it/s
step    8800 | cos 0.5324 | thought 0.9196 dec_ce 2.0777 | 4.4 it/s
step    8850 | cos 0.5330 | thought 0.9447 dec_ce 2.195 | 4.4 it/s
step    8900 | cos 0.5331 | thought 0.9313 dec_ce 2.1745 | 4.5 it/s
step    8950 | cos 0.5322 | thought 0.9392 dec_ce 1.9559 | 4.4 it/s
step    9000 | cos 0.5354 | thought 0.9444 dec_ce 1.985 | 4.5 it/s
step    9000 | VAL cos 0.5437 | VAL dec CE 3.8102
step    9050 | cos 0.5337 | thought 0.9281 dec_ce 2.0492 | 3.7 it/s
step    9100 | cos 0.5327 | thought 0.9088 dec_ce 1.9445 | 4.4 it/s
step    9150 | cos 0.5353 | thought 0.9449 dec_ce 2.1482 | 4.4 it/s
step    9200 | cos 0.5370 | thought 0.9164 dec_ce 1.9984 | 4.6 it/s
step    9250 | cos 0.5349 | thought 0.971 dec_ce 2.2045 | 4.5 it/s
step    9300 | cos 0.5354 | thought 0.9471 dec_ce 2.0925 | 4.5 it/s
step    9350 | cos 0.5344 | thought 0.9229 dec_ce 1.9794 | 4.5 it/s
step    9400 | cos 0.5340 | thought 0.9334 dec_ce 2.0528 | 4.4 it/s
step    9450 | cos 0.5320 | thought 0.9561 dec_ce 2.1971 | 4.5 it/s
step    9500 | cos 0.5343 | thought 0.9091 dec_ce 2.0274 | 4.4 it/s
step    9500 | VAL cos 0.5442 | VAL dec CE 3.8075
step    9550 | cos 0.5339 | thought 0.9283 dec_ce 1.9531 | 3.6 it/s
step    9600 | cos 0.5347 | thought 0.9538 dec_ce 2.0159 | 4.4 it/s
step    9650 | cos 0.5360 | thought 0.9552 dec_ce 2.1537 | 4.4 it/s
step    9700 | cos 0.5352 | thought 0.9671 dec_ce 2.0862 | 4.4 it/s
step    9750 | cos 0.5372 | thought 0.8898 dec_ce 1.7683 | 4.5 it/s
step    9800 | cos 0.5300 | thought 0.9085 dec_ce 1.8781 | 4.5 it/s
step    9850 | cos 0.5354 | thought 0.9438 dec_ce 2.074 | 4.5 it/s
step    9900 | cos 0.5334 | thought 0.955 dec_ce 2.187 | 4.4 it/s
step    9950 | cos 0.5355 | thought 0.8991 dec_ce 1.9844 | 4.5 it/s
step   10000 | cos 0.5322 | thought 0.8937 dec_ce 1.8628 | 4.5 it/s
step   10000 | VAL cos 0.5442 | VAL dec CE 3.8022
step   10050 | cos 0.5359 | thought 0.9015 dec_ce 1.8457 | 3.5 it/s
step   10100 | cos 0.5356 | thought 0.9126 dec_ce 1.9364 | 4.5 it/s
step   10150 | cos 0.5337 | thought 0.8852 dec_ce 2.0176 | 4.4 it/s
step   10200 | cos 0.5355 | thought 0.9467 dec_ce 1.9981 | 4.5 it/s
step   10250 | cos 0.5323 | thought 0.8995 dec_ce 1.9808 | 4.4 it/s
wall-clock cap reached at step 10276

Run 'R3_SLOT' done: 10276 steps | final val cos 0.5444 | dec CE 3.8029
/home/nochi/vault/projects/ThoughtVectors/thoughtvec/.venv/lib/python3.12/site-packages/torch/nn/modules/transformer.py:392: UserWarning: enable_nested_tensor is True, but self.use_nested_tensor is False because encoder_layer.norm_first was True
  warnings.warn(
{"ckpt": "checkpoints/R3_SLOT/best.pt", "val_cos": 0.4214, "val_dec_ce": 4.0053, "ref_f1": 0.254, "distinct1": 0.0075, "distinct2": 0.0283, "len_ratio": 1.124, "out_vectors": 32.0, "rows": 1024}
=== round-3 sequence done: R3_DATA R3_KOUT16 R3_KRP R3_SLOT ===
