/home/nochi/vault/projects/ThoughtVectors/thoughtvec/.venv/lib/python3.12/site-packages/torch/nn/modules/transformer.py:392: UserWarning: enable_nested_tensor is True, but self.use_nested_tensor is False because encoder_layer.norm_first was True
  warnings.warn(
thinker params: 15.13M (codec d=384, frozen=True)
step      50 | cos 0.0375 | thought 2.353 dec_ce 2.32 | 4.0 it/s
step     100 | cos 0.1742 | thought 2.0883 dec_ce 2.4206 | 4.3 it/s
step     150 | cos 0.2384 | thought 1.9877 dec_ce 2.274 | 4.3 it/s
step     200 | cos 0.2548 | thought 2.0093 dec_ce 2.4251 | 4.4 it/s
step     250 | cos 0.2617 | thought 1.9145 dec_ce 2.345 | 4.3 it/s
step     300 | cos 0.2978 | thought 1.7461 dec_ce 2.1848 | 4.4 it/s
step     350 | cos 0.3356 | thought 1.631 dec_ce 2.0525 | 4.4 it/s
step     400 | cos 0.3637 | thought 1.6249 dec_ce 2.3351 | 4.4 it/s
step     450 | cos 0.3902 | thought 1.4659 dec_ce 2.1984 | 4.3 it/s
step     500 | cos 0.4278 | thought 1.4253 dec_ce 2.0961 | 4.5 it/s
step     500 | VAL cos 0.4502 | VAL dec CE 4.0990
step     550 | cos 0.4471 | thought 1.2947 dec_ce 2.1197 | 3.6 it/s
step     600 | cos 0.4623 | thought 1.2746 dec_ce 1.9968 | 4.3 it/s
step     650 | cos 0.4669 | thought 1.2469 dec_ce 2.1244 | 4.4 it/s
step     700 | cos 0.4765 | thought 1.2713 dec_ce 2.2112 | 4.5 it/s
step     750 | cos 0.4820 | thought 1.2168 dec_ce 2.3192 | 4.4 it/s
step     800 | cos 0.4839 | thought 1.1799 dec_ce 2.0149 | 4.4 it/s
step     850 | cos 0.4910 | thought 1.1707 dec_ce 2.2047 | 4.4 it/s
step     900 | cos 0.4937 | thought 1.2092 dec_ce 2.3067 | 4.3 it/s
step     950 | cos 0.4970 | thought 1.1875 dec_ce 2.2422 | 4.5 it/s
step    1000 | cos 0.4942 | thought 1.1213 dec_ce 2.0847 | 4.3 it/s
step    1000 | VAL cos 0.5108 | VAL dec CE 4.0059
step    1050 | cos 0.4982 | thought 1.1143 dec_ce 2.1176 | 3.6 it/s
step    1100 | cos 0.5017 | thought 1.1396 dec_ce 2.2301 | 4.3 it/s
step    1150 | cos 0.5006 | thought 1.0802 dec_ce 2.0537 | 4.3 it/s
step    1200 | cos 0.5037 | thought 1.0811 dec_ce 2.1404 | 4.3 it/s
step    1250 | cos 0.5025 | thought 1.0665 dec_ce 2.124 | 4.3 it/s
step    1300 | cos 0.5074 | thought 1.0745 dec_ce 2.1935 | 4.4 it/s
step    1350 | cos 0.5054 | thought 1.0665 dec_ce 2.1011 | 4.4 it/s
step    1400 | cos 0.5080 | thought 1.0606 dec_ce 2.0774 | 4.4 it/s
step    1450 | cos 0.5055 | thought 1.0479 dec_ce 2.1181 | 4.2 it/s
step    1500 | cos 0.5095 | thought 1.0521 dec_ce 2.1576 | 4.3 it/s
step    1500 | VAL cos 0.5221 | VAL dec CE 3.9659
step    1550 | cos 0.5089 | thought 0.9859 dec_ce 1.9643 | 3.5 it/s
step    1600 | cos 0.5137 | thought 0.9973 dec_ce 2.0011 | 4.4 it/s
step    1650 | cos 0.5109 | thought 0.9817 dec_ce 1.9648 | 4.3 it/s
step    1700 | cos 0.5128 | thought 0.9994 dec_ce 2.0276 | 4.4 it/s
step    1750 | cos 0.5150 | thought 0.9885 dec_ce 2.0409 | 4.4 it/s
step    1800 | cos 0.5125 | thought 0.9941 dec_ce 2.2787 | 4.3 it/s
step    1850 | cos 0.5125 | thought 1.0112 dec_ce 2.1396 | 4.5 it/s
step    1900 | cos 0.5123 | thought 0.9619 dec_ce 2.0806 | 4.3 it/s
step    1950 | cos 0.5175 | thought 0.9932 dec_ce 2.2004 | 4.3 it/s
step    2000 | cos 0.5152 | thought 0.9565 dec_ce 2.0797 | 4.3 it/s
step    2000 | VAL cos 0.5295 | VAL dec CE 3.9360
step    2050 | cos 0.5169 | thought 0.9441 dec_ce 1.998 | 3.4 it/s
step    2100 | cos 0.5181 | thought 0.9766 dec_ce 2.0952 | 4.2 it/s
step    2150 | cos 0.5186 | thought 1.0144 dec_ce 2.2371 | 4.4 it/s
step    2200 | cos 0.5191 | thought 0.9665 dec_ce 2.107 | 4.3 it/s
step    2250 | cos 0.5201 | thought 0.9604 dec_ce 2.1351 | 4.3 it/s
step    2300 | cos 0.5209 | thought 0.9585 dec_ce 2.1421 | 4.3 it/s
step    2350 | cos 0.5206 | thought 0.9729 dec_ce 2.1879 | 4.3 it/s
step    2400 | cos 0.5224 | thought 1.0027 dec_ce 2.1747 | 4.4 it/s
step    2450 | cos 0.5226 | thought 0.9737 dec_ce 2.2026 | 4.4 it/s
step    2500 | cos 0.5233 | thought 0.9403 dec_ce 1.9956 | 4.4 it/s
step    2500 | VAL cos 0.5343 | VAL dec CE 3.9244
step    2550 | cos 0.5208 | thought 0.9552 dec_ce 2.065 | 3.4 it/s
step    2600 | cos 0.5249 | thought 0.9419 dec_ce 1.9542 | 4.3 it/s
step    2650 | cos 0.5229 | thought 0.9826 dec_ce 2.1856 | 4.3 it/s
step    2700 | cos 0.5240 | thought 0.9754 dec_ce 2.2084 | 4.2 it/s
step    2750 | cos 0.5242 | thought 0.9637 dec_ce 1.9996 | 4.4 it/s
step    2800 | cos 0.5231 | thought 0.9269 dec_ce 2.0548 | 4.3 it/s
step    2850 | cos 0.5249 | thought 0.9501 dec_ce 2.2279 | 4.3 it/s
step    2900 | cos 0.5282 | thought 0.9547 dec_ce 2.0344 | 4.3 it/s
step    2950 | cos 0.5247 | thought 0.9281 dec_ce 1.963 | 4.3 it/s
step    3000 | cos 0.5243 | thought 0.9646 dec_ce 2.077 | 4.2 it/s
step    3000 | VAL cos 0.5371 | VAL dec CE 3.9154
step    3050 | cos 0.5258 | thought 0.9152 dec_ce 1.8609 | 3.4 it/s
step    3100 | cos 0.5274 | thought 0.9538 dec_ce 2.1192 | 4.4 it/s
step    3150 | cos 0.5272 | thought 0.9754 dec_ce 2.3393 | 4.4 it/s
step    3200 | cos 0.5269 | thought 0.9448 dec_ce 2.032 | 4.3 it/s
step    3250 | cos 0.5257 | thought 0.9593 dec_ce 2.075 | 4.2 it/s
step    3300 | cos 0.5282 | thought 0.9575 dec_ce 2.1791 | 4.3 it/s
step    3350 | cos 0.5259 | thought 0.9708 dec_ce 2.0474 | 4.3 it/s
step    3400 | cos 0.5271 | thought 0.9423 dec_ce 2.0092 | 4.3 it/s
step    3450 | cos 0.5257 | thought 0.9487 dec_ce 2.0489 | 4.2 it/s
step    3500 | cos 0.5242 | thought 0.9679 dec_ce 2.0118 | 4.3 it/s
step    3500 | VAL cos 0.5381 | VAL dec CE 3.9017
step    3550 | cos 0.5250 | thought 0.9295 dec_ce 2.1246 | 3.4 it/s
step    3600 | cos 0.5287 | thought 0.9582 dec_ce 2.225 | 4.3 it/s
step    3650 | cos 0.5259 | thought 0.9427 dec_ce 2.0169 | 4.3 it/s
step    3700 | cos 0.5290 | thought 0.9416 dec_ce 2.0263 | 4.4 it/s
step    3750 | cos 0.5272 | thought 0.9681 dec_ce 2.1129 | 4.4 it/s
step    3800 | cos 0.5294 | thought 0.9424 dec_ce 2.0075 | 4.4 it/s
step    3850 | cos 0.5266 | thought 0.9689 dec_ce 2.2827 | 4.3 it/s
step    3900 | cos 0.5293 | thought 0.9758 dec_ce 2.1775 | 4.5 it/s
step    3950 | cos 0.5286 | thought 0.9408 dec_ce 2.0962 | 4.3 it/s
step    4000 | cos 0.5283 | thought 0.9949 dec_ce 2.1232 | 4.3 it/s
step    4000 | VAL cos 0.5406 | VAL dec CE 3.8869
step    4050 | cos 0.5287 | thought 0.9963 dec_ce 2.305 | 3.5 it/s
step    4100 | cos 0.5293 | thought 0.9304 dec_ce 2.0521 | 4.4 it/s
step    4150 | cos 0.5273 | thought 0.9031 dec_ce 1.9382 | 4.2 it/s
step    4200 | cos 0.5280 | thought 0.9405 dec_ce 2.0819 | 4.3 it/s
step    4250 | cos 0.5294 | thought 0.9721 dec_ce 2.2128 | 4.3 it/s
step    4300 | cos 0.5292 | thought 0.9412 dec_ce 2.1906 | 4.4 it/s
step    4350 | cos 0.5291 | thought 0.9338 dec_ce 1.9762 | 4.4 it/s
step    4400 | cos 0.5309 | thought 0.923 dec_ce 2.0375 | 4.3 it/s
step    4450 | cos 0.5310 | thought 0.9857 dec_ce 2.2143 | 4.4 it/s
step    4500 | cos 0.5320 | thought 0.9569 dec_ce 2.1056 | 4.4 it/s
step    4500 | VAL cos 0.5418 | VAL dec CE 3.8809
step    4550 | cos 0.5303 | thought 0.9343 dec_ce 1.9533 | 3.5 it/s
step    4600 | cos 0.5312 | thought 0.925 dec_ce 2.1017 | 4.3 it/s
step    4650 | cos 0.5317 | thought 0.9228 dec_ce 2.0216 | 4.3 it/s
step    4700 | cos 0.5318 | thought 0.9592 dec_ce 2.1324 | 4.3 it/s
step    4750 | cos 0.5343 | thought 0.9176 dec_ce 1.9061 | 4.4 it/s
step    4800 | cos 0.5330 | thought 0.9476 dec_ce 2.1444 | 4.4 it/s
step    4850 | cos 0.5328 | thought 0.9379 dec_ce 2.0222 | 4.3 it/s
step    4900 | cos 0.5332 | thought 0.9226 dec_ce 1.9531 | 4.2 it/s
step    4950 | cos 0.5292 | thought 0.986 dec_ce 2.2754 | 4.3 it/s
step    5000 | cos 0.5337 | thought 0.9588 dec_ce 2.0807 | 4.5 it/s
step    5000 | VAL cos 0.5423 | VAL dec CE 3.8702
step    5050 | cos 0.5323 | thought 0.9539 dec_ce 2.2338 | 3.4 it/s
step    5100 | cos 0.5308 | thought 0.9608 dec_ce 2.1458 | 4.3 it/s
step    5150 | cos 0.5315 | thought 0.9659 dec_ce 2.1356 | 4.2 it/s
step    5200 | cos 0.5334 | thought 0.9306 dec_ce 2.0547 | 4.3 it/s
step    5250 | cos 0.5321 | thought 0.9223 dec_ce 2.0114 | 4.4 it/s
step    5300 | cos 0.5310 | thought 0.933 dec_ce 2.1557 | 4.2 it/s
step    5350 | cos 0.5334 | thought 0.967 dec_ce 2.1473 | 4.4 it/s
step    5400 | cos 0.5310 | thought 0.9455 dec_ce 2.1353 | 4.3 it/s
step    5450 | cos 0.5309 | thought 0.9573 dec_ce 2.0003 | 4.3 it/s
step    5500 | cos 0.5318 | thought 0.9328 dec_ce 2.1167 | 4.4 it/s
step    5500 | VAL cos 0.5428 | VAL dec CE 3.8695
step    5550 | cos 0.5341 | thought 0.9504 dec_ce 2.0664 | 3.5 it/s
step    5600 | cos 0.5313 | thought 0.963 dec_ce 2.2123 | 4.3 it/s
step    5650 | cos 0.5333 | thought 0.9328 dec_ce 2.0376 | 4.3 it/s
step    5700 | cos 0.5313 | thought 0.9178 dec_ce 1.9595 | 4.3 it/s
step    5750 | cos 0.5317 | thought 0.9855 dec_ce 2.2261 | 4.4 it/s
step    5800 | cos 0.5306 | thought 0.9418 dec_ce 2.2038 | 4.4 it/s
step    5850 | cos 0.5328 | thought 0.9492 dec_ce 2.0876 | 4.3 it/s
step    5900 | cos 0.5331 | thought 0.9323 dec_ce 2.0928 | 4.5 it/s
step    5950 | cos 0.5344 | thought 0.9842 dec_ce 2.1965 | 4.4 it/s
step    6000 | cos 0.5336 | thought 0.9188 dec_ce 1.9212 | 4.4 it/s
step    6000 | VAL cos 0.5442 | VAL dec CE 3.8590
step    6050 | cos 0.5320 | thought 0.9484 dec_ce 2.1889 | 3.5 it/s
step    6100 | cos 0.5343 | thought 0.8932 dec_ce 1.9145 | 4.3 it/s
step    6150 | cos 0.5348 | thought 0.9412 dec_ce 2.0818 | 4.4 it/s
step    6200 | cos 0.5327 | thought 0.9545 dec_ce 2.1027 | 4.4 it/s
step    6250 | cos 0.5376 | thought 0.939 dec_ce 1.9825 | 4.4 it/s
step    6300 | cos 0.5327 | thought 0.9117 dec_ce 2.0627 | 4.4 it/s
step    6350 | cos 0.5363 | thought 0.9381 dec_ce 2.0566 | 4.4 it/s
step    6400 | cos 0.5361 | thought 0.8827 dec_ce 1.9419 | 4.4 it/s
step    6450 | cos 0.5355 | thought 0.9895 dec_ce 2.229 | 4.3 it/s
step    6500 | cos 0.5341 | thought 0.9021 dec_ce 2.0531 | 4.4 it/s
step    6500 | VAL cos 0.5450 | VAL dec CE 3.8470
step    6550 | cos 0.5316 | thought 0.9361 dec_ce 2.0624 | 3.1 it/s
step    6600 | cos 0.5337 | thought 0.9435 dec_ce 2.1051 | 4.4 it/s
step    6650 | cos 0.5345 | thought 0.9267 dec_ce 1.9204 | 4.2 it/s
step    6700 | cos 0.5366 | thought 0.9163 dec_ce 2.0659 | 4.4 it/s
step    6750 | cos 0.5346 | thought 0.9267 dec_ce 2.0361 | 4.5 it/s
step    6800 | cos 0.5353 | thought 0.9604 dec_ce 2.1724 | 4.4 it/s
step    6850 | cos 0.5335 | thought 0.9301 dec_ce 1.9768 | 4.3 it/s
step    6900 | cos 0.5390 | thought 0.9419 dec_ce 2.0714 | 4.4 it/s
step    6950 | cos 0.5351 | thought 0.95 dec_ce 1.9987 | 4.4 it/s
step    7000 | cos 0.5360 | thought 0.9584 dec_ce 2.3686 | 4.3 it/s
step    7000 | VAL cos 0.5452 | VAL dec CE 3.8422
step    7050 | cos 0.5304 | thought 0.9129 dec_ce 1.828 | 3.4 it/s
step    7100 | cos 0.5365 | thought 0.9109 dec_ce 2.0271 | 4.4 it/s
step    7150 | cos 0.5375 | thought 0.9517 dec_ce 1.9978 | 4.4 it/s
step    7200 | cos 0.5369 | thought 0.949 dec_ce 2.0747 | 4.4 it/s
step    7250 | cos 0.5359 | thought 0.9906 dec_ce 2.3397 | 4.3 it/s
step    7300 | cos 0.5379 | thought 0.9201 dec_ce 2.0483 | 4.3 it/s
step    7350 | cos 0.5382 | thought 0.9089 dec_ce 1.8604 | 4.5 it/s
step    7400 | cos 0.5385 | thought 0.9028 dec_ce 1.8704 | 4.5 it/s
step    7450 | cos 0.5349 | thought 0.9243 dec_ce 2.0569 | 4.3 it/s
step    7500 | cos 0.5387 | thought 0.9341 dec_ce 2.0799 | 4.3 it/s
step    7500 | VAL cos 0.5462 | VAL dec CE 3.8395
step    7550 | cos 0.5381 | thought 0.9246 dec_ce 2.0461 | 3.6 it/s
step    7600 | cos 0.5361 | thought 0.9405 dec_ce 2.173 | 4.4 it/s
step    7650 | cos 0.5356 | thought 0.9474 dec_ce 2.1541 | 4.4 it/s
step    7700 | cos 0.5333 | thought 0.9476 dec_ce 2.037 | 4.4 it/s
step    7750 | cos 0.5342 | thought 0.9249 dec_ce 1.9585 | 4.5 it/s
step    7800 | cos 0.5347 | thought 0.9571 dec_ce 2.0898 | 4.4 it/s
step    7850 | cos 0.5343 | thought 0.934 dec_ce 2.0608 | 4.3 it/s
step    7900 | cos 0.5355 | thought 0.9767 dec_ce 2.285 | 4.5 it/s
step    7950 | cos 0.5382 | thought 0.9083 dec_ce 2.0549 | 4.4 it/s
step    8000 | cos 0.5363 | thought 0.9068 dec_ce 1.9239 | 4.4 it/s
step    8000 | VAL cos 0.5467 | VAL dec CE 3.8260
step    8050 | cos 0.5391 | thought 0.9054 dec_ce 1.9743 | 3.6 it/s
step    8100 | cos 0.5391 | thought 0.9121 dec_ce 1.974 | 4.5 it/s
step    8150 | cos 0.5362 | thought 0.8952 dec_ce 1.8541 | 4.4 it/s
step    8200 | cos 0.5369 | thought 0.9061 dec_ce 1.9698 | 4.3 it/s
step    8250 | cos 0.5394 | thought 0.9062 dec_ce 1.9022 | 4.3 it/s
step    8300 | cos 0.5365 | thought 0.9398 dec_ce 2.1116 | 4.4 it/s
step    8350 | cos 0.5365 | thought 0.9252 dec_ce 1.931 | 4.4 it/s
step    8400 | cos 0.5358 | thought 0.9501 dec_ce 2.1503 | 4.4 it/s
step    8450 | cos 0.5377 | thought 0.9283 dec_ce 1.9606 | 4.4 it/s
step    8500 | cos 0.5381 | thought 0.934 dec_ce 2.0331 | 4.4 it/s
step    8500 | VAL cos 0.5471 | VAL dec CE 3.8224
step    8550 | cos 0.5353 | thought 0.951 dec_ce 2.1057 | 3.6 it/s
step    8600 | cos 0.5374 | thought 0.8902 dec_ce 1.8727 | 4.3 it/s
step    8650 | cos 0.5378 | thought 0.9666 dec_ce 2.1812 | 4.5 it/s
step    8700 | cos 0.5351 | thought 0.9462 dec_ce 2.0242 | 4.3 it/s
step    8750 | cos 0.5375 | thought 0.9088 dec_ce 2.0758 | 4.4 it/s
step    8800 | cos 0.5361 | thought 0.9166 dec_ce 2.0771 | 4.4 it/s
step    8850 | cos 0.5368 | thought 0.9436 dec_ce 2.1994 | 4.4 it/s
step    8900 | cos 0.5370 | thought 0.9334 dec_ce 2.1836 | 4.4 it/s
step    8950 | cos 0.5359 | thought 0.936 dec_ce 1.9548 | 4.4 it/s
step    9000 | cos 0.5391 | thought 0.9436 dec_ce 1.9957 | 4.5 it/s
step    9000 | VAL cos 0.5475 | VAL dec CE 3.8211
step    9050 | cos 0.5376 | thought 0.9267 dec_ce 2.0561 | 3.6 it/s
step    9100 | cos 0.5364 | thought 0.9121 dec_ce 1.9502 | 4.4 it/s
step    9150 | cos 0.5391 | thought 0.9434 dec_ce 2.1576 | 4.3 it/s
step    9200 | cos 0.5407 | thought 0.9219 dec_ce 2.0103 | 4.6 it/s
step    9250 | cos 0.5385 | thought 0.972 dec_ce 2.2085 | 4.4 it/s
step    9300 | cos 0.5390 | thought 0.9455 dec_ce 2.0958 | 4.4 it/s
step    9350 | cos 0.5381 | thought 0.9265 dec_ce 1.984 | 4.4 it/s
step    9400 | cos 0.5375 | thought 0.9338 dec_ce 2.0588 | 4.3 it/s
step    9450 | cos 0.5356 | thought 0.9565 dec_ce 2.2053 | 4.5 it/s
step    9500 | cos 0.5380 | thought 0.9084 dec_ce 2.0314 | 4.3 it/s
step    9500 | VAL cos 0.5481 | VAL dec CE 3.8172
step    9550 | cos 0.5379 | thought 0.9251 dec_ce 1.9524 | 3.5 it/s
step    9600 | cos 0.5381 | thought 0.9523 dec_ce 2.0263 | 4.3 it/s
step    9650 | cos 0.5398 | thought 0.9538 dec_ce 2.1606 | 4.4 it/s
step    9700 | cos 0.5387 | thought 0.9649 dec_ce 2.0884 | 4.4 it/s
step    9750 | cos 0.5409 | thought 0.8962 dec_ce 1.7784 | 4.4 it/s
step    9800 | cos 0.5336 | thought 0.9082 dec_ce 1.8937 | 4.4 it/s
step    9850 | cos 0.5391 | thought 0.9444 dec_ce 2.0776 | 4.4 it/s
step    9900 | cos 0.5367 | thought 0.9595 dec_ce 2.1919 | 4.3 it/s
step    9950 | cos 0.5387 | thought 0.9014 dec_ce 1.9804 | 4.4 it/s
step   10000 | cos 0.5357 | thought 0.8979 dec_ce 1.8659 | 4.4 it/s
step   10000 | VAL cos 0.5481 | VAL dec CE 3.8165
step   10050 | cos 0.5392 | thought 0.9067 dec_ce 1.8522 | 3.5 it/s
step   10100 | cos 0.5392 | thought 0.9147 dec_ce 1.9486 | 4.5 it/s
step   10150 | cos 0.5377 | thought 0.8844 dec_ce 2.0219 | 4.4 it/s
step   10200 | cos 0.5389 | thought 0.9432 dec_ce 2.0002 | 4.4 it/s
wall-clock cap reached at step 10209

Run 'R3_DATA' done: 10209 steps | final val cos 0.5481 | dec CE 3.8176
/home/nochi/vault/projects/ThoughtVectors/thoughtvec/.venv/lib/python3.12/site-packages/torch/nn/modules/transformer.py:392: UserWarning: enable_nested_tensor is True, but self.use_nested_tensor is False because encoder_layer.norm_first was True
  warnings.warn(
{"ckpt": "checkpoints/R3_DATA/best.pt", "val_cos": 0.4269, "val_dec_ce": 4.0294, "ref_f1": 0.2555, "distinct1": 0.0082, "distinct2": 0.0309, "len_ratio": 1.091, "out_vectors": 32.0, "rows": 1024}
