/home/nochi/vault/projects/ThoughtVectors/thoughtvec/.venv/lib/python3.12/site-packages/torch/nn/modules/transformer.py:392: UserWarning: enable_nested_tensor is True, but self.use_nested_tensor is False because encoder_layer.norm_first was True
  warnings.warn(
thinker params: 15.11M (codec d=384, frozen=True)
step      50 | cos 0.0493 | thought 2.3668 dec_ce 2.3215 | 4.2 it/s
step     100 | cos 0.1692 | thought 2.0993 dec_ce 2.4168 | 4.5 it/s
step     150 | cos 0.2366 | thought 1.9877 dec_ce 2.2676 | 4.5 it/s
step     200 | cos 0.2567 | thought 1.9886 dec_ce 2.435 | 4.5 it/s
step     250 | cos 0.2622 | thought 1.9211 dec_ce 2.3453 | 4.5 it/s
step     300 | cos 0.2785 | thought 1.7873 dec_ce 2.2269 | 4.6 it/s
step     350 | cos 0.3275 | thought 1.638 dec_ce 2.0499 | 4.6 it/s
step     400 | cos 0.3599 | thought 1.637 dec_ce 2.3261 | 4.5 it/s
step     450 | cos 0.3940 | thought 1.4547 dec_ce 2.1786 | 4.5 it/s
step     500 | cos 0.4242 | thought 1.435 dec_ce 2.0799 | 4.7 it/s
step     500 | VAL cos 0.4440 | VAL dec CE 4.0807
step     550 | cos 0.4378 | thought 1.3305 dec_ce 2.1146 | 3.8 it/s
step     600 | cos 0.4497 | thought 1.2906 dec_ce 1.9938 | 4.5 it/s
step     650 | cos 0.4523 | thought 1.2828 dec_ce 2.1383 | 4.5 it/s
step     700 | cos 0.4621 | thought 1.2949 dec_ce 2.2167 | 4.7 it/s
step     750 | cos 0.4709 | thought 1.2271 dec_ce 2.3133 | 4.6 it/s
step     800 | cos 0.4744 | thought 1.1925 dec_ce 2.0197 | 4.5 it/s
step     850 | cos 0.4828 | thought 1.1794 dec_ce 2.1875 | 4.5 it/s
step     900 | cos 0.4854 | thought 1.2268 dec_ce 2.3071 | 4.5 it/s
step     950 | cos 0.4886 | thought 1.2036 dec_ce 2.2372 | 4.6 it/s
step    1000 | cos 0.4860 | thought 1.1388 dec_ce 2.0894 | 4.4 it/s
step    1000 | VAL cos 0.5034 | VAL dec CE 4.0100
step    1050 | cos 0.4897 | thought 1.1347 dec_ce 2.1216 | 3.7 it/s
step    1100 | cos 0.4941 | thought 1.1522 dec_ce 2.23 | 4.4 it/s
step    1150 | cos 0.4919 | thought 1.101 dec_ce 2.054 | 4.4 it/s
step    1200 | cos 0.4958 | thought 1.0833 dec_ce 2.1511 | 4.5 it/s
step    1250 | cos 0.4938 | thought 1.0789 dec_ce 2.1323 | 4.5 it/s
step    1300 | cos 0.4989 | thought 1.0822 dec_ce 2.1938 | 4.6 it/s
step    1350 | cos 0.4967 | thought 1.0797 dec_ce 2.0947 | 4.5 it/s
step    1400 | cos 0.4995 | thought 1.0809 dec_ce 2.0852 | 4.5 it/s
step    1450 | cos 0.4970 | thought 1.0497 dec_ce 2.1211 | 4.4 it/s
step    1500 | cos 0.5001 | thought 1.0663 dec_ce 2.1705 | 4.5 it/s
step    1500 | VAL cos 0.5139 | VAL dec CE 3.9655
step    1550 | cos 0.4998 | thought 0.9954 dec_ce 1.9759 | 3.6 it/s
step    1600 | cos 0.5056 | thought 0.9974 dec_ce 2.0022 | 4.5 it/s
step    1650 | cos 0.5019 | thought 0.9788 dec_ce 1.9601 | 4.4 it/s
step    1700 | cos 0.5036 | thought 1.0155 dec_ce 2.0331 | 4.5 it/s
step    1750 | cos 0.5067 | thought 0.9983 dec_ce 2.041 | 4.5 it/s
step    1800 | cos 0.5036 | thought 1.0125 dec_ce 2.2843 | 4.4 it/s
step    1850 | cos 0.5032 | thought 1.0318 dec_ce 2.1456 | 4.6 it/s
step    1900 | cos 0.5021 | thought 0.9751 dec_ce 2.0868 | 4.5 it/s
step    1950 | cos 0.5076 | thought 1.0031 dec_ce 2.197 | 4.4 it/s
step    2000 | cos 0.5056 | thought 0.9681 dec_ce 2.0837 | 4.5 it/s
step    2000 | VAL cos 0.5208 | VAL dec CE 3.9416
step    2050 | cos 0.5058 | thought 0.9644 dec_ce 1.9964 | 3.5 it/s
step    2100 | cos 0.5076 | thought 0.9997 dec_ce 2.0943 | 4.4 it/s
step    2150 | cos 0.5081 | thought 1.0363 dec_ce 2.2302 | 4.5 it/s
step    2200 | cos 0.5083 | thought 0.9935 dec_ce 2.1144 | 4.5 it/s
step    2250 | cos 0.5105 | thought 0.9712 dec_ce 2.1377 | 4.5 it/s
step    2300 | cos 0.5101 | thought 0.9761 dec_ce 2.1499 | 4.5 it/s
step    2350 | cos 0.5091 | thought 0.9976 dec_ce 2.1988 | 4.5 it/s
step    2400 | cos 0.5108 | thought 1.0282 dec_ce 2.1733 | 4.5 it/s
step    2450 | cos 0.5107 | thought 0.9926 dec_ce 2.2077 | 4.6 it/s
step    2500 | cos 0.5124 | thought 0.9551 dec_ce 1.9985 | 4.6 it/s
step    2500 | VAL cos 0.5232 | VAL dec CE 3.9330
step    2550 | cos 0.5092 | thought 0.9676 dec_ce 2.0801 | 3.5 it/s
step    2600 | cos 0.5137 | thought 0.9512 dec_ce 1.9666 | 4.5 it/s
step    2650 | cos 0.5117 | thought 1.0074 dec_ce 2.1952 | 4.5 it/s
step    2700 | cos 0.5123 | thought 0.9987 dec_ce 2.2197 | 4.4 it/s
step    2750 | cos 0.5129 | thought 0.9737 dec_ce 1.9965 | 4.5 it/s
step    2800 | cos 0.5117 | thought 0.947 dec_ce 2.0548 | 4.5 it/s
step    2850 | cos 0.5134 | thought 0.9661 dec_ce 2.2308 | 4.5 it/s
step    2900 | cos 0.5171 | thought 0.9782 dec_ce 2.0356 | 4.5 it/s
step    2950 | cos 0.5131 | thought 0.9418 dec_ce 1.9751 | 4.4 it/s
step    3000 | cos 0.5121 | thought 0.9789 dec_ce 2.0804 | 4.4 it/s
step    3000 | VAL cos 0.5274 | VAL dec CE 3.9262
step    3050 | cos 0.5150 | thought 0.9262 dec_ce 1.8669 | 3.3 it/s
step    3100 | cos 0.5161 | thought 0.9728 dec_ce 2.1288 | 4.6 it/s
step    3150 | cos 0.5161 | thought 1.0001 dec_ce 2.3441 | 4.5 it/s
step    3200 | cos 0.5162 | thought 0.9546 dec_ce 2.0328 | 4.4 it/s
step    3250 | cos 0.5145 | thought 0.9749 dec_ce 2.0812 | 4.4 it/s
step    3300 | cos 0.5170 | thought 0.9807 dec_ce 2.1712 | 4.5 it/s
step    3350 | cos 0.5148 | thought 0.9941 dec_ce 2.0514 | 4.5 it/s
step    3400 | cos 0.5159 | thought 0.9584 dec_ce 2.023 | 4.5 it/s
step    3450 | cos 0.5144 | thought 0.965 dec_ce 2.0585 | 4.4 it/s
step    3500 | cos 0.5132 | thought 0.9931 dec_ce 2.0229 | 4.4 it/s
step    3500 | VAL cos 0.5279 | VAL dec CE 3.9186
step    3550 | cos 0.5137 | thought 0.9474 dec_ce 2.133 | 3.5 it/s
step    3600 | cos 0.5175 | thought 0.9758 dec_ce 2.2224 | 4.5 it/s
step    3650 | cos 0.5146 | thought 0.9596 dec_ce 2.0244 | 4.4 it/s
step    3700 | cos 0.5181 | thought 0.9672 dec_ce 2.0409 | 4.5 it/s
step    3750 | cos 0.5162 | thought 0.9837 dec_ce 2.1267 | 4.5 it/s
step    3800 | cos 0.5190 | thought 0.957 dec_ce 2.0069 | 4.5 it/s
step    3850 | cos 0.5150 | thought 0.997 dec_ce 2.2931 | 4.5 it/s
step    3900 | cos 0.5188 | thought 0.9948 dec_ce 2.1821 | 4.6 it/s
step    3950 | cos 0.5171 | thought 0.9451 dec_ce 2.1038 | 4.4 it/s
step    4000 | cos 0.5173 | thought 1.0212 dec_ce 2.1184 | 4.5 it/s
step    4000 | VAL cos 0.5295 | VAL dec CE 3.8981
step    4050 | cos 0.5175 | thought 1.0226 dec_ce 2.3209 | 3.6 it/s
step    4100 | cos 0.5183 | thought 0.9579 dec_ce 2.0668 | 4.5 it/s
step    4150 | cos 0.5168 | thought 0.9028 dec_ce 1.935 | 4.4 it/s
step    4200 | cos 0.5172 | thought 0.9549 dec_ce 2.0744 | 4.5 it/s
step    4250 | cos 0.5180 | thought 0.9968 dec_ce 2.2182 | 4.5 it/s
step    4300 | cos 0.5183 | thought 0.9599 dec_ce 2.2034 | 4.5 it/s
step    4350 | cos 0.5175 | thought 0.9524 dec_ce 1.97 | 4.5 it/s
step    4400 | cos 0.5197 | thought 0.935 dec_ce 2.0391 | 4.5 it/s
step    4450 | cos 0.5195 | thought 1.0022 dec_ce 2.2165 | 4.5 it/s
step    4500 | cos 0.5219 | thought 0.9823 dec_ce 2.1162 | 4.5 it/s
step    4500 | VAL cos 0.5312 | VAL dec CE 3.8966
step    4550 | cos 0.5188 | thought 0.9505 dec_ce 1.9622 | 3.7 it/s
step    4600 | cos 0.5203 | thought 0.9454 dec_ce 2.1079 | 4.5 it/s
step    4650 | cos 0.5203 | thought 0.9318 dec_ce 2.0495 | 4.4 it/s
step    4700 | cos 0.5203 | thought 0.9765 dec_ce 2.1405 | 4.5 it/s
step    4750 | cos 0.5234 | thought 0.935 dec_ce 1.9124 | 4.5 it/s
step    4800 | cos 0.5219 | thought 0.9647 dec_ce 2.1606 | 4.6 it/s
step    4850 | cos 0.5221 | thought 0.9598 dec_ce 2.0348 | 4.4 it/s
step    4900 | cos 0.5225 | thought 0.9373 dec_ce 1.9576 | 4.4 it/s
step    4950 | cos 0.5183 | thought 1.0031 dec_ce 2.2757 | 4.5 it/s
step    5000 | cos 0.5224 | thought 0.9747 dec_ce 2.095 | 4.6 it/s
step    5000 | VAL cos 0.5319 | VAL dec CE 3.8856
step    5050 | cos 0.5217 | thought 0.9703 dec_ce 2.2283 | 3.5 it/s
step    5100 | cos 0.5194 | thought 0.9842 dec_ce 2.1547 | 4.5 it/s
step    5150 | cos 0.5203 | thought 0.9871 dec_ce 2.1431 | 4.4 it/s
step    5200 | cos 0.5226 | thought 0.9588 dec_ce 2.0706 | 4.4 it/s
step    5250 | cos 0.5210 | thought 0.9365 dec_ce 2.0158 | 4.6 it/s
step    5300 | cos 0.5199 | thought 0.9572 dec_ce 2.1636 | 4.4 it/s
step    5350 | cos 0.5225 | thought 0.985 dec_ce 2.1442 | 4.6 it/s
step    5400 | cos 0.5205 | thought 0.9688 dec_ce 2.1324 | 4.4 it/s
step    5450 | cos 0.5207 | thought 0.9754 dec_ce 2.0096 | 4.5 it/s
step    5500 | cos 0.5206 | thought 0.9542 dec_ce 2.113 | 4.5 it/s
step    5500 | VAL cos 0.5322 | VAL dec CE 3.8867
step    5550 | cos 0.5228 | thought 0.9765 dec_ce 2.0869 | 3.7 it/s
step    5600 | cos 0.5203 | thought 0.9866 dec_ce 2.2234 | 4.4 it/s
step    5650 | cos 0.5218 | thought 0.9491 dec_ce 2.0601 | 4.5 it/s
step    5700 | cos 0.5200 | thought 0.9319 dec_ce 1.9643 | 4.5 it/s
step    5750 | cos 0.5203 | thought 1.0126 dec_ce 2.2352 | 4.5 it/s
step    5800 | cos 0.5192 | thought 0.9627 dec_ce 2.2091 | 4.5 it/s
step    5850 | cos 0.5222 | thought 0.9807 dec_ce 2.0937 | 4.5 it/s
step    5900 | cos 0.5228 | thought 0.9415 dec_ce 2.0974 | 4.6 it/s
step    5950 | cos 0.5239 | thought 0.9989 dec_ce 2.2045 | 4.5 it/s
step    6000 | cos 0.5228 | thought 0.9351 dec_ce 1.9278 | 4.5 it/s
step    6000 | VAL cos 0.5334 | VAL dec CE 3.8730
step    6050 | cos 0.5212 | thought 0.9619 dec_ce 2.1949 | 3.6 it/s
step    6100 | cos 0.5238 | thought 0.8972 dec_ce 1.9192 | 4.4 it/s
step    6150 | cos 0.5238 | thought 0.9635 dec_ce 2.0923 | 4.6 it/s
step    6200 | cos 0.5220 | thought 0.9713 dec_ce 2.1124 | 4.5 it/s
step    6250 | cos 0.5264 | thought 0.9601 dec_ce 2.0006 | 4.5 it/s
step    6300 | cos 0.5216 | thought 0.9266 dec_ce 2.0735 | 4.4 it/s
step    6350 | cos 0.5249 | thought 0.954 dec_ce 2.0634 | 4.5 it/s
step    6400 | cos 0.5251 | thought 0.8932 dec_ce 1.9536 | 4.5 it/s
step    6450 | cos 0.5255 | thought 1.015 dec_ce 2.2389 | 4.4 it/s
step    6500 | cos 0.5238 | thought 0.9186 dec_ce 2.0585 | 4.5 it/s
step    6500 | VAL cos 0.5345 | VAL dec CE 3.8666
step    6550 | cos 0.5203 | thought 0.9704 dec_ce 2.0741 | 3.5 it/s
step    6600 | cos 0.5224 | thought 0.953 dec_ce 2.1085 | 4.5 it/s
step    6650 | cos 0.5240 | thought 0.944 dec_ce 1.9253 | 4.3 it/s
step    6700 | cos 0.5254 | thought 0.9286 dec_ce 2.0776 | 4.5 it/s
step    6750 | cos 0.5231 | thought 0.9412 dec_ce 2.0408 | 4.6 it/s
step    6800 | cos 0.5238 | thought 0.9777 dec_ce 2.1815 | 4.5 it/s
step    6850 | cos 0.5227 | thought 0.9503 dec_ce 1.9758 | 4.4 it/s
step    6900 | cos 0.5277 | thought 0.9543 dec_ce 2.0735 | 4.6 it/s
step    6950 | cos 0.5243 | thought 0.9755 dec_ce 2.01 | 4.5 it/s
step    7000 | cos 0.5252 | thought 0.9767 dec_ce 2.3776 | 4.4 it/s
step    7000 | VAL cos 0.5350 | VAL dec CE 3.8642
step    7050 | cos 0.5189 | thought 0.9184 dec_ce 1.8383 | 3.6 it/s
step    7100 | cos 0.5264 | thought 0.9256 dec_ce 2.0521 | 4.5 it/s
step    7150 | cos 0.5271 | thought 0.962 dec_ce 1.9995 | 4.5 it/s
step    7200 | cos 0.5260 | thought 0.9687 dec_ce 2.0937 | 4.5 it/s
step    7250 | cos 0.5251 | thought 1.0083 dec_ce 2.3376 | 4.4 it/s
step    7300 | cos 0.5263 | thought 0.9338 dec_ce 2.0559 | 4.4 it/s
step    7350 | cos 0.5276 | thought 0.9168 dec_ce 1.8685 | 4.6 it/s
step    7400 | cos 0.5275 | thought 0.9095 dec_ce 1.8781 | 4.6 it/s
step    7450 | cos 0.5239 | thought 0.9396 dec_ce 2.0768 | 4.4 it/s
step    7500 | cos 0.5276 | thought 0.9509 dec_ce 2.1021 | 4.4 it/s
step    7500 | VAL cos 0.5359 | VAL dec CE 3.8601
step    7550 | cos 0.5274 | thought 0.9408 dec_ce 2.0498 | 3.7 it/s
step    7600 | cos 0.5250 | thought 0.9526 dec_ce 2.1744 | 4.5 it/s
step    7650 | cos 0.5242 | thought 0.9733 dec_ce 2.1633 | 4.5 it/s
step    7700 | cos 0.5221 | thought 0.9656 dec_ce 2.0431 | 4.5 it/s
step    7750 | cos 0.5230 | thought 0.9369 dec_ce 1.9645 | 4.6 it/s
step    7800 | cos 0.5234 | thought 0.9742 dec_ce 2.105 | 4.5 it/s
step    7850 | cos 0.5234 | thought 0.9556 dec_ce 2.0775 | 4.4 it/s
step    7900 | cos 0.5246 | thought 0.9997 dec_ce 2.2901 | 4.6 it/s
step    7950 | cos 0.5277 | thought 0.9287 dec_ce 2.071 | 4.5 it/s
step    8000 | cos 0.5257 | thought 0.9177 dec_ce 1.9297 | 4.5 it/s
step    8000 | VAL cos 0.5367 | VAL dec CE 3.8459
step    8050 | cos 0.5293 | thought 0.9193 dec_ce 1.9717 | 3.3 it/s
step    8100 | cos 0.5282 | thought 0.9264 dec_ce 1.9757 | 4.7 it/s
step    8150 | cos 0.5258 | thought 0.9119 dec_ce 1.8678 | 4.5 it/s
step    8200 | cos 0.5265 | thought 0.9083 dec_ce 1.9734 | 4.4 it/s
step    8250 | cos 0.5293 | thought 0.9161 dec_ce 1.8984 | 4.4 it/s
step    8300 | cos 0.5253 | thought 0.9584 dec_ce 2.1308 | 4.5 it/s
step    8350 | cos 0.5258 | thought 0.9388 dec_ce 1.93 | 4.5 it/s
step    8400 | cos 0.5257 | thought 0.9661 dec_ce 2.1545 | 4.5 it/s
step    8450 | cos 0.5264 | thought 0.949 dec_ce 1.9636 | 4.6 it/s
step    8500 | cos 0.5274 | thought 0.9498 dec_ce 2.0452 | 4.5 it/s
step    8500 | VAL cos 0.5371 | VAL dec CE 3.8434
step    8550 | cos 0.5241 | thought 0.9713 dec_ce 2.1076 | 3.7 it/s
step    8600 | cos 0.5268 | thought 0.9045 dec_ce 1.8829 | 4.4 it/s
step    8650 | cos 0.5273 | thought 0.974 dec_ce 2.1808 | 4.6 it/s
step    8700 | cos 0.5254 | thought 0.9562 dec_ce 2.0309 | 4.4 it/s
step    8750 | cos 0.5277 | thought 0.9095 dec_ce 2.0774 | 4.5 it/s
step    8800 | cos 0.5254 | thought 0.9352 dec_ce 2.0898 | 4.5 it/s
step    8850 | cos 0.5261 | thought 0.9597 dec_ce 2.2068 | 4.5 it/s
step    8900 | cos 0.5261 | thought 0.9478 dec_ce 2.1929 | 4.5 it/s
step    8950 | cos 0.5255 | thought 0.954 dec_ce 1.9626 | 4.4 it/s
step    9000 | cos 0.5285 | thought 0.9675 dec_ce 2.0068 | 4.6 it/s
step    9000 | VAL cos 0.5371 | VAL dec CE 3.8417
step    9050 | cos 0.5270 | thought 0.9444 dec_ce 2.0621 | 3.6 it/s
step    9100 | cos 0.5260 | thought 0.9235 dec_ce 1.9544 | 4.5 it/s
step    9150 | cos 0.5288 | thought 0.9639 dec_ce 2.1608 | 4.4 it/s
step    9200 | cos 0.5298 | thought 0.9433 dec_ce 2.016 | 4.6 it/s
step    9250 | cos 0.5281 | thought 0.9929 dec_ce 2.2197 | 4.5 it/s
step    9300 | cos 0.5289 | thought 0.9543 dec_ce 2.0993 | 4.5 it/s
step    9350 | cos 0.5280 | thought 0.9397 dec_ce 1.9881 | 4.5 it/s
step    9400 | cos 0.5259 | thought 0.9535 dec_ce 2.0585 | 4.4 it/s
step    9450 | cos 0.5250 | thought 0.9777 dec_ce 2.2062 | 4.6 it/s
step    9500 | cos 0.5268 | thought 0.9302 dec_ce 2.0434 | 4.4 it/s
step    9500 | VAL cos 0.5377 | VAL dec CE 3.8381
step    9550 | cos 0.5273 | thought 0.9444 dec_ce 1.9642 | 3.6 it/s
step    9600 | cos 0.5271 | thought 0.9685 dec_ce 2.0293 | 4.4 it/s
step    9650 | cos 0.5295 | thought 0.9747 dec_ce 2.1695 | 4.5 it/s
step    9700 | cos 0.5280 | thought 0.9746 dec_ce 2.0878 | 4.5 it/s
step    9750 | cos 0.5305 | thought 0.9009 dec_ce 1.7958 | 4.5 it/s
step    9800 | cos 0.5234 | thought 0.9205 dec_ce 1.9018 | 4.5 it/s
step    9850 | cos 0.5288 | thought 0.9599 dec_ce 2.0859 | 4.5 it/s
step    9900 | cos 0.5262 | thought 0.9769 dec_ce 2.2014 | 4.4 it/s
step    9950 | cos 0.5286 | thought 0.9143 dec_ce 1.9853 | 4.5 it/s
step   10000 | cos 0.5250 | thought 0.903 dec_ce 1.8657 | 4.5 it/s
step   10000 | VAL cos 0.5377 | VAL dec CE 3.8342
step   10050 | cos 0.5288 | thought 0.9141 dec_ce 1.8693 | 3.5 it/s
step   10100 | cos 0.5282 | thought 0.9316 dec_ce 1.9495 | 4.6 it/s
step   10150 | cos 0.5267 | thought 0.8991 dec_ce 2.0289 | 4.5 it/s
step   10200 | cos 0.5288 | thought 0.9573 dec_ce 2.009 | 4.5 it/s
step   10250 | cos 0.5245 | thought 0.9092 dec_ce 2.0046 | 4.5 it/s
step   10300 | cos 0.5237 | thought 0.9648 dec_ce 2.1345 | 4.5 it/s
step   10350 | cos 0.5286 | thought 0.9602 dec_ce 2.078 | 4.4 it/s
step   10400 | cos 0.5255 | thought 0.9299 dec_ce 1.9926 | 4.4 it/s
step   10450 | cos 0.5240 | thought 0.9972 dec_ce 2.0317 | 4.5 it/s
step   10500 | cos 0.5252 | thought 0.9812 dec_ce 2.2399 | 4.4 it/s
step   10500 | VAL cos 0.5382 | VAL dec CE 3.8331
wall-clock cap reached at step 10511

Run 'R3_KOUT16' done: 10511 steps | final val cos 0.5383 | dec CE 3.8335
/home/nochi/vault/projects/ThoughtVectors/thoughtvec/.venv/lib/python3.12/site-packages/torch/nn/modules/transformer.py:392: UserWarning: enable_nested_tensor is True, but self.use_nested_tensor is False because encoder_layer.norm_first was True
  warnings.warn(
{"ckpt": "checkpoints/R3_KOUT16/best.pt", "val_cos": 0.4112, "val_dec_ce": 4.0272, "ref_f1": 0.26, "distinct1": 0.0079, "distinct2": 0.0295, "len_ratio": 1.077, "out_vectors": 16.0, "rows": 1024}
