/home/nochi/vault/projects/ThoughtVectors/thoughtvec/.venv/lib/python3.12/site-packages/torch/nn/modules/transformer.py:392: UserWarning: enable_nested_tensor is True, but self.use_nested_tensor is False because encoder_layer.norm_first was True
  warnings.warn(
thinker params: 15.13M (codec d=384, frozen=True)
step      50 | cos 0.0364 | thought 2.3611 dec_ce 2.3257 | 4.1 it/s
step     100 | cos 0.1722 | thought 2.09 dec_ce 2.4125 | 4.4 it/s
step     150 | cos 0.2408 | thought 1.9636 dec_ce 2.2737 | 4.3 it/s
step     200 | cos 0.2666 | thought 1.8961 dec_ce 2.5408 | 4.4 it/s
step     250 | cos 0.3066 | thought 1.8006 dec_ce 2.305 | 4.3 it/s
step     300 | cos 0.3201 | thought 1.7283 dec_ce 2.1857 | 4.5 it/s
step     350 | cos 0.3320 | thought 1.6548 dec_ce 2.0495 | 4.5 it/s
step     400 | cos 0.3531 | thought 1.654 dec_ce 2.3364 | 4.4 it/s
step     450 | cos 0.3693 | thought 1.5355 dec_ce 2.2152 | 4.3 it/s
step     500 | cos 0.3944 | thought 1.4783 dec_ce 2.0934 | 4.5 it/s
step     500 | VAL cos 0.4204 | VAL dec CE 4.1430
step     550 | cos 0.4215 | thought 1.351 dec_ce 2.116 | 3.7 it/s
step     600 | cos 0.4477 | thought 1.281 dec_ce 2.0 | 4.3 it/s
step     650 | cos 0.4564 | thought 1.2732 dec_ce 2.1547 | 4.4 it/s
step     700 | cos 0.4676 | thought 1.2937 dec_ce 2.2198 | 4.5 it/s
step     750 | cos 0.4711 | thought 1.2271 dec_ce 2.3052 | 4.4 it/s
step     800 | cos 0.4722 | thought 1.2009 dec_ce 2.0308 | 4.4 it/s
step     850 | cos 0.4803 | thought 1.1936 dec_ce 2.2026 | 4.4 it/s
step     900 | cos 0.4838 | thought 1.2299 dec_ce 2.3052 | 4.3 it/s
step     950 | cos 0.4867 | thought 1.2156 dec_ce 2.2484 | 4.5 it/s
step    1000 | cos 0.4826 | thought 1.1455 dec_ce 2.09 | 4.3 it/s
step    1000 | VAL cos 0.5012 | VAL dec CE 4.0269
step    1050 | cos 0.4881 | thought 1.1454 dec_ce 2.1358 | 3.7 it/s
step    1100 | cos 0.4917 | thought 1.1667 dec_ce 2.2426 | 4.3 it/s
step    1150 | cos 0.4891 | thought 1.1041 dec_ce 2.055 | 4.3 it/s
step    1200 | cos 0.4938 | thought 1.1007 dec_ce 2.1629 | 4.3 it/s
step    1250 | cos 0.4914 | thought 1.1004 dec_ce 2.1317 | 4.3 it/s
step    1300 | cos 0.4976 | thought 1.0973 dec_ce 2.2012 | 4.5 it/s
step    1350 | cos 0.4968 | thought 1.1071 dec_ce 2.1177 | 4.4 it/s
step    1400 | cos 0.4996 | thought 1.0762 dec_ce 2.101 | 4.4 it/s
step    1450 | cos 0.4957 | thought 1.072 dec_ce 2.1263 | 4.2 it/s
step    1500 | cos 0.4994 | thought 1.0744 dec_ce 2.1661 | 4.3 it/s
step    1500 | VAL cos 0.5121 | VAL dec CE 3.9887
step    1550 | cos 0.5002 | thought 0.9974 dec_ce 1.9742 | 3.6 it/s
step    1600 | cos 0.5041 | thought 1.0119 dec_ce 2.0069 | 4.4 it/s
step    1650 | cos 0.5017 | thought 0.9885 dec_ce 1.9734 | 4.3 it/s
step    1700 | cos 0.5030 | thought 1.0212 dec_ce 2.034 | 4.4 it/s
step    1750 | cos 0.5062 | thought 1.0031 dec_ce 2.0505 | 4.4 it/s
step    1800 | cos 0.5041 | thought 0.9874 dec_ce 2.283 | 4.3 it/s
step    1850 | cos 0.5028 | thought 1.0202 dec_ce 2.1599 | 4.5 it/s
step    1900 | cos 0.5052 | thought 0.953 dec_ce 2.0939 | 4.4 it/s
step    1950 | cos 0.5106 | thought 1.0019 dec_ce 2.1954 | 4.3 it/s
step    2000 | cos 0.5091 | thought 0.9618 dec_ce 2.0787 | 4.4 it/s
step    2000 | VAL cos 0.5231 | VAL dec CE 3.9489
step    2050 | cos 0.5102 | thought 0.9586 dec_ce 2.0235 | 3.6 it/s
step    2100 | cos 0.5111 | thought 0.994 dec_ce 2.1234 | 4.3 it/s
step    2150 | cos 0.5107 | thought 1.032 dec_ce 2.2397 | 4.4 it/s
step    2200 | cos 0.5124 | thought 0.9729 dec_ce 2.1098 | 4.4 it/s
step    2250 | cos 0.5142 | thought 0.9655 dec_ce 2.1426 | 4.4 it/s
step    2300 | cos 0.5136 | thought 0.962 dec_ce 2.1476 | 4.4 it/s
step    2350 | cos 0.5142 | thought 0.9905 dec_ce 2.2033 | 4.4 it/s
step    2400 | cos 0.5142 | thought 1.0361 dec_ce 2.1838 | 4.4 it/s
step    2450 | cos 0.5152 | thought 0.9884 dec_ce 2.2122 | 4.4 it/s
step    2500 | cos 0.5162 | thought 0.9522 dec_ce 1.9996 | 4.5 it/s
step    2500 | VAL cos 0.5281 | VAL dec CE 3.9294
step    2550 | cos 0.5135 | thought 0.9678 dec_ce 2.0782 | 3.5 it/s
step    2600 | cos 0.5184 | thought 0.9535 dec_ce 1.9728 | 4.4 it/s
step    2650 | cos 0.5171 | thought 0.9936 dec_ce 2.1975 | 4.4 it/s
step    2700 | cos 0.5167 | thought 0.9932 dec_ce 2.2083 | 4.3 it/s
step    2750 | cos 0.5184 | thought 0.9765 dec_ce 2.0003 | 4.4 it/s
step    2800 | cos 0.5159 | thought 0.9458 dec_ce 2.0574 | 4.4 it/s
step    2850 | cos 0.5184 | thought 0.9554 dec_ce 2.2391 | 4.4 it/s
step    2900 | cos 0.5233 | thought 0.9641 dec_ce 2.036 | 4.4 it/s
step    2950 | cos 0.5186 | thought 0.9407 dec_ce 1.9823 | 4.3 it/s
step    3000 | cos 0.5180 | thought 0.9707 dec_ce 2.0786 | 4.3 it/s
step    3000 | VAL cos 0.5312 | VAL dec CE 3.9246
step    3050 | cos 0.5192 | thought 0.9199 dec_ce 1.8616 | 3.6 it/s
step    3100 | cos 0.5218 | thought 0.9622 dec_ce 2.1322 | 4.5 it/s
step    3150 | cos 0.5226 | thought 0.9879 dec_ce 2.3407 | 4.4 it/s
step    3200 | cos 0.5214 | thought 0.9441 dec_ce 2.0292 | 4.3 it/s
step    3250 | cos 0.5196 | thought 0.9646 dec_ce 2.077 | 4.3 it/s
step    3300 | cos 0.5227 | thought 0.9667 dec_ce 2.1795 | 4.4 it/s
step    3350 | cos 0.5196 | thought 1.0042 dec_ce 2.0597 | 4.4 it/s
step    3400 | cos 0.5213 | thought 0.945 dec_ce 2.024 | 4.4 it/s
step    3450 | cos 0.5197 | thought 0.9612 dec_ce 2.0498 | 4.3 it/s
step    3500 | cos 0.5182 | thought 0.9881 dec_ce 2.0188 | 4.3 it/s
step    3500 | VAL cos 0.5327 | VAL dec CE 3.9094
step    3550 | cos 0.5188 | thought 0.9402 dec_ce 2.1301 | 3.5 it/s
step    3600 | cos 0.5231 | thought 0.9554 dec_ce 2.2156 | 4.4 it/s
step    3650 | cos 0.5194 | thought 0.9514 dec_ce 2.026 | 4.3 it/s
step    3700 | cos 0.5229 | thought 0.9542 dec_ce 2.0454 | 4.4 it/s
step    3750 | cos 0.5221 | thought 0.9716 dec_ce 2.1426 | 4.4 it/s
step    3800 | cos 0.5242 | thought 0.9565 dec_ce 2.0071 | 4.4 it/s
step    3850 | cos 0.5200 | thought 0.9801 dec_ce 2.2781 | 4.4 it/s
step    3900 | cos 0.5256 | thought 0.9825 dec_ce 2.1824 | 4.5 it/s
step    3950 | cos 0.5225 | thought 0.9389 dec_ce 2.1015 | 4.3 it/s
step    4000 | cos 0.5236 | thought 1.0117 dec_ce 2.1358 | 4.4 it/s
step    4000 | VAL cos 0.5357 | VAL dec CE 3.9032
step    4050 | cos 0.5243 | thought 1.0098 dec_ce 2.3273 | 3.6 it/s
step    4100 | cos 0.5239 | thought 0.9431 dec_ce 2.063 | 4.4 it/s
step    4150 | cos 0.5224 | thought 0.9134 dec_ce 1.9334 | 4.3 it/s
step    4200 | cos 0.5235 | thought 0.9556 dec_ce 2.08 | 4.4 it/s
step    4250 | cos 0.5256 | thought 0.9833 dec_ce 2.2128 | 4.4 it/s
step    4300 | cos 0.5250 | thought 0.9401 dec_ce 2.1976 | 4.4 it/s
step    4350 | cos 0.5239 | thought 0.9555 dec_ce 1.9813 | 4.4 it/s
step    4400 | cos 0.5260 | thought 0.9238 dec_ce 2.0588 | 4.4 it/s
step    4450 | cos 0.5247 | thought 0.9857 dec_ce 2.2235 | 4.4 it/s
step    4500 | cos 0.5264 | thought 0.9803 dec_ce 2.1167 | 4.4 it/s
step    4500 | VAL cos 0.5371 | VAL dec CE 3.9028
step    4550 | cos 0.5253 | thought 0.9419 dec_ce 1.9517 | 3.7 it/s
step    4600 | cos 0.5261 | thought 0.9488 dec_ce 2.1386 | 4.4 it/s
step    4650 | cos 0.5267 | thought 0.9136 dec_ce 2.0093 | 4.4 it/s
step    4700 | cos 0.5281 | thought 0.969 dec_ce 2.1351 | 4.4 it/s
step    4750 | cos 0.5304 | thought 0.9311 dec_ce 1.91 | 4.5 it/s
step    4800 | cos 0.5285 | thought 0.9596 dec_ce 2.1464 | 4.5 it/s
step    4850 | cos 0.5283 | thought 0.9622 dec_ce 2.0525 | 4.4 it/s
step    4900 | cos 0.5295 | thought 0.9236 dec_ce 1.9536 | 4.3 it/s
step    4950 | cos 0.5249 | thought 0.9899 dec_ce 2.2753 | 4.4 it/s
step    5000 | cos 0.5307 | thought 0.973 dec_ce 2.0787 | 4.5 it/s
step    5000 | VAL cos 0.5370 | VAL dec CE 3.8783
step    5050 | cos 0.5277 | thought 0.9593 dec_ce 2.2223 | 3.5 it/s
step    5100 | cos 0.5271 | thought 0.9697 dec_ce 2.1489 | 4.4 it/s
step    5150 | cos 0.5266 | thought 0.9801 dec_ce 2.1398 | 4.3 it/s
step    5200 | cos 0.5294 | thought 0.9342 dec_ce 2.0564 | 4.4 it/s
step    5250 | cos 0.5268 | thought 0.9265 dec_ce 2.0114 | 4.5 it/s
step    5300 | cos 0.5279 | thought 0.9362 dec_ce 2.1648 | 4.3 it/s
step    5350 | cos 0.5285 | thought 0.9812 dec_ce 2.1486 | 4.5 it/s
step    5400 | cos 0.5276 | thought 0.9506 dec_ce 2.1297 | 4.4 it/s
step    5450 | cos 0.5259 | thought 0.973 dec_ce 2.0104 | 4.4 it/s
step    5500 | cos 0.5273 | thought 0.9406 dec_ce 2.1335 | 4.5 it/s
step    5500 | VAL cos 0.5383 | VAL dec CE 3.8992
step    5550 | cos 0.5295 | thought 0.9589 dec_ce 2.0635 | 3.7 it/s
step    5600 | cos 0.5268 | thought 0.9807 dec_ce 2.2105 | 4.4 it/s
step    5650 | cos 0.5291 | thought 0.9317 dec_ce 2.042 | 4.4 it/s
step    5700 | cos 0.5249 | thought 0.9137 dec_ce 1.9597 | 4.4 it/s
step    5750 | cos 0.5255 | thought 1.007 dec_ce 2.2317 | 4.4 it/s
step    5800 | cos 0.5258 | thought 0.9576 dec_ce 2.2076 | 4.4 it/s
step    5850 | cos 0.5294 | thought 0.9708 dec_ce 2.1009 | 4.4 it/s
step    5900 | cos 0.5294 | thought 0.9509 dec_ce 2.0914 | 4.6 it/s
step    5950 | cos 0.5293 | thought 0.9934 dec_ce 2.2093 | 4.4 it/s
step    6000 | cos 0.5295 | thought 0.9217 dec_ce 1.92 | 4.4 it/s
step    6000 | VAL cos 0.5391 | VAL dec CE 3.8680
step    6050 | cos 0.5287 | thought 0.9442 dec_ce 2.2036 | 3.5 it/s
step    6100 | cos 0.5293 | thought 0.9015 dec_ce 1.9223 | 4.3 it/s
step    6150 | cos 0.5312 | thought 0.954 dec_ce 2.0878 | 4.5 it/s
step    6200 | cos 0.5286 | thought 0.9612 dec_ce 2.0985 | 4.4 it/s
step    6250 | cos 0.5329 | thought 0.9525 dec_ce 1.9947 | 4.4 it/s
step    6300 | cos 0.5278 | thought 0.9066 dec_ce 2.0733 | 4.4 it/s
step    6350 | cos 0.5316 | thought 0.9466 dec_ce 2.072 | 4.4 it/s
step    6400 | cos 0.5321 | thought 0.9006 dec_ce 1.9612 | 4.5 it/s
step    6450 | cos 0.5334 | thought 1.0044 dec_ce 2.2303 | 4.3 it/s
step    6500 | cos 0.5299 | thought 0.9067 dec_ce 2.0537 | 4.4 it/s
step    6500 | VAL cos 0.5406 | VAL dec CE 3.8607
step    6550 | cos 0.5272 | thought 0.9565 dec_ce 2.0674 | 3.6 it/s
step    6600 | cos 0.5294 | thought 0.9479 dec_ce 2.1044 | 4.4 it/s
step    6650 | cos 0.5324 | thought 0.9176 dec_ce 1.9256 | 4.3 it/s
step    6700 | cos 0.5335 | thought 0.9332 dec_ce 2.0746 | 4.4 it/s
step    6750 | cos 0.5303 | thought 0.9245 dec_ce 2.0308 | 4.5 it/s
step    6800 | cos 0.5301 | thought 0.968 dec_ce 2.1748 | 4.4 it/s
step    6850 | cos 0.5293 | thought 0.9394 dec_ce 1.9752 | 4.3 it/s
step    6900 | cos 0.5351 | thought 0.9603 dec_ce 2.0762 | 4.5 it/s
step    6950 | cos 0.5314 | thought 0.9608 dec_ce 1.9947 | 4.4 it/s
step    7000 | cos 0.5312 | thought 0.9618 dec_ce 2.3736 | 4.4 it/s
step    7000 | VAL cos 0.5402 | VAL dec CE 3.8583
step    7050 | cos 0.5258 | thought 0.9144 dec_ce 1.8363 | 3.6 it/s
step    7100 | cos 0.5321 | thought 0.9103 dec_ce 2.0374 | 4.4 it/s
step    7150 | cos 0.5332 | thought 0.9571 dec_ce 1.9943 | 4.4 it/s
step    7200 | cos 0.5332 | thought 0.9489 dec_ce 2.1004 | 4.4 it/s
step    7250 | cos 0.5316 | thought 1.0031 dec_ce 2.3403 | 4.3 it/s
step    7300 | cos 0.5341 | thought 0.9211 dec_ce 2.0446 | 4.4 it/s
step    7350 | cos 0.5334 | thought 0.9089 dec_ce 1.9127 | 4.5 it/s
step    7400 | cos 0.5348 | thought 0.9008 dec_ce 1.862 | 4.5 it/s
step    7450 | cos 0.5307 | thought 0.9243 dec_ce 2.0626 | 4.3 it/s
step    7500 | cos 0.5345 | thought 0.9307 dec_ce 2.0819 | 4.3 it/s
step    7500 | VAL cos 0.5410 | VAL dec CE 3.8533
step    7550 | cos 0.5347 | thought 0.9481 dec_ce 2.0645 | 3.7 it/s
step    7600 | cos 0.5329 | thought 0.9531 dec_ce 2.173 | 4.4 it/s
step    7650 | cos 0.5321 | thought 0.9591 dec_ce 2.159 | 4.4 it/s
step    7700 | cos 0.5293 | thought 0.9454 dec_ce 2.0366 | 4.4 it/s
step    7750 | cos 0.5292 | thought 0.935 dec_ce 1.9601 | 4.5 it/s
step    7800 | cos 0.5307 | thought 0.9761 dec_ce 2.1082 | 4.4 it/s
step    7850 | cos 0.5303 | thought 0.9519 dec_ce 2.0623 | 4.3 it/s
step    7900 | cos 0.5317 | thought 0.9887 dec_ce 2.2911 | 4.5 it/s
step    7950 | cos 0.5341 | thought 0.9151 dec_ce 2.0598 | 4.4 it/s
step    8000 | cos 0.5313 | thought 0.9259 dec_ce 1.9329 | 4.4 it/s
step    8000 | VAL cos 0.5424 | VAL dec CE 3.8432
step    8050 | cos 0.5353 | thought 0.9225 dec_ce 1.9782 | 3.6 it/s
step    8100 | cos 0.5345 | thought 0.9172 dec_ce 1.9841 | 4.6 it/s
step    8150 | cos 0.5323 | thought 0.9016 dec_ce 1.8597 | 4.4 it/s
step    8200 | cos 0.5339 | thought 0.911 dec_ce 2.0088 | 4.3 it/s
step    8250 | cos 0.5366 | thought 0.907 dec_ce 1.9044 | 4.3 it/s
step    8300 | cos 0.5326 | thought 0.9583 dec_ce 2.1261 | 4.4 it/s
step    8350 | cos 0.5317 | thought 0.9355 dec_ce 1.9473 | 4.4 it/s
step    8400 | cos 0.5330 | thought 0.9521 dec_ce 2.1469 | 4.4 it/s
step    8450 | cos 0.5332 | thought 0.9331 dec_ce 1.9812 | 4.5 it/s
step    8500 | cos 0.5342 | thought 0.9302 dec_ce 2.0352 | 4.4 it/s
step    8500 | VAL cos 0.5425 | VAL dec CE 3.8329
step    8550 | cos 0.5311 | thought 0.9565 dec_ce 2.1032 | 3.6 it/s
step    8600 | cos 0.5335 | thought 0.8911 dec_ce 1.8783 | 4.3 it/s
step    8650 | cos 0.5343 | thought 0.9763 dec_ce 2.1887 | 4.5 it/s
step    8700 | cos 0.5329 | thought 0.9403 dec_ce 2.0256 | 4.3 it/s
step    8750 | cos 0.5342 | thought 0.9146 dec_ce 2.0787 | 4.4 it/s
step    8800 | cos 0.5338 | thought 0.9179 dec_ce 2.0782 | 4.4 it/s
step    8850 | cos 0.5340 | thought 0.9498 dec_ce 2.2044 | 4.4 it/s
step    8900 | cos 0.5330 | thought 0.9296 dec_ce 2.1813 | 4.4 it/s
step    8950 | cos 0.5319 | thought 0.9595 dec_ce 1.9668 | 4.4 it/s
step    9000 | cos 0.5345 | thought 0.9615 dec_ce 2.0061 | 4.5 it/s
step    9000 | VAL cos 0.5427 | VAL dec CE 3.8356
step    9050 | cos 0.5334 | thought 0.944 dec_ce 2.0676 | 3.7 it/s
step    9100 | cos 0.5326 | thought 0.9251 dec_ce 1.9801 | 4.4 it/s
step    9150 | cos 0.5361 | thought 0.9431 dec_ce 2.1659 | 4.4 it/s
step    9200 | cos 0.5377 | thought 0.9249 dec_ce 2.0095 | 4.6 it/s
step    9250 | cos 0.5344 | thought 0.9845 dec_ce 2.2132 | 4.4 it/s
step    9300 | cos 0.5349 | thought 0.9483 dec_ce 2.1009 | 4.5 it/s
step    9350 | cos 0.5349 | thought 0.9286 dec_ce 1.9868 | 4.4 it/s
step    9400 | cos 0.5328 | thought 0.9577 dec_ce 2.0719 | 4.3 it/s
step    9450 | cos 0.5309 | thought 0.9721 dec_ce 2.2025 | 4.5 it/s
step    9500 | cos 0.5346 | thought 0.9095 dec_ce 2.0338 | 4.4 it/s
step    9500 | VAL cos 0.5434 | VAL dec CE 3.8324
step    9550 | cos 0.5344 | thought 0.9394 dec_ce 1.9591 | 3.6 it/s
step    9600 | cos 0.5340 | thought 0.9625 dec_ce 2.0285 | 4.4 it/s
step    9650 | cos 0.5361 | thought 0.9549 dec_ce 2.1629 | 4.4 it/s
step    9700 | cos 0.5353 | thought 0.974 dec_ce 2.1 | 4.4 it/s
step    9750 | cos 0.5379 | thought 0.8918 dec_ce 1.7743 | 4.4 it/s
step    9800 | cos 0.5292 | thought 0.909 dec_ce 1.894 | 4.4 it/s
step    9850 | cos 0.5362 | thought 0.9579 dec_ce 2.0787 | 4.4 it/s
step    9900 | cos 0.5333 | thought 0.9661 dec_ce 2.189 | 4.3 it/s
step    9950 | cos 0.5348 | thought 0.9236 dec_ce 1.9985 | 4.4 it/s
step   10000 | cos 0.5316 | thought 0.8972 dec_ce 1.8705 | 4.4 it/s
step   10000 | VAL cos 0.5434 | VAL dec CE 3.8254
step   10050 | cos 0.5367 | thought 0.9092 dec_ce 1.8613 | 3.5 it/s
step   10100 | cos 0.5356 | thought 0.9292 dec_ce 1.962 | 4.5 it/s
step   10150 | cos 0.5332 | thought 0.8891 dec_ce 2.0181 | 4.4 it/s
step   10200 | cos 0.5353 | thought 0.9381 dec_ce 2.019 | 4.4 it/s
step   10250 | cos 0.5305 | thought 0.9081 dec_ce 1.9985 | 4.4 it/s
step   10300 | cos 0.5300 | thought 0.9621 dec_ce 2.1506 | 4.4 it/s
wall-clock cap reached at step 10325

Run 'R3_KRP' done: 10325 steps | final val cos 0.5437 | dec CE 3.8311
/home/nochi/vault/projects/ThoughtVectors/thoughtvec/.venv/lib/python3.12/site-packages/torch/nn/modules/transformer.py:392: UserWarning: enable_nested_tensor is True, but self.use_nested_tensor is False because encoder_layer.norm_first was True
  warnings.warn(
{"ckpt": "checkpoints/R3_KRP/best.pt", "val_cos": 0.437, "val_dec_ce": 4.0858, "ref_f1": 0.2016, "distinct1": 0.0098, "distinct2": 0.0409, "len_ratio": 0.662, "out_vectors": 2.31, "rows": 1024}
