/home/nochi/vault/projects/ThoughtVectors/thoughtvec/.venv/lib/python3.12/site-packages/torch/nn/modules/transformer.py:392: UserWarning: enable_nested_tensor is True, but self.use_nested_tensor is False because encoder_layer.norm_first was True
  warnings.warn(
thinker params: 32.03M (codec d=384, frozen=False)
step      50 | cos 0.0277 | compress_ce 0.0 | 3.0 it/s
step     100 | cos 0.0725 | compress_ce 0.0 | 3.4 it/s
step     150 | cos 0.1373 | thought 2.2075 dec_ce 2.2649 | 3.3 it/s
step     200 | cos 0.1909 | thought 2.1557 dec_ce 2.4136 | 3.3 it/s
step     250 | cos 0.2350 | compress_ce 0.0 | 3.3 it/s
step     300 | cos 0.2620 | compress_ce 0.0 | 3.3 it/s
step     350 | cos 0.2867 | thought 1.8669 dec_ce 2.0378 | 3.3 it/s
step     400 | cos 0.2951 | thought 1.8995 dec_ce 2.334 | 3.3 it/s
step     450 | cos 0.3058 | compress_ce 0.0 | 3.2 it/s
step     500 | cos 0.3184 | thought 1.8096 dec_ce 2.0833 | 3.3 it/s
step     500 | VAL cos 0.3337 | VAL dec CE 4.0680
step     550 | cos 0.3233 | compress_ce 0.1298 | 2.8 it/s
step     600 | cos 0.3253 | compress_ce 0.0 | 3.1 it/s
step     650 | cos 0.3229 | thought 1.7637 dec_ce 2.1247 | 3.3 it/s
step     700 | cos 0.3329 | thought 1.797 dec_ce 2.1933 | 3.4 it/s
step     750 | cos 0.3422 | thought 1.7088 dec_ce 2.2781 | 3.2 it/s
step     800 | cos 0.3536 | thought 1.6389 dec_ce 1.9704 | 3.2 it/s
step     850 | cos 0.3767 | thought 1.5938 dec_ce 2.1527 | 3.2 it/s
step     900 | cos 0.3994 | thought 1.608 dec_ce 2.2657 | 3.2 it/s
step     950 | cos 0.4088 | thought 1.6044 dec_ce 2.2049 | 3.3 it/s
step    1000 | cos 0.4166 | thought 1.4894 dec_ce 2.0335 | 3.2 it/s
step    1000 | VAL cos 0.4393 | VAL dec CE 3.8585
step    1050 | cos 0.4232 | thought 1.4688 dec_ce 2.0412 | 2.7 it/s
step    1100 | cos 0.4338 | thought 1.5282 dec_ce 2.1727 | 3.2 it/s
step    1150 | cos 0.4375 | compress_ce 0.0 | 3.2 it/s
step    1200 | cos 0.4451 | thought 1.3876 dec_ce 2.0626 | 3.3 it/s
step    1250 | cos 0.4462 | compress_ce 0.0 | 3.2 it/s
step    1300 | cos 0.4535 | thought 1.3851 dec_ce 2.1003 | 3.3 it/s
step    1350 | cos 0.4567 | thought 1.4156 dec_ce 1.9901 | 3.2 it/s
step    1400 | cos 0.4599 | compress_ce 0.0 | 3.2 it/s
step    1450 | cos 0.4600 | thought 1.3476 dec_ce 1.9944 | 3.2 it/s
step    1500 | cos 0.4644 | compress_ce 0.0 | 3.2 it/s
step    1500 | VAL cos 0.4831 | VAL dec CE 3.7090
step    1550 | cos 0.4671 | thought 1.2519 dec_ce 1.8204 | 2.7 it/s
step    1600 | cos 0.4736 | thought 1.2646 dec_ce 1.8913 | 3.3 it/s
step    1650 | cos 0.4771 | thought 1.2292 dec_ce 1.8329 | 3.1 it/s
step    1700 | cos 0.4758 | thought 1.2701 dec_ce 1.8878 | 3.3 it/s
step    1750 | cos 0.4797 | thought 1.234 dec_ce 1.8905 | 3.4 it/s
step    1800 | cos 0.4808 | compress_ce 0.0 | 3.3 it/s
step    1850 | cos 0.4836 | compress_ce 0.0 | 3.3 it/s
step    1900 | cos 0.4827 | compress_ce 0.0002 | 3.2 it/s
step    1950 | cos 0.4839 | thought 1.2287 dec_ce 2.0214 | 3.3 it/s
step    2000 | cos 0.4858 | compress_ce 0.0875 | 3.3 it/s
step    2000 | VAL cos 0.5021 | VAL dec CE 3.5778
step    2050 | cos 0.4880 | thought 1.1587 dec_ce 1.8245 | 2.6 it/s
step    2100 | cos 0.4920 | compress_ce 0.0 | 3.2 it/s
step    2150 | cos 0.4903 | thought 1.2496 dec_ce 2.1159 | 3.3 it/s
step    2200 | cos 0.4885 | thought 1.1885 dec_ce 1.9064 | 3.3 it/s
step    2250 | cos 0.4948 | compress_ce 0.0 | 3.3 it/s
step    2300 | cos 0.4938 | compress_ce 0.0003 | 3.2 it/s
step    2350 | cos 0.4932 | compress_ce 2.0193 | 3.2 it/s
step    2400 | cos 0.4948 | compress_ce 0.0 | 3.4 it/s
step    2450 | cos 0.4942 | thought 1.1526 dec_ce 2.0531 | 3.2 it/s
step    2500 | cos 0.4986 | compress_ce 0.0 | 3.3 it/s
step    2500 | VAL cos 0.5107 | VAL dec CE 3.4804
step    2550 | cos 0.4894 | thought 1.0988 dec_ce 1.874 | 2.6 it/s
step    2600 | cos 0.4972 | thought 1.0717 dec_ce 1.727 | 3.2 it/s
step    2650 | cos 0.4967 | thought 1.1552 dec_ce 2.0128 | 3.3 it/s
step    2700 | cos 0.4951 | thought 1.1226 dec_ce 2.0199 | 3.2 it/s
step    2750 | cos 0.4972 | compress_ce 0.0 | 3.2 it/s
step    2800 | cos 0.4982 | thought 1.0571 dec_ce 1.8344 | 3.3 it/s
step    2850 | cos 0.5022 | thought 1.0824 dec_ce 2.0285 | 3.2 it/s
step    2900 | cos 0.5031 | thought 1.077 dec_ce 1.7631 | 3.0 it/s
step    2950 | cos 0.4986 | thought 1.0277 dec_ce 1.7017 | 3.3 it/s
step    3000 | cos 0.4945 | compress_ce 0.0 | 3.1 it/s
step    3000 | VAL cos 0.5134 | VAL dec CE 3.4170
step    3050 | cos 0.4991 | compress_ce 0.1144 | 2.7 it/s
step    3100 | cos 0.5030 | compress_ce 0.0 | 3.3 it/s
step    3150 | cos 0.5036 | thought 1.1028 dec_ce 2.1599 | 3.1 it/s
step    3200 | cos 0.5004 | thought 1.0336 dec_ce 1.7469 | 3.2 it/s
step    3250 | cos 0.5033 | thought 1.0446 dec_ce 1.8263 | 3.1 it/s
step    3300 | cos 0.5005 | compress_ce 0.0001 | 3.2 it/s
step    3350 | cos 0.5041 | thought 1.076 dec_ce 1.8134 | 3.3 it/s
step    3400 | cos 0.5028 | compress_ce 0.0 | 3.2 it/s
step    3450 | cos 0.5033 | thought 1.0273 dec_ce 1.7759 | 3.2 it/s
step    3500 | cos 0.5042 | compress_ce 0.0 | 3.2 it/s
step    3500 | VAL cos 0.5168 | VAL dec CE 3.3544
step    3550 | cos 0.5026 | thought 1.0253 dec_ce 1.9024 | 2.6 it/s
step    3600 | cos 0.5050 | compress_ce 0.0 | 3.3 it/s
step    3650 | cos 0.5020 | thought 1.0161 dec_ce 1.8011 | 3.2 it/s
step    3700 | cos 0.5029 | thought 1.0095 dec_ce 1.7178 | 3.2 it/s
step    3750 | cos 0.5061 | thought 1.0291 dec_ce 1.8733 | 3.3 it/s
step    3800 | cos 0.5054 | thought 1.0061 dec_ce 1.7664 | 3.3 it/s
step    3850 | cos 0.5000 | thought 1.0408 dec_ce 2.0551 | 3.2 it/s
step    3900 | cos 0.5080 | thought 1.0437 dec_ce 1.937 | 3.3 it/s
step    3950 | cos 0.5038 | compress_ce 0.0006 | 3.2 it/s
step    4000 | cos 0.5060 | thought 1.0603 dec_ce 1.8766 | 3.2 it/s
step    4000 | VAL cos 0.5193 | VAL dec CE 3.3114
step    4050 | cos 0.5048 | compress_ce 0.1819 | 2.5 it/s
step    4100 | cos 0.5070 | compress_ce 0.0 | 3.3 it/s
step    4150 | cos 0.5057 | compress_ce 0.0 | 3.2 it/s
step    4200 | cos 0.5058 | thought 0.9911 dec_ce 1.8344 | 3.2 it/s
step    4250 | cos 0.5081 | thought 1.0379 dec_ce 1.9785 | 3.3 it/s
step    4300 | cos 0.5087 | compress_ce 0.0 | 3.3 it/s
step    4350 | cos 0.5066 | compress_ce 0.0 | 3.1 it/s
step    4400 | cos 0.5083 | compress_ce 0.0 | 3.2 it/s
step    4450 | cos 0.5080 | compress_ce 0.0 | 3.2 it/s
step    4500 | cos 0.5110 | thought 1.0159 dec_ce 1.8842 | 3.3 it/s
step    4500 | VAL cos 0.5216 | VAL dec CE 3.2719
step    4550 | cos 0.5072 | compress_ce 0.0 | 2.6 it/s
step    4600 | cos 0.5106 | thought 0.9777 dec_ce 1.8124 | 3.2 it/s
step    4650 | cos 0.5083 | thought 0.9499 dec_ce 1.7 | 3.1 it/s
step    4700 | cos 0.5088 | thought 1.0 dec_ce 1.8654 | 3.2 it/s
step    4750 | cos 0.5129 | thought 0.9753 dec_ce 1.5504 | 3.4 it/s
step    4800 | cos 0.5127 | compress_ce 0.0 | 3.3 it/s
step    4850 | cos 0.5104 | thought 0.9987 dec_ce 1.7672 | 3.2 it/s
step    4900 | cos 0.5117 | compress_ce 0.0 | 3.2 it/s
step    4950 | cos 0.5073 | compress_ce 0.9091 | 3.2 it/s
step    5000 | cos 0.5119 | thought 0.994 dec_ce 1.805 | 3.3 it/s
step    5000 | VAL cos 0.5223 | VAL dec CE 3.2291
step    5050 | cos 0.5096 | thought 0.9988 dec_ce 1.9433 | 2.6 it/s
step    5100 | cos 0.5098 | thought 1.0167 dec_ce 1.8628 | 3.3 it/s
step    5150 | cos 0.5089 | thought 0.9853 dec_ce 1.8339 | 3.2 it/s
step    5200 | cos 0.5123 | thought 0.978 dec_ce 1.7767 | 3.2 it/s
step    5250 | cos 0.5113 | thought 0.9553 dec_ce 1.7234 | 3.3 it/s
step    5300 | cos 0.5118 | thought 0.9874 dec_ce 1.8826 | 3.2 it/s
step    5350 | cos 0.5119 | thought 1.0134 dec_ce 1.8134 | 3.2 it/s
step    5400 | cos 0.5059 | thought 0.9761 dec_ce 1.8279 | 3.2 it/s
step    5450 | cos 0.5137 | thought 1.003 dec_ce 1.6991 | 3.3 it/s
step    5500 | cos 0.5107 | thought 0.9848 dec_ce 1.8201 | 3.3 it/s
step    5500 | VAL cos 0.5238 | VAL dec CE 3.1948
step    5550 | cos 0.5088 | compress_ce 0.0 | 2.6 it/s
step    5600 | cos 0.5096 | compress_ce 0.0 | 3.3 it/s
step    5650 | cos 0.5099 | thought 0.9898 dec_ce 1.7431 | 3.2 it/s
step    5700 | cos 0.5108 | compress_ce 0.0009 | 3.3 it/s
step    5750 | cos 0.5113 | thought 1.0271 dec_ce 1.9778 | 3.2 it/s
step    5800 | cos 0.5093 | compress_ce 0.0 | 3.2 it/s
step    5850 | cos 0.5110 | thought 1.0255 dec_ce 1.7924 | 3.3 it/s
step    5900 | cos 0.5120 | thought 0.9655 dec_ce 1.7898 | 3.3 it/s
step    5950 | cos 0.5127 | thought 1.0105 dec_ce 1.939 | 3.2 it/s
step    6000 | cos 0.5114 | thought 0.9528 dec_ce 1.5939 | 3.3 it/s
step    6000 | VAL cos 0.5237 | VAL dec CE 3.1807
step    6050 | cos 0.5099 | compress_ce 0.0 | 2.6 it/s
step    6100 | cos 0.5118 | thought 0.9254 dec_ce 1.5885 | 3.3 it/s
step    6150 | cos 0.5139 | thought 0.9866 dec_ce 1.7553 | 3.3 it/s
step    6200 | cos 0.5134 | thought 0.9746 dec_ce 1.8177 | 3.3 it/s
step    6250 | cos 0.5132 | compress_ce 0.6635 | 3.3 it/s
step    6300 | cos 0.5106 | thought 0.975 dec_ce 1.7537 | 3.2 it/s
step    6350 | cos 0.5133 | thought 0.9764 dec_ce 1.7532 | 3.3 it/s
step    6400 | cos 0.5159 | thought 0.9291 dec_ce 1.5973 | 3.3 it/s
step    6450 | cos 0.5147 | thought 1.0402 dec_ce 1.949 | 3.2 it/s
step    6500 | cos 0.5147 | thought 0.9392 dec_ce 1.7427 | 3.3 it/s
step    6500 | VAL cos 0.5251 | VAL dec CE 3.1426
step    6550 | cos 0.5087 | thought 0.9731 dec_ce 1.77 | 2.6 it/s
step    6600 | cos 0.5123 | thought 1.0029 dec_ce 1.7671 | 3.3 it/s
step    6650 | cos 0.5115 | thought 0.9572 dec_ce 1.5754 | 3.1 it/s
step    6700 | cos 0.5118 | compress_ce 0.0535 | 3.2 it/s
step    6750 | cos 0.5108 | thought 0.94 dec_ce 1.6578 | 3.2 it/s
step    6800 | cos 0.5127 | compress_ce 0.0 | 3.3 it/s
step    6850 | cos 0.5078 | thought 0.9748 dec_ce 1.6412 | 3.2 it/s
step    6900 | cos 0.5165 | compress_ce 1.3785 | 3.2 it/s
step    6950 | cos 0.5131 | thought 0.991 dec_ce 1.6211 | 3.3 it/s
step    7000 | cos 0.5146 | thought 1.0192 dec_ce 2.1244 | 3.3 it/s
step    7000 | VAL cos 0.5251 | VAL dec CE 3.1261
step    7050 | cos 0.5096 | thought 0.9329 dec_ce 1.4674 | 2.6 it/s
step    7100 | cos 0.5224 | thought 0.9328 dec_ce 1.6957 | 3.2 it/s
step    7150 | cos 0.5191 | thought 0.9742 dec_ce 1.6324 | 3.3 it/s
step    7200 | cos 0.5171 | compress_ce 0.0002 | 3.3 it/s
step    7250 | cos 0.5142 | compress_ce 0.0032 | 3.3 it/s
step    7300 | cos 0.5162 | thought 0.9546 dec_ce 1.7251 | 3.3 it/s
step    7350 | cos 0.5137 | thought 0.9439 dec_ce 1.48 | 3.4 it/s
step    7400 | cos 0.5169 | compress_ce 0.0 | 3.3 it/s
step    7450 | cos 0.5136 | thought 0.9534 dec_ce 1.6394 | 3.2 it/s
step    7500 | cos 0.5148 | thought 0.9466 dec_ce 1.6914 | 3.1 it/s
step    7500 | VAL cos 0.5254 | VAL dec CE 3.1011
step    7550 | cos 0.5132 | compress_ce 0.0 | 2.6 it/s
step    7600 | cos 0.5173 | compress_ce 0.0 | 3.2 it/s
step    7650 | cos 0.5166 | thought 0.9859 dec_ce 1.7643 | 3.2 it/s
step    7700 | cos 0.5132 | compress_ce 1.8772 | 3.2 it/s
step    7750 | cos 0.5106 | thought 0.9524 dec_ce 1.536 | 3.3 it/s
step    7800 | cos 0.5150 | thought 0.9964 dec_ce 1.7854 | 3.3 it/s
step    7850 | cos 0.5148 | thought 0.9948 dec_ce 1.7409 | 3.2 it/s
step    7900 | cos 0.5122 | thought 1.0328 dec_ce 1.9898 | 3.2 it/s
step    7950 | cos 0.5171 | thought 0.9602 dec_ce 1.6905 | 3.2 it/s
step    8000 | cos 0.5165 | thought 0.9227 dec_ce 1.5773 | 3.3 it/s
step    8000 | VAL cos 0.5261 | VAL dec CE 3.0819
step    8050 | cos 0.5173 | thought 0.9339 dec_ce 1.6323 | 2.6 it/s
step    8100 | cos 0.5177 | compress_ce 0.0 | 3.3 it/s
step    8150 | cos 0.5145 | compress_ce 0.0012 | 3.2 it/s
step    8200 | cos 0.5143 | thought 0.9154 dec_ce 1.607 | 3.2 it/s
step    8250 | cos 0.5179 | thought 0.9271 dec_ce 1.5198 | 3.3 it/s
step    8300 | cos 0.5145 | compress_ce 0.0 | 3.1 it/s
step    8350 | cos 0.5167 | compress_ce 0.0 | 3.2 it/s
step    8400 | cos 0.5111 | compress_ce 0.001 | 3.2 it/s
step    8450 | cos 0.5171 | compress_ce 0.1146 | 3.2 it/s
step    8500 | cos 0.5157 | thought 0.9613 dec_ce 1.6564 | 3.2 it/s
step    8500 | VAL cos 0.5279 | VAL dec CE 3.0586
step    8550 | cos 0.5108 | compress_ce 0.0004 | 2.6 it/s
step    8600 | cos 0.5108 | compress_ce 0.0 | 3.1 it/s
step    8650 | cos 0.5175 | thought 0.9926 dec_ce 1.8311 | 3.3 it/s
step    8700 | cos 0.5142 | compress_ce 0.0004 | 3.2 it/s
step    8750 | cos 0.5159 | thought 0.9211 dec_ce 1.7884 | 3.3 it/s
step    8800 | cos 0.5157 | compress_ce 0.5009 | 3.2 it/s
step    8850 | cos 0.5160 | thought 0.9768 dec_ce 1.8657 | 3.3 it/s
step    8900 | cos 0.5148 | thought 0.978 dec_ce 1.8333 | 3.2 it/s
step    8950 | cos 0.5122 | compress_ce 0.0 | 3.1 it/s
step    9000 | cos 0.5168 | compress_ce 0.0 | 3.2 it/s
step    9000 | VAL cos 0.5278 | VAL dec CE 3.0434
step    9050 | cos 0.5172 | thought 0.9669 dec_ce 1.7483 | 2.7 it/s
step    9100 | cos 0.5163 | thought 0.9447 dec_ce 1.6317 | 3.3 it/s
step    9150 | cos 0.5175 | thought 0.9738 dec_ce 1.8053 | 3.2 it/s
step    9200 | cos 0.5191 | compress_ce 0.0 | 3.3 it/s
step    9250 | cos 0.5145 | thought 1.012 dec_ce 1.9159 | 3.3 it/s
step    9300 | cos 0.5159 | thought 0.9881 dec_ce 1.7339 | 3.2 it/s
step    9350 | cos 0.5187 | compress_ce 0.0 | 3.2 it/s
step    9400 | cos 0.5181 | compress_ce 0.0 | 3.2 it/s
step    9450 | cos 0.5136 | compress_ce 0.4631 | 3.2 it/s
step    9500 | cos 0.5168 | compress_ce 0.0005 | 3.2 it/s
step    9500 | VAL cos 0.5292 | VAL dec CE 3.0260
step    9550 | cos 0.5220 | compress_ce 0.0 | 2.7 it/s
step    9600 | cos 0.5162 | thought 0.9934 dec_ce 1.6726 | 3.2 it/s
step    9650 | cos 0.5164 | thought 0.9959 dec_ce 1.8176 | 3.2 it/s
step    9700 | cos 0.5168 | thought 1.0055 dec_ce 1.7666 | 3.2 it/s
step    9750 | cos 0.5182 | compress_ce 0.0 | 3.4 it/s
step    9800 | cos 0.5114 | thought 0.9557 dec_ce 1.4521 | 3.3 it/s
step    9850 | cos 0.5171 | thought 0.9868 dec_ce 1.7462 | 3.2 it/s
step    9900 | cos 0.5167 | thought 1.0058 dec_ce 1.8924 | 3.3 it/s
step    9950 | cos 0.5167 | compress_ce 0.0 | 3.2 it/s
step   10000 | cos 0.5131 | compress_ce 0.0 | 3.2 it/s
step   10000 | VAL cos 0.5295 | VAL dec CE 3.0069
step   10050 | cos 0.5198 | compress_ce 0.0 | 2.6 it/s
step   10100 | cos 0.5163 | compress_ce 0.0 | 3.3 it/s
step   10150 | cos 0.5130 | thought 0.9312 dec_ce 1.6651 | 3.2 it/s
step   10200 | cos 0.5157 | thought 0.9761 dec_ce 1.6549 | 3.3 it/s
step   10250 | cos 0.5148 | thought 0.9103 dec_ce 1.6384 | 3.4 it/s
step   10300 | cos 0.5159 | thought 0.9863 dec_ce 1.7799 | 3.3 it/s
step   10350 | cos 0.5186 | thought 0.9759 dec_ce 1.6124 | 3.3 it/s
step   10400 | cos 0.5168 | thought 0.9474 dec_ce 1.6465 | 3.2 it/s
step   10450 | cos 0.5148 | thought 1.0037 dec_ce 1.6137 | 3.3 it/s
step   10500 | cos 0.5161 | compress_ce 0.0 | 3.3 it/s
step   10500 | VAL cos 0.5288 | VAL dec CE 2.9963
step   10550 | cos 0.5153 | thought 1.0098 dec_ce 1.6841 | 2.6 it/s
step   10600 | cos 0.5188 | compress_ce 0.0 | 3.2 it/s
step   10650 | cos 0.5172 | compress_ce 0.0 | 3.2 it/s
step   10700 | cos 0.5158 | compress_ce 0.0 | 3.3 it/s
step   10750 | cos 0.5194 | thought 0.9506 dec_ce 1.503 | 3.3 it/s
step   10800 | cos 0.5176 | thought 0.9948 dec_ce 1.7716 | 3.3 it/s
step   10850 | cos 0.5164 | compress_ce 0.0001 | 3.2 it/s
step   10900 | cos 0.5185 | thought 0.9221 dec_ce 1.4847 | 3.3 it/s
step   10950 | cos 0.5175 | thought 0.9911 dec_ce 1.6888 | 3.3 it/s
step   11000 | cos 0.5184 | thought 1.0 dec_ce 1.9319 | 3.3 it/s
step   11000 | VAL cos 0.5297 | VAL dec CE 2.9768
step   11050 | cos 0.5220 | thought 0.9447 dec_ce 1.535 | 2.6 it/s
step   11100 | cos 0.5130 | compress_ce 0.0006 | 3.3 it/s
step   11150 | cos 0.5187 | compress_ce 0.0006 | 3.1 it/s
step   11200 | cos 0.5235 | thought 0.9142 dec_ce 1.444 | 3.3 it/s
step   11250 | cos 0.5177 | compress_ce 0.0001 | 3.2 it/s
step   11300 | cos 0.5159 | thought 0.9917 dec_ce 1.6477 | 3.2 it/s
step   11350 | cos 0.5229 | thought 0.9275 dec_ce 1.4271 | 3.3 it/s
step   11400 | cos 0.5199 | compress_ce 0.1914 | 3.3 it/s
step   11450 | cos 0.5171 | thought 0.9799 dec_ce 1.6839 | 3.1 it/s
step   11500 | cos 0.5172 | thought 0.9419 dec_ce 1.5211 | 3.2 it/s
step   11500 | VAL cos 0.5303 | VAL dec CE 2.9609
step   11550 | cos 0.5206 | compress_ce 0.0 | 2.6 it/s
step   11600 | cos 0.5157 | compress_ce 0.1824 | 3.3 it/s
step   11650 | cos 0.5189 | thought 0.9777 dec_ce 1.6373 | 3.2 it/s
step   11700 | cos 0.5201 | thought 0.9242 dec_ce 1.3933 | 3.3 it/s
step   11750 | cos 0.5147 | thought 0.9566 dec_ce 1.7911 | 3.2 it/s
step   11800 | cos 0.5186 | thought 0.9414 dec_ce 1.5164 | 3.2 it/s
step   11850 | cos 0.5188 | compress_ce 0.0002 | 3.2 it/s
step   11900 | cos 0.5180 | thought 0.9425 dec_ce 1.3966 | 3.2 it/s
step   11950 | cos 0.5176 | thought 0.973 dec_ce 1.4997 | 3.3 it/s
step   12000 | cos 0.5213 | compress_ce 0.0 | 3.2 it/s
step   12000 | VAL cos 0.5303 | VAL dec CE 2.9552
step   12050 | cos 0.5214 | thought 0.9891 dec_ce 1.7571 | 2.6 it/s
step   12100 | cos 0.5186 | thought 0.9722 dec_ce 1.633 | 3.1 it/s
step   12150 | cos 0.5207 | thought 0.9285 dec_ce 1.4336 | 3.3 it/s
step   12200 | cos 0.5220 | thought 0.9534 dec_ce 1.758 | 3.3 it/s
step   12250 | cos 0.5224 | compress_ce 0.0 | 3.3 it/s
step   12300 | cos 0.5246 | thought 0.9609 dec_ce 1.6358 | 3.2 it/s
step   12350 | cos 0.5168 | thought 0.9779 dec_ce 1.5542 | 3.3 it/s
step   12400 | cos 0.5167 | thought 0.9311 dec_ce 1.5093 | 3.2 it/s
step   12450 | cos 0.5158 | thought 0.9664 dec_ce 1.579 | 3.3 it/s
step   12500 | cos 0.5227 | thought 1.0114 dec_ce 1.595 | 3.3 it/s
step   12500 | VAL cos 0.5314 | VAL dec CE 2.9392
step   12550 | cos 0.5229 | compress_ce 0.0 | 2.7 it/s
step   12600 | cos 0.5192 | compress_ce 2.1924 | 3.3 it/s
step   12650 | cos 0.5204 | thought 0.9739 dec_ce 1.6844 | 3.2 it/s
step   12700 | cos 0.5234 | thought 0.9533 dec_ce 1.6378 | 3.3 it/s
step   12750 | cos 0.5219 | compress_ce 1.5755 | 3.3 it/s
step   12800 | cos 0.5190 | thought 0.9897 dec_ce 1.7362 | 3.3 it/s
step   12850 | cos 0.5219 | compress_ce 0.0019 | 3.3 it/s
step   12900 | cos 0.5239 | thought 0.9646 dec_ce 1.7767 | 3.4 it/s
step   12950 | cos 0.5231 | thought 0.9701 dec_ce 1.584 | 3.3 it/s
step   13000 | cos 0.5208 | compress_ce 0.0 | 3.2 it/s
step   13000 | VAL cos 0.5313 | VAL dec CE 2.9284
step   13050 | cos 0.5234 | compress_ce 0.0 | 2.7 it/s
step   13100 | cos 0.5229 | thought 0.9294 dec_ce 1.4834 | 3.3 it/s
step   13150 | cos 0.5221 | compress_ce 0.0 | 3.2 it/s
step   13200 | cos 0.5223 | compress_ce 0.0 | 3.4 it/s
step   13250 | cos 0.5171 | thought 0.9622 dec_ce 1.5339 | 3.3 it/s
step   13300 | cos 0.5238 | compress_ce 0.0489 | 3.3 it/s
step   13350 | cos 0.5175 | thought 0.9496 dec_ce 1.6795 | 3.4 it/s
step   13400 | cos 0.5194 | thought 0.9626 dec_ce 1.6042 | 3.3 it/s
step   13450 | cos 0.5220 | thought 0.9602 dec_ce 1.7431 | 3.3 it/s
step   13500 | cos 0.5198 | thought 0.9591 dec_ce 1.5866 | 3.4 it/s
step   13500 | VAL cos 0.5298 | VAL dec CE 2.9244
step   13550 | cos 0.5233 | thought 0.9506 dec_ce 1.4953 | 2.7 it/s
step   13600 | cos 0.5211 | compress_ce 0.0 | 3.2 it/s
step   13650 | cos 0.5230 | thought 0.9471 dec_ce 1.798 | 3.3 it/s
step   13700 | cos 0.5255 | thought 0.9318 dec_ce 1.412 | 3.3 it/s
step   13750 | cos 0.5204 | thought 0.9475 dec_ce 1.5098 | 3.3 it/s
step   13800 | cos 0.5214 | thought 0.9428 dec_ce 1.6027 | 3.2 it/s
step   13850 | cos 0.5205 | thought 0.9594 dec_ce 1.673 | 3.3 it/s
step   13900 | cos 0.5174 | thought 0.9688 dec_ce 1.6074 | 3.3 it/s
step   13950 | cos 0.5207 | compress_ce 0.0001 | 3.3 it/s
step   14000 | cos 0.5228 | thought 0.9809 dec_ce 1.8991 | 3.3 it/s
step   14000 | VAL cos 0.5324 | VAL dec CE 2.9016
step   14050 | cos 0.5199 | thought 0.9433 dec_ce 1.6427 | 2.6 it/s
step   14100 | cos 0.5188 | compress_ce 0.0 | 3.3 it/s
step   14150 | cos 0.5217 | thought 0.926 dec_ce 1.672 | 3.2 it/s
step   14200 | cos 0.5185 | compress_ce 0.0 | 3.4 it/s
step   14250 | cos 0.5175 | compress_ce 0.0 | 3.3 it/s
step   14300 | cos 0.5193 | thought 0.9364 dec_ce 1.525 | 3.3 it/s
step   14350 | cos 0.5213 | compress_ce 0.0 | 3.3 it/s
step   14400 | cos 0.5229 | thought 0.9424 dec_ce 1.5976 | 3.3 it/s
step   14450 | cos 0.5216 | compress_ce 0.0012 | 3.2 it/s
step   14500 | cos 0.5229 | compress_ce 0.0011 | 3.2 it/s
step   14500 | VAL cos 0.5336 | VAL dec CE 2.8839
step   14550 | cos 0.5225 | compress_ce 0.0 | 2.7 it/s
step   14600 | cos 0.5215 | thought 0.97 dec_ce 1.6474 | 3.3 it/s
step   14650 | cos 0.5245 | compress_ce 0.0 | 3.3 it/s
step   14700 | cos 0.5246 | thought 0.9722 dec_ce 1.5353 | 3.3 it/s
step   14750 | cos 0.5187 | compress_ce 0.0002 | 3.2 it/s
step   14800 | cos 0.5240 | thought 0.948 dec_ce 1.6396 | 3.2 it/s
step   14850 | cos 0.5202 | thought 0.9886 dec_ce 1.5453 | 3.4 it/s
step   14900 | cos 0.5217 | compress_ce 0.0 | 3.4 it/s
step   14950 | cos 0.5278 | thought 0.9357 dec_ce 1.4926 | 3.5 it/s
step   15000 | cos 0.5186 | thought 0.9549 dec_ce 1.644 | 3.3 it/s
step   15000 | VAL cos 0.5331 | VAL dec CE 2.8810
step   15050 | cos 0.5216 | thought 0.9518 dec_ce 1.6236 | 2.6 it/s
step   15100 | cos 0.5216 | thought 0.9613 dec_ce 1.6369 | 3.2 it/s
step   15150 | cos 0.5205 | compress_ce 0.0 | 3.2 it/s
step   15200 | cos 0.5234 | thought 0.9433 dec_ce 1.441 | 3.2 it/s
step   15250 | cos 0.5208 | compress_ce 0.0 | 3.3 it/s
step   15300 | cos 0.5250 | thought 0.9373 dec_ce 1.3485 | 3.2 it/s
step   15350 | cos 0.5214 | compress_ce 0.0016 | 3.2 it/s
step   15400 | cos 0.5185 | thought 0.9769 dec_ce 1.6798 | 3.2 it/s
step   15450 | cos 0.5227 | thought 0.9227 dec_ce 1.4077 | 3.3 it/s
step   15500 | cos 0.5257 | compress_ce 1.7544 | 3.3 it/s
step   15500 | VAL cos 0.5335 | VAL dec CE 2.8725
step   15550 | cos 0.5227 | thought 0.9682 dec_ce 1.4261 | 2.6 it/s
step   15600 | cos 0.5248 | compress_ce 0.0004 | 3.3 it/s
step   15650 | cos 0.5227 | thought 0.9539 dec_ce 1.6272 | 3.3 it/s
step   15700 | cos 0.5195 | compress_ce 0.0 | 3.2 it/s
step   15750 | cos 0.5210 | compress_ce 0.0 | 3.2 it/s
step   15800 | cos 0.5217 | compress_ce 4.1776 | 3.3 it/s
step   15850 | cos 0.5200 | thought 0.9223 dec_ce 1.6153 | 3.3 it/s
step   15900 | cos 0.5236 | compress_ce 0.0013 | 3.3 it/s
step   15950 | cos 0.5221 | thought 0.9485 dec_ce 1.5737 | 3.3 it/s
step   16000 | cos 0.5248 | thought 0.9122 dec_ce 1.4883 | 3.2 it/s
step   16000 | VAL cos 0.5331 | VAL dec CE 2.8649
step   16050 | cos 0.5239 | thought 0.9425 dec_ce 1.4057 | 2.6 it/s
step   16100 | cos 0.5189 | thought 0.9825 dec_ce 1.8895 | 3.2 it/s
step   16150 | cos 0.5210 | thought 0.9472 dec_ce 1.4598 | 3.2 it/s
step   16200 | cos 0.5201 | thought 0.9993 dec_ce 1.5749 | 3.2 it/s
step   16250 | cos 0.5222 | thought 0.9653 dec_ce 1.4143 | 3.3 it/s
step   16300 | cos 0.5242 | compress_ce 3.3927 | 3.4 it/s
step   16350 | cos 0.5236 | thought 0.9224 dec_ce 1.5218 | 3.3 it/s
step   16400 | cos 0.5225 | thought 0.9981 dec_ce 1.9386 | 3.3 it/s
step   16450 | cos 0.5224 | thought 0.9537 dec_ce 1.6554 | 3.2 it/s
step   16500 | cos 0.5223 | thought 0.9399 dec_ce 1.5965 | 3.3 it/s
step   16500 | VAL cos 0.5340 | VAL dec CE 2.8524
step   16550 | cos 0.5217 | thought 0.9876 dec_ce 1.8426 | 2.6 it/s
step   16600 | cos 0.5201 | thought 0.9286 dec_ce 1.5469 | 3.2 it/s
step   16650 | cos 0.5206 | compress_ce 0.0 | 3.2 it/s
step   16700 | cos 0.5237 | thought 0.9498 dec_ce 1.4835 | 3.3 it/s
step   16750 | cos 0.5251 | thought 0.9527 dec_ce 1.597 | 3.3 it/s
step   16800 | cos 0.5199 | compress_ce 0.0173 | 3.2 it/s
step   16850 | cos 0.5246 | compress_ce 0.0189 | 3.3 it/s
step   16900 | cos 0.5207 | thought 0.9332 dec_ce 1.4783 | 3.2 it/s
step   16950 | cos 0.5234 | thought 0.9466 dec_ce 1.5211 | 3.4 it/s
step   17000 | cos 0.5179 | compress_ce 0.0 | 3.1 it/s
step   17000 | VAL cos 0.5347 | VAL dec CE 2.8462
step   17050 | cos 0.5220 | thought 0.959 dec_ce 1.5502 | 2.7 it/s
step   17100 | cos 0.5272 | thought 0.9413 dec_ce 1.6278 | 3.3 it/s
step   17150 | cos 0.5239 | thought 0.9444 dec_ce 1.5936 | 3.1 it/s
step   17200 | cos 0.5227 | compress_ce 1.0037 | 3.3 it/s
step   17250 | cos 0.5270 | thought 0.9658 dec_ce 1.5827 | 3.3 it/s
step   17300 | cos 0.5243 | compress_ce 0.0 | 3.3 it/s
step   17350 | cos 0.5204 | thought 0.9965 dec_ce 1.7738 | 3.2 it/s
step   17400 | cos 0.5213 | thought 0.9614 dec_ce 1.5279 | 3.2 it/s
step   17450 | cos 0.5224 | compress_ce 0.0 | 3.2 it/s
step   17500 | cos 0.5215 | compress_ce 0.0 | 3.2 it/s
step   17500 | VAL cos 0.5351 | VAL dec CE 2.8337
step   17550 | cos 0.5252 | compress_ce 0.0 | 2.7 it/s
step   17600 | cos 0.5251 | compress_ce 0.0 | 3.2 it/s
step   17650 | cos 0.5212 | compress_ce 0.0 | 3.3 it/s
step   17700 | cos 0.5209 | compress_ce 0.0003 | 3.3 it/s
step   17750 | cos 0.5243 | compress_ce 2.2258 | 3.2 it/s
step   17800 | cos 0.5247 | compress_ce 0.0 | 3.3 it/s
step   17850 | cos 0.5232 | thought 0.9534 dec_ce 1.5272 | 3.3 it/s
step   17900 | cos 0.5290 | compress_ce 0.0 | 3.3 it/s
step   17950 | cos 0.5230 | compress_ce 1.9646 | 3.3 it/s
step   18000 | cos 0.5210 | compress_ce 0.0 | 3.2 it/s
step   18000 | VAL cos 0.5350 | VAL dec CE 2.8333
step   18050 | cos 0.5256 | thought 0.934 dec_ce 1.509 | 2.5 it/s
step   18100 | cos 0.5298 | thought 0.9204 dec_ce 1.691 | 3.3 it/s
step   18150 | cos 0.5268 | compress_ce 0.0003 | 3.3 it/s
step   18200 | cos 0.5208 | compress_ce 0.0 | 3.3 it/s
step   18250 | cos 0.5242 | thought 0.9176 dec_ce 1.2929 | 3.2 it/s
step   18300 | cos 0.5257 | compress_ce 0.0 | 3.2 it/s
step   18350 | cos 0.5210 | compress_ce 0.0 | 3.2 it/s
step   18400 | cos 0.5228 | compress_ce 0.0 | 3.2 it/s
step   18450 | cos 0.5245 | thought 0.9606 dec_ce 1.5007 | 3.4 it/s
step   18500 | cos 0.5227 | thought 0.9866 dec_ce 1.6744 | 3.4 it/s
step   18500 | VAL cos 0.5336 | VAL dec CE 2.8269
step   18550 | cos 0.5236 | compress_ce 3.4246 | 2.6 it/s
step   18600 | cos 0.5202 | thought 0.9792 dec_ce 1.6449 | 3.3 it/s
step   18650 | cos 0.5277 | thought 0.9464 dec_ce 1.6489 | 3.3 it/s
step   18700 | cos 0.5237 | thought 0.9517 dec_ce 1.523 | 2.1 it/s
step   18750 | cos 0.5213 | thought 0.9296 dec_ce 1.6357 | 1.8 it/s
step   18800 | cos 0.5271 | compress_ce 4.0627 | 1.7 it/s
step   18850 | cos 0.5259 | thought 0.9425 dec_ce 1.5791 | 2.1 it/s
step   18900 | cos 0.5275 | compress_ce 0.0003 | 1.8 it/s
step   18950 | cos 0.5217 | compress_ce 0.0 | 1.4 it/s
step   19000 | cos 0.5222 | thought 0.9622 dec_ce 1.5293 | 1.6 it/s
step   19000 | VAL cos 0.5353 | VAL dec CE 2.8079
step   19050 | cos 0.5227 | compress_ce 0.0 | 1.8 it/s
step   19100 | cos 0.5272 | thought 0.9631 dec_ce 1.4685 | 2.1 it/s
step   19150 | cos 0.5275 | thought 0.9282 dec_ce 1.5215 | 2.7 it/s
step   19200 | cos 0.5251 | compress_ce 0.0 | 2.0 it/s
step   19250 | cos 0.5250 | compress_ce 0.0 | 1.8 it/s
step   19300 | cos 0.5252 | thought 0.9972 dec_ce 1.6976 | 1.7 it/s
step   19350 | cos 0.5241 | compress_ce 0.0 | 2.2 it/s
step   19400 | cos 0.5267 | compress_ce 0.0082 | 2.1 it/s
step   19450 | cos 0.5200 | thought 0.9922 dec_ce 1.51 | 1.5 it/s
step   19500 | cos 0.5241 | compress_ce 0.0 | 1.8 it/s
step   19500 | VAL cos 0.5352 | VAL dec CE 2.8080
step   19550 | cos 0.5239 | thought 0.9729 dec_ce 1.5151 | 1.7 it/s
step   19600 | cos 0.5224 | thought 0.9328 dec_ce 1.4773 | 1.8 it/s
step   19650 | cos 0.5231 | compress_ce 0.0 | 1.5 it/s
step   19700 | cos 0.5252 | compress_ce 1.4473 | 1.3 it/s
step   19750 | cos 0.5275 | thought 0.9472 dec_ce 1.5878 | 1.4 it/s
step   19800 | cos 0.5258 | thought 0.9172 dec_ce 1.4356 | 1.3 it/s
step   19850 | cos 0.5239 | thought 0.9791 dec_ce 1.8493 | 1.3 it/s
step   19900 | cos 0.5282 | thought 0.9632 dec_ce 1.6695 | 1.4 it/s
step   19950 | cos 0.5244 | compress_ce 0.0 | 1.4 it/s
step   20000 | cos 0.5202 | thought 0.9253 dec_ce 1.7084 | 1.4 it/s
step   20000 | VAL cos 0.5349 | VAL dec CE 2.8042
step   20050 | cos 0.5280 | thought 0.925 dec_ce 1.4358 | 1.3 it/s
step   20100 | cos 0.5240 | thought 0.9248 dec_ce 1.4361 | 3.1 it/s
step   20150 | cos 0.5253 | thought 0.9766 dec_ce 1.6426 | 3.2 it/s
step   20200 | cos 0.5245 | compress_ce 0.0 | 3.2 it/s
step   20250 | cos 0.5239 | thought 0.9285 dec_ce 1.3135 | 3.2 it/s
step   20300 | cos 0.5297 | compress_ce 0.0 | 3.2 it/s
step   20350 | cos 0.5218 | thought 0.9446 dec_ce 1.4563 | 3.1 it/s
step   20400 | cos 0.5256 | compress_ce 0.0 | 3.2 it/s
step   20450 | cos 0.5284 | thought 0.9584 dec_ce 1.6579 | 3.2 it/s
step   20500 | cos 0.5263 | thought 0.941 dec_ce 1.7892 | 3.1 it/s
step   20500 | VAL cos 0.5363 | VAL dec CE 2.7893
step   20550 | cos 0.5235 | thought 0.9059 dec_ce 1.4796 | 2.4 it/s
step   20600 | cos 0.5251 | thought 0.9386 dec_ce 1.6077 | 3.1 it/s
step   20650 | cos 0.5292 | thought 0.9554 dec_ce 1.5862 | 3.1 it/s
step   20700 | cos 0.5250 | compress_ce 0.0882 | 3.1 it/s
step   20750 | cos 0.5215 | thought 0.9139 dec_ce 1.3657 | 3.2 it/s
step   20800 | cos 0.5243 | thought 0.9885 dec_ce 1.6553 | 3.1 it/s
step   20850 | cos 0.5254 | compress_ce 3.1414 | 3.2 it/s
step   20900 | cos 0.5294 | thought 0.9396 dec_ce 1.6088 | 3.2 it/s
step   20950 | cos 0.5232 | compress_ce 0.0 | 3.2 it/s
step   21000 | cos 0.5272 | thought 0.9367 dec_ce 1.5174 | 3.3 it/s
step   21000 | VAL cos 0.5362 | VAL dec CE 2.7836
step   21050 | cos 0.5227 | thought 0.977 dec_ce 1.533 | 2.6 it/s
step   21100 | cos 0.5277 | compress_ce 0.0 | 3.1 it/s
step   21150 | cos 0.5277 | compress_ce 0.0001 | 3.2 it/s
step   21200 | cos 0.5201 | thought 0.9516 dec_ce 1.4861 | 3.2 it/s
step   21250 | cos 0.5256 | compress_ce 0.0 | 3.1 it/s
step   21300 | cos 0.5268 | thought 0.9624 dec_ce 1.5091 | 3.2 it/s
step   21350 | cos 0.5268 | compress_ce 0.0005 | 3.2 it/s
step   21400 | cos 0.5245 | thought 0.9321 dec_ce 1.5914 | 3.3 it/s
step   21450 | cos 0.5264 | thought 0.9695 dec_ce 1.6023 | 3.1 it/s
step   21500 | cos 0.5237 | thought 1.027 dec_ce 1.639 | 3.3 it/s
step   21500 | VAL cos 0.5371 | VAL dec CE 2.7778
step   21550 | cos 0.5234 | thought 0.9852 dec_ce 1.6402 | 2.6 it/s
step   21600 | cos 0.5271 | compress_ce 0.0 | 3.2 it/s
step   21650 | cos 0.5271 | thought 0.9784 dec_ce 1.7209 | 3.2 it/s
step   21700 | cos 0.5274 | thought 0.9582 dec_ce 1.6309 | 3.2 it/s
step   21750 | cos 0.5274 | thought 0.9596 dec_ce 1.6729 | 3.2 it/s
step   21800 | cos 0.5257 | thought 0.9425 dec_ce 1.5251 | 3.3 it/s
step   21850 | cos 0.5259 | thought 0.9634 dec_ce 1.6992 | 3.3 it/s
step   21900 | cos 0.5292 | thought 0.921 dec_ce 1.4684 | 3.1 it/s
step   21950 | cos 0.5250 | thought 0.9978 dec_ce 1.8358 | 3.2 it/s
step   22000 | cos 0.5278 | thought 0.9708 dec_ce 1.7153 | 3.2 it/s
step   22000 | VAL cos 0.5371 | VAL dec CE 2.7738
step   22050 | cos 0.5250 | compress_ce 0.0003 | 2.5 it/s
step   22100 | cos 0.5273 | thought 0.9435 dec_ce 1.5841 | 3.3 it/s
step   22150 | cos 0.5258 | thought 0.9499 dec_ce 1.5725 | 3.3 it/s
step   22200 | cos 0.5261 | thought 0.9777 dec_ce 1.6767 | 3.4 it/s
step   22250 | cos 0.5252 | thought 0.9487 dec_ce 1.5965 | 3.3 it/s
step   22300 | cos 0.5230 | thought 0.9071 dec_ce 1.277 | 3.2 it/s
step   22350 | cos 0.5299 | compress_ce 0.0 | 3.2 it/s
step   22400 | cos 0.5270 | compress_ce 0.0 | 3.2 it/s
step   22450 | cos 0.5260 | compress_ce 0.0 | 3.2 it/s
step   22500 | cos 0.5253 | thought 0.9478 dec_ce 1.5107 | 3.2 it/s
step   22500 | VAL cos 0.5375 | VAL dec CE 2.7682
step   22550 | cos 0.5269 | compress_ce 2.5923 | 2.7 it/s
step   22600 | cos 0.5262 | thought 0.9492 dec_ce 1.4319 | 3.3 it/s
step   22650 | cos 0.5262 | compress_ce 0.0 | 3.3 it/s
step   22700 | cos 0.5255 | thought 0.9623 dec_ce 1.5698 | 3.2 it/s
step   22750 | cos 0.5270 | thought 0.9788 dec_ce 1.4564 | 3.1 it/s
step   22800 | cos 0.5286 | thought 0.9807 dec_ce 1.7201 | 3.2 it/s
step   22850 | cos 0.5252 | thought 0.8863 dec_ce 1.4527 | 3.3 it/s
step   22900 | cos 0.5222 | compress_ce 0.0 | 3.2 it/s
step   22950 | cos 0.5216 | compress_ce 0.0002 | 3.1 it/s
step   23000 | cos 0.5294 | thought 0.9485 dec_ce 1.8004 | 3.1 it/s
step   23000 | VAL cos 0.5384 | VAL dec CE 2.7569
step   23050 | cos 0.5275 | compress_ce 0.0004 | 2.6 it/s
step   23100 | cos 0.5280 | compress_ce 0.0001 | 3.2 it/s
step   23150 | cos 0.5263 | thought 0.9707 dec_ce 1.6143 | 3.2 it/s
step   23200 | cos 0.5285 | compress_ce 0.0 | 3.2 it/s
step   23250 | cos 0.5296 | thought 0.9464 dec_ce 1.5164 | 3.2 it/s
step   23300 | cos 0.5270 | compress_ce 0.1249 | 3.1 it/s
step   23350 | cos 0.5251 | thought 0.9894 dec_ce 1.6941 | 3.3 it/s
step   23400 | cos 0.5320 | thought 1.0004 dec_ce 1.7129 | 3.3 it/s
step   23450 | cos 0.5312 | thought 0.9595 dec_ce 1.4828 | 3.3 it/s
step   23500 | cos 0.5263 | compress_ce 0.0 | 3.3 it/s
step   23500 | VAL cos 0.5387 | VAL dec CE 2.7610
step   23550 | cos 0.5295 | thought 0.8973 dec_ce 1.3656 | 2.8 it/s
step   23600 | cos 0.5246 | thought 0.9314 dec_ce 1.4205 | 3.2 it/s
step   23650 | cos 0.5270 | thought 0.9751 dec_ce 1.5386 | 3.2 it/s
step   23700 | cos 0.5261 | thought 0.9753 dec_ce 1.7209 | 3.1 it/s
step   23750 | cos 0.5280 | compress_ce 0.0 | 3.2 it/s
step   23800 | cos 0.5300 | thought 0.9094 dec_ce 1.4019 | 3.2 it/s
step   23850 | cos 0.5343 | compress_ce 0.0 | 3.2 it/s
step   23900 | cos 0.5255 | thought 0.963 dec_ce 1.7309 | 3.2 it/s
step   23950 | cos 0.5242 | compress_ce 0.0 | 3.1 it/s
step   24000 | cos 0.5311 | thought 0.9091 dec_ce 1.2908 | 3.3 it/s
step   24000 | VAL cos 0.5378 | VAL dec CE 2.7551
step   24050 | cos 0.5263 | thought 0.9284 dec_ce 1.4686 | 2.5 it/s
step   24100 | cos 0.5289 | thought 0.9667 dec_ce 1.5 | 3.2 it/s
step   24150 | cos 0.5310 | thought 0.9154 dec_ce 1.5518 | 3.2 it/s
step   24200 | cos 0.5254 | compress_ce 0.0281 | 3.2 it/s
step   24250 | cos 0.5306 | compress_ce 0.0 | 3.1 it/s
step   24300 | cos 0.5269 | thought 0.9117 dec_ce 1.3189 | 3.4 it/s
step   24350 | cos 0.5302 | compress_ce 0.0001 | 3.2 it/s
step   24400 | cos 0.5352 | compress_ce 0.0 | 3.2 it/s
step   24450 | cos 0.5293 | compress_ce 0.0516 | 3.3 it/s
step   24500 | cos 0.5246 | thought 0.9551 dec_ce 1.4983 | 3.2 it/s
step   24500 | VAL cos 0.5373 | VAL dec CE 2.7504
step   24550 | cos 0.5276 | thought 0.9066 dec_ce 1.4481 | 2.6 it/s
step   24600 | cos 0.5278 | thought 0.9 dec_ce 1.3312 | 3.3 it/s
step   24650 | cos 0.5314 | thought 0.9913 dec_ce 1.7791 | 3.4 it/s
step   24700 | cos 0.5277 | compress_ce 0.0 | 3.3 it/s
step   24750 | cos 0.5324 | thought 0.9251 dec_ce 1.552 | 3.2 it/s
step   24800 | cos 0.5290 | compress_ce 0.0 | 3.3 it/s
step   24850 | cos 0.5333 | thought 0.9582 dec_ce 1.3823 | 3.3 it/s
step   24900 | cos 0.5324 | thought 0.9165 dec_ce 1.3049 | 3.2 it/s
step   24950 | cos 0.5302 | thought 0.9576 dec_ce 1.5276 | 3.2 it/s
step   25000 | cos 0.5281 | thought 0.9581 dec_ce 1.6036 | 3.3 it/s
step   25000 | VAL cos 0.5397 | VAL dec CE 2.7377
step   25050 | cos 0.5248 | thought 0.975 dec_ce 1.8186 | 2.7 it/s
step   25100 | cos 0.5258 | thought 0.9409 dec_ce 1.3844 | 3.3 it/s
step   25150 | cos 0.5288 | thought 0.9525 dec_ce 1.743 | 3.3 it/s
step   25200 | cos 0.5301 | thought 0.9461 dec_ce 1.5187 | 3.3 it/s
step   25250 | cos 0.5299 | compress_ce 0.0 | 3.2 it/s
step   25300 | cos 0.5297 | thought 0.9314 dec_ce 1.4051 | 3.3 it/s
step   25350 | cos 0.5321 | compress_ce 0.0001 | 3.3 it/s
step   25400 | cos 0.5338 | compress_ce 3.1066 | 3.2 it/s
step   25450 | cos 0.5303 | thought 0.9528 dec_ce 1.5189 | 3.2 it/s
step   25500 | cos 0.5300 | compress_ce 0.0006 | 3.3 it/s
step   25500 | VAL cos 0.5394 | VAL dec CE 2.7346
step   25550 | cos 0.5353 | thought 0.9097 dec_ce 1.4763 | 2.8 it/s
step   25600 | cos 0.5278 | thought 0.9081 dec_ce 1.3439 | 3.4 it/s
step   25650 | cos 0.5325 | compress_ce 0.0184 | 3.3 it/s
step   25700 | cos 0.5271 | thought 0.9403 dec_ce 1.3873 | 3.3 it/s
step   25750 | cos 0.5245 | thought 0.9631 dec_ce 1.5914 | 3.2 it/s
step   25800 | cos 0.5247 | compress_ce 0.0 | 3.2 it/s
step   25850 | cos 0.5297 | thought 0.9249 dec_ce 1.5336 | 3.3 it/s
step   25900 | cos 0.5269 | compress_ce 0.0009 | 3.3 it/s
step   25950 | cos 0.5238 | thought 0.9629 dec_ce 1.5335 | 3.2 it/s
step   26000 | cos 0.5294 | thought 0.9105 dec_ce 1.3401 | 3.3 it/s
step   26000 | VAL cos 0.5397 | VAL dec CE 2.7344
step   26050 | cos 0.5273 | thought 0.9869 dec_ce 1.582 | 2.6 it/s
step   26100 | cos 0.5300 | compress_ce 0.0001 | 3.3 it/s
step   26150 | cos 0.5286 | thought 0.9499 dec_ce 1.4714 | 3.2 it/s
step   26200 | cos 0.5344 | thought 0.9204 dec_ce 1.5009 | 3.3 it/s
step   26250 | cos 0.5259 | compress_ce 0.0001 | 3.2 it/s
step   26300 | cos 0.5355 | thought 0.9091 dec_ce 1.3051 | 3.3 it/s
step   26350 | cos 0.5268 | thought 0.9602 dec_ce 1.4601 | 3.3 it/s
step   26400 | cos 0.5247 | thought 0.9141 dec_ce 1.3857 | 3.3 it/s
step   26450 | cos 0.5320 | thought 0.9532 dec_ce 1.5229 | 3.3 it/s
step   26500 | cos 0.5323 | thought 0.9312 dec_ce 1.4325 | 3.3 it/s
step   26500 | VAL cos 0.5400 | VAL dec CE 2.7300
step   26550 | cos 0.5293 | compress_ce 0.0 | 2.7 it/s
step   26600 | cos 0.5325 | thought 0.9614 dec_ce 1.644 | 3.4 it/s
step   26650 | cos 0.5329 | thought 0.9523 dec_ce 1.3944 | 3.2 it/s
step   26700 | cos 0.5327 | thought 0.967 dec_ce 1.5094 | 3.3 it/s
step   26750 | cos 0.5283 | compress_ce 0.0 | 3.3 it/s
step   26800 | cos 0.5285 | compress_ce 0.0003 | 3.2 it/s
step   26850 | cos 0.5314 | compress_ce 0.1452 | 3.3 it/s
step   26900 | cos 0.5331 | thought 0.9336 dec_ce 1.5997 | 3.4 it/s
step   26950 | cos 0.5262 | compress_ce 1.9012 | 3.3 it/s
step   27000 | cos 0.5300 | compress_ce 1.1181 | 3.2 it/s
step   27000 | VAL cos 0.5395 | VAL dec CE 2.7239
step   27050 | cos 0.5303 | thought 0.962 dec_ce 1.7837 | 2.7 it/s
step   27100 | cos 0.5331 | thought 0.9238 dec_ce 1.5249 | 3.3 it/s
step   27150 | cos 0.5248 | thought 0.9882 dec_ce 1.6439 | 3.3 it/s
step   27200 | cos 0.5295 | thought 0.94 dec_ce 1.4591 | 3.3 it/s
step   27250 | cos 0.5288 | compress_ce 0.0 | 3.3 it/s
step   27300 | cos 0.5323 | compress_ce 0.0 | 3.2 it/s
step   27350 | cos 0.5278 | compress_ce 0.0 | 3.2 it/s
step   27400 | cos 0.5327 | compress_ce 0.0 | 3.3 it/s
step   27450 | cos 0.5268 | thought 0.9337 dec_ce 1.3973 | 3.3 it/s
step   27500 | cos 0.5309 | thought 0.933 dec_ce 1.4677 | 3.3 it/s
step   27500 | VAL cos 0.5396 | VAL dec CE 2.7219
step   27550 | cos 0.5280 | compress_ce 0.0032 | 2.7 it/s
step   27600 | cos 0.5322 | compress_ce 0.0 | 3.2 it/s
step   27650 | cos 0.5311 | thought 0.9474 dec_ce 1.4761 | 3.2 it/s
step   27700 | cos 0.5317 | compress_ce 0.0 | 3.2 it/s
step   27750 | cos 0.5280 | compress_ce 0.0 | 3.2 it/s
step   27800 | cos 0.5336 | compress_ce 0.0 | 3.3 it/s
step   27850 | cos 0.5294 | thought 0.9796 dec_ce 1.6614 | 3.2 it/s
step   27900 | cos 0.5297 | compress_ce 0.0 | 3.2 it/s
step   27950 | cos 0.5291 | compress_ce 0.0 | 3.3 it/s
step   28000 | cos 0.5332 | compress_ce 0.0 | 3.2 it/s
step   28000 | VAL cos 0.5407 | VAL dec CE 2.7163
step   28050 | cos 0.5284 | compress_ce 0.0 | 2.5 it/s
step   28100 | cos 0.5251 | compress_ce 0.0 | 3.2 it/s
step   28150 | cos 0.5376 | thought 0.9098 dec_ce 1.4666 | 3.4 it/s
step   28200 | cos 0.5329 | thought 0.9 dec_ce 1.4835 | 3.2 it/s
step   28250 | cos 0.5335 | thought 0.9141 dec_ce 1.5847 | 3.3 it/s
step   28300 | cos 0.5290 | thought 1.0203 dec_ce 1.6283 | 3.2 it/s
step   28350 | cos 0.5299 | thought 0.9463 dec_ce 1.6003 | 3.2 it/s
step   28400 | cos 0.5274 | compress_ce 0.0 | 3.2 it/s
step   28450 | cos 0.5335 | thought 0.9933 dec_ce 1.5446 | 3.3 it/s
step   28500 | cos 0.5339 | thought 0.9515 dec_ce 1.4868 | 3.2 it/s
step   28500 | VAL cos 0.5406 | VAL dec CE 2.7192
step   28550 | cos 0.5334 | thought 0.91 dec_ce 1.4776 | 2.8 it/s
step   28600 | cos 0.5326 | thought 0.9323 dec_ce 1.5214 | 3.2 it/s
step   28650 | cos 0.5288 | thought 0.9371 dec_ce 1.4509 | 3.2 it/s
step   28700 | cos 0.5346 | compress_ce 0.0001 | 3.3 it/s
step   28750 | cos 0.5346 | compress_ce 0.0 | 3.3 it/s
step   28800 | cos 0.5288 | thought 0.9592 dec_ce 1.5383 | 3.2 it/s
step   28850 | cos 0.5307 | compress_ce 0.0 | 2.4 it/s
step   28900 | cos 0.5322 | compress_ce 0.0 | 3.3 it/s
step   28950 | cos 0.5331 | thought 0.9334 dec_ce 1.2418 | 3.3 it/s
step   29000 | cos 0.5279 | thought 0.9433 dec_ce 1.546 | 3.3 it/s
step   29000 | VAL cos 0.5407 | VAL dec CE 2.7076
step   29050 | cos 0.5322 | thought 0.9206 dec_ce 1.4945 | 2.7 it/s
step   29100 | cos 0.5270 | compress_ce 0.0 | 3.3 it/s
step   29150 | cos 0.5321 | thought 0.9574 dec_ce 1.5127 | 3.3 it/s
step   29200 | cos 0.5365 | thought 0.9224 dec_ce 1.5682 | 3.4 it/s
step   29250 | cos 0.5360 | thought 0.9283 dec_ce 1.581 | 3.2 it/s
step   29300 | cos 0.5343 | compress_ce 0.0 | 3.3 it/s
step   29350 | cos 0.5305 | thought 0.9704 dec_ce 1.5992 | 3.3 it/s
step   29400 | cos 0.5276 | thought 0.9515 dec_ce 1.5762 | 3.2 it/s
step   29450 | cos 0.5287 | compress_ce 0.0983 | 3.1 it/s
step   29500 | cos 0.5329 | thought 0.8934 dec_ce 1.3261 | 3.2 it/s
step   29500 | VAL cos 0.5411 | VAL dec CE 2.7076
step   29550 | cos 0.5276 | thought 0.9615 dec_ce 1.5768 | 2.7 it/s
step   29600 | cos 0.5352 | thought 0.938 dec_ce 1.6012 | 3.2 it/s
step   29650 | cos 0.5343 | compress_ce 0.0 | 3.2 it/s
step   29700 | cos 0.5357 | thought 0.9438 dec_ce 1.5222 | 3.2 it/s
step   29750 | cos 0.5338 | thought 0.9686 dec_ce 1.5166 | 3.3 it/s
step   29800 | cos 0.5331 | compress_ce 0.8244 | 3.3 it/s
step   29850 | cos 0.5302 | thought 0.9371 dec_ce 1.5236 | 3.2 it/s
step   29900 | cos 0.5311 | thought 0.9125 dec_ce 1.5468 | 3.2 it/s
step   29950 | cos 0.5280 | thought 0.9392 dec_ce 1.7027 | 3.2 it/s
step   30000 | cos 0.5311 | compress_ce 0.0001 | 3.3 it/s
step   30000 | VAL cos 0.5408 | VAL dec CE 2.7046
step   30050 | cos 0.5334 | compress_ce 0.0001 | 2.5 it/s
step   30100 | cos 0.5348 | compress_ce 0.0 | 3.3 it/s
step   30150 | cos 0.5330 | compress_ce 0.0 | 3.3 it/s
step   30200 | cos 0.5302 | compress_ce 0.0 | 3.1 it/s
step   30250 | cos 0.5299 | thought 0.9255 dec_ce 1.502 | 3.3 it/s
step   30300 | cos 0.5296 | thought 0.9943 dec_ce 1.7252 | 3.2 it/s
step   30350 | cos 0.5299 | thought 0.9413 dec_ce 1.5107 | 3.3 it/s
step   30400 | cos 0.5290 | thought 1.0066 dec_ce 1.7833 | 3.3 it/s
step   30450 | cos 0.5261 | thought 0.9616 dec_ce 1.6663 | 3.3 it/s
step   30500 | cos 0.5299 | thought 0.9232 dec_ce 1.4644 | 3.2 it/s
step   30500 | VAL cos 0.5408 | VAL dec CE 2.7026
step   30550 | cos 0.5300 | thought 0.9514 dec_ce 1.2603 | 2.7 it/s
step   30600 | cos 0.5285 | thought 0.9531 dec_ce 1.5336 | 3.3 it/s
step   30650 | cos 0.5307 | thought 0.8965 dec_ce 1.3571 | 3.2 it/s
step   30700 | cos 0.5318 | thought 0.9123 dec_ce 1.4638 | 3.3 it/s
step   30750 | cos 0.5310 | thought 0.9525 dec_ce 1.5503 | 3.3 it/s
step   30800 | cos 0.5303 | thought 0.9992 dec_ce 1.7101 | 3.2 it/s
step   30850 | cos 0.5288 | compress_ce 2.1269 | 3.1 it/s
step   30900 | cos 0.5287 | compress_ce 0.0 | 3.2 it/s
step   30950 | cos 0.5299 | compress_ce 0.0001 | 3.2 it/s
step   31000 | cos 0.5288 | thought 0.9145 dec_ce 1.2992 | 3.3 it/s
step   31000 | VAL cos 0.5418 | VAL dec CE 2.6987
step   31050 | cos 0.5389 | compress_ce 0.0 | 2.7 it/s
step   31100 | cos 0.5294 | thought 0.9398 dec_ce 1.4515 | 3.2 it/s
step   31150 | cos 0.5318 | compress_ce 0.0001 | 3.2 it/s
step   31200 | cos 0.5299 | compress_ce 0.0022 | 3.3 it/s
step   31250 | cos 0.5382 | thought 0.9161 dec_ce 1.6064 | 3.3 it/s
step   31300 | cos 0.5305 | compress_ce 0.001 | 3.2 it/s
step   31350 | cos 0.5296 | compress_ce 0.0 | 3.3 it/s
step   31400 | cos 0.5299 | thought 0.9079 dec_ce 1.3484 | 3.2 it/s
step   31450 | cos 0.5325 | thought 0.8921 dec_ce 1.3835 | 3.2 it/s
step   31500 | cos 0.5351 | thought 0.9102 dec_ce 1.4534 | 3.3 it/s
step   31500 | VAL cos 0.5424 | VAL dec CE 2.6931
step   31550 | cos 0.5339 | compress_ce 0.0 | 2.6 it/s
step   31600 | cos 0.5308 | thought 0.9409 dec_ce 1.4759 | 3.2 it/s
step   31650 | cos 0.5299 | thought 0.9184 dec_ce 1.3654 | 3.3 it/s
step   31700 | cos 0.5327 | thought 0.9316 dec_ce 1.7764 | 3.2 it/s
step   31750 | cos 0.5292 | thought 0.9124 dec_ce 1.6678 | 3.2 it/s
step   31800 | cos 0.5329 | compress_ce 0.0 | 3.1 it/s
step   31850 | cos 0.5333 | compress_ce 0.0001 | 3.2 it/s
step   31900 | cos 0.5331 | compress_ce 0.0003 | 3.3 it/s
step   31950 | cos 0.5300 | compress_ce 0.0 | 3.2 it/s
step   32000 | cos 0.5309 | thought 0.9523 dec_ce 1.4131 | 3.3 it/s
step   32000 | VAL cos 0.5423 | VAL dec CE 2.6921
step   32050 | cos 0.5304 | thought 0.9332 dec_ce 1.5949 | 2.6 it/s
step   32100 | cos 0.5348 | thought 0.9209 dec_ce 1.2999 | 3.3 it/s
step   32150 | cos 0.5303 | compress_ce 0.0 | 3.2 it/s
step   32200 | cos 0.5331 | thought 0.9159 dec_ce 1.3516 | 3.4 it/s
step   32250 | cos 0.5338 | compress_ce 0.0 | 3.1 it/s
step   32300 | cos 0.5339 | compress_ce 0.0 | 3.2 it/s
step   32350 | cos 0.5335 | compress_ce 0.0003 | 3.3 it/s
step   32400 | cos 0.5323 | compress_ce 0.0004 | 3.1 it/s
step   32450 | cos 0.5339 | compress_ce 0.0 | 3.4 it/s
step   32500 | cos 0.5329 | thought 0.9154 dec_ce 1.4859 | 3.3 it/s
step   32500 | VAL cos 0.5431 | VAL dec CE 2.6855
step   32550 | cos 0.5305 | thought 0.9757 dec_ce 1.7318 | 2.7 it/s
step   32600 | cos 0.5330 | thought 0.9404 dec_ce 1.6648 | 3.3 it/s
step   32650 | cos 0.5379 | thought 0.9035 dec_ce 1.4313 | 3.2 it/s
step   32700 | cos 0.5318 | compress_ce 0.4292 | 3.3 it/s
step   32750 | cos 0.5313 | compress_ce 0.0 | 3.3 it/s
step   32800 | cos 0.5355 | compress_ce 0.0256 | 3.3 it/s
step   32850 | cos 0.5291 | thought 0.9189 dec_ce 1.5088 | 3.3 it/s
step   32900 | cos 0.5347 | thought 0.9132 dec_ce 1.349 | 3.3 it/s
step   32950 | cos 0.5367 | thought 0.9149 dec_ce 1.5466 | 3.2 it/s
step   33000 | cos 0.5299 | thought 0.8997 dec_ce 1.485 | 3.4 it/s
step   33000 | VAL cos 0.5435 | VAL dec CE 2.6850
step   33050 | cos 0.5393 | thought 0.9258 dec_ce 1.3468 | 2.6 it/s
step   33100 | cos 0.5344 | thought 0.9351 dec_ce 1.3973 | 3.2 it/s
step   33150 | cos 0.5327 | thought 0.9334 dec_ce 1.3716 | 3.4 it/s
step   33200 | cos 0.5304 | thought 0.9555 dec_ce 1.5867 | 3.2 it/s
step   33250 | cos 0.5355 | thought 0.9132 dec_ce 1.5129 | 3.3 it/s
step   33300 | cos 0.5379 | thought 0.9232 dec_ce 1.5581 | 3.2 it/s
step   33350 | cos 0.5381 | thought 0.9019 dec_ce 1.5541 | 3.3 it/s
step   33400 | cos 0.5347 | thought 0.9425 dec_ce 1.5856 | 3.3 it/s
step   33450 | cos 0.5328 | thought 0.9436 dec_ce 1.4946 | 3.3 it/s
step   33500 | cos 0.5373 | compress_ce 0.0 | 3.2 it/s
step   33500 | VAL cos 0.5439 | VAL dec CE 2.6816
step   33550 | cos 0.5315 | compress_ce 0.0 | 2.7 it/s
step   33600 | cos 0.5363 | compress_ce 0.0 | 3.2 it/s
step   33650 | cos 0.5356 | thought 0.9715 dec_ce 1.7845 | 3.3 it/s
step   33700 | cos 0.5360 | thought 0.9064 dec_ce 1.2393 | 3.4 it/s
step   33750 | cos 0.5305 | thought 0.9663 dec_ce 1.6268 | 3.2 it/s
step   33800 | cos 0.5358 | compress_ce 0.0 | 3.2 it/s
step   33850 | cos 0.5307 | thought 0.9104 dec_ce 1.3709 | 3.3 it/s
step   33900 | cos 0.5316 | thought 0.9414 dec_ce 1.428 | 3.2 it/s
step   33950 | cos 0.5318 | thought 0.9325 dec_ce 1.3728 | 3.2 it/s
step   34000 | cos 0.5323 | compress_ce 0.0 | 3.1 it/s
step   34000 | VAL cos 0.5449 | VAL dec CE 2.6796
step   34050 | cos 0.5341 | thought 0.9174 dec_ce 1.5895 | 2.4 it/s
step   34100 | cos 0.5346 | compress_ce 0.0 | 3.3 it/s
step   34150 | cos 0.5349 | compress_ce 0.0 | 3.2 it/s
step   34200 | cos 0.5349 | compress_ce 0.0 | 3.3 it/s
step   34250 | cos 0.5365 | thought 0.8633 dec_ce 1.2987 | 3.2 it/s
step   34300 | cos 0.5291 | thought 0.9645 dec_ce 1.6269 | 3.2 it/s
step   34350 | cos 0.5369 | compress_ce 0.01 | 3.2 it/s
step   34400 | cos 0.5335 | compress_ce 0.0011 | 3.3 it/s
step   34450 | cos 0.5350 | compress_ce 0.0 | 3.2 it/s
step   34500 | cos 0.5349 | compress_ce 0.0 | 3.4 it/s
step   34500 | VAL cos 0.5455 | VAL dec CE 2.6760
step   34550 | cos 0.5390 | thought 0.9239 dec_ce 1.5021 | 2.6 it/s
step   34600 | cos 0.5322 | thought 0.9481 dec_ce 1.4588 | 3.3 it/s
step   34650 | cos 0.5406 | thought 0.9375 dec_ce 1.4313 | 3.3 it/s
step   34700 | cos 0.5366 | thought 0.9032 dec_ce 1.3944 | 3.3 it/s
step   34750 | cos 0.5390 | thought 0.9191 dec_ce 1.5549 | 3.3 it/s
step   34800 | cos 0.5324 | compress_ce 0.0 | 3.2 it/s
step   34850 | cos 0.5375 | thought 0.9394 dec_ce 1.5144 | 3.3 it/s
step   34900 | cos 0.5374 | thought 0.9513 dec_ce 1.4432 | 3.2 it/s
step   34950 | cos 0.5372 | thought 0.9125 dec_ce 1.4674 | 3.2 it/s
step   35000 | cos 0.5339 | thought 0.9564 dec_ce 1.5398 | 3.2 it/s
step   35000 | VAL cos 0.5456 | VAL dec CE 2.6753
step   35050 | cos 0.5297 | compress_ce 0.0162 | 2.5 it/s
step   35100 | cos 0.5391 | compress_ce 0.0001 | 3.2 it/s
step   35150 | cos 0.5339 | compress_ce 0.0 | 3.4 it/s
step   35200 | cos 0.5374 | compress_ce 0.0731 | 3.3 it/s
step   35250 | cos 0.5373 | thought 0.9324 dec_ce 1.3926 | 3.3 it/s
step   35300 | cos 0.5343 | thought 0.892 dec_ce 1.5218 | 3.4 it/s
step   35350 | cos 0.5371 | compress_ce 0.0 | 3.3 it/s
step   35400 | cos 0.5359 | compress_ce 0.0001 | 3.3 it/s
step   35450 | cos 0.5331 | thought 0.9154 dec_ce 1.3348 | 3.2 it/s
step   35500 | cos 0.5334 | thought 0.9255 dec_ce 1.5088 | 3.2 it/s
step   35500 | VAL cos 0.5460 | VAL dec CE 2.6733
step   35550 | cos 0.5387 | compress_ce 0.0002 | 2.7 it/s
step   35600 | cos 0.5392 | compress_ce 0.0002 | 3.3 it/s
step   35650 | cos 0.5358 | compress_ce 0.0 | 3.2 it/s
step   35700 | cos 0.5368 | compress_ce 0.0 | 3.3 it/s
step   35750 | cos 0.5403 | compress_ce 0.0 | 3.3 it/s
step   35800 | cos 0.5393 | thought 0.9877 dec_ce 1.6331 | 3.2 it/s
step   35850 | cos 0.5369 | compress_ce 0.0 | 3.2 it/s
step   35900 | cos 0.5369 | thought 0.92 dec_ce 1.5329 | 3.2 it/s
step   35950 | cos 0.5380 | thought 0.8877 dec_ce 1.3943 | 3.3 it/s
step   36000 | cos 0.5372 | compress_ce 0.0243 | 3.2 it/s
step   36000 | VAL cos 0.5460 | VAL dec CE 2.6701
step   36050 | cos 0.5368 | compress_ce 3.2707 | 2.6 it/s
step   36100 | cos 0.5367 | thought 0.9148 dec_ce 1.5499 | 3.3 it/s
step   36150 | cos 0.5374 | thought 0.9217 dec_ce 1.583 | 3.1 it/s
step   36200 | cos 0.5481 | compress_ce 0.0001 | 3.2 it/s
step   36250 | cos 0.5378 | compress_ce 0.0012 | 3.3 it/s
step   36300 | cos 0.5388 | thought 0.8883 dec_ce 1.3281 | 3.3 it/s
step   36350 | cos 0.5400 | thought 0.9466 dec_ce 1.529 | 3.2 it/s
step   36400 | cos 0.5390 | thought 0.9129 dec_ce 1.4645 | 3.3 it/s
step   36450 | cos 0.5327 | compress_ce 0.0055 | 3.2 it/s
step   36500 | cos 0.5381 | compress_ce 0.0 | 3.2 it/s
step   36500 | VAL cos 0.5464 | VAL dec CE 2.6669
step   36550 | cos 0.5410 | thought 0.8742 dec_ce 1.3473 | 2.7 it/s
step   36600 | cos 0.5364 | thought 0.9257 dec_ce 1.3575 | 3.2 it/s
step   36650 | cos 0.5405 | thought 0.8625 dec_ce 1.2174 | 3.3 it/s
step   36700 | cos 0.5430 | compress_ce 4.6936 | 3.3 it/s
step   36750 | cos 0.5353 | thought 0.9584 dec_ce 1.603 | 3.3 it/s
step   36800 | cos 0.5410 | thought 0.9176 dec_ce 1.5073 | 3.3 it/s
step   36850 | cos 0.5276 | thought 0.9504 dec_ce 1.3667 | 3.1 it/s
step   36900 | cos 0.5376 | compress_ce 0.0082 | 3.3 it/s
step   36950 | cos 0.5391 | compress_ce 0.0001 | 3.1 it/s
step   37000 | cos 0.5332 | thought 0.8836 dec_ce 1.4749 | 3.3 it/s
step   37000 | VAL cos 0.5466 | VAL dec CE 2.6670
step   37050 | cos 0.5397 | thought 0.9585 dec_ce 1.4732 | 2.8 it/s
step   37100 | cos 0.5332 | compress_ce 0.0 | 3.2 it/s
step   37150 | cos 0.5361 | thought 0.9578 dec_ce 1.8194 | 3.2 it/s
step   37200 | cos 0.5379 | compress_ce 0.0 | 3.2 it/s
step   37250 | cos 0.5372 | thought 0.8866 dec_ce 1.4058 | 3.3 it/s
step   37300 | cos 0.5351 | compress_ce 0.0001 | 3.2 it/s
step   37350 | cos 0.5364 | thought 0.915 dec_ce 1.3978 | 3.1 it/s
step   37400 | cos 0.5338 | thought 0.9365 dec_ce 1.2855 | 3.3 it/s
step   37450 | cos 0.5390 | compress_ce 0.0001 | 3.3 it/s
step   37500 | cos 0.5381 | compress_ce 0.0 | 3.2 it/s
step   37500 | VAL cos 0.5466 | VAL dec CE 2.6670
step   37550 | cos 0.5378 | thought 0.9416 dec_ce 1.6322 | 2.7 it/s
step   37600 | cos 0.5403 | compress_ce 0.0585 | 3.3 it/s
step   37650 | cos 0.5380 | thought 0.9108 dec_ce 1.346 | 3.3 it/s
step   37700 | cos 0.5358 | thought 0.8855 dec_ce 1.2083 | 3.2 it/s
step   37750 | cos 0.5337 | thought 0.9218 dec_ce 1.6758 | 3.1 it/s
step   37800 | cos 0.5392 | compress_ce 0.0 | 3.2 it/s
step   37850 | cos 0.5397 | compress_ce 0.0001 | 3.3 it/s
step   37900 | cos 0.5327 | compress_ce 0.0 | 3.2 it/s
step   37950 | cos 0.5362 | thought 0.9268 dec_ce 1.5049 | 3.2 it/s
step   38000 | cos 0.5345 | thought 0.8909 dec_ce 1.457 | 3.1 it/s
step   38000 | VAL cos 0.5469 | VAL dec CE 2.6638
step   38050 | cos 0.5410 | thought 0.915 dec_ce 1.6621 | 2.5 it/s
step   38100 | cos 0.5408 | compress_ce 0.0001 | 3.3 it/s
step   38150 | cos 0.5369 | thought 0.9136 dec_ce 1.6252 | 3.2 it/s
step   38200 | cos 0.5355 | compress_ce 0.0 | 3.3 it/s
step   38250 | cos 0.5409 | compress_ce 0.0 | 3.2 it/s
step   38300 | cos 0.5361 | compress_ce 0.4143 | 3.2 it/s
step   38350 | cos 0.5376 | thought 0.8987 dec_ce 1.4438 | 3.2 it/s
step   38400 | cos 0.5393 | thought 0.9169 dec_ce 1.4462 | 3.2 it/s
step   38450 | cos 0.5360 | thought 0.9151 dec_ce 1.3379 | 3.2 it/s
step   38500 | cos 0.5375 | thought 0.9799 dec_ce 1.6247 | 3.2 it/s
step   38500 | VAL cos 0.5470 | VAL dec CE 2.6624
step   38550 | cos 0.5359 | compress_ce 0.0002 | 2.6 it/s
step   38600 | cos 0.5388 | thought 0.9229 dec_ce 1.5473 | 3.3 it/s
step   38650 | cos 0.5403 | thought 0.9344 dec_ce 1.6211 | 3.3 it/s
step   38700 | cos 0.5388 | thought 0.945 dec_ce 1.4793 | 3.3 it/s
step   38750 | cos 0.5388 | compress_ce 0.0 | 3.3 it/s
step   38800 | cos 0.5441 | thought 0.8917 dec_ce 1.3849 | 3.2 it/s
step   38850 | cos 0.5363 | compress_ce 0.6372 | 3.3 it/s
step   38900 | cos 0.5387 | thought 0.9288 dec_ce 1.5857 | 3.3 it/s
step   38950 | cos 0.5429 | thought 0.9253 dec_ce 1.2413 | 3.3 it/s
step   39000 | cos 0.5343 | thought 0.9212 dec_ce 1.426 | 3.2 it/s
step   39000 | VAL cos 0.5471 | VAL dec CE 2.6583
step   39050 | cos 0.5368 | compress_ce 0.0 | 2.7 it/s
step   39100 | cos 0.5435 | thought 0.9244 dec_ce 1.4392 | 3.3 it/s
step   39150 | cos 0.5357 | compress_ce 0.0 | 3.3 it/s
step   39200 | cos 0.5365 | compress_ce 0.0 | 3.1 it/s
step   39250 | cos 0.5431 | compress_ce 0.0001 | 3.3 it/s
step   39300 | cos 0.5396 | thought 0.9754 dec_ce 1.7053 | 3.3 it/s
step   39350 | cos 0.5388 | thought 0.9568 dec_ce 1.4845 | 3.4 it/s
step   39400 | cos 0.5372 | thought 0.979 dec_ce 1.6653 | 3.2 it/s
step   39450 | cos 0.5398 | compress_ce 0.0 | 3.3 it/s
step   39500 | cos 0.5411 | compress_ce 0.0 | 3.3 it/s
step   39500 | VAL cos 0.5470 | VAL dec CE 2.6626
step   39550 | cos 0.5343 | compress_ce 0.6371 | 2.7 it/s
step   39600 | cos 0.5417 | compress_ce 0.0 | 3.3 it/s
step   39650 | cos 0.5406 | compress_ce 0.0 | 3.2 it/s
step   39700 | cos 0.5343 | thought 0.9583 dec_ce 1.6698 | 3.2 it/s
step   39750 | cos 0.5414 | compress_ce 0.0011 | 3.3 it/s
step   39800 | cos 0.5383 | thought 0.9282 dec_ce 1.5523 | 3.3 it/s
step   39850 | cos 0.5377 | thought 0.9023 dec_ce 1.4472 | 3.2 it/s
step   39900 | cos 0.5378 | thought 0.8827 dec_ce 1.4045 | 3.3 it/s
step   39950 | cos 0.5375 | compress_ce 0.0 | 3.3 it/s
step   40000 | cos 0.5404 | compress_ce 0.0 | 3.2 it/s
step   40000 | VAL cos 0.5476 | VAL dec CE 2.6599
step   40050 | cos 0.5347 | thought 0.961 dec_ce 1.5307 | 2.7 it/s
step   40100 | cos 0.5402 | compress_ce 0.0001 | 3.4 it/s
step   40150 | cos 0.5394 | thought 0.9116 dec_ce 1.4814 | 3.2 it/s
step   40200 | cos 0.5352 | compress_ce 0.0001 | 3.2 it/s
step   40250 | cos 0.5393 | thought 0.917 dec_ce 1.3474 | 3.3 it/s
step   40300 | cos 0.5429 | thought 0.8857 dec_ce 1.5922 | 3.3 it/s
step   40350 | cos 0.5406 | compress_ce 0.0027 | 3.3 it/s
step   40400 | cos 0.5404 | thought 0.8892 dec_ce 1.4092 | 3.3 it/s
step   40450 | cos 0.5404 | thought 0.9043 dec_ce 1.3947 | 3.2 it/s
step   40500 | cos 0.5396 | compress_ce 0.0 | 3.2 it/s
step   40500 | VAL cos 0.5475 | VAL dec CE 2.6585
step   40550 | cos 0.5371 | thought 0.9353 dec_ce 1.661 | 2.8 it/s
step   40600 | cos 0.5415 | compress_ce 0.0 | 3.3 it/s
step   40650 | cos 0.5396 | thought 0.9255 dec_ce 1.6442 | 3.3 it/s
step   40700 | cos 0.5418 | thought 0.919 dec_ce 1.3652 | 3.3 it/s
step   40750 | cos 0.5403 | compress_ce 0.0 | 3.3 it/s
step   40800 | cos 0.5425 | compress_ce 0.0 | 3.2 it/s
step   40850 | cos 0.5376 | thought 0.9101 dec_ce 1.462 | 3.3 it/s
step   40900 | cos 0.5417 | thought 0.9109 dec_ce 1.3923 | 3.3 it/s
step   40950 | cos 0.5414 | compress_ce 0.0 | 3.3 it/s
step   41000 | cos 0.5350 | thought 0.9587 dec_ce 1.6195 | 3.3 it/s
step   41000 | VAL cos 0.5480 | VAL dec CE 2.6573
step   41050 | cos 0.5398 | compress_ce 0.0 | 2.6 it/s
step   41100 | cos 0.5432 | thought 0.8667 dec_ce 1.3519 | 3.2 it/s
step   41150 | cos 0.5355 | compress_ce 0.0001 | 3.2 it/s
step   41200 | cos 0.5416 | compress_ce 0.0004 | 3.2 it/s
step   41250 | cos 0.5425 | compress_ce 0.0 | 3.3 it/s
step   41300 | cos 0.5389 | thought 0.9564 dec_ce 1.6242 | 3.3 it/s
step   41350 | cos 0.5412 | thought 0.9116 dec_ce 1.3727 | 3.3 it/s
step   41400 | cos 0.5427 | thought 0.8863 dec_ce 1.4492 | 3.2 it/s
step   41450 | cos 0.5385 | thought 0.9078 dec_ce 1.4949 | 3.3 it/s
step   41500 | cos 0.5398 | thought 0.9239 dec_ce 1.4459 | 3.2 it/s
step   41500 | VAL cos 0.5482 | VAL dec CE 2.6559
step   41550 | cos 0.5416 | thought 0.9134 dec_ce 1.4268 | 2.7 it/s
step   41600 | cos 0.5379 | compress_ce 0.0001 | 3.4 it/s
step   41650 | cos 0.5405 | thought 0.9406 dec_ce 1.7253 | 3.2 it/s
step   41700 | cos 0.5359 | thought 0.8842 dec_ce 1.3879 | 3.3 it/s
step   41750 | cos 0.5415 | compress_ce 0.0 | 3.2 it/s
step   41800 | cos 0.5386 | thought 0.8962 dec_ce 1.2692 | 3.2 it/s
step   41850 | cos 0.5384 | thought 0.871 dec_ce 1.1637 | 3.2 it/s
step   41900 | cos 0.5409 | thought 0.9019 dec_ce 1.3128 | 3.3 it/s
step   41950 | cos 0.5395 | thought 0.911 dec_ce 1.3111 | 3.3 it/s
step   42000 | cos 0.5371 | thought 0.9652 dec_ce 1.5896 | 3.2 it/s
step   42000 | VAL cos 0.5489 | VAL dec CE 2.6541
step   42050 | cos 0.5429 | compress_ce 0.0 | 1.8 it/s
step   42100 | cos 0.5430 | thought 0.8946 dec_ce 1.4813 | 3.2 it/s
step   42150 | cos 0.5383 | compress_ce 0.0001 | 3.1 it/s
step   42200 | cos 0.5383 | compress_ce 0.0 | 3.2 it/s
step   42250 | cos 0.5399 | thought 0.9241 dec_ce 1.447 | 3.2 it/s
step   42300 | cos 0.5413 | compress_ce 0.0012 | 3.3 it/s
step   42350 | cos 0.5428 | compress_ce 0.0 | 3.2 it/s
step   42400 | cos 0.5418 | thought 0.9577 dec_ce 1.49 | 3.3 it/s
step   42450 | cos 0.5405 | thought 0.9726 dec_ce 1.5715 | 3.2 it/s
step   42500 | cos 0.5375 | compress_ce 0.0 | 3.2 it/s
step   42500 | VAL cos 0.5489 | VAL dec CE 2.6556
step   42550 | cos 0.5399 | thought 0.9046 dec_ce 1.2632 | 2.7 it/s
step   42600 | cos 0.5389 | thought 0.9283 dec_ce 1.2262 | 3.3 it/s
step   42650 | cos 0.5420 | compress_ce 0.0004 | 3.2 it/s
step   42700 | cos 0.5396 | thought 0.9104 dec_ce 1.3908 | 3.1 it/s
step   42750 | cos 0.5364 | compress_ce 0.1368 | 3.2 it/s
step   42800 | cos 0.5420 | thought 0.9135 dec_ce 1.36 | 3.3 it/s
step   42850 | cos 0.5406 | compress_ce 0.0 | 3.2 it/s
step   42900 | cos 0.5443 | thought 0.9304 dec_ce 1.3771 | 3.3 it/s
step   42950 | cos 0.5407 | thought 0.9115 dec_ce 1.4426 | 3.3 it/s
step   43000 | cos 0.5384 | compress_ce 0.0015 | 3.2 it/s
step   43000 | VAL cos 0.5490 | VAL dec CE 2.6547
step   43050 | cos 0.5389 | compress_ce 0.0 | 2.7 it/s
step   43100 | cos 0.5378 | thought 0.9264 dec_ce 1.5684 | 3.2 it/s
step   43150 | cos 0.5400 | thought 0.9419 dec_ce 1.4518 | 3.2 it/s
step   43200 | cos 0.5415 | thought 0.9406 dec_ce 1.5492 | 3.3 it/s
step   43250 | cos 0.5410 | thought 0.9115 dec_ce 1.3414 | 3.3 it/s
step   43300 | cos 0.5377 | compress_ce 0.0 | 3.3 it/s
step   43350 | cos 0.5380 | thought 0.9576 dec_ce 1.4826 | 3.2 it/s
step   43400 | cos 0.5370 | compress_ce 0.0 | 3.3 it/s
step   43450 | cos 0.5418 | compress_ce 1.7569 | 3.2 it/s
step   43500 | cos 0.5390 | compress_ce 0.0001 | 3.2 it/s
step   43500 | VAL cos 0.5489 | VAL dec CE 2.6545
step   43550 | cos 0.5448 | compress_ce 0.465 | 2.7 it/s
step   43600 | cos 0.5440 | compress_ce 0.0002 | 3.2 it/s
step   43650 | cos 0.5443 | thought 0.8995 dec_ce 1.3965 | 3.2 it/s
step   43700 | cos 0.5432 | thought 0.9116 dec_ce 1.5113 | 3.3 it/s
step   43750 | cos 0.5405 | compress_ce 0.0 | 3.2 it/s
step   43800 | cos 0.5401 | compress_ce 0.3005 | 3.3 it/s
step   43850 | cos 0.5357 | compress_ce 0.0002 | 3.3 it/s
step   43900 | cos 0.5414 | compress_ce 0.0002 | 3.2 it/s
step   43950 | cos 0.5437 | thought 0.8781 dec_ce 1.4242 | 3.3 it/s
step   44000 | cos 0.5441 | thought 0.8833 dec_ce 1.3403 | 3.2 it/s
step   44000 | VAL cos 0.5490 | VAL dec CE 2.6535
step   44050 | cos 0.5363 | thought 0.9739 dec_ce 1.4888 | 2.5 it/s
step   44100 | cos 0.5419 | thought 0.9077 dec_ce 1.3294 | 3.3 it/s
step   44150 | cos 0.5367 | thought 0.9804 dec_ce 1.6508 | 3.2 it/s
step   44200 | cos 0.5380 | compress_ce 2.0944 | 3.3 it/s
step   44250 | cos 0.5406 | compress_ce 0.0 | 3.2 it/s
step   44300 | cos 0.5368 | compress_ce 0.0 | 3.1 it/s
step   44350 | cos 0.5428 | thought 0.9357 dec_ce 1.4159 | 3.3 it/s
wall-clock cap reached at step 44368

Run 'R4_BIG30_4H' done: 44368 steps | final val cos 0.5494 | dec CE 2.6516
/home/nochi/vault/projects/ThoughtVectors/thoughtvec/.venv/lib/python3.12/site-packages/torch/nn/modules/transformer.py:392: UserWarning: enable_nested_tensor is True, but self.use_nested_tensor is False because encoder_layer.norm_first was True
  warnings.warn(
{"ckpt": "checkpoints/R4_BIG30_4H/best.pt", "val_cos": 0.4132, "val_dec_ce": 2.9441, "ref_f1": 0.2756, "distinct1": 0.0186, "distinct2": 0.0745, "len_ratio": 1.227, "out_vectors": 8.0, "rows": 1024}
--- round-trip guard R4_BIG30_4H ---
/home/nochi/vault/projects/ThoughtVectors/thoughtvec/.venv/lib/python3.12/site-packages/torch/nn/modules/transformer.py:392: UserWarning: enable_nested_tensor is True, but self.use_nested_tensor is False because encoder_layer.norm_first was True
  warnings.warn(
{
  "ckpt": "checkpoints/R4_BIG30_4H/best.pt",
  "verdict": "PASS",
  "worst_delta": 0.0001,
  "tol": 0.05,
  "per_prefix": [
    {
      "k": 2,
      "frozen_ce": 4.9181,
      "modified_ce": 4.8838,
      "delta": -0.0343
    },
    {
      "k": 8,
      "frozen_ce": 2.6382,
      "modified_ce": 2.5898,
      "delta": -0.0484
    },
    {
      "k": 128,
      "frozen_ce": 0.0,
      "modified_ce": 0.0001,
      "delta": 0.0001
    },
    {
      "k": 256,
      "frozen_ce": 0.0,
      "modified_ce": 0.0,
      "delta": 0.0
    }
  ]
}
