/home/nochi/vault/projects/ThoughtVectors/thoughtvec/.venv/lib/python3.12/site-packages/torch/nn/modules/transformer.py:392: UserWarning: enable_nested_tensor is True, but self.use_nested_tensor is False because encoder_layer.norm_first was True
  warnings.warn(
thinker params: 15.10M (codec d=384, frozen=True)
step      50 | cos 0.0372 | thought 2.5156 dec_ce 2.7081 contrast 0.7227 | 4.1 it/s
step     100 | cos 0.0945 | thought 2.3113 dec_ce 2.4078 contrast 0.755 | 4.5 it/s
step     150 | cos 0.1685 | thought 2.1279 dec_ce 2.2597 contrast 0.7206 | 4.4 it/s
step     200 | cos 0.2081 | thought 2.1287 dec_ce 2.4106 contrast 0.7685 | 4.5 it/s
step     250 | cos 0.2318 | thought 2.0361 dec_ce 2.3375 contrast 0.7122 | 4.4 it/s
step     300 | cos 0.2471 | thought 2.0001 dec_ce 2.2286 contrast 0.7237 | 4.6 it/s
step     350 | cos 0.2587 | thought 1.9096 dec_ce 2.1162 contrast 0.7009 | 4.6 it/s
step     400 | cos 0.2660 | thought 1.9497 dec_ce 2.3985 contrast 0.6702 | 4.5 it/s
step     450 | cos 0.2827 | thought 1.8206 dec_ce 2.2545 contrast 0.67 | 4.4 it/s
step     500 | cos 0.3022 | thought 1.8215 dec_ce 2.1509 contrast 0.6506 | 4.7 it/s
step     500 | VAL cos 0.3237 | VAL dec CE 4.2489
step     550 | cos 0.3284 | thought 1.6997 dec_ce 2.1841 contrast 0.6809 | 3.8 it/s
step     600 | cos 0.3558 | thought 1.6103 dec_ce 2.0548 contrast 0.6339 | 4.5 it/s
step     650 | cos 0.3659 | thought 1.6384 dec_ce 2.2023 contrast 0.6096 | 4.5 it/s
step     700 | cos 0.3828 | thought 1.6323 dec_ce 2.2569 contrast 0.6096 | 4.6 it/s
step     750 | cos 0.3904 | thought 1.5319 dec_ce 2.3483 contrast 0.5503 | 4.5 it/s
step     800 | cos 0.3975 | thought 1.5378 dec_ce 2.0545 contrast 0.4885 | 4.5 it/s
step     850 | cos 0.4108 | thought 1.4777 dec_ce 2.2393 contrast 0.4743 | 4.5 it/s
step     900 | cos 0.4176 | thought 1.5226 dec_ce 2.3356 contrast 0.4848 | 4.4 it/s
step     950 | cos 0.4219 | thought 1.5327 dec_ce 2.2694 contrast 0.4619 | 4.6 it/s
step    1000 | cos 0.4210 | thought 1.4329 dec_ce 2.1164 contrast 0.4691 | 4.4 it/s
step    1000 | VAL cos 0.4407 | VAL dec CE 4.0875
step    1050 | cos 0.4275 | thought 1.4518 dec_ce 2.1551 contrast 0.5124 | 3.6 it/s
step    1100 | cos 0.4335 | thought 1.4453 dec_ce 2.2815 contrast 0.4807 | 4.4 it/s
step    1150 | cos 0.4316 | thought 1.3651 dec_ce 2.086 contrast 0.4938 | 4.4 it/s
step    1200 | cos 0.4367 | thought 1.3526 dec_ce 2.1787 contrast 0.4717 | 4.5 it/s
step    1250 | cos 0.4360 | thought 1.3551 dec_ce 2.1638 contrast 0.3938 | 4.4 it/s
step    1300 | cos 0.4446 | thought 1.3227 dec_ce 2.1969 contrast 0.4345 | 4.6 it/s
step    1350 | cos 0.4437 | thought 1.3481 dec_ce 2.1284 contrast 0.4457 | 4.5 it/s
step    1400 | cos 0.4486 | thought 1.3136 dec_ce 2.1047 contrast 0.4465 | 4.5 it/s
step    1450 | cos 0.4471 | thought 1.2542 dec_ce 2.1432 contrast 0.4843 | 4.4 it/s
step    1500 | cos 0.4493 | thought 1.2717 dec_ce 2.198 contrast 0.4546 | 4.4 it/s
step    1500 | VAL cos 0.4593 | VAL dec CE 4.0390
step    1550 | cos 0.4501 | thought 1.203 dec_ce 2.0111 contrast 0.4759 | 3.5 it/s
step    1600 | cos 0.4562 | thought 1.2095 dec_ce 2.0138 contrast 0.4389 | 4.5 it/s
step    1650 | cos 0.4534 | thought 1.1659 dec_ce 1.9926 contrast 0.4735 | 4.4 it/s
step    1700 | cos 0.4564 | thought 1.2166 dec_ce 2.0659 contrast 0.459 | 4.5 it/s
step    1750 | cos 0.4590 | thought 1.1798 dec_ce 2.0749 contrast 0.4505 | 4.5 it/s
step    1800 | cos 0.4564 | thought 1.1742 dec_ce 2.3361 contrast 0.4934 | 4.4 it/s
step    1850 | cos 0.4558 | thought 1.2152 dec_ce 2.1663 contrast 0.4293 | 4.6 it/s
step    1900 | cos 0.4543 | thought 1.147 dec_ce 2.1219 contrast 0.405 | 4.5 it/s
step    1950 | cos 0.4584 | thought 1.1614 dec_ce 2.2131 contrast 0.4436 | 4.4 it/s
step    2000 | cos 0.4583 | thought 1.1155 dec_ce 2.1172 contrast 0.397 | 4.5 it/s
step    2000 | VAL cos 0.4727 | VAL dec CE 3.9999
step    2050 | cos 0.4573 | thought 1.1233 dec_ce 2.0211 contrast 0.4272 | 3.5 it/s
step    2100 | cos 0.4608 | thought 1.1711 dec_ce 2.1293 contrast 0.4363 | 4.4 it/s
step    2150 | cos 0.4577 | thought 1.2057 dec_ce 2.2506 contrast 0.3832 | 4.5 it/s
step    2200 | cos 0.4605 | thought 1.141 dec_ce 2.1308 contrast 0.4639 | 4.5 it/s
step    2250 | cos 0.4632 | thought 1.0886 dec_ce 2.1578 contrast 0.4354 | 4.5 it/s
step    2300 | cos 0.4624 | thought 1.0969 dec_ce 2.1677 contrast 0.4211 | 4.5 it/s
step    2350 | cos 0.4634 | thought 1.129 dec_ce 2.2337 contrast 0.3717 | 4.5 it/s
step    2400 | cos 0.4621 | thought 1.1669 dec_ce 2.1955 contrast 0.3947 | 4.5 it/s
step    2450 | cos 0.4635 | thought 1.1136 dec_ce 2.2389 contrast 0.4009 | 4.5 it/s
step    2500 | cos 0.4648 | thought 1.0618 dec_ce 2.0281 contrast 0.4139 | 4.6 it/s
step    2500 | VAL cos 0.4795 | VAL dec CE 4.0067
step    2550 | cos 0.4608 | thought 1.0711 dec_ce 2.1004 contrast 0.3662 | 3.6 it/s
step    2600 | cos 0.4654 | thought 1.0667 dec_ce 2.0172 contrast 0.4349 | 4.5 it/s
step    2650 | cos 0.4645 | thought 1.1056 dec_ce 2.2123 contrast 0.3827 | 4.5 it/s
step    2700 | cos 0.4639 | thought 1.0988 dec_ce 2.2317 contrast 0.4076 | 4.4 it/s
step    2750 | cos 0.4653 | thought 1.0553 dec_ce 2.0235 contrast 0.426 | 4.5 it/s
step    2800 | cos 0.4634 | thought 1.0487 dec_ce 2.0993 contrast 0.4621 | 4.5 it/s
step    2850 | cos 0.4662 | thought 1.06 dec_ce 2.262 contrast 0.394 | 4.5 it/s
step    2900 | cos 0.4676 | thought 1.0875 dec_ce 2.0797 contrast 0.474 | 4.5 it/s
step    2950 | cos 0.4643 | thought 1.0412 dec_ce 1.9975 contrast 0.4349 | 4.4 it/s
step    3000 | cos 0.4619 | thought 1.0806 dec_ce 2.0943 contrast 0.3941 | 4.4 it/s
step    3000 | VAL cos 0.4785 | VAL dec CE 4.0024
step    3050 | cos 0.4664 | thought 1.0101 dec_ce 1.9035 contrast 0.4252 | 3.5 it/s
step    3100 | cos 0.4673 | thought 1.0616 dec_ce 2.1727 contrast 0.4287 | 4.6 it/s
step    3150 | cos 0.4686 | thought 1.0942 dec_ce 2.3633 contrast 0.3925 | 4.5 it/s
step    3200 | cos 0.4679 | thought 1.0433 dec_ce 2.0923 contrast 0.456 | 4.4 it/s
step    3250 | cos 0.4656 | thought 1.0659 dec_ce 2.107 contrast 0.4107 | 4.4 it/s
step    3300 | cos 0.4682 | thought 1.0866 dec_ce 2.2145 contrast 0.3998 | 4.5 it/s
step    3350 | cos 0.4657 | thought 1.0991 dec_ce 2.0704 contrast 0.4028 | 4.5 it/s
step    3400 | cos 0.4676 | thought 1.0579 dec_ce 2.0517 contrast 0.4044 | 4.5 it/s
step    3450 | cos 0.4690 | thought 1.0575 dec_ce 2.0978 contrast 0.3861 | 4.4 it/s
step    3500 | cos 0.4674 | thought 1.085 dec_ce 2.0479 contrast 0.4142 | 4.4 it/s
step    3500 | VAL cos 0.4777 | VAL dec CE 4.0014
step    3550 | cos 0.4656 | thought 1.0495 dec_ce 2.1605 contrast 0.3847 | 3.5 it/s
step    3600 | cos 0.4681 | thought 1.0621 dec_ce 2.2432 contrast 0.406 | 4.5 it/s
step    3650 | cos 0.4646 | thought 1.0453 dec_ce 2.0555 contrast 0.3616 | 4.4 it/s
step    3700 | cos 0.4700 | thought 1.0672 dec_ce 2.0757 contrast 0.4117 | 4.5 it/s
step    3750 | cos 0.4702 | thought 1.0655 dec_ce 2.1396 contrast 0.4055 | 4.5 it/s
step    3800 | cos 0.4694 | thought 1.0614 dec_ce 2.0523 contrast 0.4275 | 4.5 it/s
step    3850 | cos 0.4670 | thought 1.0781 dec_ce 2.2922 contrast 0.3447 | 4.5 it/s
step    3900 | cos 0.4722 | thought 1.0958 dec_ce 2.2106 contrast 0.3599 | 4.6 it/s
step    3950 | cos 0.4688 | thought 1.0158 dec_ce 2.1304 contrast 0.4093 | 4.4 it/s
step    4000 | cos 0.4698 | thought 1.1121 dec_ce 2.1395 contrast 0.3679 | 4.5 it/s
step    4000 | VAL cos 0.4866 | VAL dec CE 3.9712
step    4050 | cos 0.4706 | thought 1.1164 dec_ce 2.3492 contrast 0.3541 | 3.5 it/s
step    4100 | cos 0.4701 | thought 1.0812 dec_ce 2.087 contrast 0.3275 | 4.5 it/s
step    4150 | cos 0.4716 | thought 0.9955 dec_ce 1.9747 contrast 0.3504 | 4.4 it/s
step    4200 | cos 0.4683 | thought 1.0468 dec_ce 2.1085 contrast 0.3428 | 4.5 it/s
step    4250 | cos 0.4687 | thought 1.0935 dec_ce 2.2626 contrast 0.417 | 4.5 it/s
step    4300 | cos 0.4708 | thought 1.0365 dec_ce 2.234 contrast 0.3653 | 4.5 it/s
step    4350 | cos 0.4683 | thought 1.0509 dec_ce 2.0135 contrast 0.3516 | 4.5 it/s
step    4400 | cos 0.4714 | thought 1.0444 dec_ce 2.0867 contrast 0.3575 | 4.5 it/s
step    4450 | cos 0.4714 | thought 1.096 dec_ce 2.2538 contrast 0.3811 | 4.5 it/s
step    4500 | cos 0.4736 | thought 1.0696 dec_ce 2.1372 contrast 0.3622 | 4.6 it/s
step    4500 | VAL cos 0.4879 | VAL dec CE 4.0113
step    4550 | cos 0.4700 | thought 1.0538 dec_ce 1.9972 contrast 0.4184 | 3.7 it/s
step    4600 | cos 0.4715 | thought 1.046 dec_ce 2.1452 contrast 0.3485 | 4.5 it/s
step    4650 | cos 0.4728 | thought 1.0258 dec_ce 2.0747 contrast 0.452 | 4.4 it/s
step    4700 | cos 0.4708 | thought 1.0705 dec_ce 2.1628 contrast 0.3899 | 4.5 it/s
step    4750 | cos 0.4760 | thought 1.0368 dec_ce 1.9419 contrast 0.4091 | 4.5 it/s
step    4800 | cos 0.4729 | thought 1.0621 dec_ce 2.1895 contrast 0.4117 | 4.6 it/s
step    4850 | cos 0.4729 | thought 1.0668 dec_ce 2.0648 contrast 0.3649 | 4.5 it/s
step    4900 | cos 0.4741 | thought 1.0169 dec_ce 2.0022 contrast 0.3875 | 4.4 it/s
step    4950 | cos 0.4703 | thought 1.0934 dec_ce 2.3279 contrast 0.3333 | 4.5 it/s
step    5000 | cos 0.4736 | thought 1.0732 dec_ce 2.1234 contrast 0.3713 | 4.6 it/s
step    5000 | VAL cos 0.4844 | VAL dec CE 3.9708
step    5050 | cos 0.4726 | thought 1.0525 dec_ce 2.259 contrast 0.3788 | 3.5 it/s
step    5100 | cos 0.4705 | thought 1.0899 dec_ce 2.1898 contrast 0.4099 | 4.5 it/s
step    5150 | cos 0.4712 | thought 1.0584 dec_ce 2.1774 contrast 0.3112 | 4.4 it/s
step    5200 | cos 0.4741 | thought 1.0522 dec_ce 2.1065 contrast 0.363 | 4.4 it/s
step    5250 | cos 0.4716 | thought 1.0345 dec_ce 2.0612 contrast 0.3407 | 4.6 it/s
step    5300 | cos 0.4696 | thought 1.0555 dec_ce 2.208 contrast 0.3547 | 4.4 it/s
step    5350 | cos 0.4753 | thought 1.0844 dec_ce 2.1889 contrast 0.3413 | 4.6 it/s
step    5400 | cos 0.4713 | thought 1.0549 dec_ce 2.172 contrast 0.3857 | 4.4 it/s
step    5450 | cos 0.4717 | thought 1.0908 dec_ce 2.0562 contrast 0.3848 | 4.5 it/s
step    5500 | cos 0.4726 | thought 1.0562 dec_ce 2.1485 contrast 0.3663 | 4.6 it/s
step    5500 | VAL cos 0.4874 | VAL dec CE 3.9608
step    5550 | cos 0.4712 | thought 1.0672 dec_ce 2.1008 contrast 0.3858 | 3.5 it/s
step    5600 | cos 0.4724 | thought 1.0704 dec_ce 2.2538 contrast 0.3305 | 4.4 it/s
step    5650 | cos 0.4724 | thought 1.0529 dec_ce 2.0854 contrast 0.3519 | 4.5 it/s
step    5700 | cos 0.4704 | thought 1.0237 dec_ce 2.0157 contrast 0.4477 | 4.5 it/s
step    5750 | cos 0.4723 | thought 1.0965 dec_ce 2.2696 contrast 0.3267 | 4.5 it/s
step    5800 | cos 0.4706 | thought 1.0611 dec_ce 2.243 contrast 0.3632 | 4.5 it/s
step    5850 | cos 0.4715 | thought 1.096 dec_ce 2.1257 contrast 0.3664 | 4.5 it/s
step    5900 | cos 0.4740 | thought 1.0514 dec_ce 2.134 contrast 0.3721 | 4.7 it/s
step    5950 | cos 0.4743 | thought 1.0658 dec_ce 2.2261 contrast 0.363 | 4.5 it/s
step    6000 | cos 0.4724 | thought 1.021 dec_ce 1.9569 contrast 0.3936 | 4.5 it/s
step    6000 | VAL cos 0.4845 | VAL dec CE 3.9594
step    6050 | cos 0.4719 | thought 1.0586 dec_ce 2.2166 contrast 0.3497 | 3.5 it/s
step    6100 | cos 0.4752 | thought 0.9883 dec_ce 1.9778 contrast 0.3516 | 4.5 it/s
step    6150 | cos 0.4760 | thought 1.0693 dec_ce 2.1254 contrast 0.3846 | 4.6 it/s
step    6200 | cos 0.4744 | thought 1.0651 dec_ce 2.1305 contrast 0.3869 | 4.6 it/s
step    6250 | cos 0.4761 | thought 1.0526 dec_ce 2.0253 contrast 0.3157 | 4.5 it/s
step    6300 | cos 0.4741 | thought 1.0427 dec_ce 2.1325 contrast 0.3433 | 4.5 it/s
step    6350 | cos 0.4759 | thought 1.0427 dec_ce 2.1195 contrast 0.357 | 4.5 it/s
step    6400 | cos 0.4759 | thought 0.9885 dec_ce 1.9907 contrast 0.3241 | 4.6 it/s
step    6450 | cos 0.4762 | thought 1.1147 dec_ce 2.2481 contrast 0.4045 | 4.4 it/s
step    6500 | cos 0.4749 | thought 1.0334 dec_ce 2.1119 contrast 0.4302 | 4.5 it/s
step    6500 | VAL cos 0.4859 | VAL dec CE 3.9579
step    6550 | cos 0.4707 | thought 1.0589 dec_ce 2.1271 contrast 0.382 | 3.5 it/s
step    6600 | cos 0.4744 | thought 1.0675 dec_ce 2.1468 contrast 0.3479 | 4.6 it/s
step    6650 | cos 0.4722 | thought 1.0387 dec_ce 1.9786 contrast 0.4005 | 4.4 it/s
step    6700 | cos 0.4749 | thought 1.0211 dec_ce 2.1227 contrast 0.347 | 4.5 it/s
step    6750 | cos 0.4726 | thought 1.0265 dec_ce 2.0884 contrast 0.3883 | 4.6 it/s
step    6800 | cos 0.4733 | thought 1.0837 dec_ce 2.2218 contrast 0.3577 | 4.5 it/s
step    6850 | cos 0.4728 | thought 1.0566 dec_ce 2.0137 contrast 0.3974 | 4.5 it/s
step    6900 | cos 0.4779 | thought 1.058 dec_ce 2.1139 contrast 0.3169 | 4.6 it/s
step    6950 | cos 0.4742 | thought 1.0709 dec_ce 2.046 contrast 0.3728 | 4.5 it/s
step    7000 | cos 0.4761 | thought 1.0834 dec_ce 2.4233 contrast 0.3662 | 4.5 it/s
step    7000 | VAL cos 0.4901 | VAL dec CE 3.9518
step    7050 | cos 0.4689 | thought 1.0017 dec_ce 1.8789 contrast 0.3337 | 3.4 it/s
step    7100 | cos 0.4799 | thought 1.0041 dec_ce 2.1086 contrast 0.4006 | 4.6 it/s
step    7150 | cos 0.4783 | thought 1.0537 dec_ce 2.0345 contrast 0.4034 | 4.5 it/s
step    7200 | cos 0.4753 | thought 1.0767 dec_ce 2.1271 contrast 0.3917 | 4.5 it/s
step    7250 | cos 0.4747 | thought 1.1105 dec_ce 2.3717 contrast 0.2915 | 4.4 it/s
step    7300 | cos 0.4761 | thought 1.0211 dec_ce 2.1049 contrast 0.3505 | 4.5 it/s
step    7350 | cos 0.4791 | thought 1.0172 dec_ce 1.9244 contrast 0.3944 | 4.6 it/s
step    7400 | cos 0.4781 | thought 0.9923 dec_ce 1.9209 contrast 0.3552 | 4.6 it/s
step    7450 | cos 0.4739 | thought 1.0314 dec_ce 2.1217 contrast 0.3679 | 4.4 it/s
step    7500 | cos 0.4769 | thought 1.044 dec_ce 2.1374 contrast 0.4101 | 4.4 it/s
step    7500 | VAL cos 0.4898 | VAL dec CE 3.9511
step    7550 | cos 0.4770 | thought 1.0386 dec_ce 2.0959 contrast 0.3986 | 3.6 it/s
step    7600 | cos 0.4759 | thought 1.0475 dec_ce 2.2247 contrast 0.3311 | 4.5 it/s
step    7650 | cos 0.4768 | thought 1.0751 dec_ce 2.2199 contrast 0.4495 | 4.5 it/s
step    7700 | cos 0.4740 | thought 1.0595 dec_ce 2.081 contrast 0.3424 | 4.5 it/s
step    7750 | cos 0.4735 | thought 1.0388 dec_ce 2.0149 contrast 0.3621 | 4.6 it/s
step    7800 | cos 0.4737 | thought 1.0924 dec_ce 2.1466 contrast 0.3544 | 4.5 it/s
step    7850 | cos 0.4756 | thought 1.0694 dec_ce 2.1146 contrast 0.3172 | 4.5 it/s
step    7900 | cos 0.4739 | thought 1.1037 dec_ce 2.3205 contrast 0.3324 | 4.6 it/s
step    7950 | cos 0.4775 | thought 1.0385 dec_ce 2.1241 contrast 0.3433 | 4.5 it/s
step    8000 | cos 0.4758 | thought 1.0132 dec_ce 2.0082 contrast 0.32 | 4.5 it/s
step    8000 | VAL cos 0.4821 | VAL dec CE 3.9511
step    8050 | cos 0.4777 | thought 1.0152 dec_ce 2.0314 contrast 0.3511 | 3.5 it/s
step    8100 | cos 0.4789 | thought 1.0187 dec_ce 2.0327 contrast 0.3547 | 4.7 it/s
step    8150 | cos 0.4763 | thought 1.0126 dec_ce 1.9123 contrast 0.3925 | 4.6 it/s
step    8200 | cos 0.4778 | thought 0.9818 dec_ce 2.0226 contrast 0.3323 | 4.4 it/s
step    8250 | cos 0.4793 | thought 1.0035 dec_ce 1.9455 contrast 0.3773 | 4.4 it/s
step    8300 | cos 0.4766 | thought 1.041 dec_ce 2.1615 contrast 0.359 | 4.5 it/s
step    8350 | cos 0.4775 | thought 1.0115 dec_ce 1.9742 contrast 0.3272 | 4.5 it/s
step    8400 | cos 0.4755 | thought 1.0561 dec_ce 2.192 contrast 0.3712 | 4.5 it/s
step    8450 | cos 0.4762 | thought 1.0377 dec_ce 2.0089 contrast 0.3984 | 4.6 it/s
step    8500 | cos 0.4757 | thought 1.0516 dec_ce 2.0915 contrast 0.3084 | 4.5 it/s
step    8500 | VAL cos 0.4895 | VAL dec CE 3.9484
step    8550 | cos 0.4737 | thought 1.065 dec_ce 2.1486 contrast 0.364 | 3.5 it/s
step    8600 | cos 0.4767 | thought 0.9948 dec_ce 1.9436 contrast 0.3808 | 4.5 it/s
step    8650 | cos 0.4776 | thought 1.0768 dec_ce 2.2171 contrast 0.3196 | 4.6 it/s
step    8700 | cos 0.4767 | thought 1.0705 dec_ce 2.0903 contrast 0.3843 | 4.5 it/s
step    8750 | cos 0.4793 | thought 0.9918 dec_ce 2.1141 contrast 0.2761 | 4.6 it/s
step    8800 | cos 0.4772 | thought 1.0243 dec_ce 2.1316 contrast 0.3955 | 4.5 it/s
step    8850 | cos 0.4764 | thought 1.0467 dec_ce 2.2511 contrast 0.2945 | 4.5 it/s
step    8900 | cos 0.4780 | thought 1.0484 dec_ce 2.2364 contrast 0.3257 | 4.5 it/s
step    8950 | cos 0.4746 | thought 1.082 dec_ce 2.008 contrast 0.3524 | 4.5 it/s
step    9000 | cos 0.4788 | thought 1.0679 dec_ce 2.045 contrast 0.4017 | 4.6 it/s
step    9000 | VAL cos 0.4921 | VAL dec CE 3.9358
step    9050 | cos 0.4784 | thought 1.0356 dec_ce 2.1028 contrast 0.3457 | 3.5 it/s
step    9100 | cos 0.4773 | thought 1.0164 dec_ce 2.012 contrast 0.3494 | 4.5 it/s
step    9150 | cos 0.4813 | thought 1.0479 dec_ce 2.1938 contrast 0.3292 | 4.5 it/s
step    9200 | cos 0.4794 | thought 1.046 dec_ce 2.065 contrast 0.3636 | 4.7 it/s
step    9250 | cos 0.4783 | thought 1.0788 dec_ce 2.2665 contrast 0.3311 | 4.6 it/s
step    9300 | cos 0.4779 | thought 1.0661 dec_ce 2.1407 contrast 0.3317 | 4.6 it/s
step    9350 | cos 0.4793 | thought 1.0229 dec_ce 2.0494 contrast 0.3493 | 4.5 it/s
step    9400 | cos 0.4762 | thought 1.0436 dec_ce 2.0984 contrast 0.3317 | 4.4 it/s
step    9450 | cos 0.4764 | thought 1.0761 dec_ce 2.2434 contrast 0.3978 | 4.6 it/s
step    9500 | cos 0.4775 | thought 1.0259 dec_ce 2.1173 contrast 0.3638 | 4.5 it/s
step    9500 | VAL cos 0.4884 | VAL dec CE 3.9339
step    9550 | cos 0.4791 | thought 1.0407 dec_ce 2.0004 contrast 0.3065 | 3.6 it/s
step    9600 | cos 0.4765 | thought 1.0735 dec_ce 2.0662 contrast 0.3206 | 4.5 it/s
step    9650 | cos 0.4802 | thought 1.0725 dec_ce 2.2043 contrast 0.3174 | 4.5 it/s
step    9700 | cos 0.4785 | thought 1.0816 dec_ce 2.1344 contrast 0.3114 | 4.5 it/s
step    9750 | cos 0.4795 | thought 0.9966 dec_ce 1.8258 contrast 0.314 | 4.5 it/s
step    9800 | cos 0.4755 | thought 1.0272 dec_ce 1.9587 contrast 0.4045 | 4.5 it/s
step    9850 | cos 0.4794 | thought 1.0637 dec_ce 2.1145 contrast 0.3279 | 4.5 it/s
step    9900 | cos 0.4802 | thought 1.0742 dec_ce 2.2325 contrast 0.3152 | 4.4 it/s
step    9950 | cos 0.4773 | thought 1.0261 dec_ce 2.0434 contrast 0.3779 | 4.6 it/s
step   10000 | cos 0.4751 | thought 1.0057 dec_ce 1.9425 contrast 0.4128 | 4.5 it/s
step   10000 | VAL cos 0.4932 | VAL dec CE 3.9301
step   10050 | cos 0.4798 | thought 0.999 dec_ce 1.9262 contrast 0.3179 | 3.4 it/s
step   10100 | cos 0.4793 | thought 1.015 dec_ce 2.0017 contrast 0.3328 | 4.6 it/s
step   10150 | cos 0.4768 | thought 1.0008 dec_ce 2.0692 contrast 0.3253 | 4.5 it/s
step   10200 | cos 0.4802 | thought 1.0579 dec_ce 2.0521 contrast 0.3551 | 4.5 it/s
step   10250 | cos 0.4751 | thought 0.9726 dec_ce 2.057 contrast 0.3103 | 4.5 it/s
step   10300 | cos 0.4752 | thought 1.0606 dec_ce 2.1686 contrast 0.3137 | 4.5 it/s
step   10350 | cos 0.4811 | thought 1.0557 dec_ce 2.1107 contrast 0.3264 | 4.5 it/s
step   10400 | cos 0.4751 | thought 1.0278 dec_ce 2.0608 contrast 0.3277 | 4.4 it/s
step   10450 | cos 0.4739 | thought 1.0684 dec_ce 2.0729 contrast 0.4062 | 4.5 it/s
step   10500 | cos 0.4791 | thought 1.0748 dec_ce 2.2773 contrast 0.2899 | 4.4 it/s
step   10500 | VAL cos 0.4954 | VAL dec CE 3.9299
step   10550 | cos 0.4760 | thought 1.0947 dec_ce 2.0884 contrast 0.3373 | 3.5 it/s
step   10600 | cos 0.4789 | thought 1.037 dec_ce 2.1358 contrast 0.3487 | 4.4 it/s
step   10650 | cos 0.4800 | thought 1.0503 dec_ce 2.2742 contrast 0.2878 | 4.6 it/s
step   10700 | cos 0.4780 | thought 1.0562 dec_ce 2.2068 contrast 0.2949 | 4.5 it/s
step   10750 | cos 0.4818 | thought 1.0205 dec_ce 1.972 contrast 0.3145 | 4.5 it/s
step   10800 | cos 0.4803 | thought 1.0669 dec_ce 2.187 contrast 0.3802 | 4.6 it/s
step   10850 | cos 0.4787 | thought 1.0588 dec_ce 2.2907 contrast 0.3027 | 4.4 it/s
step   10900 | cos 0.4802 | thought 0.9834 dec_ce 1.9589 contrast 0.2864 | 4.4 it/s
step   10950 | cos 0.4794 | thought 1.0788 dec_ce 2.1921 contrast 0.3974 | 4.5 it/s
step   11000 | cos 0.4788 | thought 1.0598 dec_ce 2.2719 contrast 0.3353 | 4.5 it/s
step   11000 | VAL cos 0.4947 | VAL dec CE 3.9219
step   11050 | cos 0.4802 | thought 1.0269 dec_ce 2.0434 contrast 0.3311 | 3.5 it/s
step   11100 | cos 0.4761 | thought 1.1009 dec_ce 2.2426 contrast 0.3916 | 4.5 it/s
step   11150 | cos 0.4789 | thought 1.0237 dec_ce 2.0396 contrast 0.3436 | 4.4 it/s
step   11200 | cos 0.4806 | thought 0.9902 dec_ce 1.934 contrast 0.3459 | 4.5 it/s
step   11250 | cos 0.4802 | thought 1.0351 dec_ce 1.9975 contrast 0.3512 | 4.6 it/s
step   11300 | cos 0.4804 | thought 1.0865 dec_ce 2.1062 contrast 0.3785 | 4.6 it/s
step   11350 | cos 0.4811 | thought 0.996 dec_ce 1.9525 contrast 0.3061 | 4.5 it/s
step   11400 | cos 0.4789 | thought 1.0276 dec_ce 1.9596 contrast 0.3723 | 4.4 it/s
step   11450 | cos 0.4783 | thought 1.0605 dec_ce 2.1007 contrast 0.3432 | 4.4 it/s
step   11500 | cos 0.4788 | thought 1.0179 dec_ce 1.9953 contrast 0.3838 | 4.5 it/s
step   11500 | VAL cos 0.4919 | VAL dec CE 3.9194
step   11550 | cos 0.4815 | thought 1.064 dec_ce 2.1422 contrast 0.3179 | 3.5 it/s
step   11600 | cos 0.4767 | thought 1.0709 dec_ce 2.2162 contrast 0.3188 | 4.5 it/s
step   11650 | cos 0.4794 | thought 1.0463 dec_ce 2.0867 contrast 0.3071 | 4.4 it/s
step   11700 | cos 0.4803 | thought 1.0037 dec_ce 1.8696 contrast 0.3964 | 4.6 it/s
step   11750 | cos 0.4782 | thought 1.0217 dec_ce 2.1725 contrast 0.3352 | 4.4 it/s
step   11800 | cos 0.4796 | thought 0.9996 dec_ce 1.9488 contrast 0.33 | 4.5 it/s
step   11850 | cos 0.4782 | thought 1.0816 dec_ce 2.107 contrast 0.3586 | 4.4 it/s
step   11900 | cos 0.4785 | thought 1.0209 dec_ce 1.9046 contrast 0.3611 | 4.4 it/s
step   11950 | cos 0.4802 | thought 1.0598 dec_ce 1.9693 contrast 0.3981 | 4.5 it/s
step   12000 | cos 0.4848 | thought 1.0365 dec_ce 2.1551 contrast 0.2774 | 4.5 it/s
step   12000 | VAL cos 0.4948 | VAL dec CE 3.9195
step   12050 | cos 0.4802 | thought 1.0662 dec_ce 2.1857 contrast 0.3135 | 3.6 it/s
step   12100 | cos 0.4825 | thought 1.0588 dec_ce 2.0672 contrast 0.3416 | 4.4 it/s
step   12150 | cos 0.4846 | thought 0.9947 dec_ce 1.918 contrast 0.3549 | 4.5 it/s
step   12200 | cos 0.4819 | thought 1.0144 dec_ce 2.0924 contrast 0.2947 | 4.5 it/s
step   12250 | cos 0.4853 | thought 1.0334 dec_ce 1.9829 contrast 0.3343 | 4.6 it/s
step   12300 | cos 0.4801 | thought 1.0258 dec_ce 2.078 contrast 0.3299 | 4.6 it/s
step   12350 | cos 0.4802 | thought 1.0438 dec_ce 2.0306 contrast 0.3405 | 4.5 it/s
step   12400 | cos 0.4805 | thought 1.0021 dec_ce 1.9778 contrast 0.3223 | 4.5 it/s
step   12450 | cos 0.4787 | thought 1.0506 dec_ce 2.0303 contrast 0.3341 | 4.5 it/s
step   12500 | cos 0.4828 | thought 1.1129 dec_ce 2.1109 contrast 0.3678 | 4.6 it/s
step   12500 | VAL cos 0.4896 | VAL dec CE 3.9180
step   12550 | cos 0.4832 | thought 1.0302 dec_ce 2.1129 contrast 0.3287 | 3.6 it/s
step   12600 | cos 0.4835 | thought 1.0497 dec_ce 2.2138 contrast 0.3106 | 4.6 it/s
step   12650 | cos 0.4812 | thought 1.0513 dec_ce 2.1205 contrast 0.3196 | 4.6 it/s
step   12700 | cos 0.4830 | thought 1.0341 dec_ce 2.096 contrast 0.3185 | 4.6 it/s
step   12750 | cos 0.4844 | thought 1.0755 dec_ce 2.1855 contrast 0.3352 | 4.4 it/s
step   12800 | cos 0.4814 | thought 1.0699 dec_ce 2.1438 contrast 0.3654 | 4.5 it/s
step   12850 | cos 0.4812 | thought 1.0488 dec_ce 2.1531 contrast 0.3383 | 4.5 it/s
step   12900 | cos 0.4886 | thought 1.0361 dec_ce 2.1906 contrast 0.2955 | 4.6 it/s
step   12950 | cos 0.4850 | thought 1.0433 dec_ce 2.035 contrast 0.3796 | 4.6 it/s
step   13000 | cos 0.4818 | thought 1.0212 dec_ce 1.9956 contrast 0.331 | 4.5 it/s
step   13000 | VAL cos 0.4925 | VAL dec CE 3.9199
step   13050 | cos 0.4847 | thought 1.0805 dec_ce 2.268 contrast 0.2832 | 3.7 it/s
step   13100 | cos 0.4828 | thought 1.0222 dec_ce 2.0005 contrast 0.3245 | 4.6 it/s
step   13150 | cos 0.4821 | thought 1.055 dec_ce 2.1313 contrast 0.3189 | 4.6 it/s
step   13200 | cos 0.4871 | thought 1.0443 dec_ce 2.1154 contrast 0.3052 | 4.4 it/s
step   13250 | cos 0.4807 | thought 1.0352 dec_ce 1.9696 contrast 0.4018 | 4.6 it/s
step   13300 | cos 0.4847 | thought 1.0473 dec_ce 2.053 contrast 0.3187 | 4.5 it/s
step   13350 | cos 0.4802 | thought 1.024 dec_ce 2.1471 contrast 0.2871 | 4.5 it/s
step   13400 | cos 0.4821 | thought 1.0192 dec_ce 2.0889 contrast 0.2845 | 4.5 it/s
step   13450 | cos 0.4817 | thought 1.0303 dec_ce 2.1957 contrast 0.3433 | 4.5 it/s
step   13500 | cos 0.4825 | thought 1.0371 dec_ce 2.0245 contrast 0.3659 | 4.4 it/s
step   13500 | VAL cos 0.4910 | VAL dec CE 3.9190
step   13550 | cos 0.4841 | thought 1.0242 dec_ce 1.9674 contrast 0.3227 | 3.6 it/s
step   13600 | cos 0.4797 | thought 1.0738 dec_ce 2.2103 contrast 0.314 | 4.4 it/s
step   13650 | cos 0.4826 | thought 1.0186 dec_ce 2.2035 contrast 0.2898 | 4.4 it/s
step   13700 | cos 0.4853 | thought 0.9955 dec_ce 1.9283 contrast 0.3342 | 4.6 it/s
step   13750 | cos 0.4820 | thought 1.0219 dec_ce 1.9358 contrast 0.3529 | 4.4 it/s
step   13800 | cos 0.4810 | thought 1.0087 dec_ce 2.0023 contrast 0.2531 | 4.4 it/s
step   13850 | cos 0.4804 | thought 1.0401 dec_ce 2.1061 contrast 0.3121 | 4.5 it/s
step   13900 | cos 0.4812 | thought 1.0485 dec_ce 2.1076 contrast 0.3302 | 4.5 it/s
step   13950 | cos 0.4804 | thought 1.0398 dec_ce 2.3394 contrast 0.3275 | 4.4 it/s
step   14000 | cos 0.4837 | thought 1.0615 dec_ce 2.2579 contrast 0.3032 | 4.4 it/s
step   14000 | VAL cos 0.4942 | VAL dec CE 3.9032
step   14050 | cos 0.4832 | thought 1.0249 dec_ce 2.1071 contrast 0.345 | 3.3 it/s
step   14100 | cos 0.4789 | thought 1.0492 dec_ce 2.0797 contrast 0.2838 | 4.5 it/s
step   14150 | cos 0.4824 | thought 0.9885 dec_ce 2.0968 contrast 0.2935 | 4.4 it/s
step   14200 | cos 0.4820 | thought 1.0031 dec_ce 2.0341 contrast 0.3178 | 4.5 it/s
step   14250 | cos 0.4776 | thought 1.0069 dec_ce 2.0169 contrast 0.3312 | 4.4 it/s
step   14300 | cos 0.4813 | thought 1.019 dec_ce 2.0001 contrast 0.3094 | 4.5 it/s
step   14350 | cos 0.4813 | thought 1.0231 dec_ce 2.0438 contrast 0.3381 | 4.6 it/s
step   14400 | cos 0.4840 | thought 1.0094 dec_ce 2.0391 contrast 0.2761 | 4.5 it/s
step   14450 | cos 0.4816 | thought 1.0521 dec_ce 2.1186 contrast 0.3371 | 4.4 it/s
step   14500 | cos 0.4822 | thought 1.0164 dec_ce 2.1618 contrast 0.2862 | 4.5 it/s
step   14500 | VAL cos 0.4970 | VAL dec CE 3.9032
step   14550 | cos 0.4854 | thought 1.0518 dec_ce 2.3099 contrast 0.2595 | 3.5 it/s
step   14600 | cos 0.4839 | thought 1.0299 dec_ce 2.0916 contrast 0.3058 | 4.5 it/s
step   14650 | cos 0.4859 | thought 1.0485 dec_ce 2.1072 contrast 0.3245 | 4.4 it/s
step   14700 | cos 0.4833 | thought 1.0646 dec_ce 2.001 contrast 0.3956 | 4.5 it/s
step   14750 | cos 0.4822 | thought 1.0615 dec_ce 2.0249 contrast 0.3834 | 4.4 it/s
step   14800 | cos 0.4817 | thought 1.0213 dec_ce 2.0851 contrast 0.3217 | 4.4 it/s
step   14850 | cos 0.4842 | thought 1.0636 dec_ce 2.0433 contrast 0.3625 | 4.6 it/s
step   14900 | cos 0.4843 | thought 1.0151 dec_ce 2.1364 contrast 0.285 | 4.6 it/s
step   14950 | cos 0.4860 | thought 1.0121 dec_ce 1.9775 contrast 0.3443 | 4.5 it/s
step   15000 | cos 0.4801 | thought 1.0417 dec_ce 2.1168 contrast 0.3354 | 4.4 it/s
step   15000 | VAL cos 0.4930 | VAL dec CE 3.9021
step   15050 | cos 0.4828 | thought 1.0205 dec_ce 2.0762 contrast 0.3088 | 3.4 it/s
step   15100 | cos 0.4843 | thought 1.029 dec_ce 2.0962 contrast 0.2694 | 4.4 it/s
step   15150 | cos 0.4848 | thought 0.9893 dec_ce 1.9368 contrast 0.3262 | 4.5 it/s
step   15200 | cos 0.4844 | thought 1.0114 dec_ce 1.9471 contrast 0.3013 | 4.6 it/s
step   15250 | cos 0.4845 | thought 1.0235 dec_ce 2.1026 contrast 0.3157 | 4.5 it/s
step   15300 | cos 0.4865 | thought 1.0257 dec_ce 1.9462 contrast 0.3621 | 4.6 it/s
step   15350 | cos 0.4829 | thought 1.0606 dec_ce 2.0655 contrast 0.321 | 4.4 it/s
step   15400 | cos 0.4798 | thought 1.0551 dec_ce 2.1626 contrast 0.3048 | 4.4 it/s
step   15450 | cos 0.4854 | thought 0.9844 dec_ce 1.8826 contrast 0.2738 | 4.5 it/s
step   15500 | cos 0.4862 | thought 1.0379 dec_ce 2.1303 contrast 0.2331 | 4.5 it/s
step   15500 | VAL cos 0.4950 | VAL dec CE 3.8974
step   15550 | cos 0.4813 | thought 1.0421 dec_ce 1.9388 contrast 0.3637 | 3.5 it/s
step   15600 | cos 0.4836 | thought 1.053 dec_ce 2.3162 contrast 0.278 | 4.5 it/s
step   15650 | cos 0.4863 | thought 1.0302 dec_ce 2.0602 contrast 0.2806 | 4.5 it/s
step   15700 | cos 0.4806 | thought 1.0273 dec_ce 1.9792 contrast 0.3497 | 4.3 it/s
step   15750 | cos 0.4851 | thought 0.9937 dec_ce 1.8686 contrast 0.3624 | 4.5 it/s
step   15800 | cos 0.4841 | thought 1.0035 dec_ce 1.9739 contrast 0.3544 | 4.5 it/s
step   15850 | cos 0.4816 | thought 1.0124 dec_ce 2.0588 contrast 0.3173 | 4.5 it/s
step   15900 | cos 0.4826 | thought 1.0193 dec_ce 2.126 contrast 0.2793 | 4.5 it/s
step   15950 | cos 0.4818 | thought 1.0278 dec_ce 2.0475 contrast 0.3083 | 4.5 it/s
step   16000 | cos 0.4849 | thought 0.9794 dec_ce 1.9419 contrast 0.3279 | 4.6 it/s
step   16000 | VAL cos 0.4915 | VAL dec CE 3.9045
step   16050 | cos 0.4832 | thought 1.0124 dec_ce 1.9609 contrast 0.3728 | 3.5 it/s
step   16100 | cos 0.4828 | thought 1.0597 dec_ce 2.2751 contrast 0.2875 | 4.4 it/s
step   16150 | cos 0.4843 | thought 1.0255 dec_ce 1.9107 contrast 0.3076 | 4.5 it/s
step   16200 | cos 0.4820 | thought 1.0783 dec_ce 2.0562 contrast 0.3409 | 4.3 it/s
step   16250 | cos 0.4849 | thought 1.0337 dec_ce 1.9689 contrast 0.3593 | 4.6 it/s
step   16300 | cos 0.4866 | thought 1.0258 dec_ce 2.088 contrast 0.3094 | 4.6 it/s
step   16350 | cos 0.4832 | thought 0.9982 dec_ce 1.9626 contrast 0.2904 | 4.4 it/s
step   16400 | cos 0.4841 | thought 1.0623 dec_ce 2.3084 contrast 0.2968 | 4.6 it/s
step   16450 | cos 0.4842 | thought 1.0265 dec_ce 2.0613 contrast 0.2931 | 4.5 it/s
step   16500 | cos 0.4862 | thought 1.0167 dec_ce 2.1196 contrast 0.3259 | 4.4 it/s
step   16500 | VAL cos 0.4961 | VAL dec CE 3.9065
step   16550 | cos 0.4845 | thought 1.0665 dec_ce 2.2733 contrast 0.2682 | 3.6 it/s
step   16600 | cos 0.4840 | thought 1.0204 dec_ce 2.0585 contrast 0.3361 | 4.4 it/s
step   16650 | cos 0.4855 | thought 0.9938 dec_ce 1.884 contrast 0.3189 | 4.5 it/s
step   16700 | cos 0.4848 | thought 1.0253 dec_ce 1.9269 contrast 0.3647 | 4.6 it/s
step   16750 | cos 0.4853 | thought 1.037 dec_ce 2.0228 contrast 0.268 | 4.4 it/s
step   16800 | cos 0.4847 | thought 1.034 dec_ce 2.2136 contrast 0.2586 | 4.4 it/s
step   16850 | cos 0.4836 | thought 1.0597 dec_ce 1.9124 contrast 0.367 | 4.5 it/s
step   16900 | cos 0.4847 | thought 1.0051 dec_ce 1.9964 contrast 0.2584 | 4.4 it/s
step   16950 | cos 0.4869 | thought 1.0418 dec_ce 1.9598 contrast 0.3549 | 4.5 it/s
step   17000 | cos 0.4835 | thought 0.9912 dec_ce 1.9843 contrast 0.3108 | 4.3 it/s
step   17000 | VAL cos 0.4969 | VAL dec CE 3.9122
step   17050 | cos 0.4819 | thought 1.0492 dec_ce 2.048 contrast 0.3324 | 3.6 it/s
step   17100 | cos 0.4867 | thought 1.0187 dec_ce 2.0899 contrast 0.3024 | 4.5 it/s
step   17150 | cos 0.4847 | thought 1.011 dec_ce 2.0088 contrast 0.3137 | 4.4 it/s
step   17200 | cos 0.4860 | thought 0.9951 dec_ce 1.8891 contrast 0.3257 | 4.4 it/s
step   17250 | cos 0.4884 | thought 1.0434 dec_ce 2.0992 contrast 0.2633 | 4.6 it/s
step   17300 | cos 0.4857 | thought 0.9843 dec_ce 1.8816 contrast 0.3101 | 4.5 it/s
step   17350 | cos 0.4813 | thought 1.0853 dec_ce 2.2587 contrast 0.2625 | 4.4 it/s
step   17400 | cos 0.4855 | thought 1.0361 dec_ce 2.0039 contrast 0.2723 | 4.4 it/s
step   17450 | cos 0.4845 | thought 1.0315 dec_ce 2.1135 contrast 0.3231 | 4.4 it/s
step   17500 | cos 0.4841 | thought 1.0703 dec_ce 2.0888 contrast 0.3313 | 4.4 it/s
step   17500 | VAL cos 0.4940 | VAL dec CE 3.8911
step   17550 | cos 0.4875 | thought 1.0356 dec_ce 1.986 contrast 0.3512 | 3.5 it/s
step   17600 | cos 0.4866 | thought 1.0315 dec_ce 2.0451 contrast 0.288 | 4.6 it/s
step   17650 | cos 0.4844 | thought 1.0412 dec_ce 2.1008 contrast 0.3132 | 4.5 it/s
step   17700 | cos 0.4822 | thought 1.0088 dec_ce 2.0407 contrast 0.2871 | 4.6 it/s
step   17750 | cos 0.4860 | thought 1.0593 dec_ce 2.2304 contrast 0.2598 | 4.5 it/s
step   17800 | cos 0.4865 | thought 1.0173 dec_ce 2.0333 contrast 0.3259 | 4.4 it/s
step   17850 | cos 0.4841 | thought 1.0238 dec_ce 1.9974 contrast 0.2802 | 4.4 it/s
step   17900 | cos 0.4874 | thought 1.0337 dec_ce 2.0296 contrast 0.3098 | 4.5 it/s
step   17950 | cos 0.4826 | thought 0.9663 dec_ce 1.9912 contrast 0.3092 | 4.4 it/s
step   18000 | cos 0.4827 | thought 1.1007 dec_ce 2.0918 contrast 0.3612 | 4.4 it/s
step   18000 | VAL cos 0.4969 | VAL dec CE 3.8913
step   18050 | cos 0.4876 | thought 1.0073 dec_ce 2.0787 contrast 0.2775 | 3.5 it/s
step   18100 | cos 0.4877 | thought 0.9899 dec_ce 2.1191 contrast 0.2932 | 4.5 it/s
step   18150 | cos 0.4859 | thought 1.0458 dec_ce 2.0913 contrast 0.2534 | 4.4 it/s
step   18200 | cos 0.4848 | thought 1.0632 dec_ce 2.1369 contrast 0.2719 | 4.5 it/s
step   18250 | cos 0.4863 | thought 0.9816 dec_ce 1.8953 contrast 0.2992 | 4.5 it/s
step   18300 | cos 0.4869 | thought 1.0594 dec_ce 2.1018 contrast 0.3844 | 4.5 it/s
step   18350 | cos 0.4893 | thought 1.0319 dec_ce 2.1525 contrast 0.2719 | 4.5 it/s
step   18400 | cos 0.4844 | thought 1.0513 dec_ce 2.2014 contrast 0.2877 | 4.5 it/s
step   18450 | cos 0.4861 | thought 1.0439 dec_ce 2.0367 contrast 0.3047 | 4.5 it/s
step   18500 | cos 0.4821 | thought 1.0705 dec_ce 2.1456 contrast 0.3227 | 4.6 it/s
step   18500 | VAL cos 0.4970 | VAL dec CE 3.8872
step   18550 | cos 0.4856 | thought 1.0283 dec_ce 2.194 contrast 0.2896 | 3.6 it/s
step   18600 | cos 0.4816 | thought 1.0602 dec_ce 2.0845 contrast 0.2825 | 4.5 it/s
step   18650 | cos 0.4917 | thought 1.0191 dec_ce 2.1508 contrast 0.2638 | 4.5 it/s
step   18700 | cos 0.4846 | thought 1.0236 dec_ce 2.0474 contrast 0.3482 | 4.4 it/s
step   18750 | cos 0.4865 | thought 1.0153 dec_ce 2.0702 contrast 0.2445 | 4.5 it/s
step   18800 | cos 0.4908 | thought 1.0375 dec_ce 2.1793 contrast 0.3158 | 4.5 it/s
step   18850 | cos 0.4874 | thought 1.0184 dec_ce 2.1092 contrast 0.3106 | 4.6 it/s
step   18900 | cos 0.4858 | thought 1.0574 dec_ce 2.0424 contrast 0.3067 | 4.6 it/s
step   18950 | cos 0.4844 | thought 1.0446 dec_ce 2.0915 contrast 0.263 | 4.4 it/s
step   19000 | cos 0.4854 | thought 1.035 dec_ce 2.019 contrast 0.2735 | 4.6 it/s
step   19000 | VAL cos 0.4984 | VAL dec CE 3.8854
step   19050 | cos 0.4837 | thought 1.0441 dec_ce 1.9997 contrast 0.3175 | 3.6 it/s
step   19100 | cos 0.4881 | thought 1.0388 dec_ce 1.9724 contrast 0.2684 | 4.6 it/s
step   19150 | cos 0.4879 | thought 0.9978 dec_ce 2.0106 contrast 0.2459 | 4.4 it/s
step   19200 | cos 0.4867 | thought 1.0136 dec_ce 2.0878 contrast 0.2356 | 4.4 it/s
step   19250 | cos 0.4865 | thought 1.0314 dec_ce 2.0497 contrast 0.2814 | 4.5 it/s
step   19300 | cos 0.4867 | thought 1.0669 dec_ce 2.1419 contrast 0.3116 | 4.5 it/s
step   19350 | cos 0.4838 | thought 1.0664 dec_ce 2.1448 contrast 0.2835 | 4.4 it/s
step   19400 | cos 0.4874 | thought 1.0438 dec_ce 2.0465 contrast 0.3296 | 4.5 it/s
step   19450 | cos 0.4836 | thought 1.0517 dec_ce 2.0922 contrast 0.27 | 4.6 it/s
step   19500 | cos 0.4862 | thought 1.0211 dec_ce 2.0622 contrast 0.3213 | 4.5 it/s
step   19500 | VAL cos 0.5000 | VAL dec CE 3.8901
step   19550 | cos 0.4857 | thought 1.0511 dec_ce 2.0055 contrast 0.2862 | 3.6 it/s
step   19600 | cos 0.4856 | thought 1.0042 dec_ce 2.0394 contrast 0.3479 | 4.4 it/s
step   19650 | cos 0.4863 | thought 1.0469 dec_ce 1.9637 contrast 0.3596 | 4.4 it/s
step   19700 | cos 0.4866 | thought 1.0141 dec_ce 1.9895 contrast 0.2841 | 4.5 it/s
step   19750 | cos 0.4894 | thought 1.0268 dec_ce 2.0848 contrast 0.2572 | 4.3 it/s
step   19800 | cos 0.4845 | thought 1.0061 dec_ce 1.9584 contrast 0.3332 | 4.5 it/s
step   19850 | cos 0.4856 | thought 1.047 dec_ce 2.3027 contrast 0.2546 | 4.5 it/s
step   19900 | cos 0.4869 | thought 1.035 dec_ce 2.1619 contrast 0.2979 | 4.5 it/s
step   19950 | cos 0.4879 | thought 0.9854 dec_ce 1.9201 contrast 0.2787 | 4.5 it/s
step   20000 | cos 0.4842 | thought 1.0111 dec_ce 2.0788 contrast 0.2729 | 4.5 it/s
step   20000 | VAL cos 0.4979 | VAL dec CE 3.8923
step   20050 | cos 0.4887 | thought 0.9916 dec_ce 1.9402 contrast 0.3476 | 3.7 it/s
step   20100 | cos 0.4874 | thought 0.9974 dec_ce 1.9037 contrast 0.2923 | 4.4 it/s
step   20150 | cos 0.4877 | thought 1.0645 dec_ce 2.1291 contrast 0.3631 | 4.6 it/s
step   20200 | cos 0.4836 | thought 1.0208 dec_ce 2.1368 contrast 0.2614 | 4.6 it/s
step   20250 | cos 0.4833 | thought 1.0016 dec_ce 1.9081 contrast 0.2728 | 4.4 it/s
step   20300 | cos 0.4873 | thought 1.0708 dec_ce 2.1672 contrast 0.2609 | 4.5 it/s
step   20350 | cos 0.4836 | thought 1.043 dec_ce 1.9981 contrast 0.282 | 4.5 it/s
step   20400 | cos 0.4886 | thought 1.0638 dec_ce 2.2417 contrast 0.2831 | 4.6 it/s
step   20450 | cos 0.4905 | thought 1.023 dec_ce 2.1421 contrast 0.3199 | 4.6 it/s
step   20500 | cos 0.4893 | thought 1.0205 dec_ce 2.1923 contrast 0.2677 | 4.5 it/s
step   20500 | VAL cos 0.4954 | VAL dec CE 3.8830
step   20550 | cos 0.4845 | thought 0.9779 dec_ce 1.9746 contrast 0.3296 | 3.5 it/s
step   20600 | cos 0.4856 | thought 1.0058 dec_ce 2.0529 contrast 0.3069 | 4.5 it/s
step   20650 | cos 0.4883 | thought 1.031 dec_ce 2.046 contrast 0.2688 | 4.5 it/s
step   20700 | cos 0.4862 | thought 1.0082 dec_ce 1.9261 contrast 0.3022 | 4.5 it/s
step   20750 | cos 0.4847 | thought 0.9829 dec_ce 1.9885 contrast 0.2688 | 4.4 it/s
step   20800 | cos 0.4845 | thought 1.0658 dec_ce 2.1703 contrast 0.3726 | 4.5 it/s
step   20850 | cos 0.4865 | thought 0.9736 dec_ce 1.8368 contrast 0.3912 | 4.5 it/s
step   20900 | cos 0.4881 | thought 1.0327 dec_ce 2.1026 contrast 0.3325 | 4.5 it/s
step   20950 | cos 0.4823 | thought 1.0056 dec_ce 1.9743 contrast 0.2974 | 4.5 it/s
step   21000 | cos 0.4864 | thought 1.0173 dec_ce 1.9862 contrast 0.3197 | 4.5 it/s
step   21000 | VAL cos 0.4947 | VAL dec CE 3.8782
step   21050 | cos 0.4840 | thought 1.0667 dec_ce 2.1156 contrast 0.2848 | 3.4 it/s
step   21100 | cos 0.4882 | thought 1.0464 dec_ce 2.2007 contrast 0.3043 | 4.3 it/s
step   21150 | cos 0.4876 | thought 1.0579 dec_ce 2.2434 contrast 0.3105 | 4.4 it/s
step   21200 | cos 0.4850 | thought 1.0225 dec_ce 2.0384 contrast 0.3092 | 4.4 it/s
step   21250 | cos 0.4877 | thought 1.0752 dec_ce 2.3667 contrast 0.2925 | 4.3 it/s
step   21300 | cos 0.4881 | thought 1.041 dec_ce 2.0804 contrast 0.2554 | 4.5 it/s
step   21350 | cos 0.4857 | thought 1.0221 dec_ce 1.9469 contrast 0.284 | 4.5 it/s
step   21400 | cos 0.4884 | thought 1.0144 dec_ce 2.075 contrast 0.3495 | 4.5 it/s
step   21450 | cos 0.4888 | thought 1.046 dec_ce 2.0632 contrast 0.2945 | 4.5 it/s
step   21500 | cos 0.4867 | thought 1.096 dec_ce 2.1212 contrast 0.3571 | 4.4 it/s
step   21500 | VAL cos 0.4998 | VAL dec CE 3.8719
step   21550 | cos 0.4886 | thought 1.0616 dec_ce 2.1038 contrast 0.2937 | 3.5 it/s
step   21600 | cos 0.4867 | thought 1.0355 dec_ce 1.9974 contrast 0.3014 | 4.5 it/s
step   21650 | cos 0.4892 | thought 1.0674 dec_ce 2.1709 contrast 0.2462 | 4.5 it/s
step   21700 | cos 0.4881 | thought 1.0307 dec_ce 2.0965 contrast 0.2613 | 4.6 it/s
step   21750 | cos 0.4865 | thought 1.0284 dec_ce 2.1972 contrast 0.3022 | 4.5 it/s
step   21800 | cos 0.4851 | thought 1.0335 dec_ce 1.9765 contrast 0.2801 | 4.6 it/s
step   21850 | cos 0.4885 | thought 1.0453 dec_ce 2.1372 contrast 0.2655 | 4.6 it/s
step   21900 | cos 0.4882 | thought 1.0111 dec_ce 1.9721 contrast 0.2823 | 4.6 it/s
step   21950 | cos 0.4859 | thought 1.0616 dec_ce 2.2911 contrast 0.2585 | 4.5 it/s
step   22000 | cos 0.4890 | thought 1.0431 dec_ce 2.1705 contrast 0.2768 | 4.6 it/s
step   22000 | VAL cos 0.4998 | VAL dec CE 3.8758
step   22050 | cos 0.4856 | thought 1.0463 dec_ce 2.0537 contrast 0.2824 | 3.5 it/s
step   22100 | cos 0.4891 | thought 1.0011 dec_ce 2.0623 contrast 0.2844 | 4.6 it/s
step   22150 | cos 0.4898 | thought 1.0319 dec_ce 2.1127 contrast 0.3545 | 4.4 it/s
step   22200 | cos 0.4882 | thought 1.056 dec_ce 2.1482 contrast 0.3367 | 4.6 it/s
step   22250 | cos 0.4854 | thought 1.0268 dec_ce 2.0913 contrast 0.29 | 4.4 it/s
step   22300 | cos 0.4881 | thought 0.9905 dec_ce 1.8746 contrast 0.3044 | 4.5 it/s
step   22350 | cos 0.4885 | thought 1.0326 dec_ce 2.0481 contrast 0.3157 | 4.5 it/s
step   22400 | cos 0.4871 | thought 1.0446 dec_ce 2.1832 contrast 0.3376 | 4.5 it/s
step   22450 | cos 0.4854 | thought 1.0226 dec_ce 2.0157 contrast 0.3047 | 4.4 it/s
step   22500 | cos 0.4866 | thought 1.0372 dec_ce 2.0751 contrast 0.3381 | 4.5 it/s
step   22500 | VAL cos 0.4991 | VAL dec CE 3.8831
step   22550 | cos 0.4859 | thought 1.0601 dec_ce 2.1766 contrast 0.3299 | 3.7 it/s
step   22600 | cos 0.4881 | thought 1.0332 dec_ce 2.0216 contrast 0.4084 | 4.4 it/s
step   22650 | cos 0.4879 | thought 0.9923 dec_ce 2.1959 contrast 0.2836 | 4.6 it/s
step   22700 | cos 0.4877 | thought 1.0332 dec_ce 2.0564 contrast 0.2393 | 4.6 it/s
step   22750 | cos 0.4882 | thought 1.0678 dec_ce 2.1002 contrast 0.3299 | 4.4 it/s
step   22800 | cos 0.4878 | thought 1.0639 dec_ce 2.1898 contrast 0.3039 | 4.5 it/s
step   22850 | cos 0.4856 | thought 0.9697 dec_ce 1.9636 contrast 0.3017 | 4.4 it/s
step   22900 | cos 0.4856 | thought 1.0085 dec_ce 2.093 contrast 0.2935 | 4.6 it/s
step   22950 | cos 0.4853 | thought 1.0714 dec_ce 1.9998 contrast 0.3237 | 4.5 it/s
step   23000 | cos 0.4880 | thought 1.0123 dec_ce 2.2609 contrast 0.2773 | 4.4 it/s
step   23000 | VAL cos 0.5000 | VAL dec CE 3.8722
step   23050 | cos 0.4892 | thought 0.9825 dec_ce 1.9182 contrast 0.2968 | 3.5 it/s
step   23100 | cos 0.4863 | thought 1.0434 dec_ce 2.0065 contrast 0.3293 | 4.4 it/s
step   23150 | cos 0.4888 | thought 1.0512 dec_ce 2.0737 contrast 0.2961 | 4.1 it/s
step   23200 | cos 0.4910 | thought 1.0187 dec_ce 2.2407 contrast 0.2771 | 3.7 it/s
step   23250 | cos 0.4918 | thought 1.0297 dec_ce 2.0091 contrast 0.2321 | 4.0 it/s
step   23300 | cos 0.4896 | thought 1.0034 dec_ce 1.9249 contrast 0.3117 | 3.9 it/s
step   23350 | cos 0.4865 | thought 1.0759 dec_ce 2.1426 contrast 0.3242 | 4.0 it/s
step   23400 | cos 0.4938 | thought 1.0834 dec_ce 2.1651 contrast 0.2963 | 4.0 it/s
step   23450 | cos 0.4952 | thought 1.0433 dec_ce 2.0023 contrast 0.3329 | 4.2 it/s
step   23500 | cos 0.4895 | thought 1.0246 dec_ce 2.0636 contrast 0.2593 | 4.0 it/s
step   23500 | VAL cos 0.4997 | VAL dec CE 3.8722
step   23550 | cos 0.4922 | thought 0.9887 dec_ce 1.885 contrast 0.3317 | 3.2 it/s
step   23600 | cos 0.4910 | thought 1.0141 dec_ce 1.9108 contrast 0.2846 | 4.0 it/s
step   23650 | cos 0.4889 | thought 1.0564 dec_ce 2.0644 contrast 0.2676 | 3.8 it/s
step   23700 | cos 0.4891 | thought 1.0482 dec_ce 2.1612 contrast 0.2782 | 3.9 it/s
step   23750 | cos 0.4918 | thought 1.0221 dec_ce 1.98 contrast 0.2922 | 3.5 it/s
step   23800 | cos 0.4935 | thought 0.9673 dec_ce 1.9489 contrast 0.2877 | 4.0 it/s
step   23850 | cos 0.4953 | thought 1.0005 dec_ce 1.9457 contrast 0.2898 | 3.7 it/s
step   23900 | cos 0.4897 | thought 1.0431 dec_ce 2.1972 contrast 0.2965 | 3.9 it/s
step   23950 | cos 0.4901 | thought 1.0565 dec_ce 2.0966 contrast 0.2795 | 3.8 it/s
step   24000 | cos 0.4916 | thought 0.9803 dec_ce 1.8474 contrast 0.3002 | 3.3 it/s
step   24000 | VAL cos 0.4998 | VAL dec CE 3.8695
step   24050 | cos 0.4953 | thought 1.0046 dec_ce 1.9912 contrast 0.2912 | 3.0 it/s
step   24100 | cos 0.4905 | thought 1.0355 dec_ce 2.0014 contrast 0.2382 | 3.9 it/s
step   24150 | cos 0.4913 | thought 1.0005 dec_ce 2.0486 contrast 0.2626 | 3.9 it/s
step   24200 | cos 0.4904 | thought 1.0233 dec_ce 2.0299 contrast 0.3157 | 3.9 it/s
step   24250 | cos 0.4931 | thought 1.0261 dec_ce 2.0278 contrast 0.2714 | 3.1 it/s
step   24300 | cos 0.4919 | thought 0.9922 dec_ce 1.8756 contrast 0.2983 | 3.9 it/s
step   24350 | cos 0.4933 | thought 1.0166 dec_ce 1.9316 contrast 0.2612 | 3.4 it/s
step   24400 | cos 0.4961 | thought 1.0179 dec_ce 2.1227 contrast 0.25 | 3.5 it/s
step   24450 | cos 0.4902 | thought 1.0396 dec_ce 2.004 contrast 0.2842 | 3.6 it/s
step   24500 | cos 0.4868 | thought 1.0177 dec_ce 1.9993 contrast 0.3533 | 3.6 it/s
step   24500 | VAL cos 0.4975 | VAL dec CE 3.8728
step   24550 | cos 0.4901 | thought 0.991 dec_ce 1.9747 contrast 0.2607 | 2.7 it/s
step   24600 | cos 0.4904 | thought 0.9833 dec_ce 1.9173 contrast 0.2607 | 3.6 it/s
step   24650 | cos 0.4934 | thought 1.0704 dec_ce 2.2017 contrast 0.3078 | 3.6 it/s
step   24700 | cos 0.4924 | thought 0.9993 dec_ce 1.9613 contrast 0.268 | 3.9 it/s
step   24750 | cos 0.4919 | thought 1.0089 dec_ce 2.0596 contrast 0.2754 | 3.7 it/s
step   24800 | cos 0.4915 | thought 1.0303 dec_ce 2.0423 contrast 0.2394 | 4.0 it/s
step   24850 | cos 0.4918 | thought 1.0245 dec_ce 2.0172 contrast 0.2696 | 4.0 it/s
step   24900 | cos 0.4929 | thought 0.9939 dec_ce 1.8957 contrast 0.2998 | 4.0 it/s
step   24950 | cos 0.4919 | thought 1.0323 dec_ce 2.0156 contrast 0.2634 | 4.1 it/s
step   25000 | cos 0.4901 | thought 1.0114 dec_ce 2.1615 contrast 0.2635 | 3.8 it/s
step   25000 | VAL cos 0.4980 | VAL dec CE 3.8706
step   25050 | cos 0.4916 | thought 1.0541 dec_ce 2.2188 contrast 0.2172 | 3.7 it/s
step   25100 | cos 0.4883 | thought 1.022 dec_ce 1.9562 contrast 0.3452 | 4.4 it/s
step   25150 | cos 0.4921 | thought 1.0121 dec_ce 2.2064 contrast 0.3142 | 4.4 it/s
step   25200 | cos 0.4936 | thought 1.02 dec_ce 2.0451 contrast 0.2966 | 4.4 it/s
step   25250 | cos 0.4925 | thought 0.9843 dec_ce 2.0634 contrast 0.2298 | 3.8 it/s
step   25300 | cos 0.4924 | thought 1.0001 dec_ce 1.9989 contrast 0.2456 | 3.7 it/s
step   25350 | cos 0.4945 | thought 0.9631 dec_ce 1.9179 contrast 0.2686 | 4.5 it/s
step   25400 | cos 0.4959 | thought 1.0655 dec_ce 2.1803 contrast 0.2663 | 3.7 it/s
step   25450 | cos 0.4900 | thought 1.0292 dec_ce 2.0591 contrast 0.2671 | 3.2 it/s
step   25500 | cos 0.4911 | thought 1.0533 dec_ce 2.0116 contrast 0.294 | 3.8 it/s
step   25500 | VAL cos 0.4981 | VAL dec CE 3.8629
step   25550 | cos 0.4960 | thought 0.9802 dec_ce 2.0264 contrast 0.2431 | 3.0 it/s
step   25600 | cos 0.4889 | thought 1.0002 dec_ce 1.8668 contrast 0.3136 | 3.7 it/s
step   25650 | cos 0.4946 | thought 1.0059 dec_ce 2.0376 contrast 0.2136 | 3.6 it/s
step   25700 | cos 0.4939 | thought 1.0142 dec_ce 2.013 contrast 0.2696 | 4.0 it/s
step   25750 | cos 0.4900 | thought 1.054 dec_ce 2.1695 contrast 0.2378 | 3.8 it/s
step   25800 | cos 0.4891 | thought 1.0611 dec_ce 2.3468 contrast 0.3343 | 3.7 it/s
step   25850 | cos 0.4929 | thought 0.9849 dec_ce 2.0034 contrast 0.2784 | 3.8 it/s
step   25900 | cos 0.4903 | thought 1.0217 dec_ce 2.1125 contrast 0.2308 | 3.9 it/s
step   25950 | cos 0.4882 | thought 1.0313 dec_ce 2.057 contrast 0.2594 | 3.7 it/s
step   26000 | cos 0.4945 | thought 0.9735 dec_ce 1.9226 contrast 0.264 | 3.7 it/s
step   26000 | VAL cos 0.4989 | VAL dec CE 3.8678
step   26050 | cos 0.4895 | thought 1.0725 dec_ce 2.1124 contrast 0.3102 | 2.8 it/s
step   26100 | cos 0.4932 | thought 0.9738 dec_ce 1.8724 contrast 0.2553 | 4.0 it/s
step   26150 | cos 0.4914 | thought 1.0261 dec_ce 2.0439 contrast 0.2595 | 4.0 it/s
step   26200 | cos 0.4980 | thought 1.0072 dec_ce 2.0198 contrast 0.2715 | 4.2 it/s
step   26250 | cos 0.4902 | thought 1.0073 dec_ce 1.9709 contrast 0.275 | 4.0 it/s
step   26300 | cos 0.4949 | thought 0.978 dec_ce 1.8716 contrast 0.3075 | 3.9 it/s
step   26350 | cos 0.4895 | thought 1.0357 dec_ce 1.9955 contrast 0.2873 | 4.1 it/s
step   26400 | cos 0.4873 | thought 0.9728 dec_ce 1.9225 contrast 0.2906 | 4.0 it/s
step   26450 | cos 0.4920 | thought 1.0025 dec_ce 2.0585 contrast 0.2401 | 3.9 it/s
step   26500 | cos 0.4921 | thought 0.9906 dec_ce 2.035 contrast 0.2989 | 4.1 it/s
step   26500 | VAL cos 0.4992 | VAL dec CE 3.8652
step   26550 | cos 0.4932 | thought 0.999 dec_ce 2.0877 contrast 0.2203 | 3.5 it/s
step   26600 | cos 0.4952 | thought 1.0556 dec_ce 2.1367 contrast 0.2353 | 4.0 it/s
step   26650 | cos 0.4934 | thought 1.0279 dec_ce 1.96 contrast 0.3275 | 3.7 it/s
step   26700 | cos 0.4942 | thought 1.0324 dec_ce 2.0432 contrast 0.2459 | 4.0 it/s
step   26750 | cos 0.4933 | thought 0.9539 dec_ce 1.7536 contrast 0.302 | 4.3 it/s
step   26800 | cos 0.4896 | thought 0.9895 dec_ce 2.0824 contrast 0.2602 | 4.2 it/s
step   26850 | cos 0.4919 | thought 1.0345 dec_ce 2.0779 contrast 0.2185 | 4.3 it/s
step   26900 | cos 0.4949 | thought 0.9953 dec_ce 2.0605 contrast 0.2642 | 4.2 it/s
step   26950 | cos 0.4889 | thought 0.9874 dec_ce 2.019 contrast 0.236 | 4.2 it/s
step   27000 | cos 0.4938 | thought 1.0444 dec_ce 1.9315 contrast 0.3411 | 4.2 it/s
step   27000 | VAL cos 0.4987 | VAL dec CE 3.8594
step   27050 | cos 0.4926 | thought 1.0306 dec_ce 2.2223 contrast 0.2746 | 3.3 it/s
step   27100 | cos 0.4952 | thought 1.0069 dec_ce 2.0514 contrast 0.2979 | 4.2 it/s
step   27150 | cos 0.4903 | thought 1.0528 dec_ce 2.1104 contrast 0.2826 | 4.2 it/s
step   27200 | cos 0.4913 | thought 1.0328 dec_ce 2.0072 contrast 0.2952 | 4.2 it/s
step   27250 | cos 0.4902 | thought 1.034 dec_ce 2.1463 contrast 0.2375 | 4.2 it/s
step   27300 | cos 0.4951 | thought 1.0304 dec_ce 2.2089 contrast 0.2219 | 4.2 it/s
step   27350 | cos 0.4915 | thought 1.0313 dec_ce 1.977 contrast 0.2859 | 4.2 it/s
step   27400 | cos 0.4927 | thought 0.9994 dec_ce 1.9399 contrast 0.2569 | 4.4 it/s
step   27450 | cos 0.4890 | thought 0.9872 dec_ce 1.9008 contrast 0.2285 | 4.2 it/s
step   27500 | cos 0.4947 | thought 1.0095 dec_ce 2.0426 contrast 0.2714 | 4.2 it/s
step   27500 | VAL cos 0.5003 | VAL dec CE 3.8667
step   27550 | cos 0.4918 | thought 1.0409 dec_ce 2.1554 contrast 0.2398 | 3.3 it/s
step   27600 | cos 0.4909 | thought 1.027 dec_ce 1.9646 contrast 0.2613 | 4.2 it/s
step   27650 | cos 0.4933 | thought 1.0333 dec_ce 2.0166 contrast 0.305 | 4.1 it/s
step   27700 | cos 0.4936 | thought 1.0228 dec_ce 1.8673 contrast 0.3039 | 4.2 it/s
step   27750 | cos 0.4921 | thought 1.0444 dec_ce 2.1773 contrast 0.2948 | 4.2 it/s
step   27800 | cos 0.4961 | thought 0.9989 dec_ce 1.9894 contrast 0.2473 | 4.2 it/s
step   27850 | cos 0.4912 | thought 1.0569 dec_ce 2.2195 contrast 0.2665 | 4.1 it/s
step   27900 | cos 0.4926 | thought 0.9856 dec_ce 2.0778 contrast 0.2703 | 4.3 it/s
step   27950 | cos 0.4923 | thought 0.9589 dec_ce 1.8946 contrast 0.2769 | 4.2 it/s
step   28000 | cos 0.4948 | thought 0.9964 dec_ce 2.0307 contrast 0.2275 | 4.1 it/s
step   28000 | VAL cos 0.5011 | VAL dec CE 3.8631
step   28050 | cos 0.4914 | thought 1.0312 dec_ce 2.1517 contrast 0.2838 | 3.3 it/s
step   28100 | cos 0.4911 | thought 1.0147 dec_ce 2.087 contrast 0.2798 | 4.3 it/s
step   28150 | cos 0.4985 | thought 0.99 dec_ce 2.0384 contrast 0.306 | 4.3 it/s
step   28200 | cos 0.4943 | thought 0.9855 dec_ce 2.0025 contrast 0.3117 | 4.2 it/s
step   28250 | cos 0.4964 | thought 0.9856 dec_ce 2.0813 contrast 0.2607 | 4.2 it/s
step   28300 | cos 0.4912 | thought 1.0852 dec_ce 2.1513 contrast 0.3072 | 4.1 it/s
step   28350 | cos 0.4934 | thought 1.03 dec_ce 2.1165 contrast 0.2456 | 4.2 it/s
step   28400 | cos 0.4926 | thought 1.0447 dec_ce 2.151 contrast 0.2329 | 4.2 it/s
step   28450 | cos 0.4917 | thought 1.0776 dec_ce 2.0369 contrast 0.2974 | 4.2 it/s
step   28500 | cos 0.4956 | thought 1.0298 dec_ce 2.0191 contrast 0.2792 | 4.2 it/s
step   28500 | VAL cos 0.4998 | VAL dec CE 3.8640
step   28550 | cos 0.4937 | thought 0.9967 dec_ce 2.0466 contrast 0.2707 | 3.5 it/s
step   28600 | cos 0.4958 | thought 0.9825 dec_ce 2.0826 contrast 0.2642 | 4.2 it/s
step   28650 | cos 0.4914 | thought 1.0072 dec_ce 1.9957 contrast 0.2169 | 4.2 it/s
step   28700 | cos 0.4953 | thought 0.9899 dec_ce 2.0406 contrast 0.2759 | 4.2 it/s
step   28750 | cos 0.4952 | thought 1.0172 dec_ce 2.1809 contrast 0.2403 | 4.2 it/s
step   28800 | cos 0.4916 | thought 1.024 dec_ce 2.018 contrast 0.292 | 4.1 it/s
step   28850 | cos 0.4921 | thought 1.0636 dec_ce 2.027 contrast 0.3041 | 4.2 it/s
step   28900 | cos 0.4927 | thought 1.0325 dec_ce 2.0191 contrast 0.2681 | 4.3 it/s
step   28950 | cos 0.4945 | thought 1.0097 dec_ce 1.8707 contrast 0.3066 | 4.3 it/s
step   29000 | cos 0.4924 | thought 1.0315 dec_ce 2.0988 contrast 0.3048 | 4.2 it/s
step   29000 | VAL cos 0.4991 | VAL dec CE 3.8604
step   29050 | cos 0.4960 | thought 0.9992 dec_ce 2.039 contrast 0.2645 | 3.3 it/s
step   29100 | cos 0.4930 | thought 0.9901 dec_ce 1.9367 contrast 0.247 | 4.2 it/s
step   29150 | cos 0.4933 | thought 1.0389 dec_ce 2.0216 contrast 0.2952 | 4.2 it/s
step   29200 | cos 0.4957 | thought 0.99 dec_ce 2.0585 contrast 0.2199 | 4.3 it/s
step   29250 | cos 0.4954 | thought 1.0184 dec_ce 2.0638 contrast 0.2485 | 4.2 it/s
step   29300 | cos 0.4940 | thought 1.037 dec_ce 2.1036 contrast 0.266 | 4.3 it/s
step   29350 | cos 0.4941 | thought 1.0464 dec_ce 2.0765 contrast 0.2427 | 4.1 it/s
step   29400 | cos 0.4904 | thought 1.0449 dec_ce 2.0749 contrast 0.2767 | 4.1 it/s
step   29450 | cos 0.4930 | thought 1.0067 dec_ce 2.0767 contrast 0.2481 | 4.2 it/s
step   29500 | cos 0.4956 | thought 0.9815 dec_ce 1.9006 contrast 0.3094 | 4.2 it/s
step   29500 | VAL cos 0.4994 | VAL dec CE 3.8608
step   29550 | cos 0.4887 | thought 1.0314 dec_ce 2.1106 contrast 0.2409 | 3.5 it/s
step   29600 | cos 0.4917 | thought 1.0235 dec_ce 2.1075 contrast 0.2999 | 4.1 it/s
step   29650 | cos 0.4963 | thought 1.0433 dec_ce 2.1459 contrast 0.253 | 4.1 it/s
step   29700 | cos 0.4932 | thought 1.0229 dec_ce 2.0671 contrast 0.2617 | 4.1 it/s
step   29750 | cos 0.4958 | thought 1.0519 dec_ce 2.0694 contrast 0.2811 | 4.3 it/s
step   29800 | cos 0.4929 | thought 0.9884 dec_ce 2.0653 contrast 0.2298 | 4.2 it/s
step   29850 | cos 0.4929 | thought 1.0055 dec_ce 2.0848 contrast 0.246 | 4.2 it/s
step   29900 | cos 0.4898 | thought 0.9788 dec_ce 2.0325 contrast 0.2562 | 4.1 it/s
step   29950 | cos 0.4917 | thought 1.0086 dec_ce 2.1624 contrast 0.2246 | 4.1 it/s
step   30000 | cos 0.4946 | thought 1.0159 dec_ce 2.0824 contrast 0.2434 | 4.4 it/s
step   30000 | VAL cos 0.5003 | VAL dec CE 3.8561
step   30050 | cos 0.4959 | thought 1.0351 dec_ce 2.1919 contrast 0.2387 | 3.4 it/s
step   30100 | cos 0.4964 | thought 1.0195 dec_ce 1.9799 contrast 0.2667 | 4.2 it/s
step   30150 | cos 0.4936 | thought 1.0475 dec_ce 2.0632 contrast 0.2388 | 4.2 it/s
step   30200 | cos 0.4895 | thought 0.9753 dec_ce 1.9774 contrast 0.2945 | 4.1 it/s
step   30250 | cos 0.4918 | thought 0.9941 dec_ce 2.0349 contrast 0.2331 | 4.2 it/s
step   30300 | cos 0.4938 | thought 1.0697 dec_ce 2.2322 contrast 0.2243 | 4.0 it/s
step   30350 | cos 0.4909 | thought 1.0266 dec_ce 2.0236 contrast 0.3131 | 4.1 it/s
step   30400 | cos 0.4923 | thought 1.0895 dec_ce 2.288 contrast 0.286 | 4.3 it/s
step   30450 | cos 0.4881 | thought 1.0496 dec_ce 2.1333 contrast 0.2786 | 4.2 it/s
step   30500 | cos 0.4955 | thought 0.9899 dec_ce 2.0025 contrast 0.2742 | 4.3 it/s
step   30500 | VAL cos 0.5002 | VAL dec CE 3.8633
step   30550 | cos 0.4907 | thought 1.0329 dec_ce 1.9005 contrast 0.2808 | 3.4 it/s
step   30600 | cos 0.4947 | thought 1.039 dec_ce 2.1086 contrast 0.2854 | 4.3 it/s
wall-clock cap reached at step 30636

Run 'R4_CONTRAST' done: 30636 steps | final val cos 0.5002 | dec CE 3.8604
/home/nochi/vault/projects/ThoughtVectors/thoughtvec/.venv/lib/python3.12/site-packages/torch/nn/modules/transformer.py:392: UserWarning: enable_nested_tensor is True, but self.use_nested_tensor is False because encoder_layer.norm_first was True
  warnings.warn(
{"ckpt": "checkpoints/R4_CONTRAST/best.pt", "val_cos": 0.3444, "val_dec_ce": 4.0232, "ref_f1": 0.2529, "distinct1": 0.0086, "distinct2": 0.0334, "len_ratio": 1.532, "out_vectors": 8.0, "rows": 1024}
