/home/nochi/vault/projects/ThoughtVectors/thoughtvec/.venv/lib/python3.12/site-packages/torch/nn/modules/transformer.py:392: UserWarning: enable_nested_tensor is True, but self.use_nested_tensor is False because encoder_layer.norm_first was True
  warnings.warn(
thinker params: 15.10M (codec d=384, frozen=True)
step      50 | cos 0.0372 | thought 2.5155 dec_ce 2.7113 | 4.2 it/s
step     100 | cos 0.0976 | thought 2.2936 dec_ce 2.4196 | 4.5 it/s
step     150 | cos 0.1819 | thought 2.0896 dec_ce 2.2772 | 4.5 it/s
step     200 | cos 0.2298 | thought 2.0804 dec_ce 2.4369 | 4.6 it/s
step     250 | cos 0.2503 | thought 2.0057 dec_ce 2.3331 | 4.5 it/s
step     300 | cos 0.2614 | thought 1.9487 dec_ce 2.2422 | 4.6 it/s
step     350 | cos 0.2737 | thought 1.884 dec_ce 2.1142 | 4.7 it/s
step     400 | cos 0.2841 | thought 1.8946 dec_ce 2.3697 | 4.6 it/s
step     450 | cos 0.3045 | thought 1.7805 dec_ce 2.2515 | 4.5 it/s
step     500 | cos 0.3253 | thought 1.7456 dec_ce 2.1222 | 4.8 it/s
step     500 | VAL cos 0.3487 | VAL dec CE 4.1814
step     550 | cos 0.3472 | thought 1.6317 dec_ce 2.1436 | 3.8 it/s
step     600 | cos 0.3812 | thought 1.5336 dec_ce 2.0263 | 4.5 it/s
step     650 | cos 0.4014 | thought 1.4992 dec_ce 2.1583 | 4.6 it/s
step     700 | cos 0.4204 | thought 1.5262 dec_ce 2.2385 | 4.7 it/s
step     750 | cos 0.4283 | thought 1.44 dec_ce 2.3389 | 4.6 it/s
step     800 | cos 0.4325 | thought 1.4186 dec_ce 2.0422 | 4.6 it/s
step     850 | cos 0.4433 | thought 1.4002 dec_ce 2.2304 | 4.6 it/s
step     900 | cos 0.4509 | thought 1.4414 dec_ce 2.3288 | 4.5 it/s
step     950 | cos 0.4543 | thought 1.4284 dec_ce 2.28 | 4.7 it/s
step    1000 | cos 0.4539 | thought 1.3475 dec_ce 2.1077 | 4.5 it/s
step    1000 | VAL cos 0.4730 | VAL dec CE 4.0741
step    1050 | cos 0.4589 | thought 1.3386 dec_ce 2.1475 | 3.6 it/s
step    1100 | cos 0.4637 | thought 1.373 dec_ce 2.2625 | 4.5 it/s
step    1150 | cos 0.4632 | thought 1.2911 dec_ce 2.0912 | 4.5 it/s
step    1200 | cos 0.4674 | thought 1.2539 dec_ce 2.1747 | 4.6 it/s
step    1250 | cos 0.4667 | thought 1.2591 dec_ce 2.162 | 4.5 it/s
step    1300 | cos 0.4711 | thought 1.2516 dec_ce 2.2057 | 4.7 it/s
step    1350 | cos 0.4711 | thought 1.2821 dec_ce 2.1312 | 4.6 it/s
step    1400 | cos 0.4747 | thought 1.2453 dec_ce 2.1025 | 4.6 it/s
step    1450 | cos 0.4714 | thought 1.1998 dec_ce 2.1398 | 4.4 it/s
step    1500 | cos 0.4739 | thought 1.2065 dec_ce 2.1858 | 4.5 it/s
step    1500 | VAL cos 0.4888 | VAL dec CE 4.0309
step    1550 | cos 0.4747 | thought 1.1367 dec_ce 2.0079 | 3.7 it/s
step    1600 | cos 0.4789 | thought 1.1364 dec_ce 2.0243 | 4.6 it/s
step    1650 | cos 0.4767 | thought 1.1057 dec_ce 1.9915 | 4.5 it/s
step    1700 | cos 0.4777 | thought 1.1447 dec_ce 2.0531 | 4.6 it/s
step    1750 | cos 0.4808 | thought 1.1174 dec_ce 2.061 | 4.6 it/s
step    1800 | cos 0.4782 | thought 1.1352 dec_ce 2.3428 | 4.5 it/s
step    1850 | cos 0.4782 | thought 1.158 dec_ce 2.1661 | 4.7 it/s
step    1900 | cos 0.4764 | thought 1.0816 dec_ce 2.1092 | 4.6 it/s
step    1950 | cos 0.4805 | thought 1.1175 dec_ce 2.216 | 4.5 it/s
step    2000 | cos 0.4792 | thought 1.0595 dec_ce 2.1062 | 4.6 it/s
step    2000 | VAL cos 0.4930 | VAL dec CE 3.9938
step    2050 | cos 0.4793 | thought 1.0568 dec_ce 2.0168 | 3.6 it/s
step    2100 | cos 0.4828 | thought 1.0991 dec_ce 2.1245 | 4.5 it/s
step    2150 | cos 0.4813 | thought 1.1289 dec_ce 2.248 | 4.6 it/s
step    2200 | cos 0.4812 | thought 1.0782 dec_ce 2.1154 | 4.6 it/s
step    2250 | cos 0.4837 | thought 1.0406 dec_ce 2.1578 | 4.6 it/s
step    2300 | cos 0.4825 | thought 1.0415 dec_ce 2.1613 | 4.5 it/s
step    2350 | cos 0.4831 | thought 1.0702 dec_ce 2.2222 | 4.6 it/s
step    2400 | cos 0.4828 | thought 1.116 dec_ce 2.1907 | 4.6 it/s
step    2450 | cos 0.4831 | thought 1.0648 dec_ce 2.2244 | 4.7 it/s
step    2500 | cos 0.4865 | thought 1.0225 dec_ce 2.0265 | 4.7 it/s
step    2500 | VAL cos 0.4974 | VAL dec CE 3.9848
step    2550 | cos 0.4828 | thought 1.02 dec_ce 2.0957 | 3.6 it/s
step    2600 | cos 0.4881 | thought 1.011 dec_ce 2.013 | 4.6 it/s
step    2650 | cos 0.4880 | thought 1.0605 dec_ce 2.2001 | 4.6 it/s
step    2700 | cos 0.4872 | thought 1.0518 dec_ce 2.2263 | 4.5 it/s
step    2750 | cos 0.4887 | thought 1.0257 dec_ce 2.0197 | 4.6 it/s
step    2800 | cos 0.4875 | thought 1.0024 dec_ce 2.079 | 4.6 it/s
step    2850 | cos 0.4902 | thought 1.0197 dec_ce 2.2565 | 4.6 it/s
step    2900 | cos 0.4916 | thought 1.0393 dec_ce 2.0694 | 4.6 it/s
step    2950 | cos 0.4890 | thought 0.9906 dec_ce 1.9954 | 4.5 it/s
step    3000 | cos 0.4867 | thought 1.0357 dec_ce 2.0947 | 4.5 it/s
step    3000 | VAL cos 0.5022 | VAL dec CE 3.9834
step    3050 | cos 0.4897 | thought 0.9698 dec_ce 1.891 | 3.7 it/s
step    3100 | cos 0.4911 | thought 1.0098 dec_ce 2.1627 | 4.7 it/s
step    3150 | cos 0.4934 | thought 1.064 dec_ce 2.3654 | 4.6 it/s
step    3200 | cos 0.4916 | thought 1.0084 dec_ce 2.0746 | 4.5 it/s
step    3250 | cos 0.4908 | thought 1.0252 dec_ce 2.1016 | 4.5 it/s
step    3300 | cos 0.4930 | thought 1.0437 dec_ce 2.1936 | 4.6 it/s
step    3350 | cos 0.4897 | thought 1.051 dec_ce 2.0615 | 4.6 it/s
step    3400 | cos 0.4918 | thought 1.0073 dec_ce 2.0333 | 4.6 it/s
step    3450 | cos 0.4929 | thought 1.0106 dec_ce 2.0861 | 4.5 it/s
step    3500 | cos 0.4907 | thought 1.0427 dec_ce 2.0432 | 4.5 it/s
step    3500 | VAL cos 0.5014 | VAL dec CE 3.9780
step    3550 | cos 0.4895 | thought 1.0068 dec_ce 2.1618 | 3.5 it/s
step    3600 | cos 0.4929 | thought 1.0244 dec_ce 2.2396 | 4.6 it/s
step    3650 | cos 0.4889 | thought 1.0097 dec_ce 2.0462 | 4.5 it/s
step    3700 | cos 0.4944 | thought 1.019 dec_ce 2.0722 | 4.6 it/s
step    3750 | cos 0.4940 | thought 1.0312 dec_ce 2.1398 | 4.6 it/s
step    3800 | cos 0.4943 | thought 1.0087 dec_ce 2.0407 | 4.6 it/s
step    3850 | cos 0.4904 | thought 1.0521 dec_ce 2.304 | 4.6 it/s
step    3900 | cos 0.4957 | thought 1.0492 dec_ce 2.1925 | 4.7 it/s
step    3950 | cos 0.4933 | thought 0.9777 dec_ce 2.1295 | 4.5 it/s
step    4000 | cos 0.4945 | thought 1.0701 dec_ce 2.139 | 4.6 it/s
step    4000 | VAL cos 0.5053 | VAL dec CE 3.9584
step    4050 | cos 0.4946 | thought 1.0643 dec_ce 2.3404 | 3.6 it/s
step    4100 | cos 0.4947 | thought 1.0158 dec_ce 2.0807 | 4.6 it/s
step    4150 | cos 0.4944 | thought 0.9525 dec_ce 1.9707 | 4.5 it/s
step    4200 | cos 0.4929 | thought 1.0084 dec_ce 2.1085 | 4.6 it/s
step    4250 | cos 0.4934 | thought 1.0553 dec_ce 2.2517 | 4.6 it/s
step    4300 | cos 0.4952 | thought 0.9995 dec_ce 2.222 | 4.6 it/s
step    4350 | cos 0.4931 | thought 1.0011 dec_ce 2.0023 | 4.7 it/s
step    4400 | cos 0.4962 | thought 0.9965 dec_ce 2.0708 | 4.6 it/s
step    4450 | cos 0.4948 | thought 1.0566 dec_ce 2.2428 | 4.6 it/s
step    4500 | cos 0.4988 | thought 1.033 dec_ce 2.1362 | 4.7 it/s
step    4500 | VAL cos 0.5081 | VAL dec CE 3.9651
step    4550 | cos 0.4946 | thought 1.0064 dec_ce 1.986 | 3.7 it/s
step    4600 | cos 0.4952 | thought 1.006 dec_ce 2.1461 | 4.6 it/s
step    4650 | cos 0.4975 | thought 0.9757 dec_ce 2.0682 | 4.5 it/s
step    4700 | cos 0.4950 | thought 1.0367 dec_ce 2.1662 | 4.6 it/s
step    4750 | cos 0.4999 | thought 0.9955 dec_ce 1.9379 | 4.6 it/s
step    4800 | cos 0.4964 | thought 1.024 dec_ce 2.1808 | 4.7 it/s
step    4850 | cos 0.4985 | thought 1.0312 dec_ce 2.0621 | 4.5 it/s
step    4900 | cos 0.4979 | thought 0.9796 dec_ce 1.9909 | 4.5 it/s
step    4950 | cos 0.4951 | thought 1.0425 dec_ce 2.3009 | 4.6 it/s
step    5000 | cos 0.5000 | thought 1.0253 dec_ce 2.117 | 4.7 it/s
step    5000 | VAL cos 0.5080 | VAL dec CE 3.9537
step    5050 | cos 0.4979 | thought 1.0137 dec_ce 2.2564 | 3.6 it/s
step    5100 | cos 0.4963 | thought 1.0482 dec_ce 2.1889 | 4.6 it/s
step    5150 | cos 0.4970 | thought 1.0174 dec_ce 2.1678 | 4.5 it/s
step    5200 | cos 0.4985 | thought 1.01 dec_ce 2.0929 | 4.5 it/s
step    5250 | cos 0.4971 | thought 0.9896 dec_ce 2.0438 | 4.7 it/s
step    5300 | cos 0.4958 | thought 1.0143 dec_ce 2.1941 | 4.5 it/s
step    5350 | cos 0.4991 | thought 1.0391 dec_ce 2.1775 | 4.7 it/s
step    5400 | cos 0.4947 | thought 1.0151 dec_ce 2.162 | 4.5 it/s
step    5450 | cos 0.4968 | thought 1.0336 dec_ce 2.0387 | 4.6 it/s
step    5500 | cos 0.4962 | thought 1.0184 dec_ce 2.1435 | 4.7 it/s
step    5500 | VAL cos 0.5088 | VAL dec CE 3.9491
step    5550 | cos 0.4971 | thought 1.029 dec_ce 2.095 | 3.7 it/s
step    5600 | cos 0.4970 | thought 1.0314 dec_ce 2.2505 | 4.5 it/s
step    5650 | cos 0.4977 | thought 1.0149 dec_ce 2.0902 | 4.6 it/s
step    5700 | cos 0.4954 | thought 0.9928 dec_ce 2.0051 | 4.6 it/s
step    5750 | cos 0.4979 | thought 1.0601 dec_ce 2.2601 | 4.6 it/s
step    5800 | cos 0.4950 | thought 1.02 dec_ce 2.2364 | 4.6 it/s
step    5850 | cos 0.4990 | thought 1.0517 dec_ce 2.1208 | 4.6 it/s
step    5900 | cos 0.4990 | thought 1.0032 dec_ce 2.1234 | 4.7 it/s
step    5950 | cos 0.4996 | thought 1.0411 dec_ce 2.2291 | 4.6 it/s
step    6000 | cos 0.4977 | thought 0.9886 dec_ce 1.9633 | 4.6 it/s
step    6000 | VAL cos 0.5077 | VAL dec CE 3.9388
step    6050 | cos 0.4976 | thought 1.0102 dec_ce 2.2188 | 3.6 it/s
step    6100 | cos 0.5002 | thought 0.9452 dec_ce 1.9727 | 4.5 it/s
step    6150 | cos 0.5009 | thought 1.0167 dec_ce 2.1094 | 4.7 it/s
step    6200 | cos 0.4998 | thought 1.0172 dec_ce 2.122 | 4.6 it/s
step    6250 | cos 0.5014 | thought 1.0055 dec_ce 2.016 | 4.6 it/s
step    6300 | cos 0.4968 | thought 1.0038 dec_ce 2.1201 | 4.6 it/s
step    6350 | cos 0.5002 | thought 1.0064 dec_ce 2.1106 | 4.6 it/s
step    6400 | cos 0.5013 | thought 0.9489 dec_ce 1.9846 | 4.6 it/s
step    6450 | cos 0.5013 | thought 1.0778 dec_ce 2.2618 | 4.5 it/s
step    6500 | cos 0.5000 | thought 0.9792 dec_ce 2.1006 | 4.6 it/s
step    6500 | VAL cos 0.5096 | VAL dec CE 3.9401
step    6550 | cos 0.4946 | thought 1.0174 dec_ce 2.1091 | 3.7 it/s
step    6600 | cos 0.4988 | thought 1.026 dec_ce 2.1432 | 4.6 it/s
step    6650 | cos 0.4986 | thought 0.994 dec_ce 1.9633 | 4.4 it/s
step    6700 | cos 0.5010 | thought 0.9671 dec_ce 2.1119 | 4.6 it/s
step    6750 | cos 0.4985 | thought 0.9808 dec_ce 2.0706 | 4.7 it/s
step    6800 | cos 0.4984 | thought 1.0392 dec_ce 2.2024 | 4.6 it/s
step    6850 | cos 0.4983 | thought 1.008 dec_ce 2.0023 | 4.5 it/s
step    6900 | cos 0.5022 | thought 1.022 dec_ce 2.0997 | 4.7 it/s
step    6950 | cos 0.4986 | thought 1.0268 dec_ce 2.0373 | 4.6 it/s
step    7000 | cos 0.5010 | thought 1.0387 dec_ce 2.4066 | 4.5 it/s
step    7000 | VAL cos 0.5092 | VAL dec CE 3.9378
step    7050 | cos 0.4943 | thought 0.9564 dec_ce 1.8893 | 3.6 it/s
step    7100 | cos 0.5044 | thought 0.9532 dec_ce 2.0952 | 4.6 it/s
step    7150 | cos 0.5023 | thought 1.0145 dec_ce 2.0142 | 4.6 it/s
step    7200 | cos 0.4997 | thought 1.0383 dec_ce 2.1213 | 4.6 it/s
step    7250 | cos 0.4992 | thought 1.0793 dec_ce 2.3735 | 4.5 it/s
step    7300 | cos 0.5013 | thought 0.9823 dec_ce 2.0905 | 4.6 it/s
step    7350 | cos 0.5028 | thought 0.9746 dec_ce 1.9133 | 4.7 it/s
step    7400 | cos 0.5027 | thought 0.955 dec_ce 1.906 | 4.7 it/s
step    7450 | cos 0.4995 | thought 0.9887 dec_ce 2.115 | 4.5 it/s
step    7500 | cos 0.5029 | thought 0.9889 dec_ce 2.1235 | 4.5 it/s
step    7500 | VAL cos 0.5109 | VAL dec CE 3.9311
step    7550 | cos 0.5018 | thought 0.9848 dec_ce 2.0765 | 3.7 it/s
step    7600 | cos 0.5017 | thought 1.0125 dec_ce 2.2014 | 4.6 it/s
step    7650 | cos 0.5007 | thought 1.0225 dec_ce 2.202 | 4.6 it/s
step    7700 | cos 0.4992 | thought 1.0135 dec_ce 2.0735 | 4.6 it/s
step    7750 | cos 0.4989 | thought 0.9912 dec_ce 1.9974 | 4.7 it/s
step    7800 | cos 0.4991 | thought 1.0323 dec_ce 2.1192 | 4.6 it/s
step    7850 | cos 0.5006 | thought 1.0291 dec_ce 2.0959 | 4.5 it/s
step    7900 | cos 0.4997 | thought 1.0672 dec_ce 2.3126 | 4.7 it/s
step    7950 | cos 0.5019 | thought 0.993 dec_ce 2.1034 | 4.6 it/s
step    8000 | cos 0.5011 | thought 0.9591 dec_ce 1.9794 | 4.6 it/s
step    8000 | VAL cos 0.5101 | VAL dec CE 3.9211
step    8050 | cos 0.5038 | thought 0.9626 dec_ce 2.0063 | 3.7 it/s
step    8100 | cos 0.5055 | thought 0.9759 dec_ce 2.0151 | 4.8 it/s
step    8150 | cos 0.5022 | thought 0.9611 dec_ce 1.9056 | 4.6 it/s
step    8200 | cos 0.5019 | thought 0.9442 dec_ce 2.0296 | 4.5 it/s
step    8250 | cos 0.5052 | thought 0.9486 dec_ce 1.9332 | 4.5 it/s
step    8300 | cos 0.5012 | thought 1.0016 dec_ce 2.1563 | 4.6 it/s
step    8350 | cos 0.5015 | thought 0.9937 dec_ce 1.9651 | 4.6 it/s
step    8400 | cos 0.5006 | thought 1.0206 dec_ce 2.1878 | 4.6 it/s
step    8450 | cos 0.5015 | thought 1.0044 dec_ce 1.9934 | 4.7 it/s
step    8500 | cos 0.5027 | thought 0.9997 dec_ce 2.0913 | 4.6 it/s
step    8500 | VAL cos 0.5135 | VAL dec CE 3.9131
step    8550 | cos 0.4982 | thought 1.0253 dec_ce 2.1474 | 3.7 it/s
step    8600 | cos 0.5032 | thought 0.9463 dec_ce 1.9163 | 4.5 it/s
step    8650 | cos 0.5030 | thought 1.0361 dec_ce 2.2017 | 4.7 it/s
step    8700 | cos 0.5027 | thought 1.0088 dec_ce 2.0713 | 4.5 it/s
step    8750 | cos 0.5046 | thought 0.9661 dec_ce 2.1175 | 4.6 it/s
step    8800 | cos 0.5027 | thought 0.9752 dec_ce 2.1174 | 4.6 it/s
step    8850 | cos 0.5025 | thought 0.997 dec_ce 2.2389 | 4.6 it/s
step    8900 | cos 0.5047 | thought 1.0023 dec_ce 2.2281 | 4.6 it/s
step    8950 | cos 0.5003 | thought 1.0315 dec_ce 1.9918 | 4.6 it/s
step    9000 | cos 0.5047 | thought 1.0228 dec_ce 2.0354 | 4.7 it/s
step    9000 | VAL cos 0.5121 | VAL dec CE 3.9201
step    9050 | cos 0.5040 | thought 0.9921 dec_ce 2.0966 | 3.8 it/s
step    9100 | cos 0.5029 | thought 0.9793 dec_ce 1.9961 | 4.6 it/s
step    9150 | cos 0.5065 | thought 1.0178 dec_ce 2.1891 | 4.6 it/s
step    9200 | cos 0.5054 | thought 0.9863 dec_ce 2.0485 | 4.8 it/s
step    9250 | cos 0.5035 | thought 1.0379 dec_ce 2.2498 | 4.6 it/s
step    9300 | cos 0.5050 | thought 1.0218 dec_ce 2.1335 | 4.7 it/s
step    9350 | cos 0.5059 | thought 0.9894 dec_ce 2.0432 | 4.6 it/s
step    9400 | cos 0.5016 | thought 1.0032 dec_ce 2.0926 | 4.5 it/s
step    9450 | cos 0.5013 | thought 1.029 dec_ce 2.2291 | 4.7 it/s
step    9500 | cos 0.5030 | thought 0.9693 dec_ce 2.1039 | 4.5 it/s
step    9500 | VAL cos 0.5141 | VAL dec CE 3.9102
step    9550 | cos 0.5045 | thought 0.9998 dec_ce 1.9935 | 3.7 it/s
step    9600 | cos 0.5026 | thought 1.0345 dec_ce 2.0454 | 4.6 it/s
step    9650 | cos 0.5052 | thought 1.02 dec_ce 2.1998 | 4.6 it/s
step    9700 | cos 0.5039 | thought 1.0466 dec_ce 2.1205 | 4.6 it/s
step    9750 | cos 0.5063 | thought 0.9547 dec_ce 1.823 | 4.6 it/s
step    9800 | cos 0.5012 | thought 0.9784 dec_ce 1.9419 | 4.6 it/s
step    9850 | cos 0.5042 | thought 1.0165 dec_ce 2.0996 | 4.6 it/s
step    9900 | cos 0.5046 | thought 1.0436 dec_ce 2.2273 | 4.5 it/s
step    9950 | cos 0.5041 | thought 0.969 dec_ce 2.0244 | 4.6 it/s
step   10000 | cos 0.5009 | thought 0.951 dec_ce 1.9135 | 4.6 it/s
step   10000 | VAL cos 0.5153 | VAL dec CE 3.9079
step   10050 | cos 0.5065 | thought 0.9558 dec_ce 1.9014 | 3.6 it/s
step   10100 | cos 0.5060 | thought 0.9773 dec_ce 1.9945 | 4.7 it/s
step   10150 | cos 0.5025 | thought 0.9558 dec_ce 2.0599 | 4.6 it/s
step   10200 | cos 0.5064 | thought 1.0101 dec_ce 2.0473 | 4.6 it/s
step   10250 | cos 0.5019 | thought 0.929 dec_ce 2.0385 | 4.6 it/s
step   10300 | cos 0.5011 | thought 1.0262 dec_ce 2.1582 | 4.6 it/s
step   10350 | cos 0.5060 | thought 1.0134 dec_ce 2.0949 | 4.5 it/s
step   10400 | cos 0.5006 | thought 0.9665 dec_ce 2.0466 | 4.5 it/s
step   10450 | cos 0.5007 | thought 1.0306 dec_ce 2.0606 | 4.6 it/s
step   10500 | cos 0.5044 | thought 1.0283 dec_ce 2.2735 | 4.5 it/s
step   10500 | VAL cos 0.5164 | VAL dec CE 3.9100
step   10550 | cos 0.5018 | thought 1.0531 dec_ce 2.078 | 3.7 it/s
step   10600 | cos 0.5033 | thought 0.9895 dec_ce 2.1196 | 4.5 it/s
step   10650 | cos 0.5064 | thought 1.0173 dec_ce 2.2659 | 4.7 it/s
step   10700 | cos 0.5048 | thought 1.0132 dec_ce 2.2019 | 4.6 it/s
step   10750 | cos 0.5091 | thought 0.9777 dec_ce 1.9738 | 4.6 it/s
step   10800 | cos 0.5063 | thought 1.0292 dec_ce 2.1798 | 4.7 it/s
step   10850 | cos 0.5060 | thought 1.0209 dec_ce 2.2881 | 4.5 it/s
step   10900 | cos 0.5068 | thought 0.9453 dec_ce 1.9522 | 4.5 it/s
step   10950 | cos 0.5067 | thought 1.0356 dec_ce 2.1761 | 4.6 it/s
step   11000 | cos 0.5066 | thought 1.0208 dec_ce 2.2797 | 4.6 it/s
step   11000 | VAL cos 0.5190 | VAL dec CE 3.8984
step   11050 | cos 0.5095 | thought 0.9711 dec_ce 2.0206 | 3.7 it/s
step   11100 | cos 0.5048 | thought 1.0438 dec_ce 2.2308 | 4.6 it/s
step   11150 | cos 0.5079 | thought 0.9747 dec_ce 2.0313 | 4.5 it/s
step   11200 | cos 0.5098 | thought 0.9458 dec_ce 1.918 | 4.6 it/s
step   11250 | cos 0.5101 | thought 0.9851 dec_ce 2.0018 | 4.7 it/s
step   11300 | cos 0.5106 | thought 1.0326 dec_ce 2.0986 | 4.7 it/s
step   11350 | cos 0.5119 | thought 0.946 dec_ce 1.9364 | 4.6 it/s
step   11400 | cos 0.5097 | thought 0.9658 dec_ce 1.9472 | 4.5 it/s
step   11450 | cos 0.5070 | thought 1.0137 dec_ce 2.0912 | 4.5 it/s
step   11500 | cos 0.5100 | thought 0.9694 dec_ce 1.9876 | 4.6 it/s
step   11500 | VAL cos 0.5199 | VAL dec CE 3.8883
step   11550 | cos 0.5128 | thought 0.9973 dec_ce 2.1168 | 3.8 it/s
step   11600 | cos 0.5078 | thought 1.0241 dec_ce 2.2041 | 4.6 it/s
step   11650 | cos 0.5100 | thought 0.9945 dec_ce 2.0725 | 4.5 it/s
step   11700 | cos 0.5107 | thought 0.939 dec_ce 1.8627 | 4.7 it/s
step   11750 | cos 0.5094 | thought 0.9661 dec_ce 2.167 | 4.5 it/s
step   11800 | cos 0.5098 | thought 0.958 dec_ce 1.9455 | 4.6 it/s
step   11850 | cos 0.5080 | thought 1.0407 dec_ce 2.0921 | 4.5 it/s
step   11900 | cos 0.5075 | thought 0.9663 dec_ce 1.9062 | 4.5 it/s
step   11950 | cos 0.5103 | thought 0.9852 dec_ce 1.9515 | 4.6 it/s
step   12000 | cos 0.5162 | thought 0.9992 dec_ce 2.1467 | 4.6 it/s
step   12000 | VAL cos 0.5236 | VAL dec CE 3.8915
step   12050 | cos 0.5117 | thought 1.0066 dec_ce 2.1831 | 3.7 it/s
step   12100 | cos 0.5135 | thought 1.0084 dec_ce 2.0756 | 4.5 it/s
step   12150 | cos 0.5158 | thought 0.944 dec_ce 1.8968 | 4.6 it/s
step   12200 | cos 0.5135 | thought 0.975 dec_ce 2.085 | 4.6 it/s
step   12250 | cos 0.5153 | thought 0.9727 dec_ce 1.9727 | 4.7 it/s
step   12300 | cos 0.5126 | thought 0.9853 dec_ce 2.0793 | 4.7 it/s
step   12350 | cos 0.5119 | thought 0.9772 dec_ce 2.0022 | 4.6 it/s
step   12400 | cos 0.5123 | thought 0.948 dec_ce 1.9623 | 4.6 it/s
step   12450 | cos 0.5112 | thought 0.9924 dec_ce 2.0174 | 4.6 it/s
step   12500 | cos 0.5129 | thought 1.0551 dec_ce 2.0938 | 4.7 it/s
step   12500 | VAL cos 0.5224 | VAL dec CE 3.8806
step   12550 | cos 0.5153 | thought 0.9789 dec_ce 2.096 | 3.8 it/s
step   12600 | cos 0.5163 | thought 0.9725 dec_ce 2.1901 | 4.6 it/s
step   12650 | cos 0.5137 | thought 0.9947 dec_ce 2.1192 | 4.7 it/s
step   12700 | cos 0.5152 | thought 0.9611 dec_ce 2.0899 | 4.7 it/s
step   12750 | cos 0.5166 | thought 1.024 dec_ce 2.1777 | 4.5 it/s
step   12800 | cos 0.5131 | thought 1.0143 dec_ce 2.1341 | 4.6 it/s
step   12850 | cos 0.5116 | thought 0.9883 dec_ce 2.1291 | 4.5 it/s
step   12900 | cos 0.5187 | thought 0.9788 dec_ce 2.1748 | 4.7 it/s
step   12950 | cos 0.5161 | thought 0.9895 dec_ce 2.0261 | 4.7 it/s
step   13000 | cos 0.5144 | thought 0.9493 dec_ce 1.9805 | 4.6 it/s
step   13000 | VAL cos 0.5262 | VAL dec CE 3.8893
step   13050 | cos 0.5153 | thought 1.0311 dec_ce 2.2553 | 3.9 it/s
step   13100 | cos 0.5155 | thought 0.954 dec_ce 1.9776 | 4.7 it/s
step   13150 | cos 0.5140 | thought 1.0195 dec_ce 2.1206 | 4.7 it/s
step   13200 | cos 0.5184 | thought 0.9861 dec_ce 2.1023 | 4.5 it/s
step   13250 | cos 0.5118 | thought 0.9708 dec_ce 1.9374 | 4.7 it/s
step   13300 | cos 0.5181 | thought 1.0026 dec_ce 2.0377 | 4.6 it/s
step   13350 | cos 0.5119 | thought 0.9785 dec_ce 2.1332 | 4.6 it/s
step   13400 | cos 0.5155 | thought 0.9533 dec_ce 2.0637 | 4.6 it/s
step   13450 | cos 0.5160 | thought 0.9696 dec_ce 2.1754 | 4.6 it/s
step   13500 | cos 0.5159 | thought 0.9769 dec_ce 2.0107 | 4.5 it/s
step   13500 | VAL cos 0.5256 | VAL dec CE 3.8855
step   13550 | cos 0.5149 | thought 0.9791 dec_ce 1.9627 | 3.8 it/s
step   13600 | cos 0.5142 | thought 1.0208 dec_ce 2.1957 | 4.5 it/s
step   13650 | cos 0.5153 | thought 0.963 dec_ce 2.1878 | 4.5 it/s
step   13700 | cos 0.5176 | thought 0.9512 dec_ce 1.9039 | 4.7 it/s
step   13750 | cos 0.5147 | thought 0.9849 dec_ce 1.9221 | 4.5 it/s
step   13800 | cos 0.5134 | thought 0.9629 dec_ce 1.9889 | 4.5 it/s
step   13850 | cos 0.5155 | thought 0.9934 dec_ce 2.0866 | 4.6 it/s
step   13900 | cos 0.5148 | thought 1.0046 dec_ce 2.0863 | 4.6 it/s
step   13950 | cos 0.5142 | thought 0.9874 dec_ce 2.3225 | 4.4 it/s
step   14000 | cos 0.5168 | thought 1.0043 dec_ce 2.2455 | 4.5 it/s
step   14000 | VAL cos 0.5282 | VAL dec CE 3.8660
step   14050 | cos 0.5163 | thought 0.9599 dec_ce 2.0901 | 3.7 it/s
step   14100 | cos 0.5125 | thought 0.9964 dec_ce 2.0696 | 4.6 it/s
step   14150 | cos 0.5173 | thought 0.9305 dec_ce 2.0846 | 4.5 it/s
step   14200 | cos 0.5157 | thought 0.937 dec_ce 2.0182 | 4.6 it/s
step   14250 | cos 0.5109 | thought 0.9584 dec_ce 2.0165 | 4.5 it/s
step   14300 | cos 0.5158 | thought 0.9443 dec_ce 1.97 | 4.6 it/s
step   14350 | cos 0.5158 | thought 0.9833 dec_ce 2.0356 | 4.7 it/s
step   14400 | cos 0.5195 | thought 0.9574 dec_ce 2.0204 | 4.6 it/s
step   14450 | cos 0.5145 | thought 0.9887 dec_ce 2.1044 | 4.4 it/s
step   14500 | cos 0.5173 | thought 0.95 dec_ce 2.1585 | 4.6 it/s
step   14500 | VAL cos 0.5274 | VAL dec CE 3.8733
step   14550 | cos 0.5198 | thought 0.9917 dec_ce 2.2881 | 3.8 it/s
step   14600 | cos 0.5179 | thought 0.9778 dec_ce 2.0623 | 4.6 it/s
step   14650 | cos 0.5207 | thought 0.9813 dec_ce 2.0935 | 4.5 it/s
step   14700 | cos 0.5165 | thought 0.9883 dec_ce 1.99 | 4.6 it/s
step   14750 | cos 0.5158 | thought 0.9922 dec_ce 2.0057 | 4.5 it/s
step   14800 | cos 0.5159 | thought 0.9628 dec_ce 2.0749 | 4.5 it/s
step   14850 | cos 0.5169 | thought 1.0026 dec_ce 2.0245 | 4.7 it/s
step   14900 | cos 0.5205 | thought 0.9567 dec_ce 2.1327 | 4.7 it/s
step   14950 | cos 0.5196 | thought 0.95 dec_ce 1.9581 | 4.6 it/s
step   15000 | cos 0.5155 | thought 0.9878 dec_ce 2.1215 | 4.5 it/s
step   15000 | VAL cos 0.5292 | VAL dec CE 3.8632
step   15050 | cos 0.5166 | thought 0.9627 dec_ce 2.0536 | 3.7 it/s
step   15100 | cos 0.5168 | thought 0.9854 dec_ce 2.0819 | 4.5 it/s
step   15150 | cos 0.5187 | thought 0.9219 dec_ce 1.9094 | 4.6 it/s
step   15200 | cos 0.5187 | thought 0.9632 dec_ce 1.9362 | 4.7 it/s
step   15250 | cos 0.5198 | thought 0.9483 dec_ce 2.0766 | 4.6 it/s
step   15300 | cos 0.5225 | thought 0.9576 dec_ce 1.9247 | 4.7 it/s
step   15350 | cos 0.5170 | thought 1.0054 dec_ce 2.0377 | 4.5 it/s
step   15400 | cos 0.5144 | thought 1.0015 dec_ce 2.142 | 4.5 it/s
step   15450 | cos 0.5182 | thought 0.9401 dec_ce 1.8705 | 4.6 it/s
step   15500 | cos 0.5210 | thought 0.991 dec_ce 2.1212 | 4.6 it/s
step   15500 | VAL cos 0.5291 | VAL dec CE 3.8636
step   15550 | cos 0.5165 | thought 0.9693 dec_ce 1.9145 | 3.7 it/s
step   15600 | cos 0.5177 | thought 1.0018 dec_ce 2.3035 | 4.6 it/s
step   15650 | cos 0.5190 | thought 0.9743 dec_ce 2.0423 | 4.6 it/s
step   15700 | cos 0.5136 | thought 0.9691 dec_ce 1.9548 | 4.4 it/s
step   15750 | cos 0.5186 | thought 0.9258 dec_ce 1.8424 | 4.6 it/s
step   15800 | cos 0.5174 | thought 0.9337 dec_ce 1.9304 | 4.6 it/s
step   15850 | cos 0.5165 | thought 0.9481 dec_ce 2.0455 | 4.6 it/s
step   15900 | cos 0.5159 | thought 0.9713 dec_ce 2.1201 | 4.6 it/s
step   15950 | cos 0.5169 | thought 0.9755 dec_ce 2.0338 | 4.6 it/s
step   16000 | cos 0.5207 | thought 0.9195 dec_ce 1.9284 | 4.7 it/s
step   16000 | VAL cos 0.5288 | VAL dec CE 3.8610
step   16050 | cos 0.5197 | thought 0.9509 dec_ce 1.9411 | 3.6 it/s
step   16100 | cos 0.5174 | thought 1.0025 dec_ce 2.2557 | 4.5 it/s
step   16150 | cos 0.5190 | thought 0.9603 dec_ce 1.8906 | 4.6 it/s
step   16200 | cos 0.5149 | thought 1.0376 dec_ce 2.0461 | 4.4 it/s
step   16250 | cos 0.5189 | thought 0.9764 dec_ce 1.957 | 4.6 it/s
step   16300 | cos 0.5196 | thought 0.9686 dec_ce 2.0867 | 4.7 it/s
step   16350 | cos 0.5178 | thought 0.9353 dec_ce 1.9378 | 4.4 it/s
step   16400 | cos 0.5188 | thought 1.0128 dec_ce 2.2963 | 4.7 it/s
step   16450 | cos 0.5183 | thought 0.9752 dec_ce 2.0519 | 4.5 it/s
step   16500 | cos 0.5199 | thought 0.9831 dec_ce 2.1093 | 4.5 it/s
step   16500 | VAL cos 0.5297 | VAL dec CE 3.8656
step   16550 | cos 0.5184 | thought 1.0075 dec_ce 2.2542 | 3.8 it/s
step   16600 | cos 0.5189 | thought 0.9434 dec_ce 2.0392 | 4.5 it/s
step   16650 | cos 0.5196 | thought 0.9374 dec_ce 1.8682 | 4.6 it/s
step   16700 | cos 0.5201 | thought 0.9812 dec_ce 1.9271 | 4.7 it/s
step   16750 | cos 0.5187 | thought 0.9706 dec_ce 2.0053 | 4.5 it/s
step   16800 | cos 0.5186 | thought 0.9868 dec_ce 2.2001 | 4.5 it/s
step   16850 | cos 0.5167 | thought 0.9928 dec_ce 1.8985 | 4.5 it/s
step   16900 | cos 0.5180 | thought 0.9473 dec_ce 1.9777 | 4.5 it/s
step   16950 | cos 0.5214 | thought 0.9766 dec_ce 1.9454 | 4.6 it/s
step   17000 | cos 0.5175 | thought 0.9336 dec_ce 1.9722 | 4.4 it/s
step   17000 | VAL cos 0.5297 | VAL dec CE 3.8696
step   17050 | cos 0.5148 | thought 0.9961 dec_ce 2.0531 | 3.8 it/s
step   17100 | cos 0.5212 | thought 0.9641 dec_ce 2.0923 | 4.5 it/s
step   17150 | cos 0.5191 | thought 0.9656 dec_ce 1.998 | 4.5 it/s
step   17200 | cos 0.5218 | thought 0.9249 dec_ce 1.8522 | 4.5 it/s
step   17250 | cos 0.5226 | thought 0.9828 dec_ce 2.0741 | 4.7 it/s
step   17300 | cos 0.5195 | thought 0.934 dec_ce 1.8605 | 4.6 it/s
step   17350 | cos 0.5145 | thought 1.0207 dec_ce 2.2355 | 4.5 it/s
step   17400 | cos 0.5198 | thought 0.9752 dec_ce 1.9828 | 4.5 it/s
step   17450 | cos 0.5204 | thought 0.9803 dec_ce 2.098 | 4.5 it/s
step   17500 | cos 0.5194 | thought 0.9981 dec_ce 2.0674 | 4.5 it/s
step   17500 | VAL cos 0.5296 | VAL dec CE 3.8573
step   17550 | cos 0.5216 | thought 0.9784 dec_ce 1.9597 | 3.7 it/s
step   17600 | cos 0.5212 | thought 0.9676 dec_ce 2.016 | 4.7 it/s
step   17650 | cos 0.5184 | thought 0.966 dec_ce 2.0712 | 4.6 it/s
step   17700 | cos 0.5160 | thought 0.9425 dec_ce 2.0225 | 4.7 it/s
step   17750 | cos 0.5198 | thought 1.0112 dec_ce 2.2201 | 4.5 it/s
step   17800 | cos 0.5203 | thought 0.9641 dec_ce 2.0119 | 4.5 it/s
step   17850 | cos 0.5175 | thought 0.9596 dec_ce 1.9721 | 4.5 it/s
step   17900 | cos 0.5211 | thought 0.9624 dec_ce 2.0128 | 4.6 it/s
step   17950 | cos 0.5163 | thought 0.9016 dec_ce 1.9738 | 4.5 it/s
step   18000 | cos 0.5173 | thought 1.0311 dec_ce 2.0692 | 4.5 it/s
step   18000 | VAL cos 0.5311 | VAL dec CE 3.8595
step   18050 | cos 0.5207 | thought 0.9496 dec_ce 2.0742 | 3.7 it/s
step   18100 | cos 0.5224 | thought 0.9297 dec_ce 2.095 | 4.6 it/s
step   18150 | cos 0.5200 | thought 0.9977 dec_ce 2.0766 | 4.5 it/s
step   18200 | cos 0.5173 | thought 1.012 dec_ce 2.1353 | 4.6 it/s
step   18250 | cos 0.5215 | thought 0.9369 dec_ce 1.8626 | 4.6 it/s
step   18300 | cos 0.5226 | thought 0.9868 dec_ce 2.0805 | 4.6 it/s
step   18350 | cos 0.5211 | thought 0.9748 dec_ce 2.1285 | 4.6 it/s
step   18400 | cos 0.5184 | thought 0.9997 dec_ce 2.1765 | 4.6 it/s
step   18450 | cos 0.5211 | thought 0.9861 dec_ce 2.0222 | 4.6 it/s
step   18500 | cos 0.5156 | thought 1.0118 dec_ce 2.1132 | 4.6 it/s
step   18500 | VAL cos 0.5318 | VAL dec CE 3.8528
step   18550 | cos 0.5212 | thought 0.9613 dec_ce 2.1611 | 3.7 it/s
step   18600 | cos 0.5171 | thought 1.004 dec_ce 2.082 | 4.5 it/s
step   18650 | cos 0.5253 | thought 0.9613 dec_ce 2.1246 | 4.6 it/s
step   18700 | cos 0.5194 | thought 0.9807 dec_ce 2.02 | 4.4 it/s
step   18750 | cos 0.5200 | thought 0.9808 dec_ce 2.0599 | 4.6 it/s
step   18800 | cos 0.5242 | thought 0.9882 dec_ce 2.1627 | 4.6 it/s
step   18850 | cos 0.5204 | thought 0.9638 dec_ce 2.077 | 4.6 it/s
step   18900 | cos 0.5217 | thought 1.0087 dec_ce 2.0283 | 4.6 it/s
step   18950 | cos 0.5194 | thought 0.9936 dec_ce 2.0779 | 4.5 it/s
step   19000 | cos 0.5197 | thought 0.9885 dec_ce 2.0093 | 4.6 it/s
step   19000 | VAL cos 0.5318 | VAL dec CE 3.8440
step   19050 | cos 0.5188 | thought 0.9687 dec_ce 1.9753 | 3.7 it/s
step   19100 | cos 0.5224 | thought 0.9924 dec_ce 1.9567 | 4.7 it/s
step   19150 | cos 0.5213 | thought 0.9554 dec_ce 1.9918 | 4.5 it/s
step   19200 | cos 0.5202 | thought 0.9496 dec_ce 2.0644 | 4.5 it/s
step   19250 | cos 0.5210 | thought 0.9791 dec_ce 2.0323 | 4.5 it/s
step   19300 | cos 0.5203 | thought 1.0251 dec_ce 2.1419 | 4.5 it/s
step   19350 | cos 0.5182 | thought 1.0215 dec_ce 2.1306 | 4.5 it/s
step   19400 | cos 0.5230 | thought 0.9762 dec_ce 2.0421 | 4.6 it/s
step   19450 | cos 0.5159 | thought 1.0014 dec_ce 2.0822 | 4.7 it/s
step   19500 | cos 0.5216 | thought 0.9643 dec_ce 2.0364 | 4.5 it/s
step   19500 | VAL cos 0.5315 | VAL dec CE 3.8551
step   19550 | cos 0.5196 | thought 1.0136 dec_ce 2.0011 | 3.8 it/s
step   19600 | cos 0.5210 | thought 0.937 dec_ce 2.0153 | 4.5 it/s
step   19650 | cos 0.5196 | thought 0.9841 dec_ce 1.9493 | 4.4 it/s
step   19700 | cos 0.5206 | thought 0.9667 dec_ce 1.9685 | 4.6 it/s
step   19750 | cos 0.5240 | thought 0.9668 dec_ce 2.0812 | 4.4 it/s
step   19800 | cos 0.5189 | thought 0.9471 dec_ce 1.9387 | 4.6 it/s
step   19850 | cos 0.5206 | thought 1.0149 dec_ce 2.2976 | 4.5 it/s
step   19900 | cos 0.5213 | thought 0.9713 dec_ce 2.1478 | 4.6 it/s
step   19950 | cos 0.5229 | thought 0.9262 dec_ce 1.8987 | 4.6 it/s
step   20000 | cos 0.5170 | thought 0.9397 dec_ce 2.0551 | 4.6 it/s
step   20000 | VAL cos 0.5312 | VAL dec CE 3.8494
step   20050 | cos 0.5241 | thought 0.9342 dec_ce 1.9181 | 3.8 it/s
step   20100 | cos 0.5215 | thought 0.9491 dec_ce 1.8915 | 4.5 it/s
step   20150 | cos 0.5224 | thought 0.9889 dec_ce 2.0936 | 4.6 it/s
step   20200 | cos 0.5186 | thought 0.97 dec_ce 2.1155 | 4.7 it/s
step   20250 | cos 0.5177 | thought 0.9578 dec_ce 1.8876 | 4.5 it/s
step   20300 | cos 0.5214 | thought 1.0187 dec_ce 2.1486 | 4.6 it/s
step   20350 | cos 0.5191 | thought 0.9935 dec_ce 1.9778 | 4.5 it/s
step   20400 | cos 0.5209 | thought 1.0168 dec_ce 2.2415 | 4.7 it/s
step   20450 | cos 0.5247 | thought 0.973 dec_ce 2.1268 | 4.7 it/s
step   20500 | cos 0.5224 | thought 0.9543 dec_ce 2.1757 | 4.6 it/s
step   20500 | VAL cos 0.5321 | VAL dec CE 3.8397
step   20550 | cos 0.5187 | thought 0.9266 dec_ce 1.9594 | 3.7 it/s
step   20600 | cos 0.5209 | thought 0.9439 dec_ce 2.0454 | 4.6 it/s
step   20650 | cos 0.5241 | thought 0.9899 dec_ce 2.0414 | 4.6 it/s
step   20700 | cos 0.5205 | thought 0.9313 dec_ce 1.9126 | 4.6 it/s
step   20750 | cos 0.5199 | thought 0.9293 dec_ce 1.9717 | 4.5 it/s
step   20800 | cos 0.5213 | thought 1.0055 dec_ce 2.1575 | 4.6 it/s
step   20850 | cos 0.5200 | thought 0.8939 dec_ce 1.7988 | 4.6 it/s
step   20900 | cos 0.5214 | thought 0.9771 dec_ce 2.0846 | 4.6 it/s
step   20950 | cos 0.5182 | thought 0.9375 dec_ce 1.9411 | 4.6 it/s
step   21000 | cos 0.5213 | thought 0.9383 dec_ce 1.9484 | 4.6 it/s
step   21000 | VAL cos 0.5320 | VAL dec CE 3.8385
step   21050 | cos 0.5200 | thought 0.9942 dec_ce 2.0778 | 3.8 it/s
step   21100 | cos 0.5217 | thought 1.0011 dec_ce 2.1906 | 4.5 it/s
step   21150 | cos 0.5219 | thought 0.9842 dec_ce 2.2246 | 4.5 it/s
step   21200 | cos 0.5190 | thought 0.9456 dec_ce 2.0257 | 4.5 it/s
step   21250 | cos 0.5221 | thought 1.0295 dec_ce 2.3561 | 4.4 it/s
step   21300 | cos 0.5220 | thought 0.9993 dec_ce 2.0723 | 4.6 it/s
step   21350 | cos 0.5195 | thought 0.9786 dec_ce 1.9492 | 4.5 it/s
step   21400 | cos 0.5214 | thought 0.9542 dec_ce 2.0598 | 4.6 it/s
step   21450 | cos 0.5225 | thought 0.9973 dec_ce 2.0574 | 4.6 it/s
step   21500 | cos 0.5208 | thought 1.0462 dec_ce 2.1064 | 4.5 it/s
step   21500 | VAL cos 0.5324 | VAL dec CE 3.8370
step   21550 | cos 0.5211 | thought 1.0032 dec_ce 2.0964 | 3.7 it/s
step   21600 | cos 0.5204 | thought 1.0 dec_ce 2.0008 | 4.6 it/s
step   21650 | cos 0.5247 | thought 1.0046 dec_ce 2.1342 | 4.5 it/s
step   21700 | cos 0.5223 | thought 0.9656 dec_ce 2.0823 | 4.6 it/s
step   21750 | cos 0.5213 | thought 0.9774 dec_ce 2.185 | 4.5 it/s
step   21800 | cos 0.5210 | thought 0.9726 dec_ce 1.9622 | 4.6 it/s
step   21850 | cos 0.5232 | thought 0.9889 dec_ce 2.1234 | 4.6 it/s
step   21900 | cos 0.5236 | thought 0.9508 dec_ce 1.9518 | 4.6 it/s
step   21950 | cos 0.5196 | thought 1.0108 dec_ce 2.2792 | 4.5 it/s
step   22000 | cos 0.5223 | thought 0.9837 dec_ce 2.1527 | 4.6 it/s
step   22000 | VAL cos 0.5322 | VAL dec CE 3.8376
step   22050 | cos 0.5190 | thought 0.9988 dec_ce 2.0359 | 3.7 it/s
step   22100 | cos 0.5230 | thought 0.9576 dec_ce 2.0557 | 4.7 it/s
step   22150 | cos 0.5238 | thought 0.9733 dec_ce 2.0908 | 4.5 it/s
step   22200 | cos 0.5242 | thought 0.9895 dec_ce 2.1203 | 4.7 it/s
step   22250 | cos 0.5191 | thought 0.9735 dec_ce 2.0845 | 4.4 it/s
step   22300 | cos 0.5223 | thought 0.9382 dec_ce 1.8585 | 4.6 it/s
step   22350 | cos 0.5233 | thought 0.9794 dec_ce 2.0195 | 4.6 it/s
step   22400 | cos 0.5213 | thought 0.9871 dec_ce 2.1727 | 4.6 it/s
step   22450 | cos 0.5205 | thought 0.9603 dec_ce 1.989 | 4.5 it/s
step   22500 | cos 0.5215 | thought 0.9786 dec_ce 2.0515 | 4.6 it/s
step   22500 | VAL cos 0.5336 | VAL dec CE 3.8401
step   22550 | cos 0.5201 | thought 1.01 dec_ce 2.1641 | 3.9 it/s
step   22600 | cos 0.5232 | thought 0.9739 dec_ce 1.9895 | 4.5 it/s
step   22650 | cos 0.5216 | thought 0.9367 dec_ce 2.1783 | 4.7 it/s
step   22700 | cos 0.5220 | thought 0.9798 dec_ce 2.0523 | 4.7 it/s
step   22750 | cos 0.5238 | thought 0.9996 dec_ce 2.0721 | 4.5 it/s
step   22800 | cos 0.5215 | thought 1.0127 dec_ce 2.177 | 4.5 it/s
step   22850 | cos 0.5203 | thought 0.9114 dec_ce 1.937 | 4.5 it/s
step   22900 | cos 0.5215 | thought 0.965 dec_ce 2.0672 | 4.7 it/s
step   22950 | cos 0.5201 | thought 1.0093 dec_ce 1.9718 | 4.6 it/s
step   23000 | cos 0.5235 | thought 0.9659 dec_ce 2.2434 | 4.5 it/s
step   23000 | VAL cos 0.5337 | VAL dec CE 3.8343
step   23050 | cos 0.5253 | thought 0.9235 dec_ce 1.9033 | 3.7 it/s
step   23100 | cos 0.5205 | thought 0.98 dec_ce 1.9915 | 4.5 it/s
step   23150 | cos 0.5219 | thought 1.0032 dec_ce 2.0597 | 4.7 it/s
step   23200 | cos 0.5247 | thought 0.9668 dec_ce 2.2277 | 4.4 it/s
step   23250 | cos 0.5281 | thought 0.9692 dec_ce 1.9855 | 4.7 it/s
step   23300 | cos 0.5244 | thought 0.9358 dec_ce 1.8943 | 4.5 it/s
step   23350 | cos 0.5204 | thought 1.0003 dec_ce 2.1076 | 4.5 it/s
step   23400 | cos 0.5281 | thought 1.033 dec_ce 2.1598 | 4.6 it/s
step   23450 | cos 0.5304 | thought 0.9891 dec_ce 1.9832 | 4.7 it/s
step   23500 | cos 0.5233 | thought 0.9764 dec_ce 2.0501 | 4.5 it/s
step   23500 | VAL cos 0.5333 | VAL dec CE 3.8396
step   23550 | cos 0.5259 | thought 0.9224 dec_ce 1.8669 | 3.7 it/s
step   23600 | cos 0.5250 | thought 0.9458 dec_ce 1.8961 | 4.5 it/s
step   23650 | cos 0.5241 | thought 1.0035 dec_ce 2.0538 | 4.5 it/s
step   23700 | cos 0.5241 | thought 0.9758 dec_ce 2.1442 | 4.5 it/s
step   23750 | cos 0.5259 | thought 0.9556 dec_ce 1.9571 | 4.6 it/s
step   23800 | cos 0.5276 | thought 0.9245 dec_ce 1.923 | 4.7 it/s
step   23850 | cos 0.5279 | thought 0.954 dec_ce 1.9329 | 4.6 it/s
step   23900 | cos 0.5233 | thought 0.9869 dec_ce 2.1807 | 4.6 it/s
step   23950 | cos 0.5250 | thought 1.0119 dec_ce 2.0738 | 4.5 it/s
step   24000 | cos 0.5275 | thought 0.9131 dec_ce 1.8014 | 4.6 it/s
step   24000 | VAL cos 0.5338 | VAL dec CE 3.8270
step   24050 | cos 0.5275 | thought 0.9346 dec_ce 1.9664 | 3.7 it/s
step   24100 | cos 0.5234 | thought 0.9707 dec_ce 1.9851 | 4.6 it/s
step   24150 | cos 0.5262 | thought 0.9368 dec_ce 2.0292 | 4.5 it/s
step   24200 | cos 0.5247 | thought 0.9538 dec_ce 2.0009 | 4.5 it/s
step   24250 | cos 0.5253 | thought 0.9703 dec_ce 2.007 | 4.6 it/s
step   24300 | cos 0.5259 | thought 0.929 dec_ce 1.8533 | 4.6 it/s
step   24350 | cos 0.5271 | thought 0.9661 dec_ce 1.9075 | 4.5 it/s
step   24400 | cos 0.5304 | thought 0.9694 dec_ce 2.1114 | 4.5 it/s
step   24450 | cos 0.5228 | thought 0.9998 dec_ce 1.9819 | 4.5 it/s
step   24500 | cos 0.5211 | thought 0.9517 dec_ce 1.97 | 4.5 it/s
step   24500 | VAL cos 0.5341 | VAL dec CE 3.8304
step   24550 | cos 0.5228 | thought 0.9209 dec_ce 1.9489 | 3.9 it/s
step   24600 | cos 0.5234 | thought 0.942 dec_ce 1.9024 | 4.7 it/s
step   24650 | cos 0.5287 | thought 1.016 dec_ce 2.1783 | 4.7 it/s
step   24700 | cos 0.5261 | thought 0.9468 dec_ce 1.9298 | 4.6 it/s
step   24750 | cos 0.5263 | thought 0.964 dec_ce 2.0443 | 4.6 it/s
step   24800 | cos 0.5244 | thought 0.9762 dec_ce 2.0256 | 4.7 it/s
step   24850 | cos 0.5258 | thought 0.9729 dec_ce 2.0018 | 4.7 it/s
step   24900 | cos 0.5261 | thought 0.9509 dec_ce 1.874 | 4.7 it/s
step   24950 | cos 0.5255 | thought 0.981 dec_ce 1.9962 | 4.6 it/s
step   25000 | cos 0.5258 | thought 0.96 dec_ce 2.1454 | 4.5 it/s
step   25000 | VAL cos 0.5348 | VAL dec CE 3.8279
step   25050 | cos 0.5258 | thought 0.9991 dec_ce 2.1985 | 3.9 it/s
step   25100 | cos 0.5215 | thought 0.9618 dec_ce 1.9174 | 4.5 it/s
step   25150 | cos 0.5241 | thought 0.9624 dec_ce 2.1855 | 4.5 it/s
step   25200 | cos 0.5278 | thought 0.9659 dec_ce 2.0402 | 4.5 it/s
step   25250 | cos 0.5276 | thought 0.9337 dec_ce 2.0376 | 4.5 it/s
step   25300 | cos 0.5250 | thought 0.9647 dec_ce 1.9819 | 4.6 it/s
step   25350 | cos 0.5276 | thought 0.9036 dec_ce 1.8941 | 4.7 it/s
step   25400 | cos 0.5307 | thought 1.0215 dec_ce 2.1775 | 4.5 it/s
step   25450 | cos 0.5244 | thought 0.9894 dec_ce 2.0539 | 4.5 it/s
step   25500 | cos 0.5257 | thought 0.9901 dec_ce 1.9935 | 4.5 it/s
step   25500 | VAL cos 0.5348 | VAL dec CE 3.8190
step   25550 | cos 0.5287 | thought 0.9446 dec_ce 2.0181 | 3.8 it/s
step   25600 | cos 0.5236 | thought 0.9241 dec_ce 1.8386 | 4.6 it/s
step   25650 | cos 0.5273 | thought 0.9596 dec_ce 2.0251 | 4.6 it/s
step   25700 | cos 0.5274 | thought 0.9575 dec_ce 1.9733 | 4.7 it/s
step   25750 | cos 0.5245 | thought 0.9952 dec_ce 2.1528 | 4.6 it/s
step   25800 | cos 0.5223 | thought 0.9982 dec_ce 2.3333 | 4.6 it/s
step   25850 | cos 0.5264 | thought 0.9439 dec_ce 1.9778 | 4.5 it/s
step   25900 | cos 0.5235 | thought 0.9855 dec_ce 2.0975 | 4.6 it/s
step   25950 | cos 0.5225 | thought 0.9838 dec_ce 2.049 | 4.6 it/s
step   26000 | cos 0.5283 | thought 0.9328 dec_ce 1.897 | 4.7 it/s
step   26000 | VAL cos 0.5346 | VAL dec CE 3.8213
step   26050 | cos 0.5239 | thought 1.0189 dec_ce 2.091 | 3.6 it/s
step   26100 | cos 0.5255 | thought 0.9152 dec_ce 1.8559 | 4.5 it/s
step   26150 | cos 0.5248 | thought 0.9763 dec_ce 2.0336 | 4.5 it/s
step   26200 | cos 0.5318 | thought 0.9443 dec_ce 1.9972 | 4.6 it/s
step   26250 | cos 0.5233 | thought 0.9443 dec_ce 1.9493 | 4.5 it/s
step   26300 | cos 0.5302 | thought 0.9138 dec_ce 1.8528 | 4.6 it/s
step   26350 | cos 0.5231 | thought 0.9879 dec_ce 1.9779 | 4.5 it/s
step   26400 | cos 0.5209 | thought 0.9174 dec_ce 1.8969 | 4.7 it/s
step   26450 | cos 0.5261 | thought 0.9633 dec_ce 2.0553 | 4.5 it/s
step   26500 | cos 0.5261 | thought 0.9475 dec_ce 2.0158 | 4.7 it/s
step   26500 | VAL cos 0.5352 | VAL dec CE 3.8200
step   26550 | cos 0.5261 | thought 0.9382 dec_ce 2.0676 | 3.7 it/s
step   26600 | cos 0.5304 | thought 0.9886 dec_ce 2.1259 | 4.6 it/s
step   26650 | cos 0.5269 | thought 0.9748 dec_ce 1.9357 | 4.5 it/s
step   26700 | cos 0.5281 | thought 0.9757 dec_ce 2.0171 | 4.5 it/s
step   26750 | cos 0.5276 | thought 0.9066 dec_ce 1.7401 | 4.6 it/s
step   26800 | cos 0.5233 | thought 0.9233 dec_ce 2.0767 | 4.5 it/s
step   26850 | cos 0.5248 | thought 0.9855 dec_ce 2.0629 | 4.6 it/s
step   26900 | cos 0.5279 | thought 0.9465 dec_ce 2.0496 | 4.5 it/s
step   26950 | cos 0.5225 | thought 0.9255 dec_ce 1.9935 | 4.6 it/s
step   27000 | cos 0.5289 | thought 0.9778 dec_ce 1.9049 | 4.6 it/s
step   27000 | VAL cos 0.5350 | VAL dec CE 3.8151
step   27050 | cos 0.5263 | thought 0.9874 dec_ce 2.2185 | 3.7 it/s
step   27100 | cos 0.5295 | thought 0.9391 dec_ce 2.0419 | 4.6 it/s
step   27150 | cos 0.5244 | thought 1.0107 dec_ce 2.086 | 4.6 it/s
step   27200 | cos 0.5265 | thought 0.9661 dec_ce 1.982 | 4.5 it/s
step   27250 | cos 0.5250 | thought 0.9862 dec_ce 2.1243 | 4.5 it/s
step   27300 | cos 0.5287 | thought 0.9742 dec_ce 2.1889 | 4.6 it/s
step   27350 | cos 0.5257 | thought 0.9694 dec_ce 1.95 | 4.5 it/s
step   27400 | cos 0.5289 | thought 0.9098 dec_ce 1.8752 | 4.7 it/s
step   27450 | cos 0.5229 | thought 0.9389 dec_ce 1.8758 | 4.6 it/s
step   27500 | cos 0.5287 | thought 0.9419 dec_ce 2.0105 | 4.5 it/s
step   27500 | VAL cos 0.5362 | VAL dec CE 3.8213
step   27550 | cos 0.5238 | thought 0.9861 dec_ce 2.1345 | 3.7 it/s
step   27600 | cos 0.5252 | thought 0.9843 dec_ce 1.9705 | 4.5 it/s
step   27650 | cos 0.5274 | thought 0.9702 dec_ce 1.9783 | 4.4 it/s
step   27700 | cos 0.5277 | thought 0.9614 dec_ce 1.8388 | 4.6 it/s
step   27750 | cos 0.5274 | thought 0.983 dec_ce 2.1504 | 4.6 it/s
step   27800 | cos 0.5309 | thought 0.9625 dec_ce 1.977 | 4.5 it/s
step   27850 | cos 0.5253 | thought 1.0202 dec_ce 2.2026 | 4.4 it/s
step   27900 | cos 0.5263 | thought 0.9328 dec_ce 2.061 | 4.6 it/s
step   27950 | cos 0.5269 | thought 0.9073 dec_ce 1.8715 | 4.5 it/s
step   28000 | cos 0.5290 | thought 0.9433 dec_ce 2.0074 | 4.5 it/s
step   28000 | VAL cos 0.5359 | VAL dec CE 3.8172
step   28050 | cos 0.5250 | thought 0.9592 dec_ce 2.1196 | 3.7 it/s
step   28100 | cos 0.5239 | thought 0.9547 dec_ce 2.0577 | 4.6 it/s
step   28150 | cos 0.5328 | thought 0.9348 dec_ce 2.0165 | 4.7 it/s
step   28200 | cos 0.5275 | thought 0.9336 dec_ce 1.9738 | 4.6 it/s
step   28250 | cos 0.5296 | thought 0.9185 dec_ce 2.0549 | 4.5 it/s
step   28300 | cos 0.5261 | thought 1.0379 dec_ce 2.1331 | 4.5 it/s
step   28350 | cos 0.5270 | thought 0.9739 dec_ce 2.0988 | 4.5 it/s
step   28400 | cos 0.5260 | thought 0.9995 dec_ce 2.1245 | 4.5 it/s
step   28450 | cos 0.5256 | thought 1.0198 dec_ce 2.0232 | 4.6 it/s
step   28500 | cos 0.5275 | thought 0.9931 dec_ce 2.0039 | 4.5 it/s
step   28500 | VAL cos 0.5359 | VAL dec CE 3.8177
step   28550 | cos 0.5292 | thought 0.9589 dec_ce 2.0284 | 3.9 it/s
step   28600 | cos 0.5303 | thought 0.9405 dec_ce 2.0746 | 4.5 it/s
step   28650 | cos 0.5254 | thought 0.9551 dec_ce 1.9735 | 4.5 it/s
step   28700 | cos 0.5294 | thought 0.9262 dec_ce 2.0159 | 4.6 it/s
step   28750 | cos 0.5280 | thought 0.9604 dec_ce 2.1466 | 4.6 it/s
step   28800 | cos 0.5248 | thought 0.9677 dec_ce 2.0082 | 4.4 it/s
step   28850 | cos 0.5266 | thought 1.0258 dec_ce 2.0115 | 4.5 it/s
step   28900 | cos 0.5275 | thought 0.9943 dec_ce 2.0077 | 4.6 it/s
step   28950 | cos 0.5277 | thought 0.9407 dec_ce 1.8378 | 4.6 it/s
step   29000 | cos 0.5247 | thought 0.9668 dec_ce 2.055 | 4.5 it/s
step   29000 | VAL cos 0.5358 | VAL dec CE 3.8121
step   29050 | cos 0.5274 | thought 0.9379 dec_ce 2.0011 | 3.6 it/s
step   29100 | cos 0.5299 | thought 0.9295 dec_ce 1.9214 | 4.6 it/s
step   29150 | cos 0.5270 | thought 0.9817 dec_ce 2.0096 | 4.6 it/s
step   29200 | cos 0.5307 | thought 0.9265 dec_ce 2.0368 | 4.6 it/s
step   29250 | cos 0.5291 | thought 0.9713 dec_ce 2.0549 | 4.5 it/s
step   29300 | cos 0.5289 | thought 0.9753 dec_ce 2.0953 | 4.6 it/s
step   29350 | cos 0.5281 | thought 1.0018 dec_ce 2.0562 | 4.5 it/s
step   29400 | cos 0.5226 | thought 1.0002 dec_ce 2.0552 | 4.4 it/s
step   29450 | cos 0.5286 | thought 0.9523 dec_ce 2.0661 | 4.5 it/s
step   29500 | cos 0.5293 | thought 0.9173 dec_ce 1.866 | 4.5 it/s
step   29500 | VAL cos 0.5361 | VAL dec CE 3.8085
step   29550 | cos 0.5232 | thought 0.9838 dec_ce 2.0931 | 3.7 it/s
step   29600 | cos 0.5251 | thought 0.9683 dec_ce 2.0688 | 4.5 it/s
step   29650 | cos 0.5284 | thought 0.9933 dec_ce 2.1153 | 4.4 it/s
step   29700 | cos 0.5277 | thought 0.9557 dec_ce 2.0331 | 4.4 it/s
step   29750 | cos 0.5291 | thought 1.0019 dec_ce 2.0394 | 4.6 it/s
step   29800 | cos 0.5271 | thought 0.927 dec_ce 2.0479 | 4.5 it/s
step   29850 | cos 0.5272 | thought 0.9558 dec_ce 2.0589 | 4.5 it/s
step   29900 | cos 0.5239 | thought 0.9336 dec_ce 2.0023 | 4.4 it/s
step   29950 | cos 0.5256 | thought 0.9572 dec_ce 2.1481 | 4.4 it/s
step   30000 | cos 0.5295 | thought 0.9442 dec_ce 2.0607 | 4.6 it/s
step   30000 | VAL cos 0.5358 | VAL dec CE 3.8082
step   30050 | cos 0.5287 | thought 0.9759 dec_ce 2.1742 | 3.7 it/s
step   30100 | cos 0.5297 | thought 0.9655 dec_ce 1.9548 | 4.6 it/s
step   30150 | cos 0.5286 | thought 1.0043 dec_ce 2.0564 | 4.6 it/s
step   30200 | cos 0.5222 | thought 0.9258 dec_ce 1.9585 | 4.5 it/s
step   30250 | cos 0.5252 | thought 0.9577 dec_ce 2.0261 | 4.5 it/s
step   30300 | cos 0.5284 | thought 1.0129 dec_ce 2.2382 | 4.5 it/s
step   30350 | cos 0.5235 | thought 0.9794 dec_ce 2.0063 | 4.6 it/s
step   30400 | cos 0.5258 | thought 1.033 dec_ce 2.2735 | 4.6 it/s
step   30450 | cos 0.5214 | thought 0.9968 dec_ce 2.1059 | 4.5 it/s
step   30500 | cos 0.5293 | thought 0.9402 dec_ce 1.981 | 4.6 it/s
step   30500 | VAL cos 0.5362 | VAL dec CE 3.8195
step   30550 | cos 0.5260 | thought 0.9712 dec_ce 1.8757 | 3.8 it/s
step   30600 | cos 0.5277 | thought 0.9672 dec_ce 2.0809 | 4.7 it/s
step   30650 | cos 0.5260 | thought 0.922 dec_ce 1.8877 | 4.6 it/s
step   30700 | cos 0.5302 | thought 0.9335 dec_ce 1.979 | 4.5 it/s
step   30750 | cos 0.5263 | thought 0.9684 dec_ce 2.0348 | 4.6 it/s
step   30800 | cos 0.5252 | thought 1.0201 dec_ce 2.1399 | 4.5 it/s
step   30850 | cos 0.5265 | thought 0.9597 dec_ce 2.0464 | 4.5 it/s
step   30900 | cos 0.5260 | thought 0.9821 dec_ce 2.0655 | 4.5 it/s
step   30950 | cos 0.5246 | thought 0.9598 dec_ce 1.933 | 4.5 it/s
step   31000 | cos 0.5267 | thought 0.9501 dec_ce 1.8716 | 4.6 it/s
step   31000 | VAL cos 0.5359 | VAL dec CE 3.8114
step   31050 | cos 0.5325 | thought 0.9812 dec_ce 1.9951 | 3.7 it/s
step   31100 | cos 0.5258 | thought 0.9735 dec_ce 1.9738 | 4.4 it/s
step   31150 | cos 0.5273 | thought 0.9247 dec_ce 1.9847 | 4.5 it/s
step   31200 | cos 0.5266 | thought 0.9716 dec_ce 2.0889 | 4.5 it/s
step   31250 | cos 0.5298 | thought 0.9372 dec_ce 2.0491 | 4.5 it/s
step   31300 | cos 0.5263 | thought 0.9506 dec_ce 2.097 | 4.5 it/s
step   31350 | cos 0.5269 | thought 0.9613 dec_ce 1.8595 | 4.6 it/s
step   31400 | cos 0.5241 | thought 0.9222 dec_ce 1.9254 | 4.4 it/s
step   31450 | cos 0.5263 | thought 0.924 dec_ce 1.9654 | 4.5 it/s
step   31500 | cos 0.5293 | thought 0.9244 dec_ce 1.9897 | 4.5 it/s
step   31500 | VAL cos 0.5362 | VAL dec CE 3.8091
step   31550 | cos 0.5272 | thought 0.9839 dec_ce 2.1457 | 3.8 it/s
step   31600 | cos 0.5255 | thought 0.9665 dec_ce 2.0329 | 4.5 it/s
step   31650 | cos 0.5256 | thought 0.9296 dec_ce 1.8817 | 4.6 it/s
step   31700 | cos 0.5269 | thought 0.9775 dec_ce 2.2124 | 4.5 it/s
step   31750 | cos 0.5271 | thought 0.9305 dec_ce 2.0977 | 4.5 it/s
step   31800 | cos 0.5296 | thought 1.0386 dec_ce 2.2038 | 4.6 it/s
step   31850 | cos 0.5267 | thought 0.9319 dec_ce 2.0246 | 4.4 it/s
step   31900 | cos 0.5272 | thought 0.94 dec_ce 2.0483 | 4.5 it/s
step   31950 | cos 0.5291 | thought 0.946 dec_ce 1.944 | 4.5 it/s
step   32000 | cos 0.5259 | thought 0.98 dec_ce 2.0212 | 4.6 it/s
step   32000 | VAL cos 0.5365 | VAL dec CE 3.8084
step   32050 | cos 0.5258 | thought 0.9448 dec_ce 2.1192 | 3.6 it/s
step   32100 | cos 0.5293 | thought 0.9282 dec_ce 1.8733 | 4.5 it/s
step   32150 | cos 0.5278 | thought 0.9858 dec_ce 2.115 | 4.5 it/s
wall-clock cap reached at step 32156

Run 'R4_CTL' done: 32156 steps | final val cos 0.5365 | dec CE 3.8079
/home/nochi/vault/projects/ThoughtVectors/thoughtvec/.venv/lib/python3.12/site-packages/torch/nn/modules/transformer.py:392: UserWarning: enable_nested_tensor is True, but self.use_nested_tensor is False because encoder_layer.norm_first was True
  warnings.warn(
{"ckpt": "checkpoints/R4_CTL/best.pt", "val_cos": 0.4041, "val_dec_ce": 4.0275, "ref_f1": 0.2702, "distinct1": 0.0113, "distinct2": 0.0413, "len_ratio": 1.068, "out_vectors": 8.0, "rows": 1024}
