/home/nochi/vault/projects/ThoughtVectors/thoughtvec/.venv/lib/python3.12/site-packages/torch/nn/modules/transformer.py:392: UserWarning: enable_nested_tensor is True, but self.use_nested_tensor is False because encoder_layer.norm_first was True
  warnings.warn(
thinker params: 15.10M (codec d=384, frozen=True)
step      50 | cos 0.0364 | thought 2.526 dec_ce 2.6393 | 4.3 it/s
step     100 | cos 0.0946 | thought 2.3029 dec_ce 2.4334 | 4.6 it/s
step     150 | cos 0.1771 | thought 2.112 dec_ce 2.2928 | 4.6 it/s
step     200 | cos 0.2252 | thought 2.0852 dec_ce 2.4523 | 4.6 it/s
step     250 | cos 0.2451 | thought 2.0304 dec_ce 2.3365 | 4.6 it/s
step     300 | cos 0.2576 | thought 1.9549 dec_ce 2.248 | 4.7 it/s
step     350 | cos 0.2685 | thought 1.8849 dec_ce 2.1472 | 4.7 it/s
step     400 | cos 0.2767 | thought 1.9172 dec_ce 2.3787 | 4.7 it/s
step     450 | cos 0.2985 | thought 1.8047 dec_ce 2.266 | 4.6 it/s
step     500 | cos 0.3178 | thought 1.7581 dec_ce 2.1365 | 4.8 it/s
step     500 | VAL cos 0.3423 | VAL dec CE 4.2114
step     550 | cos 0.3388 | thought 1.6552 dec_ce 2.1556 | 3.9 it/s
step     600 | cos 0.3733 | thought 1.5493 dec_ce 2.0416 | 4.6 it/s
step     650 | cos 0.3949 | thought 1.5136 dec_ce 2.1576 | 4.6 it/s
step     700 | cos 0.4135 | thought 1.5336 dec_ce 2.2442 | 4.8 it/s
step     750 | cos 0.4223 | thought 1.452 dec_ce 2.3447 | 4.7 it/s
step     800 | cos 0.4284 | thought 1.4236 dec_ce 2.0453 | 4.6 it/s
step     850 | cos 0.4411 | thought 1.4173 dec_ce 2.2396 | 4.6 it/s
step     900 | cos 0.4490 | thought 1.4462 dec_ce 2.3316 | 4.6 it/s
step     950 | cos 0.4537 | thought 1.4299 dec_ce 2.2811 | 4.8 it/s
step    1000 | cos 0.4532 | thought 1.3552 dec_ce 2.1239 | 4.5 it/s
step    1000 | VAL cos 0.4733 | VAL dec CE 4.1049
step    1050 | cos 0.4581 | thought 1.3433 dec_ce 2.1486 | 3.7 it/s
step    1100 | cos 0.4625 | thought 1.3772 dec_ce 2.2622 | 4.5 it/s
step    1150 | cos 0.4618 | thought 1.296 dec_ce 2.0938 | 4.5 it/s
step    1200 | cos 0.4654 | thought 1.2636 dec_ce 2.1842 | 4.6 it/s
step    1250 | cos 0.4652 | thought 1.2642 dec_ce 2.1545 | 4.6 it/s
step    1300 | cos 0.4689 | thought 1.252 dec_ce 2.2078 | 4.7 it/s
step    1350 | cos 0.4683 | thought 1.2929 dec_ce 2.1384 | 4.6 it/s
step    1400 | cos 0.4712 | thought 1.2545 dec_ce 2.1015 | 4.6 it/s
step    1450 | cos 0.4684 | thought 1.2069 dec_ce 2.1417 | 4.5 it/s
step    1500 | cos 0.4719 | thought 1.2222 dec_ce 2.182 | 4.6 it/s
step    1500 | VAL cos 0.4874 | VAL dec CE 4.0283
step    1550 | cos 0.4734 | thought 1.1398 dec_ce 2.0018 | 3.6 it/s
step    1600 | cos 0.4772 | thought 1.1455 dec_ce 2.0331 | 4.7 it/s
step    1650 | cos 0.4754 | thought 1.1097 dec_ce 1.9961 | 4.6 it/s
step    1700 | cos 0.4774 | thought 1.144 dec_ce 2.054 | 4.6 it/s
step    1750 | cos 0.4806 | thought 1.1219 dec_ce 2.064 | 4.7 it/s
step    1800 | cos 0.4772 | thought 1.1384 dec_ce 2.3258 | 4.5 it/s
step    1850 | cos 0.4773 | thought 1.1657 dec_ce 2.1772 | 4.8 it/s
step    1900 | cos 0.4766 | thought 1.0861 dec_ce 2.1195 | 4.6 it/s
step    1950 | cos 0.4799 | thought 1.1211 dec_ce 2.2241 | 4.6 it/s
step    2000 | cos 0.4793 | thought 1.0672 dec_ce 2.1111 | 4.6 it/s
step    2000 | VAL cos 0.4932 | VAL dec CE 4.0030
step    2050 | cos 0.4792 | thought 1.0606 dec_ce 2.0228 | 3.6 it/s
step    2100 | cos 0.4824 | thought 1.0973 dec_ce 2.1199 | 4.5 it/s
step    2150 | cos 0.4813 | thought 1.1282 dec_ce 2.2462 | 4.7 it/s
step    2200 | cos 0.4812 | thought 1.0785 dec_ce 2.1174 | 4.6 it/s
step    2250 | cos 0.4836 | thought 1.0391 dec_ce 2.1431 | 4.7 it/s
step    2300 | cos 0.4827 | thought 1.047 dec_ce 2.1615 | 4.6 it/s
step    2350 | cos 0.4826 | thought 1.0653 dec_ce 2.2146 | 4.6 it/s
step    2400 | cos 0.4830 | thought 1.1032 dec_ce 2.1917 | 4.7 it/s
step    2450 | cos 0.4833 | thought 1.0584 dec_ce 2.2367 | 4.7 it/s
step    2500 | cos 0.4865 | thought 1.016 dec_ce 2.02 | 4.7 it/s
step    2500 | VAL cos 0.4985 | VAL dec CE 3.9909
step    2550 | cos 0.4824 | thought 1.0218 dec_ce 2.1071 | 3.6 it/s
step    2600 | cos 0.4885 | thought 1.0088 dec_ce 1.9996 | 4.6 it/s
step    2650 | cos 0.4876 | thought 1.0643 dec_ce 2.1981 | 4.6 it/s
step    2700 | cos 0.4873 | thought 1.0534 dec_ce 2.2287 | 4.5 it/s
step    2750 | cos 0.4888 | thought 1.0257 dec_ce 2.0199 | 4.7 it/s
step    2800 | cos 0.4877 | thought 1.0007 dec_ce 2.0801 | 4.6 it/s
step    2850 | cos 0.4902 | thought 1.0226 dec_ce 2.2632 | 4.6 it/s
step    2900 | cos 0.4918 | thought 1.0394 dec_ce 2.0615 | 4.6 it/s
step    2950 | cos 0.4885 | thought 0.991 dec_ce 1.9943 | 4.5 it/s
step    3000 | cos 0.4858 | thought 1.0337 dec_ce 2.0906 | 4.5 it/s
step    3000 | VAL cos 0.5024 | VAL dec CE 3.9968
step    3050 | cos 0.4898 | thought 0.9678 dec_ce 1.8893 | 3.7 it/s
step    3100 | cos 0.4913 | thought 1.0093 dec_ce 2.1685 | 4.7 it/s
step    3150 | cos 0.4922 | thought 1.0637 dec_ce 2.3712 | 4.6 it/s
step    3200 | cos 0.4917 | thought 1.0045 dec_ce 2.0633 | 4.6 it/s
step    3250 | cos 0.4902 | thought 1.027 dec_ce 2.0979 | 4.5 it/s
step    3300 | cos 0.4932 | thought 1.0418 dec_ce 2.1955 | 4.6 it/s
step    3350 | cos 0.4893 | thought 1.0578 dec_ce 2.0629 | 4.6 it/s
step    3400 | cos 0.4915 | thought 1.0108 dec_ce 2.0559 | 4.6 it/s
step    3450 | cos 0.4933 | thought 1.013 dec_ce 2.081 | 4.5 it/s
step    3500 | cos 0.4908 | thought 1.0393 dec_ce 2.0402 | 4.6 it/s
step    3500 | VAL cos 0.5042 | VAL dec CE 4.0220
step    3550 | cos 0.4891 | thought 1.0121 dec_ce 2.1634 | 3.6 it/s
step    3600 | cos 0.4927 | thought 1.024 dec_ce 2.2399 | 4.6 it/s
step    3650 | cos 0.4894 | thought 1.0079 dec_ce 2.0506 | 4.6 it/s
step    3700 | cos 0.4940 | thought 1.0156 dec_ce 2.0697 | 4.6 it/s
step    3750 | cos 0.4938 | thought 1.0351 dec_ce 2.1524 | 4.7 it/s
step    3800 | cos 0.4944 | thought 1.0077 dec_ce 2.0443 | 4.6 it/s
step    3850 | cos 0.4909 | thought 1.0452 dec_ce 2.3113 | 4.6 it/s
step    3900 | cos 0.4957 | thought 1.0497 dec_ce 2.1945 | 4.7 it/s
step    3950 | cos 0.4940 | thought 0.9856 dec_ce 2.1488 | 4.6 it/s
step    4000 | cos 0.4941 | thought 1.0731 dec_ce 2.1357 | 4.6 it/s
step    4000 | VAL cos 0.5045 | VAL dec CE 3.9643
step    4050 | cos 0.4941 | thought 1.0639 dec_ce 2.3449 | 3.7 it/s
step    4100 | cos 0.4943 | thought 1.0134 dec_ce 2.0891 | 4.7 it/s
step    4150 | cos 0.4940 | thought 0.961 dec_ce 1.963 | 4.5 it/s
step    4200 | cos 0.4931 | thought 1.0062 dec_ce 2.1126 | 4.6 it/s
step    4250 | cos 0.4932 | thought 1.0571 dec_ce 2.2569 | 4.7 it/s
step    4300 | cos 0.4952 | thought 0.9984 dec_ce 2.2283 | 4.7 it/s
step    4350 | cos 0.4926 | thought 1.0074 dec_ce 2.0033 | 4.7 it/s
step    4400 | cos 0.4965 | thought 0.9984 dec_ce 2.0781 | 4.6 it/s
step    4450 | cos 0.4955 | thought 1.0583 dec_ce 2.2381 | 4.7 it/s
step    4500 | cos 0.4977 | thought 1.0377 dec_ce 2.1421 | 4.7 it/s
step    4500 | VAL cos 0.5072 | VAL dec CE 3.9744
step    4550 | cos 0.4942 | thought 1.009 dec_ce 1.9944 | 3.8 it/s
step    4600 | cos 0.4952 | thought 1.0055 dec_ce 2.1433 | 4.6 it/s
step    4650 | cos 0.4975 | thought 0.9781 dec_ce 2.0846 | 4.5 it/s
step    4700 | cos 0.4946 | thought 1.0341 dec_ce 2.162 | 4.6 it/s
step    4750 | cos 0.4994 | thought 1.0079 dec_ce 1.9473 | 4.7 it/s
step    4800 | cos 0.4958 | thought 1.026 dec_ce 2.1861 | 4.8 it/s
step    4850 | cos 0.4985 | thought 1.0311 dec_ce 2.0743 | 4.6 it/s
step    4900 | cos 0.4972 | thought 0.9807 dec_ce 1.9866 | 4.5 it/s
step    4950 | cos 0.4948 | thought 1.0529 dec_ce 2.3174 | 4.6 it/s
step    5000 | cos 0.4991 | thought 1.025 dec_ce 2.1232 | 4.8 it/s
step    5000 | VAL cos 0.5078 | VAL dec CE 3.9560
step    5050 | cos 0.4978 | thought 1.0156 dec_ce 2.2572 | 3.6 it/s
step    5100 | cos 0.4956 | thought 1.0515 dec_ce 2.1882 | 4.6 it/s
step    5150 | cos 0.4966 | thought 1.0158 dec_ce 2.1737 | 4.5 it/s
step    5200 | cos 0.4986 | thought 1.0132 dec_ce 2.1062 | 4.5 it/s
step    5250 | cos 0.4967 | thought 0.9829 dec_ce 2.0498 | 4.7 it/s
step    5300 | cos 0.4954 | thought 1.0138 dec_ce 2.2092 | 4.5 it/s
step    5350 | cos 0.4992 | thought 1.0436 dec_ce 2.1887 | 4.7 it/s
step    5400 | cos 0.4943 | thought 1.0077 dec_ce 2.1632 | 4.5 it/s
step    5450 | cos 0.4970 | thought 1.0328 dec_ce 2.0456 | 4.6 it/s
step    5500 | cos 0.4960 | thought 1.0105 dec_ce 2.1395 | 4.7 it/s
step    5500 | VAL cos 0.5085 | VAL dec CE 3.9515
step    5550 | cos 0.4955 | thought 1.0326 dec_ce 2.1035 | 3.7 it/s
step    5600 | cos 0.4969 | thought 1.0279 dec_ce 2.2515 | 4.6 it/s
step    5650 | cos 0.4971 | thought 1.0204 dec_ce 2.0894 | 4.6 it/s
step    5700 | cos 0.4957 | thought 0.9933 dec_ce 2.0108 | 4.6 it/s
step    5750 | cos 0.4967 | thought 1.0593 dec_ce 2.257 | 4.6 it/s
step    5800 | cos 0.4942 | thought 1.0215 dec_ce 2.2415 | 4.6 it/s
step    5850 | cos 0.4972 | thought 1.0558 dec_ce 2.1229 | 4.6 it/s
step    5900 | cos 0.4984 | thought 1.0069 dec_ce 2.1296 | 4.8 it/s
step    5950 | cos 0.4991 | thought 1.0371 dec_ce 2.2331 | 4.6 it/s
step    6000 | cos 0.4971 | thought 0.9882 dec_ce 1.9671 | 4.6 it/s
step    6000 | VAL cos 0.5089 | VAL dec CE 3.9441
step    6050 | cos 0.4965 | thought 1.0151 dec_ce 2.219 | 3.6 it/s
step    6100 | cos 0.4994 | thought 0.955 dec_ce 1.9826 | 4.6 it/s
step    6150 | cos 0.5000 | thought 1.017 dec_ce 2.1144 | 4.8 it/s
step    6200 | cos 0.4992 | thought 1.0172 dec_ce 2.1317 | 4.7 it/s
step    6250 | cos 0.5007 | thought 1.0087 dec_ce 2.0219 | 4.7 it/s
step    6300 | cos 0.4977 | thought 1.005 dec_ce 2.121 | 4.6 it/s
step    6350 | cos 0.5005 | thought 1.0097 dec_ce 2.109 | 4.6 it/s
step    6400 | cos 0.5003 | thought 0.9549 dec_ce 1.9915 | 4.7 it/s
step    6450 | cos 0.5007 | thought 1.0723 dec_ce 2.2369 | 4.6 it/s
step    6500 | cos 0.4995 | thought 0.9821 dec_ce 2.1049 | 4.6 it/s
step    6500 | VAL cos 0.5088 | VAL dec CE 3.9424
step    6550 | cos 0.4948 | thought 1.0144 dec_ce 2.1068 | 3.6 it/s
step    6600 | cos 0.4985 | thought 1.0332 dec_ce 2.1458 | 4.7 it/s
step    6650 | cos 0.4970 | thought 1.0 dec_ce 1.9631 | 4.5 it/s
step    6700 | cos 0.4999 | thought 0.9738 dec_ce 2.1149 | 4.7 it/s
step    6750 | cos 0.4978 | thought 0.9858 dec_ce 2.0795 | 4.7 it/s
step    6800 | cos 0.4978 | thought 1.0474 dec_ce 2.2075 | 4.6 it/s
step    6850 | cos 0.4979 | thought 1.0057 dec_ce 2.0079 | 4.6 it/s
step    6900 | cos 0.5024 | thought 1.0182 dec_ce 2.1031 | 4.7 it/s
step    6950 | cos 0.4979 | thought 1.0312 dec_ce 2.0357 | 4.7 it/s
step    7000 | cos 0.5003 | thought 1.0406 dec_ce 2.4119 | 4.6 it/s
step    7000 | VAL cos 0.5110 | VAL dec CE 3.9408
step    7050 | cos 0.4942 | thought 0.9599 dec_ce 1.8845 | 3.6 it/s
step    7100 | cos 0.5044 | thought 0.9522 dec_ce 2.0862 | 4.7 it/s
step    7150 | cos 0.5024 | thought 1.0157 dec_ce 2.0196 | 4.6 it/s
step    7200 | cos 0.4996 | thought 1.0305 dec_ce 2.1093 | 4.7 it/s
step    7250 | cos 0.4988 | thought 1.0737 dec_ce 2.3748 | 4.5 it/s
step    7300 | cos 0.5011 | thought 0.9872 dec_ce 2.0925 | 4.6 it/s
step    7350 | cos 0.5025 | thought 0.9693 dec_ce 1.9171 | 4.8 it/s
step    7400 | cos 0.5027 | thought 0.9579 dec_ce 1.9159 | 4.7 it/s
step    7450 | cos 0.4987 | thought 0.9946 dec_ce 2.1158 | 4.5 it/s
step    7500 | cos 0.5023 | thought 0.9878 dec_ce 2.1279 | 4.5 it/s
step    7500 | VAL cos 0.5114 | VAL dec CE 3.9607
step    7550 | cos 0.5016 | thought 0.997 dec_ce 2.0808 | 3.8 it/s
step    7600 | cos 0.5011 | thought 1.0178 dec_ce 2.2098 | 4.6 it/s
step    7650 | cos 0.5006 | thought 1.0214 dec_ce 2.2009 | 4.6 it/s
step    7700 | cos 0.4983 | thought 1.0175 dec_ce 2.0687 | 4.7 it/s
step    7750 | cos 0.4983 | thought 1.0005 dec_ce 2.008 | 4.7 it/s
step    7800 | cos 0.4984 | thought 1.0417 dec_ce 2.1219 | 4.6 it/s
step    7850 | cos 0.4998 | thought 1.0248 dec_ce 2.1034 | 4.6 it/s
step    7900 | cos 0.4986 | thought 1.0702 dec_ce 2.3169 | 4.7 it/s
step    7950 | cos 0.5013 | thought 0.9996 dec_ce 2.1109 | 4.6 it/s
step    8000 | cos 0.5003 | thought 0.9611 dec_ce 1.9895 | 4.6 it/s
step    8000 | VAL cos 0.5098 | VAL dec CE 3.9380
step    8050 | cos 0.5026 | thought 0.9693 dec_ce 2.0167 | 3.7 it/s
step    8100 | cos 0.5040 | thought 0.9699 dec_ce 2.0142 | 4.8 it/s
step    8150 | cos 0.5007 | thought 0.9665 dec_ce 1.9217 | 4.7 it/s
step    8200 | cos 0.5011 | thought 0.9501 dec_ce 2.0262 | 4.6 it/s
step    8250 | cos 0.5041 | thought 0.9529 dec_ce 1.9332 | 4.5 it/s
step    8300 | cos 0.5008 | thought 1.0103 dec_ce 2.1596 | 4.6 it/s
step    8350 | cos 0.5011 | thought 0.975 dec_ce 1.9706 | 4.6 it/s
step    8400 | cos 0.5000 | thought 1.009 dec_ce 2.1755 | 4.6 it/s
step    8450 | cos 0.5006 | thought 1.0154 dec_ce 2.0055 | 4.7 it/s
step    8500 | cos 0.5014 | thought 0.9986 dec_ce 2.0808 | 4.6 it/s
step    8500 | VAL cos 0.5124 | VAL dec CE 3.9273
step    8550 | cos 0.4973 | thought 1.0291 dec_ce 2.1432 | 3.7 it/s
step    8600 | cos 0.5008 | thought 0.9505 dec_ce 1.9344 | 4.6 it/s
step    8650 | cos 0.5013 | thought 1.038 dec_ce 2.2102 | 4.8 it/s
step    8700 | cos 0.5018 | thought 1.0235 dec_ce 2.0813 | 4.6 it/s
step    8750 | cos 0.5032 | thought 0.9504 dec_ce 2.1023 | 4.7 it/s
step    8800 | cos 0.5016 | thought 0.9881 dec_ce 2.136 | 4.6 it/s
step    8850 | cos 0.5013 | thought 0.9994 dec_ce 2.2407 | 4.6 it/s
step    8900 | cos 0.5024 | thought 1.0034 dec_ce 2.2288 | 4.7 it/s
step    8950 | cos 0.4994 | thought 1.0333 dec_ce 1.9871 | 4.6 it/s
step    9000 | cos 0.5025 | thought 1.017 dec_ce 2.0293 | 4.7 it/s
step    9000 | VAL cos 0.5129 | VAL dec CE 3.9463
step    9050 | cos 0.5020 | thought 1.0006 dec_ce 2.1114 | 3.8 it/s
step    9100 | cos 0.5018 | thought 0.9793 dec_ce 1.9998 | 4.6 it/s
step    9150 | cos 0.5048 | thought 1.019 dec_ce 2.2019 | 4.6 it/s
step    9200 | cos 0.5043 | thought 0.9909 dec_ce 2.0526 | 4.8 it/s
step    9250 | cos 0.5030 | thought 1.0483 dec_ce 2.2533 | 4.7 it/s
step    9300 | cos 0.5034 | thought 1.0226 dec_ce 2.1379 | 4.7 it/s
step    9350 | cos 0.5041 | thought 0.9849 dec_ce 2.0521 | 4.7 it/s
step    9400 | cos 0.5008 | thought 1.002 dec_ce 2.0919 | 4.5 it/s
step    9450 | cos 0.5002 | thought 1.0272 dec_ce 2.2313 | 4.7 it/s
step    9500 | cos 0.5014 | thought 0.968 dec_ce 2.0881 | 4.6 it/s
step    9500 | VAL cos 0.5129 | VAL dec CE 3.9207
step    9550 | cos 0.5033 | thought 1.0041 dec_ce 2.0004 | 3.6 it/s
step    9600 | cos 0.5013 | thought 1.0334 dec_ce 2.062 | 4.6 it/s
step    9650 | cos 0.5042 | thought 1.0279 dec_ce 2.2046 | 4.6 it/s
step    9700 | cos 0.5029 | thought 1.0339 dec_ce 2.1218 | 4.6 it/s
step    9750 | cos 0.5034 | thought 0.9621 dec_ce 1.8271 | 4.7 it/s
step    9800 | cos 0.4998 | thought 0.9857 dec_ce 1.9493 | 4.7 it/s
step    9850 | cos 0.5030 | thought 1.0211 dec_ce 2.1153 | 4.7 it/s
step    9900 | cos 0.5035 | thought 1.0441 dec_ce 2.2336 | 4.6 it/s
step    9950 | cos 0.5020 | thought 0.9765 dec_ce 2.0317 | 4.7 it/s
step   10000 | cos 0.4995 | thought 0.9603 dec_ce 1.9256 | 4.7 it/s
step   10000 | VAL cos 0.5143 | VAL dec CE 3.9259
step   10050 | cos 0.5041 | thought 0.9542 dec_ce 1.9089 | 3.6 it/s
step   10100 | cos 0.5033 | thought 0.9706 dec_ce 1.9947 | 4.7 it/s
step   10150 | cos 0.5001 | thought 0.958 dec_ce 2.0615 | 4.6 it/s
step   10200 | cos 0.5038 | thought 1.0136 dec_ce 2.0473 | 4.6 it/s
step   10250 | cos 0.5010 | thought 0.9345 dec_ce 2.0398 | 4.6 it/s
step   10300 | cos 0.5003 | thought 1.0212 dec_ce 2.1542 | 4.6 it/s
step   10350 | cos 0.5053 | thought 1.0154 dec_ce 2.103 | 4.6 it/s
step   10400 | cos 0.4997 | thought 0.9791 dec_ce 2.0545 | 4.5 it/s
step   10450 | cos 0.4992 | thought 1.0356 dec_ce 2.0657 | 4.6 it/s
step   10500 | cos 0.5023 | thought 1.0453 dec_ce 2.2825 | 4.6 it/s
step   10500 | VAL cos 0.5148 | VAL dec CE 3.9230
step   10550 | cos 0.5014 | thought 1.0485 dec_ce 2.0855 | 3.7 it/s
step   10600 | cos 0.5027 | thought 0.9894 dec_ce 2.1143 | 4.5 it/s
step   10650 | cos 0.5044 | thought 1.017 dec_ce 2.2717 | 4.7 it/s
step   10700 | cos 0.5021 | thought 1.0111 dec_ce 2.1907 | 4.6 it/s
step   10750 | cos 0.5059 | thought 0.9863 dec_ce 1.979 | 4.6 it/s
step   10800 | cos 0.5044 | thought 1.0269 dec_ce 2.1748 | 4.7 it/s
step   10850 | cos 0.5023 | thought 1.015 dec_ce 2.2902 | 4.5 it/s
step   10900 | cos 0.5038 | thought 0.951 dec_ce 1.9487 | 4.5 it/s
step   10950 | cos 0.5042 | thought 1.0308 dec_ce 2.186 | 4.6 it/s
step   11000 | cos 0.5028 | thought 1.0338 dec_ce 2.2772 | 4.6 it/s
step   11000 | VAL cos 0.5154 | VAL dec CE 3.9202
step   11050 | cos 0.5050 | thought 0.9809 dec_ce 2.0236 | 3.7 it/s
step   11100 | cos 0.5005 | thought 1.0621 dec_ce 2.2349 | 4.6 it/s
step   11150 | cos 0.5032 | thought 0.9973 dec_ce 2.0331 | 4.6 it/s
step   11200 | cos 0.5062 | thought 0.9511 dec_ce 1.9253 | 4.6 it/s
step   11250 | cos 0.5047 | thought 0.9901 dec_ce 1.987 | 4.7 it/s
step   11300 | cos 0.5044 | thought 1.0354 dec_ce 2.106 | 4.8 it/s
step   11350 | cos 0.5060 | thought 0.9563 dec_ce 1.9374 | 4.7 it/s
step   11400 | cos 0.5044 | thought 0.9814 dec_ce 1.9552 | 4.6 it/s
step   11450 | cos 0.5029 | thought 1.0103 dec_ce 2.0943 | 4.5 it/s
step   11500 | cos 0.5029 | thought 0.9793 dec_ce 1.9938 | 4.6 it/s
step   11500 | VAL cos 0.5148 | VAL dec CE 3.9049
step   11550 | cos 0.5073 | thought 1.0134 dec_ce 2.1209 | 3.8 it/s
step   11600 | cos 0.5009 | thought 1.0347 dec_ce 2.213 | 4.6 it/s
step   11650 | cos 0.5033 | thought 1.0031 dec_ce 2.0747 | 4.5 it/s
step   11700 | cos 0.5050 | thought 0.9596 dec_ce 1.8757 | 4.8 it/s
step   11750 | cos 0.5028 | thought 0.9822 dec_ce 2.1677 | 4.6 it/s
step   11800 | cos 0.5038 | thought 0.9687 dec_ce 1.9613 | 4.7 it/s
step   11850 | cos 0.5036 | thought 1.0434 dec_ce 2.0969 | 4.5 it/s
step   11900 | cos 0.5016 | thought 0.9739 dec_ce 1.9 | 4.6 it/s
step   11950 | cos 0.5047 | thought 1.0108 dec_ce 1.9585 | 4.6 it/s
step   12000 | cos 0.5103 | thought 1.01 dec_ce 2.1471 | 4.6 it/s
step   12000 | VAL cos 0.5151 | VAL dec CE 3.9094
step   12050 | cos 0.5053 | thought 1.023 dec_ce 2.1793 | 3.7 it/s
step   12100 | cos 0.5054 | thought 1.0155 dec_ce 2.0681 | 4.5 it/s
step   12150 | cos 0.5086 | thought 0.9598 dec_ce 1.8925 | 4.6 it/s
step   12200 | cos 0.5068 | thought 0.9805 dec_ce 2.0833 | 4.6 it/s
step   12250 | cos 0.5090 | thought 1.0067 dec_ce 1.9892 | 4.7 it/s
step   12300 | cos 0.5063 | thought 0.9935 dec_ce 2.0759 | 4.7 it/s
step   12350 | cos 0.5044 | thought 1.0045 dec_ce 2.0111 | 4.6 it/s
step   12400 | cos 0.5048 | thought 0.9631 dec_ce 1.9633 | 4.6 it/s
step   12450 | cos 0.5033 | thought 1.0004 dec_ce 2.0171 | 4.6 it/s
step   12500 | cos 0.5065 | thought 1.0669 dec_ce 2.0877 | 4.7 it/s
step   12500 | VAL cos 0.5136 | VAL dec CE 3.9007
step   12550 | cos 0.5073 | thought 0.9934 dec_ce 2.1077 | 3.7 it/s
step   12600 | cos 0.5074 | thought 1.0002 dec_ce 2.2033 | 4.7 it/s
step   12650 | cos 0.5058 | thought 1.0052 dec_ce 2.1134 | 4.7 it/s
step   12700 | cos 0.5086 | thought 0.987 dec_ce 2.0964 | 4.7 it/s
step   12750 | cos 0.5089 | thought 1.0326 dec_ce 2.176 | 4.5 it/s
step   12800 | cos 0.5061 | thought 1.0262 dec_ce 2.1388 | 4.6 it/s
step   12850 | cos 0.5051 | thought 1.0105 dec_ce 2.1389 | 4.6 it/s
step   12900 | cos 0.5117 | thought 0.988 dec_ce 2.1916 | 4.8 it/s
step   12950 | cos 0.5085 | thought 1.0069 dec_ce 2.0244 | 4.7 it/s
step   13000 | cos 0.5077 | thought 0.9656 dec_ce 1.9916 | 4.6 it/s
step   13000 | VAL cos 0.5181 | VAL dec CE 3.9191
step   13050 | cos 0.5082 | thought 1.0411 dec_ce 2.262 | 3.8 it/s
step   13100 | cos 0.5070 | thought 0.9694 dec_ce 1.9802 | 4.7 it/s
step   13150 | cos 0.5070 | thought 1.0264 dec_ce 2.1294 | 4.7 it/s
step   13200 | cos 0.5112 | thought 1.0062 dec_ce 2.1095 | 4.6 it/s
step   13250 | cos 0.5046 | thought 0.9934 dec_ce 1.9455 | 4.7 it/s
step   13300 | cos 0.5087 | thought 1.0063 dec_ce 2.0502 | 4.6 it/s
step   13350 | cos 0.5047 | thought 0.9846 dec_ce 2.1457 | 4.7 it/s
step   13400 | cos 0.5078 | thought 0.9891 dec_ce 2.084 | 4.6 it/s
step   13450 | cos 0.5072 | thought 0.9938 dec_ce 2.1858 | 4.6 it/s
step   13500 | cos 0.5080 | thought 0.9855 dec_ce 2.0184 | 4.6 it/s
step   13500 | VAL cos 0.5155 | VAL dec CE 3.9072
step   13550 | cos 0.5085 | thought 0.9852 dec_ce 1.9673 | 3.7 it/s
step   13600 | cos 0.5057 | thought 1.0396 dec_ce 2.2032 | 4.6 it/s
step   13650 | cos 0.5073 | thought 0.9875 dec_ce 2.2034 | 4.5 it/s
step   13700 | cos 0.5094 | thought 0.9513 dec_ce 1.906 | 4.7 it/s
step   13750 | cos 0.5069 | thought 0.9814 dec_ce 1.9193 | 4.5 it/s
step   13800 | cos 0.5055 | thought 0.9759 dec_ce 2.0019 | 4.5 it/s
step   13850 | cos 0.5068 | thought 0.9972 dec_ce 2.0986 | 4.6 it/s
step   13900 | cos 0.5064 | thought 1.0045 dec_ce 2.1038 | 4.6 it/s
step   13950 | cos 0.5056 | thought 1.0108 dec_ce 2.3382 | 4.5 it/s
step   14000 | cos 0.5092 | thought 1.0115 dec_ce 2.2446 | 4.6 it/s
step   14000 | VAL cos 0.5180 | VAL dec CE 3.8877
step   14050 | cos 0.5092 | thought 0.9751 dec_ce 2.1024 | 3.7 it/s
step   14100 | cos 0.5046 | thought 1.0082 dec_ce 2.0813 | 4.6 it/s
step   14150 | cos 0.5085 | thought 0.9547 dec_ce 2.1019 | 4.6 it/s
step   14200 | cos 0.5061 | thought 0.9601 dec_ce 2.0243 | 4.7 it/s
step   14250 | cos 0.5028 | thought 0.9677 dec_ce 2.0212 | 4.5 it/s
step   14300 | cos 0.5065 | thought 0.9767 dec_ce 1.9941 | 4.6 it/s
step   14350 | cos 0.5066 | thought 0.9785 dec_ce 2.0367 | 4.7 it/s
step   14400 | cos 0.5099 | thought 0.9692 dec_ce 2.0268 | 4.6 it/s
step   14450 | cos 0.5065 | thought 1.0084 dec_ce 2.0892 | 4.5 it/s
step   14500 | cos 0.5085 | thought 0.9826 dec_ce 2.1894 | 4.6 it/s
step   14500 | VAL cos 0.5164 | VAL dec CE 3.8907
step   14550 | cos 0.5095 | thought 0.9998 dec_ce 2.3025 | 3.8 it/s
step   14600 | cos 0.5092 | thought 0.9943 dec_ce 2.0745 | 4.7 it/s
step   14650 | cos 0.5108 | thought 0.9985 dec_ce 2.0906 | 4.6 it/s
step   14700 | cos 0.5092 | thought 1.0162 dec_ce 1.996 | 4.6 it/s
step   14750 | cos 0.5077 | thought 1.0153 dec_ce 2.0162 | 4.5 it/s
step   14800 | cos 0.5077 | thought 0.9854 dec_ce 2.0847 | 4.6 it/s
step   14850 | cos 0.5089 | thought 1.0235 dec_ce 2.032 | 4.7 it/s
step   14900 | cos 0.5088 | thought 0.9703 dec_ce 2.1321 | 4.7 it/s
step   14950 | cos 0.5117 | thought 0.9603 dec_ce 1.9683 | 4.7 it/s
step   15000 | cos 0.5059 | thought 0.9943 dec_ce 2.1244 | 4.5 it/s
step   15000 | VAL cos 0.5175 | VAL dec CE 3.8879
step   15050 | cos 0.5071 | thought 0.9736 dec_ce 2.0551 | 3.7 it/s
step   15100 | cos 0.5085 | thought 0.9923 dec_ce 2.0872 | 4.6 it/s
step   15150 | cos 0.5100 | thought 0.9509 dec_ce 1.9277 | 4.7 it/s
step   15200 | cos 0.5106 | thought 0.9735 dec_ce 1.9381 | 4.7 it/s
step   15250 | cos 0.5104 | thought 0.9759 dec_ce 2.0903 | 4.7 it/s
step   15300 | cos 0.5117 | thought 0.9816 dec_ce 1.9426 | 4.8 it/s
step   15350 | cos 0.5087 | thought 1.0147 dec_ce 2.0521 | 4.5 it/s
step   15400 | cos 0.5056 | thought 1.0094 dec_ce 2.1477 | 4.6 it/s
step   15450 | cos 0.5105 | thought 0.9522 dec_ce 1.8655 | 4.7 it/s
step   15500 | cos 0.5110 | thought 1.0025 dec_ce 2.1212 | 4.6 it/s
step   15500 | VAL cos 0.5167 | VAL dec CE 3.8831
step   15550 | cos 0.5071 | thought 1.0054 dec_ce 1.9304 | 3.7 it/s
step   15600 | cos 0.5090 | thought 1.0226 dec_ce 2.307 | 4.6 it/s
step   15650 | cos 0.5107 | thought 0.9856 dec_ce 2.052 | 4.6 it/s
step   15700 | cos 0.5060 | thought 0.9818 dec_ce 1.9623 | 4.5 it/s
step   15750 | cos 0.5101 | thought 0.9474 dec_ce 1.8557 | 4.7 it/s
step   15800 | cos 0.5091 | thought 0.9742 dec_ce 1.9554 | 4.7 it/s
step   15850 | cos 0.5072 | thought 0.9607 dec_ce 2.0458 | 4.6 it/s
step   15900 | cos 0.5086 | thought 0.9814 dec_ce 2.1237 | 4.7 it/s
step   15950 | cos 0.5065 | thought 0.978 dec_ce 2.028 | 4.7 it/s
step   16000 | cos 0.5103 | thought 0.938 dec_ce 1.9427 | 4.7 it/s
step   16000 | VAL cos 0.5191 | VAL dec CE 3.8792
step   16050 | cos 0.5100 | thought 0.9707 dec_ce 1.9646 | 3.7 it/s
step   16100 | cos 0.5071 | thought 1.0141 dec_ce 2.2682 | 4.6 it/s
step   16150 | cos 0.5096 | thought 0.979 dec_ce 1.8976 | 4.6 it/s
step   16200 | cos 0.5071 | thought 1.0407 dec_ce 2.0527 | 4.4 it/s
step   16250 | cos 0.5096 | thought 0.9993 dec_ce 1.9724 | 4.7 it/s
step   16300 | cos 0.5121 | thought 0.9757 dec_ce 2.0776 | 4.7 it/s
step   16350 | cos 0.5086 | thought 0.9506 dec_ce 1.9508 | 4.5 it/s
step   16400 | cos 0.5087 | thought 1.0334 dec_ce 2.3019 | 4.7 it/s
step   16450 | cos 0.5096 | thought 0.9888 dec_ce 2.0628 | 4.6 it/s
step   16500 | cos 0.5117 | thought 0.9822 dec_ce 2.1168 | 4.5 it/s
step   16500 | VAL cos 0.5190 | VAL dec CE 3.8845
step   16550 | cos 0.5094 | thought 1.0275 dec_ce 2.2727 | 3.8 it/s
step   16600 | cos 0.5090 | thought 0.9571 dec_ce 2.0491 | 4.6 it/s
step   16650 | cos 0.5107 | thought 0.9527 dec_ce 1.8787 | 4.6 it/s
step   16700 | cos 0.5114 | thought 0.985 dec_ce 1.9241 | 4.7 it/s
step   16750 | cos 0.5111 | thought 0.983 dec_ce 2.0091 | 4.6 it/s
step   16800 | cos 0.5103 | thought 0.9968 dec_ce 2.2025 | 4.6 it/s
step   16850 | cos 0.5088 | thought 1.008 dec_ce 1.8984 | 4.6 it/s
step   16900 | cos 0.5101 | thought 0.9576 dec_ce 1.9944 | 4.5 it/s
step   16950 | cos 0.5124 | thought 0.9872 dec_ce 1.9451 | 4.7 it/s
step   17000 | cos 0.5086 | thought 0.9544 dec_ce 1.9734 | 4.5 it/s
step   17000 | VAL cos 0.5193 | VAL dec CE 3.8781
step   17050 | cos 0.5073 | thought 1.0002 dec_ce 2.0455 | 3.7 it/s
step   17100 | cos 0.5130 | thought 0.9814 dec_ce 2.0929 | 4.6 it/s
step   17150 | cos 0.5096 | thought 0.983 dec_ce 1.9985 | 4.5 it/s
step   17200 | cos 0.5112 | thought 0.9386 dec_ce 1.8577 | 4.6 it/s
step   17250 | cos 0.5130 | thought 1.0001 dec_ce 2.0765 | 4.7 it/s
step   17300 | cos 0.5107 | thought 0.9346 dec_ce 1.86 | 4.6 it/s
step   17350 | cos 0.5062 | thought 1.0326 dec_ce 2.2385 | 4.5 it/s
step   17400 | cos 0.5105 | thought 0.9913 dec_ce 1.9954 | 4.6 it/s
step   17450 | cos 0.5113 | thought 1.002 dec_ce 2.111 | 4.6 it/s
step   17500 | cos 0.5091 | thought 1.0226 dec_ce 2.0737 | 4.6 it/s
step   17500 | VAL cos 0.5198 | VAL dec CE 3.8738
step   17550 | cos 0.5125 | thought 1.002 dec_ce 1.9769 | 3.8 it/s
step   17600 | cos 0.5122 | thought 0.9906 dec_ce 2.0249 | 4.7 it/s
step   17650 | cos 0.5091 | thought 0.9906 dec_ce 2.0789 | 4.6 it/s
step   17700 | cos 0.5076 | thought 0.973 dec_ce 2.0326 | 4.8 it/s
step   17750 | cos 0.5114 | thought 1.0128 dec_ce 2.2245 | 4.6 it/s
step   17800 | cos 0.5118 | thought 0.9772 dec_ce 2.0246 | 4.6 it/s
step   17850 | cos 0.5104 | thought 0.9887 dec_ce 1.9915 | 4.6 it/s
step   17900 | cos 0.5132 | thought 0.9879 dec_ce 2.0149 | 4.6 it/s
step   17950 | cos 0.5088 | thought 0.9258 dec_ce 1.9791 | 4.6 it/s
step   18000 | cos 0.5075 | thought 1.0505 dec_ce 2.0787 | 4.6 it/s
step   18000 | VAL cos 0.5204 | VAL dec CE 3.8695
step   18050 | cos 0.5122 | thought 0.9584 dec_ce 2.077 | 3.6 it/s
step   18100 | cos 0.5132 | thought 0.9593 dec_ce 2.0978 | 4.6 it/s
step   18150 | cos 0.5110 | thought 1.0038 dec_ce 2.0827 | 4.6 it/s
step   18200 | cos 0.5097 | thought 1.0126 dec_ce 2.121 | 4.6 it/s
step   18250 | cos 0.5122 | thought 0.9428 dec_ce 1.8763 | 4.6 it/s
step   18300 | cos 0.5128 | thought 1.0169 dec_ce 2.0954 | 4.6 it/s
step   18350 | cos 0.5132 | thought 0.9844 dec_ce 2.1396 | 4.6 it/s
step   18400 | cos 0.5092 | thought 1.0161 dec_ce 2.1984 | 4.6 it/s
step   18450 | cos 0.5116 | thought 0.9956 dec_ce 2.0287 | 4.6 it/s
step   18500 | cos 0.5086 | thought 1.025 dec_ce 2.1304 | 4.7 it/s
step   18500 | VAL cos 0.5213 | VAL dec CE 3.8730
step   18550 | cos 0.5117 | thought 0.9758 dec_ce 2.1776 | 3.8 it/s
step   18600 | cos 0.5064 | thought 1.0171 dec_ce 2.0848 | 4.6 it/s
step   18650 | cos 0.5158 | thought 0.9782 dec_ce 2.1319 | 4.6 it/s
step   18700 | cos 0.5099 | thought 0.9882 dec_ce 2.0161 | 4.5 it/s
step   18750 | cos 0.5117 | thought 0.9659 dec_ce 2.0566 | 4.6 it/s
step   18800 | cos 0.5153 | thought 1.0016 dec_ce 2.1777 | 4.6 it/s
step   18850 | cos 0.5124 | thought 0.9737 dec_ce 2.098 | 4.7 it/s
step   18900 | cos 0.5122 | thought 1.0146 dec_ce 2.0157 | 4.7 it/s
step   18950 | cos 0.5098 | thought 0.9964 dec_ce 2.0727 | 4.5 it/s
step   19000 | cos 0.5116 | thought 0.998 dec_ce 2.0181 | 4.7 it/s
step   19000 | VAL cos 0.5219 | VAL dec CE 3.8694
step   19050 | cos 0.5101 | thought 1.0006 dec_ce 1.995 | 3.7 it/s
step   19100 | cos 0.5139 | thought 0.9953 dec_ce 1.9543 | 4.7 it/s
step   19150 | cos 0.5140 | thought 0.9548 dec_ce 2.0004 | 4.5 it/s
step   19200 | cos 0.5112 | thought 0.9634 dec_ce 2.0667 | 4.6 it/s
step   19250 | cos 0.5133 | thought 0.9836 dec_ce 2.045 | 4.6 it/s
step   19300 | cos 0.5126 | thought 1.0269 dec_ce 2.1459 | 4.6 it/s
step   19350 | cos 0.5090 | thought 1.0223 dec_ce 2.1329 | 4.5 it/s
step   19400 | cos 0.5134 | thought 0.9976 dec_ce 2.0496 | 4.7 it/s
step   19450 | cos 0.5073 | thought 1.0196 dec_ce 2.0914 | 4.7 it/s
step   19500 | cos 0.5123 | thought 0.9726 dec_ce 2.0535 | 4.6 it/s
step   19500 | VAL cos 0.5221 | VAL dec CE 3.8720
step   19550 | cos 0.5103 | thought 1.0152 dec_ce 2.0053 | 3.8 it/s
step   19600 | cos 0.5111 | thought 0.957 dec_ce 2.0252 | 4.6 it/s
step   19650 | cos 0.5115 | thought 1.0025 dec_ce 1.9451 | 4.5 it/s
step   19700 | cos 0.5129 | thought 0.9691 dec_ce 1.9736 | 4.6 it/s
step   19750 | cos 0.5143 | thought 0.9752 dec_ce 2.0702 | 4.5 it/s
step   19800 | cos 0.5104 | thought 0.9595 dec_ce 1.9568 | 4.6 it/s
step   19850 | cos 0.5114 | thought 1.0044 dec_ce 2.2933 | 4.6 it/s
step   19900 | cos 0.5131 | thought 0.9987 dec_ce 2.1576 | 4.6 it/s
step   19950 | cos 0.5143 | thought 0.9509 dec_ce 1.9169 | 4.6 it/s
step   20000 | cos 0.5095 | thought 0.9614 dec_ce 2.0704 | 4.6 it/s
step   20000 | VAL cos 0.5216 | VAL dec CE 3.8648
step   20050 | cos 0.5140 | thought 0.9565 dec_ce 1.9286 | 3.8 it/s
step   20100 | cos 0.5131 | thought 0.9492 dec_ce 1.8949 | 4.5 it/s
step   20150 | cos 0.5123 | thought 1.0056 dec_ce 2.1072 | 4.6 it/s
step   20200 | cos 0.5099 | thought 0.9784 dec_ce 2.129 | 4.7 it/s
step   20250 | cos 0.5094 | thought 0.9702 dec_ce 1.9035 | 4.5 it/s
step   20300 | cos 0.5128 | thought 1.0251 dec_ce 2.1548 | 4.7 it/s
step   20350 | cos 0.5115 | thought 0.9755 dec_ce 1.987 | 4.6 it/s
step   20400 | cos 0.5142 | thought 1.0238 dec_ce 2.2381 | 4.7 it/s
step   20450 | cos 0.5162 | thought 0.9858 dec_ce 2.1364 | 4.7 it/s
step   20500 | cos 0.5144 | thought 0.9743 dec_ce 2.1897 | 4.6 it/s
step   20500 | VAL cos 0.5228 | VAL dec CE 3.8635
step   20550 | cos 0.5102 | thought 0.9402 dec_ce 1.9717 | 3.7 it/s
step   20600 | cos 0.5115 | thought 0.9638 dec_ce 2.0474 | 4.6 it/s
step   20650 | cos 0.5154 | thought 0.9933 dec_ce 2.0466 | 4.7 it/s
step   20700 | cos 0.5120 | thought 0.9567 dec_ce 1.9317 | 4.7 it/s
step   20750 | cos 0.5100 | thought 0.9441 dec_ce 1.9661 | 4.5 it/s
step   20800 | cos 0.5116 | thought 1.0269 dec_ce 2.179 | 4.6 it/s
step   20850 | cos 0.5124 | thought 0.9243 dec_ce 1.8118 | 4.7 it/s
step   20900 | cos 0.5144 | thought 0.9891 dec_ce 2.0941 | 4.7 it/s
step   20950 | cos 0.5096 | thought 0.9582 dec_ce 1.9611 | 4.6 it/s
step   21000 | cos 0.5116 | thought 0.9613 dec_ce 1.976 | 4.7 it/s
step   21000 | VAL cos 0.5222 | VAL dec CE 3.8562
step   21050 | cos 0.5105 | thought 1.0076 dec_ce 2.0954 | 3.8 it/s
step   21100 | cos 0.5139 | thought 1.0062 dec_ce 2.1957 | 4.5 it/s
step   21150 | cos 0.5144 | thought 1.011 dec_ce 2.2488 | 4.5 it/s
step   21200 | cos 0.5125 | thought 0.9686 dec_ce 2.0357 | 4.6 it/s
step   21250 | cos 0.5144 | thought 1.0347 dec_ce 2.3577 | 4.4 it/s
step   21300 | cos 0.5148 | thought 1.0029 dec_ce 2.0797 | 4.6 it/s
step   21350 | cos 0.5110 | thought 0.9757 dec_ce 1.9451 | 4.6 it/s
step   21400 | cos 0.5139 | thought 0.9689 dec_ce 2.0649 | 4.6 it/s
step   21450 | cos 0.5153 | thought 0.9953 dec_ce 2.0556 | 4.6 it/s
step   21500 | cos 0.5137 | thought 1.0569 dec_ce 2.1124 | 4.5 it/s
step   21500 | VAL cos 0.5238 | VAL dec CE 3.8606
step   21550 | cos 0.5148 | thought 1.0106 dec_ce 2.0981 | 3.7 it/s
step   21600 | cos 0.5134 | thought 0.998 dec_ce 1.9947 | 4.6 it/s
step   21650 | cos 0.5171 | thought 1.0133 dec_ce 2.1395 | 4.5 it/s
step   21700 | cos 0.5150 | thought 0.9979 dec_ce 2.1051 | 4.6 it/s
step   21750 | cos 0.5146 | thought 0.9866 dec_ce 2.181 | 4.6 it/s
step   21800 | cos 0.5147 | thought 0.9926 dec_ce 1.9863 | 4.7 it/s
step   21850 | cos 0.5167 | thought 1.0088 dec_ce 2.1267 | 4.6 it/s
step   21900 | cos 0.5175 | thought 0.9482 dec_ce 1.9668 | 4.7 it/s
step   21950 | cos 0.5125 | thought 1.0281 dec_ce 2.277 | 4.6 it/s
step   22000 | cos 0.5162 | thought 0.9958 dec_ce 2.1599 | 4.7 it/s
step   22000 | VAL cos 0.5252 | VAL dec CE 3.8556
step   22050 | cos 0.5128 | thought 1.0182 dec_ce 2.042 | 3.6 it/s
step   22100 | cos 0.5164 | thought 0.9584 dec_ce 2.0597 | 4.7 it/s
step   22150 | cos 0.5173 | thought 0.9784 dec_ce 2.0997 | 4.5 it/s
step   22200 | cos 0.5180 | thought 1.0037 dec_ce 2.1329 | 4.8 it/s
step   22250 | cos 0.5145 | thought 0.9829 dec_ce 2.0845 | 4.5 it/s
step   22300 | cos 0.5175 | thought 0.9418 dec_ce 1.8586 | 4.6 it/s
step   22350 | cos 0.5168 | thought 1.0036 dec_ce 2.0328 | 4.7 it/s
step   22400 | cos 0.5157 | thought 0.9787 dec_ce 2.1675 | 4.7 it/s
step   22450 | cos 0.5154 | thought 0.9756 dec_ce 2.0119 | 4.5 it/s
step   22500 | cos 0.5154 | thought 0.9686 dec_ce 2.0546 | 4.6 it/s
step   22500 | VAL cos 0.5282 | VAL dec CE 3.8562
step   22550 | cos 0.5149 | thought 1.003 dec_ce 2.1673 | 3.8 it/s
step   22600 | cos 0.5183 | thought 0.9757 dec_ce 1.9962 | 4.5 it/s
step   22650 | cos 0.5185 | thought 0.9389 dec_ce 2.1872 | 4.7 it/s
step   22700 | cos 0.5169 | thought 0.9973 dec_ce 2.0707 | 4.7 it/s
step   22750 | cos 0.5190 | thought 1.0042 dec_ce 2.0863 | 4.5 it/s
step   22800 | cos 0.5174 | thought 1.0129 dec_ce 2.1832 | 4.6 it/s
step   22850 | cos 0.5165 | thought 0.9391 dec_ce 1.9394 | 4.6 it/s
step   22900 | cos 0.5171 | thought 0.9705 dec_ce 2.0855 | 4.7 it/s
step   22950 | cos 0.5155 | thought 1.0053 dec_ce 1.9865 | 4.6 it/s
step   23000 | cos 0.5180 | thought 0.975 dec_ce 2.2518 | 4.5 it/s
step   23000 | VAL cos 0.5292 | VAL dec CE 3.8640
step   23050 | cos 0.5205 | thought 0.9375 dec_ce 1.9136 | 3.8 it/s
step   23100 | cos 0.5176 | thought 0.9804 dec_ce 2.0008 | 4.6 it/s
step   23150 | cos 0.5179 | thought 1.0151 dec_ce 2.0752 | 4.7 it/s
step   23200 | cos 0.5200 | thought 0.9705 dec_ce 2.2392 | 4.5 it/s
step   23250 | cos 0.5229 | thought 0.983 dec_ce 1.989 | 4.8 it/s
step   23300 | cos 0.5211 | thought 0.9321 dec_ce 1.9095 | 4.5 it/s
step   23350 | cos 0.5166 | thought 1.0099 dec_ce 2.1183 | 4.6 it/s
step   23400 | cos 0.5245 | thought 1.0504 dec_ce 2.1603 | 4.6 it/s
step   23450 | cos 0.5274 | thought 0.9975 dec_ce 1.9994 | 4.7 it/s
step   23500 | cos 0.5191 | thought 0.9771 dec_ce 2.0612 | 4.6 it/s
step   23500 | VAL cos 0.5299 | VAL dec CE 3.8478
step   23550 | cos 0.5216 | thought 0.9342 dec_ce 1.8858 | 3.7 it/s
step   23600 | cos 0.5216 | thought 0.957 dec_ce 1.9098 | 4.6 it/s
step   23650 | cos 0.5204 | thought 0.9969 dec_ce 2.0587 | 4.5 it/s
step   23700 | cos 0.5204 | thought 0.985 dec_ce 2.1558 | 4.5 it/s
step   23750 | cos 0.5205 | thought 0.9639 dec_ce 1.9815 | 4.6 it/s
step   23800 | cos 0.5246 | thought 0.9257 dec_ce 1.9368 | 4.7 it/s
step   23850 | cos 0.5263 | thought 0.9601 dec_ce 1.9533 | 4.7 it/s
step   23900 | cos 0.5197 | thought 0.9846 dec_ce 2.1928 | 4.6 it/s
step   23950 | cos 0.5221 | thought 1.0422 dec_ce 2.0889 | 4.5 it/s
step   24000 | cos 0.5233 | thought 0.9111 dec_ce 1.807 | 4.6 it/s
step   24000 | VAL cos 0.5300 | VAL dec CE 3.8468
step   24050 | cos 0.5242 | thought 0.9401 dec_ce 1.9707 | 3.7 it/s
step   24100 | cos 0.5194 | thought 0.9812 dec_ce 1.9932 | 4.6 it/s
step   24150 | cos 0.5221 | thought 0.935 dec_ce 2.0375 | 4.5 it/s
step   24200 | cos 0.5202 | thought 0.9562 dec_ce 2.0029 | 4.5 it/s
step   24250 | cos 0.5226 | thought 0.979 dec_ce 2.0215 | 4.6 it/s
step   24300 | cos 0.5233 | thought 0.9406 dec_ce 1.8654 | 4.6 it/s
step   24350 | cos 0.5244 | thought 0.9713 dec_ce 1.93 | 4.6 it/s
step   24400 | cos 0.5267 | thought 0.9752 dec_ce 2.1182 | 4.6 it/s
step   24450 | cos 0.5198 | thought 0.9981 dec_ce 1.991 | 4.5 it/s
step   24500 | cos 0.5177 | thought 0.9588 dec_ce 1.9884 | 4.6 it/s
step   24500 | VAL cos 0.5326 | VAL dec CE 3.8419
step   24550 | cos 0.5212 | thought 0.9226 dec_ce 1.9617 | 3.8 it/s
step   24600 | cos 0.5218 | thought 0.9279 dec_ce 1.9118 | 4.7 it/s
step   24650 | cos 0.5250 | thought 1.0278 dec_ce 2.1813 | 4.8 it/s
step   24700 | cos 0.5244 | thought 0.9552 dec_ce 1.9556 | 4.6 it/s
step   24750 | cos 0.5256 | thought 0.9874 dec_ce 2.0553 | 4.6 it/s
step   24800 | cos 0.5221 | thought 0.9881 dec_ce 2.0305 | 4.7 it/s
step   24850 | cos 0.5229 | thought 0.9759 dec_ce 2.0214 | 4.7 it/s
step   24900 | cos 0.5242 | thought 0.9623 dec_ce 1.8919 | 4.7 it/s
step   24950 | cos 0.5228 | thought 0.9742 dec_ce 2.0047 | 4.6 it/s
step   25000 | cos 0.5225 | thought 0.9789 dec_ce 2.1654 | 4.5 it/s
step   25000 | VAL cos 0.5329 | VAL dec CE 3.8401
step   25050 | cos 0.5237 | thought 0.9984 dec_ce 2.2104 | 3.8 it/s
step   25100 | cos 0.5197 | thought 0.9541 dec_ce 1.9204 | 4.5 it/s
step   25150 | cos 0.5222 | thought 0.9619 dec_ce 2.1948 | 4.6 it/s
step   25200 | cos 0.5261 | thought 0.9562 dec_ce 2.0348 | 4.5 it/s
step   25250 | cos 0.5246 | thought 0.9339 dec_ce 2.0525 | 4.6 it/s
step   25300 | cos 0.5242 | thought 0.9581 dec_ce 1.9957 | 4.6 it/s
step   25350 | cos 0.5252 | thought 0.902 dec_ce 1.9072 | 4.7 it/s
step   25400 | cos 0.5282 | thought 1.0099 dec_ce 2.1714 | 4.6 it/s
step   25450 | cos 0.5221 | thought 0.9817 dec_ce 2.0513 | 4.5 it/s
step   25500 | cos 0.5245 | thought 0.9923 dec_ce 2.0097 | 4.5 it/s
step   25500 | VAL cos 0.5334 | VAL dec CE 3.8366
step   25550 | cos 0.5271 | thought 0.9243 dec_ce 2.0188 | 3.7 it/s
step   25600 | cos 0.5218 | thought 0.9459 dec_ce 1.8624 | 4.6 it/s
step   25650 | cos 0.5253 | thought 0.972 dec_ce 2.0369 | 4.7 it/s
step   25700 | cos 0.5256 | thought 0.9485 dec_ce 1.9965 | 4.7 it/s
step   25750 | cos 0.5219 | thought 1.0073 dec_ce 2.1661 | 4.6 it/s
step   25800 | cos 0.5211 | thought 1.0136 dec_ce 2.3423 | 4.6 it/s
step   25850 | cos 0.5234 | thought 0.93 dec_ce 1.9874 | 4.6 it/s
step   25900 | cos 0.5228 | thought 0.9721 dec_ce 2.0973 | 4.6 it/s
step   25950 | cos 0.5227 | thought 0.979 dec_ce 2.049 | 4.6 it/s
step   26000 | cos 0.5257 | thought 0.9309 dec_ce 1.9163 | 4.7 it/s
step   26000 | VAL cos 0.5332 | VAL dec CE 3.8402
step   26050 | cos 0.5220 | thought 1.0269 dec_ce 2.1091 | 3.6 it/s
step   26100 | cos 0.5252 | thought 0.9217 dec_ce 1.8588 | 4.6 it/s
step   26150 | cos 0.5227 | thought 0.9981 dec_ce 2.0402 | 4.6 it/s
step   26200 | cos 0.5314 | thought 0.946 dec_ce 2.0064 | 4.6 it/s
step   26250 | cos 0.5213 | thought 0.9564 dec_ce 1.9488 | 4.5 it/s
step   26300 | cos 0.5284 | thought 0.9057 dec_ce 1.8589 | 4.6 it/s
step   26350 | cos 0.5220 | thought 0.9784 dec_ce 1.9833 | 4.5 it/s
step   26400 | cos 0.5200 | thought 0.9242 dec_ce 1.9303 | 4.7 it/s
step   26450 | cos 0.5236 | thought 0.9635 dec_ce 2.0563 | 4.6 it/s
step   26500 | cos 0.5254 | thought 0.9408 dec_ce 2.0209 | 4.7 it/s
step   26500 | VAL cos 0.5328 | VAL dec CE 3.8348
step   26550 | cos 0.5255 | thought 0.9349 dec_ce 2.0679 | 3.7 it/s
step   26600 | cos 0.5290 | thought 0.9947 dec_ce 2.1344 | 4.6 it/s
step   26650 | cos 0.5261 | thought 0.9852 dec_ce 1.9424 | 4.6 it/s
step   26700 | cos 0.5269 | thought 0.9754 dec_ce 2.0238 | 4.6 it/s
step   26750 | cos 0.5272 | thought 0.9074 dec_ce 1.7519 | 4.7 it/s
step   26800 | cos 0.5208 | thought 0.9345 dec_ce 2.0805 | 4.5 it/s
step   26850 | cos 0.5237 | thought 0.9904 dec_ce 2.0764 | 4.6 it/s
step   26900 | cos 0.5269 | thought 0.9399 dec_ce 2.0598 | 4.6 it/s
step   26950 | cos 0.5213 | thought 0.9219 dec_ce 2.0071 | 4.7 it/s
step   27000 | cos 0.5267 | thought 0.9696 dec_ce 1.9168 | 4.7 it/s
step   27000 | VAL cos 0.5345 | VAL dec CE 3.8378
step   27050 | cos 0.5250 | thought 0.9806 dec_ce 2.2125 | 3.8 it/s
step   27100 | cos 0.5276 | thought 0.943 dec_ce 2.0494 | 4.7 it/s
step   27150 | cos 0.5231 | thought 1.0295 dec_ce 2.1113 | 4.7 it/s
step   27200 | cos 0.5247 | thought 0.9494 dec_ce 1.9873 | 4.6 it/s
step   27250 | cos 0.5213 | thought 1.0017 dec_ce 2.1362 | 4.6 it/s
step   27300 | cos 0.5266 | thought 0.983 dec_ce 2.1901 | 4.6 it/s
step   27350 | cos 0.5254 | thought 0.9611 dec_ce 1.9659 | 4.6 it/s
step   27400 | cos 0.5269 | thought 0.9232 dec_ce 1.9114 | 4.8 it/s
step   27450 | cos 0.5205 | thought 0.9445 dec_ce 1.8911 | 4.6 it/s
step   27500 | cos 0.5287 | thought 0.958 dec_ce 2.029 | 4.6 it/s
step   27500 | VAL cos 0.5338 | VAL dec CE 3.8352
step   27550 | cos 0.5233 | thought 0.9757 dec_ce 2.1441 | 3.7 it/s
step   27600 | cos 0.5242 | thought 0.9661 dec_ce 1.972 | 4.6 it/s
step   27650 | cos 0.5274 | thought 0.9672 dec_ce 1.9949 | 4.5 it/s
step   27700 | cos 0.5266 | thought 0.9726 dec_ce 1.8715 | 4.6 it/s
step   27750 | cos 0.5256 | thought 0.9881 dec_ce 2.1727 | 4.6 it/s
step   27800 | cos 0.5299 | thought 0.9673 dec_ce 1.9791 | 4.6 it/s
step   27850 | cos 0.5238 | thought 1.0285 dec_ce 2.216 | 4.5 it/s
step   27900 | cos 0.5248 | thought 0.9348 dec_ce 2.0618 | 4.6 it/s
step   27950 | cos 0.5254 | thought 0.8989 dec_ce 1.8911 | 4.6 it/s
step   28000 | cos 0.5267 | thought 0.9438 dec_ce 2.0189 | 4.5 it/s
step   28000 | VAL cos 0.5350 | VAL dec CE 3.8422
step   28050 | cos 0.5232 | thought 0.9658 dec_ce 2.1411 | 3.7 it/s
step   28100 | cos 0.5234 | thought 0.964 dec_ce 2.0642 | 4.7 it/s
step   28150 | cos 0.5325 | thought 0.9313 dec_ce 2.0113 | 4.7 it/s
step   28200 | cos 0.5281 | thought 0.925 dec_ce 1.9828 | 4.6 it/s
step   28250 | cos 0.5289 | thought 0.9148 dec_ce 2.054 | 4.6 it/s
step   28300 | cos 0.5257 | thought 1.0388 dec_ce 2.1392 | 4.5 it/s
step   28350 | cos 0.5251 | thought 0.9716 dec_ce 2.1175 | 4.6 it/s
step   28400 | cos 0.5257 | thought 1.008 dec_ce 2.135 | 4.6 it/s
step   28450 | cos 0.5244 | thought 1.0189 dec_ce 2.0224 | 4.7 it/s
step   28500 | cos 0.5265 | thought 1.0058 dec_ce 2.0044 | 4.6 it/s
step   28500 | VAL cos 0.5348 | VAL dec CE 3.8335
step   28550 | cos 0.5278 | thought 0.9408 dec_ce 2.025 | 3.9 it/s
step   28600 | cos 0.5293 | thought 0.941 dec_ce 2.0762 | 4.6 it/s
step   28650 | cos 0.5256 | thought 0.9544 dec_ce 1.9836 | 4.6 it/s
step   28700 | cos 0.5294 | thought 0.9223 dec_ce 2.0293 | 4.6 it/s
step   28750 | cos 0.5281 | thought 0.9681 dec_ce 2.1509 | 4.7 it/s
step   28800 | cos 0.5236 | thought 0.9785 dec_ce 2.0087 | 4.5 it/s
step   28850 | cos 0.5275 | thought 1.0239 dec_ce 2.0039 | 4.6 it/s
step   28900 | cos 0.5271 | thought 0.9895 dec_ce 2.0223 | 4.7 it/s
step   28950 | cos 0.5279 | thought 0.9432 dec_ce 1.8609 | 4.7 it/s
step   29000 | cos 0.5258 | thought 0.9802 dec_ce 2.0714 | 4.6 it/s
step   29000 | VAL cos 0.5339 | VAL dec CE 3.8302
step   29050 | cos 0.5268 | thought 0.9471 dec_ce 2.0149 | 3.7 it/s
step   29100 | cos 0.5278 | thought 0.933 dec_ce 1.9243 | 4.7 it/s
step   29150 | cos 0.5261 | thought 0.9813 dec_ce 2.0273 | 4.7 it/s
step   29200 | cos 0.5306 | thought 0.9208 dec_ce 2.0466 | 4.7 it/s
step   29250 | cos 0.5278 | thought 0.9494 dec_ce 2.0505 | 4.6 it/s
step   29300 | cos 0.5274 | thought 0.9937 dec_ce 2.1006 | 4.7 it/s
step   29350 | cos 0.5274 | thought 1.0041 dec_ce 2.0724 | 4.6 it/s
step   29400 | cos 0.5212 | thought 0.9995 dec_ce 2.0723 | 4.5 it/s
step   29450 | cos 0.5275 | thought 0.9526 dec_ce 2.0656 | 4.6 it/s
step   29500 | cos 0.5284 | thought 0.91 dec_ce 1.8738 | 4.6 it/s
step   29500 | VAL cos 0.5339 | VAL dec CE 3.8218
step   29550 | cos 0.5223 | thought 0.9745 dec_ce 2.1135 | 3.8 it/s
step   29600 | cos 0.5253 | thought 0.9614 dec_ce 2.088 | 4.6 it/s
step   29650 | cos 0.5289 | thought 0.9884 dec_ce 2.136 | 4.5 it/s
step   29700 | cos 0.5284 | thought 0.9573 dec_ce 2.0345 | 4.5 it/s
step   29750 | cos 0.5290 | thought 1.0043 dec_ce 2.0556 | 4.7 it/s
step   29800 | cos 0.5254 | thought 0.929 dec_ce 2.0538 | 4.6 it/s
step   29850 | cos 0.5270 | thought 0.9521 dec_ce 2.0785 | 4.6 it/s
step   29900 | cos 0.5246 | thought 0.9415 dec_ce 1.9968 | 4.5 it/s
step   29950 | cos 0.5255 | thought 0.9771 dec_ce 2.1538 | 4.5 it/s
step   30000 | cos 0.5279 | thought 0.9335 dec_ce 2.0508 | 4.8 it/s
step   30000 | VAL cos 0.5349 | VAL dec CE 3.8271
step   30050 | cos 0.5285 | thought 0.9663 dec_ce 2.1766 | 3.9 it/s
step   30100 | cos 0.5272 | thought 0.9586 dec_ce 1.9585 | 4.7 it/s
step   30150 | cos 0.5285 | thought 0.9883 dec_ce 2.0554 | 4.7 it/s
step   30200 | cos 0.5211 | thought 0.9423 dec_ce 1.9844 | 4.6 it/s
step   30250 | cos 0.5249 | thought 0.9692 dec_ce 2.0386 | 4.6 it/s
step   30300 | cos 0.5259 | thought 0.9976 dec_ce 2.2393 | 4.6 it/s
step   30350 | cos 0.5236 | thought 0.9744 dec_ce 2.0177 | 4.7 it/s
step   30400 | cos 0.5249 | thought 1.0348 dec_ce 2.2827 | 4.7 it/s
step   30450 | cos 0.5209 | thought 0.9954 dec_ce 2.1253 | 4.5 it/s
step   30500 | cos 0.5284 | thought 0.9446 dec_ce 1.9898 | 4.7 it/s
step   30500 | VAL cos 0.5361 | VAL dec CE 3.8348
step   30550 | cos 0.5255 | thought 0.9711 dec_ce 1.8761 | 3.8 it/s
step   30600 | cos 0.5272 | thought 0.9693 dec_ce 2.0988 | 4.8 it/s
step   30650 | cos 0.5260 | thought 0.9141 dec_ce 1.891 | 4.7 it/s
step   30700 | cos 0.5313 | thought 0.9152 dec_ce 1.9771 | 4.6 it/s
step   30750 | cos 0.5263 | thought 0.9791 dec_ce 2.0607 | 4.7 it/s
step   30800 | cos 0.5253 | thought 1.0248 dec_ce 2.1376 | 4.5 it/s
step   30850 | cos 0.5248 | thought 0.9621 dec_ce 2.0609 | 4.5 it/s
step   30900 | cos 0.5263 | thought 0.9952 dec_ce 2.073 | 4.6 it/s
step   30950 | cos 0.5245 | thought 0.969 dec_ce 1.9467 | 4.6 it/s
step   31000 | cos 0.5249 | thought 0.9506 dec_ce 1.8746 | 4.7 it/s
step   31000 | VAL cos 0.5340 | VAL dec CE 3.8288
step   31050 | cos 0.5320 | thought 0.9759 dec_ce 2.0086 | 3.8 it/s
step   31100 | cos 0.5257 | thought 0.9576 dec_ce 1.9806 | 4.5 it/s
step   31150 | cos 0.5250 | thought 0.9147 dec_ce 1.9863 | 4.7 it/s
step   31200 | cos 0.5261 | thought 0.9956 dec_ce 2.1082 | 4.6 it/s
step   31250 | cos 0.5295 | thought 0.9555 dec_ce 2.0516 | 4.6 it/s
step   31300 | cos 0.5253 | thought 0.9839 dec_ce 2.1286 | 4.6 it/s
step   31350 | cos 0.5268 | thought 0.9689 dec_ce 1.8691 | 4.7 it/s
step   31400 | cos 0.5246 | thought 0.9164 dec_ce 1.9395 | 4.6 it/s
step   31450 | cos 0.5267 | thought 0.9201 dec_ce 1.9637 | 4.6 it/s
step   31500 | cos 0.5298 | thought 0.9321 dec_ce 2.0173 | 4.6 it/s
step   31500 | VAL cos 0.5343 | VAL dec CE 3.8295
step   31550 | cos 0.5268 | thought 0.9985 dec_ce 2.16 | 3.8 it/s
step   31600 | cos 0.5248 | thought 0.9776 dec_ce 2.0492 | 4.6 it/s
step   31650 | cos 0.5244 | thought 0.9348 dec_ce 1.8958 | 4.7 it/s
step   31700 | cos 0.5273 | thought 0.9594 dec_ce 2.2152 | 4.6 it/s
step   31750 | cos 0.5252 | thought 0.9357 dec_ce 2.1097 | 4.6 it/s
step   31800 | cos 0.5266 | thought 1.0392 dec_ce 2.2145 | 4.7 it/s
step   31850 | cos 0.5266 | thought 0.9265 dec_ce 2.0301 | 4.5 it/s
step   31900 | cos 0.5267 | thought 0.9374 dec_ce 2.0597 | 4.6 it/s
step   31950 | cos 0.5282 | thought 0.9444 dec_ce 1.9594 | 4.7 it/s
step   32000 | cos 0.5256 | thought 0.9746 dec_ce 2.0394 | 4.7 it/s
step   32000 | VAL cos 0.5357 | VAL dec CE 3.8272
step   32050 | cos 0.5264 | thought 0.9393 dec_ce 2.1328 | 3.7 it/s
step   32100 | cos 0.5288 | thought 0.9342 dec_ce 1.8848 | 4.6 it/s
step   32150 | cos 0.5276 | thought 0.9998 dec_ce 2.1277 | 4.6 it/s
step   32200 | cos 0.5296 | thought 0.945 dec_ce 1.9213 | 4.7 it/s
step   32250 | cos 0.5281 | thought 0.9402 dec_ce 1.9353 | 4.7 it/s
step   32300 | cos 0.5257 | thought 0.9157 dec_ce 2.0479 | 4.6 it/s
step   32350 | cos 0.5289 | thought 0.9539 dec_ce 2.0714 | 4.7 it/s
step   32400 | cos 0.5266 | thought 0.9813 dec_ce 2.0664 | 4.5 it/s
step   32450 | cos 0.5276 | thought 1.0093 dec_ce 2.0507 | 4.8 it/s
wall-clock cap reached at step 32461

Run 'R4_ROLEFLIP' done: 32461 steps | final val cos 0.5355 | dec CE 3.8240
/home/nochi/vault/projects/ThoughtVectors/thoughtvec/.venv/lib/python3.12/site-packages/torch/nn/modules/transformer.py:392: UserWarning: enable_nested_tensor is True, but self.use_nested_tensor is False because encoder_layer.norm_first was True
  warnings.warn(
{"ckpt": "checkpoints/R4_ROLEFLIP/best.pt", "val_cos": 0.4124, "val_dec_ce": 4.0224, "ref_f1": 0.2771, "distinct1": 0.012, "distinct2": 0.0463, "len_ratio": 0.986, "out_vectors": 8.0, "rows": 1024}
