/home/nochi/vault/projects/ThoughtVectors/thoughtvec/.venv/lib/python3.12/site-packages/torch/nn/modules/transformer.py:392: UserWarning: enable_nested_tensor is True, but self.use_nested_tensor is False because encoder_layer.norm_first was True
  warnings.warn(
thinker params: 15.11M (codec d=384, frozen=True)
step      50 | cos 0.0366 | thought 2.5155 dec_ce 2.7037 | 4.2 it/s
step     100 | cos 0.1019 | thought 2.2792 dec_ce 2.4227 | 4.5 it/s
step     150 | cos 0.1864 | thought 2.0796 dec_ce 2.2758 | 4.5 it/s
step     200 | cos 0.2320 | thought 2.0759 dec_ce 2.4456 | 4.5 it/s
step     250 | cos 0.2495 | thought 2.0244 dec_ce 2.3293 | 4.5 it/s
step     300 | cos 0.2615 | thought 1.948 dec_ce 2.2418 | 4.6 it/s
step     350 | cos 0.2742 | thought 1.875 dec_ce 2.1191 | 4.6 it/s
step     400 | cos 0.2868 | thought 1.8914 dec_ce 2.3684 | 4.5 it/s
step     450 | cos 0.3080 | thought 1.7708 dec_ce 2.2357 | 4.5 it/s
step     500 | cos 0.3292 | thought 1.7329 dec_ce 2.1197 | 4.7 it/s
step     500 | VAL cos 0.3540 | VAL dec CE 4.1653
step     550 | cos 0.3541 | thought 1.6077 dec_ce 2.1402 | 3.8 it/s
step     600 | cos 0.3892 | thought 1.514 dec_ce 2.015 | 4.5 it/s
step     650 | cos 0.4076 | thought 1.494 dec_ce 2.1614 | 4.5 it/s
step     700 | cos 0.4221 | thought 1.5271 dec_ce 2.2386 | 4.7 it/s
step     750 | cos 0.4295 | thought 1.441 dec_ce 2.3483 | 4.6 it/s
step     800 | cos 0.4369 | thought 1.4043 dec_ce 2.0384 | 4.5 it/s
step     850 | cos 0.4508 | thought 1.3686 dec_ce 2.223 | 4.5 it/s
step     900 | cos 0.4628 | thought 1.4083 dec_ce 2.3275 | 4.5 it/s
step     950 | cos 0.4695 | thought 1.3937 dec_ce 2.2653 | 4.6 it/s
step    1000 | cos 0.4706 | thought 1.3115 dec_ce 2.1043 | 4.4 it/s
step    1000 | VAL cos 0.4921 | VAL dec CE 4.0662
step    1050 | cos 0.4782 | thought 1.2964 dec_ce 2.1426 | 3.3 it/s
step    1100 | cos 0.4844 | thought 1.3227 dec_ce 2.254 | 4.4 it/s
step    1150 | cos 0.4833 | thought 1.243 dec_ce 2.0821 | 4.4 it/s
step    1200 | cos 0.4912 | thought 1.2026 dec_ce 2.1786 | 4.5 it/s
step    1250 | cos 0.4898 | thought 1.2264 dec_ce 2.1585 | 4.4 it/s
step    1300 | cos 0.4962 | thought 1.1926 dec_ce 2.2022 | 4.6 it/s
step    1350 | cos 0.4954 | thought 1.2466 dec_ce 2.1286 | 4.5 it/s
step    1400 | cos 0.5001 | thought 1.1955 dec_ce 2.1025 | 4.5 it/s
step    1450 | cos 0.4970 | thought 1.1652 dec_ce 2.1302 | 4.4 it/s
step    1500 | cos 0.5003 | thought 1.1591 dec_ce 2.1727 | 4.5 it/s
step    1500 | VAL cos 0.5161 | VAL dec CE 4.0044
step    1550 | cos 0.5007 | thought 1.0916 dec_ce 1.9946 | 3.3 it/s
step    1600 | cos 0.5064 | thought 1.0907 dec_ce 2.0156 | 4.6 it/s
step    1650 | cos 0.5044 | thought 1.0616 dec_ce 1.9835 | 4.4 it/s
step    1700 | cos 0.5064 | thought 1.0785 dec_ce 2.0432 | 4.5 it/s
step    1750 | cos 0.5102 | thought 1.0664 dec_ce 2.0465 | 4.5 it/s
step    1800 | cos 0.5078 | thought 1.0729 dec_ce 2.3085 | 4.4 it/s
step    1850 | cos 0.5065 | thought 1.1053 dec_ce 2.1545 | 4.6 it/s
step    1900 | cos 0.5075 | thought 1.0381 dec_ce 2.0994 | 4.5 it/s
step    1950 | cos 0.5103 | thought 1.0553 dec_ce 2.2052 | 4.5 it/s
step    2000 | cos 0.5091 | thought 1.02 dec_ce 2.0913 | 4.5 it/s
step    2000 | VAL cos 0.5251 | VAL dec CE 3.9745
step    2050 | cos 0.5085 | thought 1.0226 dec_ce 2.0187 | 3.3 it/s
step    2100 | cos 0.5125 | thought 1.0571 dec_ce 2.1078 | 4.4 it/s
step    2150 | cos 0.5107 | thought 1.0859 dec_ce 2.2392 | 4.6 it/s
step    2200 | cos 0.5110 | thought 1.038 dec_ce 2.1071 | 4.5 it/s
step    2250 | cos 0.5133 | thought 1.0066 dec_ce 2.142 | 4.5 it/s
step    2300 | cos 0.5131 | thought 1.0183 dec_ce 2.155 | 4.4 it/s
step    2350 | cos 0.5129 | thought 1.0317 dec_ce 2.2069 | 4.5 it/s
step    2400 | cos 0.5135 | thought 1.0812 dec_ce 2.1833 | 4.5 it/s
step    2450 | cos 0.5123 | thought 1.0211 dec_ce 2.2121 | 4.6 it/s
step    2500 | cos 0.5150 | thought 0.9796 dec_ce 2.0169 | 4.6 it/s
step    2500 | VAL cos 0.5284 | VAL dec CE 3.9484
step    2550 | cos 0.5118 | thought 0.9692 dec_ce 2.0833 | 3.2 it/s
step    2600 | cos 0.5175 | thought 0.9628 dec_ce 1.9747 | 4.5 it/s
step    2650 | cos 0.5159 | thought 1.0258 dec_ce 2.1918 | 4.5 it/s
step    2700 | cos 0.5168 | thought 1.026 dec_ce 2.2198 | 4.4 it/s
step    2750 | cos 0.5178 | thought 0.9878 dec_ce 2.0155 | 4.5 it/s
step    2800 | cos 0.5156 | thought 0.9644 dec_ce 2.0759 | 4.5 it/s
step    2850 | cos 0.5179 | thought 0.9791 dec_ce 2.2392 | 4.5 it/s
step    2900 | cos 0.5218 | thought 1.0094 dec_ce 2.0709 | 4.5 it/s
step    2950 | cos 0.5177 | thought 0.9627 dec_ce 1.9827 | 4.4 it/s
step    3000 | cos 0.5166 | thought 0.9955 dec_ce 2.0781 | 4.4 it/s
step    3000 | VAL cos 0.5319 | VAL dec CE 3.9437
step    3050 | cos 0.5181 | thought 0.9316 dec_ce 1.8918 | 3.3 it/s
step    3100 | cos 0.5188 | thought 0.9643 dec_ce 2.1471 | 4.6 it/s
step    3150 | cos 0.5224 | thought 1.0109 dec_ce 2.3506 | 4.5 it/s
step    3200 | cos 0.5211 | thought 0.9535 dec_ce 2.0557 | 4.5 it/s
step    3250 | cos 0.5196 | thought 0.9965 dec_ce 2.0911 | 4.4 it/s
step    3300 | cos 0.5207 | thought 0.9863 dec_ce 2.1868 | 4.5 it/s
step    3350 | cos 0.5194 | thought 1.0193 dec_ce 2.055 | 4.5 it/s
step    3400 | cos 0.5204 | thought 0.957 dec_ce 2.025 | 4.5 it/s
step    3450 | cos 0.5198 | thought 0.9765 dec_ce 2.0647 | 4.4 it/s
step    3500 | cos 0.5195 | thought 1.0085 dec_ce 2.0305 | 4.5 it/s
step    3500 | VAL cos 0.5337 | VAL dec CE 3.9430
step    3550 | cos 0.5175 | thought 0.9551 dec_ce 2.1363 | 3.1 it/s
step    3600 | cos 0.5219 | thought 0.9831 dec_ce 2.2362 | 4.5 it/s
step    3650 | cos 0.5187 | thought 0.954 dec_ce 2.0301 | 4.5 it/s
step    3700 | cos 0.5239 | thought 0.9721 dec_ce 2.0533 | 4.5 it/s
step    3750 | cos 0.5221 | thought 0.9886 dec_ce 2.1262 | 4.6 it/s
step    3800 | cos 0.5226 | thought 0.9653 dec_ce 2.0227 | 4.5 it/s
step    3850 | cos 0.5192 | thought 0.9987 dec_ce 2.3106 | 4.5 it/s
step    3900 | cos 0.5234 | thought 1.0162 dec_ce 2.1859 | 4.6 it/s
step    3950 | cos 0.5225 | thought 0.9299 dec_ce 2.121 | 4.5 it/s
step    4000 | cos 0.5242 | thought 1.0338 dec_ce 2.1228 | 4.5 it/s
step    4000 | VAL cos 0.5356 | VAL dec CE 3.9270
step    4050 | cos 0.5242 | thought 1.013 dec_ce 2.3255 | 3.3 it/s
step    4100 | cos 0.5239 | thought 0.9665 dec_ce 2.0685 | 4.6 it/s
step    4150 | cos 0.5227 | thought 0.914 dec_ce 1.9512 | 4.4 it/s
step    4200 | cos 0.5220 | thought 0.9789 dec_ce 2.1006 | 4.5 it/s
step    4250 | cos 0.5243 | thought 0.9937 dec_ce 2.2294 | 4.5 it/s
step    4300 | cos 0.5238 | thought 0.9556 dec_ce 2.2219 | 4.6 it/s
step    4350 | cos 0.5216 | thought 0.977 dec_ce 1.9958 | 4.6 it/s
step    4400 | cos 0.5258 | thought 0.9388 dec_ce 2.0543 | 4.5 it/s
step    4450 | cos 0.5244 | thought 1.0045 dec_ce 2.2178 | 4.6 it/s
step    4500 | cos 0.5254 | thought 1.0116 dec_ce 2.1244 | 4.6 it/s
step    4500 | VAL cos 0.5376 | VAL dec CE 3.9266
step    4550 | cos 0.5225 | thought 0.9629 dec_ce 1.9743 | 3.3 it/s
step    4600 | cos 0.5249 | thought 0.969 dec_ce 2.1387 | 4.5 it/s
step    4650 | cos 0.5267 | thought 0.9229 dec_ce 2.0436 | 4.4 it/s
step    4700 | cos 0.5248 | thought 0.9917 dec_ce 2.1496 | 4.5 it/s
step    4750 | cos 0.5289 | thought 0.9619 dec_ce 1.915 | 4.6 it/s
step    4800 | cos 0.5265 | thought 0.9767 dec_ce 2.1731 | 4.6 it/s
step    4850 | cos 0.5249 | thought 0.9947 dec_ce 2.0536 | 4.5 it/s
step    4900 | cos 0.5275 | thought 0.9363 dec_ce 1.9692 | 4.4 it/s
step    4950 | cos 0.5247 | thought 1.0132 dec_ce 2.2927 | 4.5 it/s
step    5000 | cos 0.5279 | thought 0.987 dec_ce 2.099 | 4.6 it/s
step    5000 | VAL cos 0.5389 | VAL dec CE 3.9205
step    5050 | cos 0.5274 | thought 0.978 dec_ce 2.246 | 3.2 it/s
step    5100 | cos 0.5244 | thought 1.018 dec_ce 2.1857 | 4.5 it/s
step    5150 | cos 0.5249 | thought 0.9949 dec_ce 2.1633 | 4.4 it/s
step    5200 | cos 0.5277 | thought 0.9689 dec_ce 2.0863 | 4.4 it/s
step    5250 | cos 0.5249 | thought 0.9334 dec_ce 2.0331 | 4.6 it/s
step    5300 | cos 0.5240 | thought 0.9633 dec_ce 2.189 | 4.4 it/s
step    5350 | cos 0.5289 | thought 1.0029 dec_ce 2.1653 | 4.6 it/s
step    5400 | cos 0.5248 | thought 0.9658 dec_ce 2.1526 | 4.4 it/s
step    5450 | cos 0.5266 | thought 0.9913 dec_ce 2.0215 | 4.5 it/s
step    5500 | cos 0.5250 | thought 0.9632 dec_ce 2.136 | 4.6 it/s
step    5500 | VAL cos 0.5385 | VAL dec CE 3.9258
step    5550 | cos 0.5268 | thought 0.9946 dec_ce 2.0876 | 3.4 it/s
step    5600 | cos 0.5257 | thought 0.9872 dec_ce 2.227 | 4.5 it/s
step    5650 | cos 0.5270 | thought 0.9589 dec_ce 2.0644 | 4.5 it/s
step    5700 | cos 0.5236 | thought 0.9364 dec_ce 1.9763 | 4.5 it/s
step    5750 | cos 0.5251 | thought 1.0204 dec_ce 2.253 | 4.5 it/s
step    5800 | cos 0.5240 | thought 0.9738 dec_ce 2.2183 | 4.5 it/s
step    5850 | cos 0.5271 | thought 1.0085 dec_ce 2.1052 | 4.5 it/s
step    5900 | cos 0.5272 | thought 0.9558 dec_ce 2.1126 | 4.7 it/s
step    5950 | cos 0.5272 | thought 1.0069 dec_ce 2.2239 | 4.5 it/s
step    6000 | cos 0.5275 | thought 0.938 dec_ce 1.9485 | 4.5 it/s
step    6000 | VAL cos 0.5392 | VAL dec CE 3.9053
step    6050 | cos 0.5264 | thought 0.9639 dec_ce 2.2291 | 3.2 it/s
step    6100 | cos 0.5270 | thought 0.9055 dec_ce 1.9528 | 4.5 it/s
step    6150 | cos 0.5294 | thought 0.9776 dec_ce 2.1043 | 4.6 it/s
step    6200 | cos 0.5258 | thought 0.9826 dec_ce 2.107 | 4.6 it/s
step    6250 | cos 0.5298 | thought 0.976 dec_ce 2.0136 | 4.5 it/s
step    6300 | cos 0.5268 | thought 0.927 dec_ce 2.092 | 4.5 it/s
step    6350 | cos 0.5296 | thought 0.9725 dec_ce 2.0919 | 4.5 it/s
step    6400 | cos 0.5303 | thought 0.9122 dec_ce 1.9741 | 4.6 it/s
step    6450 | cos 0.5313 | thought 1.037 dec_ce 2.2342 | 4.4 it/s
step    6500 | cos 0.5286 | thought 0.9356 dec_ce 2.0777 | 4.5 it/s
step    6500 | VAL cos 0.5406 | VAL dec CE 3.9019
step    6550 | cos 0.5250 | thought 0.9744 dec_ce 2.099 | 3.3 it/s
step    6600 | cos 0.5271 | thought 0.9674 dec_ce 2.1287 | 4.6 it/s
step    6650 | cos 0.5281 | thought 0.9353 dec_ce 1.9375 | 4.4 it/s
step    6700 | cos 0.5299 | thought 0.9432 dec_ce 2.1027 | 4.6 it/s
step    6750 | cos 0.5282 | thought 0.9316 dec_ce 2.0528 | 4.6 it/s
step    6800 | cos 0.5269 | thought 1.0051 dec_ce 2.184 | 4.5 it/s
step    6850 | cos 0.5273 | thought 0.9596 dec_ce 1.9914 | 4.5 it/s
step    6900 | cos 0.5325 | thought 0.9784 dec_ce 2.0936 | 4.6 it/s
step    6950 | cos 0.5271 | thought 0.9934 dec_ce 2.0189 | 4.5 it/s
step    7000 | cos 0.5293 | thought 0.9823 dec_ce 2.3946 | 4.5 it/s
step    7000 | VAL cos 0.5411 | VAL dec CE 3.9069
step    7050 | cos 0.5240 | thought 0.9232 dec_ce 1.8677 | 3.3 it/s
step    7100 | cos 0.5322 | thought 0.9053 dec_ce 2.063 | 4.6 it/s
step    7150 | cos 0.5305 | thought 0.9835 dec_ce 2.0076 | 4.5 it/s
step    7200 | cos 0.5294 | thought 0.9799 dec_ce 2.0999 | 4.5 it/s
step    7250 | cos 0.5282 | thought 1.0392 dec_ce 2.3635 | 4.4 it/s
step    7300 | cos 0.5311 | thought 0.9394 dec_ce 2.0761 | 4.5 it/s
step    7350 | cos 0.5320 | thought 0.9212 dec_ce 1.8903 | 4.7 it/s
step    7400 | cos 0.5319 | thought 0.9115 dec_ce 1.905 | 4.6 it/s
step    7450 | cos 0.5275 | thought 0.929 dec_ce 2.1212 | 4.4 it/s
step    7500 | cos 0.5312 | thought 0.9349 dec_ce 2.1146 | 4.4 it/s
step    7500 | VAL cos 0.5413 | VAL dec CE 3.8978
step    7550 | cos 0.5315 | thought 0.9645 dec_ce 2.0751 | 3.4 it/s
step    7600 | cos 0.5303 | thought 0.9779 dec_ce 2.1924 | 4.5 it/s
step    7650 | cos 0.5289 | thought 0.9763 dec_ce 2.1875 | 4.5 it/s
step    7700 | cos 0.5277 | thought 0.9683 dec_ce 2.0555 | 4.6 it/s
step    7750 | cos 0.5270 | thought 0.9517 dec_ce 1.9878 | 4.6 it/s
step    7800 | cos 0.5268 | thought 0.9913 dec_ce 2.119 | 4.5 it/s
step    7850 | cos 0.5275 | thought 0.9802 dec_ce 2.0849 | 4.5 it/s
step    7900 | cos 0.5284 | thought 1.0151 dec_ce 2.308 | 4.6 it/s
step    7950 | cos 0.5309 | thought 0.9533 dec_ce 2.0949 | 4.5 it/s
step    8000 | cos 0.5292 | thought 0.94 dec_ce 1.9798 | 4.5 it/s
step    8000 | VAL cos 0.5405 | VAL dec CE 3.8825
step    8050 | cos 0.5325 | thought 0.9262 dec_ce 1.9908 | 3.3 it/s
step    8100 | cos 0.5336 | thought 0.9199 dec_ce 1.9964 | 4.7 it/s
step    8150 | cos 0.5301 | thought 0.9318 dec_ce 1.8971 | 4.6 it/s
step    8200 | cos 0.5305 | thought 0.9078 dec_ce 1.9979 | 4.4 it/s
step    8250 | cos 0.5338 | thought 0.918 dec_ce 1.9243 | 4.4 it/s
step    8300 | cos 0.5308 | thought 0.9575 dec_ce 2.1449 | 4.5 it/s
step    8350 | cos 0.5295 | thought 0.9484 dec_ce 1.9552 | 4.5 it/s
step    8400 | cos 0.5293 | thought 0.9821 dec_ce 2.1773 | 4.5 it/s
step    8450 | cos 0.5292 | thought 0.9632 dec_ce 1.9966 | 4.6 it/s
step    8500 | cos 0.5303 | thought 0.9571 dec_ce 2.0657 | 4.5 it/s
step    8500 | VAL cos 0.5422 | VAL dec CE 3.8844
step    8550 | cos 0.5272 | thought 0.9807 dec_ce 2.1227 | 3.4 it/s
step    8600 | cos 0.5290 | thought 0.8999 dec_ce 1.9138 | 4.5 it/s
step    8650 | cos 0.5303 | thought 1.0089 dec_ce 2.1942 | 4.6 it/s
step    8700 | cos 0.5306 | thought 0.9742 dec_ce 2.062 | 4.5 it/s
step    8750 | cos 0.5315 | thought 0.9135 dec_ce 2.0952 | 4.6 it/s
step    8800 | cos 0.5301 | thought 0.9435 dec_ce 2.1032 | 4.5 it/s
step    8850 | cos 0.5299 | thought 0.955 dec_ce 2.2229 | 4.5 it/s
step    8900 | cos 0.5312 | thought 0.9538 dec_ce 2.2064 | 4.5 it/s
step    8950 | cos 0.5277 | thought 1.0041 dec_ce 1.9861 | 4.5 it/s
step    9000 | cos 0.5331 | thought 0.993 dec_ce 2.0187 | 4.6 it/s
step    9000 | VAL cos 0.5428 | VAL dec CE 3.8894
step    9050 | cos 0.5319 | thought 0.9631 dec_ce 2.0923 | 3.3 it/s
step    9100 | cos 0.5315 | thought 0.9343 dec_ce 1.9881 | 4.5 it/s
step    9150 | cos 0.5342 | thought 0.9827 dec_ce 2.1892 | 4.5 it/s
step    9200 | cos 0.5335 | thought 0.9589 dec_ce 2.0379 | 4.7 it/s
step    9250 | cos 0.5315 | thought 1.0241 dec_ce 2.2427 | 4.6 it/s
step    9300 | cos 0.5326 | thought 0.9893 dec_ce 2.117 | 4.6 it/s
step    9350 | cos 0.5327 | thought 0.9358 dec_ce 2.0185 | 4.6 it/s
step    9400 | cos 0.5276 | thought 0.9939 dec_ce 2.0928 | 4.4 it/s
step    9450 | cos 0.5277 | thought 0.9959 dec_ce 2.2333 | 4.6 it/s
step    9500 | cos 0.5305 | thought 0.933 dec_ce 2.078 | 4.5 it/s
step    9500 | VAL cos 0.5439 | VAL dec CE 3.8770
step    9550 | cos 0.5322 | thought 0.9666 dec_ce 1.9826 | 3.2 it/s
step    9600 | cos 0.5308 | thought 0.992 dec_ce 2.0501 | 4.5 it/s
step    9650 | cos 0.5327 | thought 0.9665 dec_ce 2.1829 | 4.5 it/s
step    9700 | cos 0.5320 | thought 0.997 dec_ce 2.1035 | 4.5 it/s
step    9750 | cos 0.5338 | thought 0.9041 dec_ce 1.8108 | 4.5 it/s
step    9800 | cos 0.5283 | thought 0.9358 dec_ce 1.9318 | 4.5 it/s
step    9850 | cos 0.5327 | thought 0.9942 dec_ce 2.1 | 4.6 it/s
step    9900 | cos 0.5305 | thought 1.0045 dec_ce 2.2157 | 4.5 it/s
step    9950 | cos 0.5314 | thought 0.9339 dec_ce 2.0185 | 4.6 it/s
step   10000 | cos 0.5294 | thought 0.9093 dec_ce 1.9011 | 4.5 it/s
step   10000 | VAL cos 0.5439 | VAL dec CE 3.8749
step   10050 | cos 0.5334 | thought 0.9085 dec_ce 1.875 | 3.2 it/s
step   10100 | cos 0.5324 | thought 0.9361 dec_ce 1.9817 | 4.6 it/s
step   10150 | cos 0.5310 | thought 0.9131 dec_ce 2.0425 | 4.5 it/s
step   10200 | cos 0.5327 | thought 0.9657 dec_ce 2.0388 | 4.5 it/s
step   10250 | cos 0.5276 | thought 0.9005 dec_ce 2.0235 | 4.5 it/s
step   10300 | cos 0.5269 | thought 0.9909 dec_ce 2.158 | 4.5 it/s
step   10350 | cos 0.5343 | thought 0.9861 dec_ce 2.0954 | 4.5 it/s
step   10400 | cos 0.5282 | thought 0.9316 dec_ce 2.0342 | 4.4 it/s
step   10450 | cos 0.5273 | thought 0.9835 dec_ce 2.0422 | 4.5 it/s
step   10500 | cos 0.5304 | thought 1.0041 dec_ce 2.2614 | 4.5 it/s
step   10500 | VAL cos 0.5446 | VAL dec CE 3.8812
step   10550 | cos 0.5287 | thought 1.0043 dec_ce 2.0663 | 3.3 it/s
step   10600 | cos 0.5316 | thought 0.9386 dec_ce 2.1108 | 4.4 it/s
step   10650 | cos 0.5329 | thought 0.9766 dec_ce 2.2582 | 4.6 it/s
step   10700 | cos 0.5319 | thought 0.9697 dec_ce 2.179 | 4.5 it/s
step   10750 | cos 0.5351 | thought 0.9385 dec_ce 1.9629 | 4.5 it/s
step   10800 | cos 0.5319 | thought 1.0026 dec_ce 2.1737 | 4.6 it/s
step   10850 | cos 0.5318 | thought 0.9822 dec_ce 2.2814 | 4.4 it/s
step   10900 | cos 0.5324 | thought 0.9049 dec_ce 1.9246 | 4.4 it/s
step   10950 | cos 0.5316 | thought 0.9947 dec_ce 2.1655 | 4.5 it/s
step   11000 | cos 0.5312 | thought 0.9765 dec_ce 2.2623 | 4.5 it/s
step   11000 | VAL cos 0.5442 | VAL dec CE 3.8710
step   11050 | cos 0.5349 | thought 0.9244 dec_ce 1.9879 | 3.3 it/s
step   11100 | cos 0.5305 | thought 1.0025 dec_ce 2.2204 | 4.5 it/s
step   11150 | cos 0.5312 | thought 0.9482 dec_ce 2.015 | 4.5 it/s
step   11200 | cos 0.5339 | thought 0.9121 dec_ce 1.8938 | 4.5 it/s
step   11250 | cos 0.5344 | thought 0.9452 dec_ce 1.9772 | 4.6 it/s
step   11300 | cos 0.5331 | thought 0.9909 dec_ce 2.0883 | 4.6 it/s
step   11350 | cos 0.5352 | thought 0.9133 dec_ce 1.9094 | 4.5 it/s
step   11400 | cos 0.5323 | thought 0.941 dec_ce 1.9329 | 4.5 it/s
step   11450 | cos 0.5313 | thought 0.9806 dec_ce 2.0882 | 4.4 it/s
step   11500 | cos 0.5322 | thought 0.9439 dec_ce 1.9753 | 4.5 it/s
step   11500 | VAL cos 0.5451 | VAL dec CE 3.8664
step   11550 | cos 0.5363 | thought 0.9703 dec_ce 2.1016 | 3.3 it/s
step   11600 | cos 0.5308 | thought 0.9915 dec_ce 2.1939 | 4.5 it/s
step   11650 | cos 0.5326 | thought 0.9601 dec_ce 2.0534 | 4.4 it/s
step   11700 | cos 0.5330 | thought 0.8982 dec_ce 1.8415 | 4.6 it/s
step   11750 | cos 0.5313 | thought 0.9259 dec_ce 2.144 | 4.4 it/s
step   11800 | cos 0.5324 | thought 0.933 dec_ce 1.9498 | 4.5 it/s
step   11850 | cos 0.5305 | thought 1.0139 dec_ce 2.084 | 4.4 it/s
step   11900 | cos 0.5312 | thought 0.914 dec_ce 1.8811 | 4.5 it/s
step   11950 | cos 0.5340 | thought 0.9552 dec_ce 1.9352 | 4.5 it/s
step   12000 | cos 0.5382 | thought 0.9583 dec_ce 2.1295 | 4.5 it/s
step   12000 | VAL cos 0.5459 | VAL dec CE 3.8536
step   12050 | cos 0.5328 | thought 0.9785 dec_ce 2.1651 | 3.2 it/s
step   12100 | cos 0.5353 | thought 0.9791 dec_ce 2.069 | 4.4 it/s
step   12150 | cos 0.5371 | thought 0.9189 dec_ce 1.8856 | 4.5 it/s
step   12200 | cos 0.5352 | thought 0.9369 dec_ce 2.0706 | 4.5 it/s
step   12250 | cos 0.5371 | thought 0.9309 dec_ce 1.9475 | 4.6 it/s
step   12300 | cos 0.5348 | thought 0.9577 dec_ce 2.0738 | 4.6 it/s
step   12350 | cos 0.5331 | thought 0.9469 dec_ce 1.9881 | 4.5 it/s
step   12400 | cos 0.5340 | thought 0.9318 dec_ce 1.9535 | 4.5 it/s
step   12450 | cos 0.5332 | thought 0.9634 dec_ce 2.006 | 4.5 it/s
step   12500 | cos 0.5345 | thought 1.0208 dec_ce 2.0909 | 4.6 it/s
step   12500 | VAL cos 0.5453 | VAL dec CE 3.8636
step   12550 | cos 0.5367 | thought 0.9677 dec_ce 2.0964 | 3.4 it/s
step   12600 | cos 0.5370 | thought 0.95 dec_ce 2.1823 | 4.6 it/s
step   12650 | cos 0.5352 | thought 0.9726 dec_ce 2.1108 | 4.6 it/s
step   12700 | cos 0.5362 | thought 0.9454 dec_ce 2.084 | 4.6 it/s
step   12750 | cos 0.5384 | thought 0.9946 dec_ce 2.17 | 4.4 it/s
step   12800 | cos 0.5353 | thought 0.9752 dec_ce 2.1191 | 4.5 it/s
step   12850 | cos 0.5327 | thought 0.9681 dec_ce 2.1225 | 4.5 it/s
step   12900 | cos 0.5397 | thought 0.9516 dec_ce 2.1753 | 4.6 it/s
step   12950 | cos 0.5381 | thought 0.9671 dec_ce 2.0177 | 4.6 it/s
step   13000 | cos 0.5354 | thought 0.9155 dec_ce 1.9793 | 4.5 it/s
step   13000 | VAL cos 0.5474 | VAL dec CE 3.8604
step   13050 | cos 0.5365 | thought 1.0062 dec_ce 2.2545 | 3.4 it/s
step   13100 | cos 0.5351 | thought 0.9328 dec_ce 1.972 | 4.6 it/s
step   13150 | cos 0.5346 | thought 0.9917 dec_ce 2.1177 | 4.6 it/s
step   13200 | cos 0.5402 | thought 0.9585 dec_ce 2.0878 | 4.5 it/s
step   13250 | cos 0.5332 | thought 0.9429 dec_ce 1.945 | 4.6 it/s
step   13300 | cos 0.5374 | thought 0.9696 dec_ce 2.0294 | 4.5 it/s
step   13350 | cos 0.5330 | thought 0.9487 dec_ce 2.1247 | 4.6 it/s
step   13400 | cos 0.5350 | thought 0.9431 dec_ce 2.0726 | 4.5 it/s
step   13450 | cos 0.5359 | thought 0.9433 dec_ce 2.1723 | 4.5 it/s
step   13500 | cos 0.5361 | thought 0.9453 dec_ce 2.0043 | 4.5 it/s
step   13500 | VAL cos 0.5450 | VAL dec CE 3.8715
step   13550 | cos 0.5361 | thought 0.9631 dec_ce 1.9568 | 3.3 it/s
step   13600 | cos 0.5338 | thought 0.9841 dec_ce 2.1883 | 4.5 it/s
step   13650 | cos 0.5353 | thought 0.9411 dec_ce 2.1788 | 4.4 it/s
step   13700 | cos 0.5378 | thought 0.9267 dec_ce 1.9008 | 4.6 it/s
step   13750 | cos 0.5353 | thought 0.9414 dec_ce 1.9023 | 4.4 it/s
step   13800 | cos 0.5335 | thought 0.9366 dec_ce 1.9824 | 4.4 it/s
step   13850 | cos 0.5347 | thought 0.9548 dec_ce 2.0694 | 4.5 it/s
step   13900 | cos 0.5334 | thought 0.9762 dec_ce 2.084 | 4.5 it/s
step   13950 | cos 0.5349 | thought 0.9669 dec_ce 2.3297 | 4.4 it/s
step   14000 | cos 0.5368 | thought 0.9748 dec_ce 2.2325 | 4.4 it/s
step   14000 | VAL cos 0.5477 | VAL dec CE 3.8486
step   14050 | cos 0.5364 | thought 0.9398 dec_ce 2.0851 | 3.3 it/s
step   14100 | cos 0.5329 | thought 0.983 dec_ce 2.0689 | 4.5 it/s
step   14150 | cos 0.5365 | thought 0.9074 dec_ce 2.0729 | 4.5 it/s
step   14200 | cos 0.5353 | thought 0.9079 dec_ce 1.9956 | 4.5 it/s
step   14250 | cos 0.5306 | thought 0.9326 dec_ce 1.9954 | 4.4 it/s
step   14300 | cos 0.5336 | thought 0.9092 dec_ce 1.9573 | 4.5 it/s
step   14350 | cos 0.5355 | thought 0.9432 dec_ce 2.0225 | 4.6 it/s
step   14400 | cos 0.5372 | thought 0.9383 dec_ce 2.0104 | 4.5 it/s
step   14450 | cos 0.5345 | thought 0.9645 dec_ce 2.0855 | 4.4 it/s
step   14500 | cos 0.5372 | thought 0.9378 dec_ce 2.1519 | 4.5 it/s
step   14500 | VAL cos 0.5472 | VAL dec CE 3.8507
step   14550 | cos 0.5386 | thought 0.9543 dec_ce 2.2829 | 3.3 it/s
step   14600 | cos 0.5369 | thought 0.9543 dec_ce 2.0612 | 4.6 it/s
step   14650 | cos 0.5398 | thought 0.9637 dec_ce 2.0854 | 4.5 it/s
step   14700 | cos 0.5361 | thought 0.9598 dec_ce 1.9758 | 4.5 it/s
step   14750 | cos 0.5356 | thought 0.9708 dec_ce 2.009 | 4.4 it/s
step   14800 | cos 0.5346 | thought 0.9301 dec_ce 2.063 | 4.5 it/s
step   14850 | cos 0.5365 | thought 0.9666 dec_ce 2.0096 | 4.6 it/s
step   14900 | cos 0.5383 | thought 0.9335 dec_ce 2.1158 | 4.6 it/s
step   14950 | cos 0.5391 | thought 0.916 dec_ce 1.9297 | 4.5 it/s
step   15000 | cos 0.5350 | thought 0.951 dec_ce 2.1053 | 4.4 it/s
step   15000 | VAL cos 0.5479 | VAL dec CE 3.8525
step   15050 | cos 0.5345 | thought 0.9375 dec_ce 2.0445 | 3.3 it/s
step   15100 | cos 0.5354 | thought 0.9612 dec_ce 2.0708 | 4.5 it/s
step   15150 | cos 0.5364 | thought 0.9002 dec_ce 1.9015 | 4.6 it/s
step   15200 | cos 0.5376 | thought 0.9254 dec_ce 1.9315 | 4.6 it/s
step   15250 | cos 0.5395 | thought 0.9302 dec_ce 2.0687 | 4.6 it/s
step   15300 | cos 0.5405 | thought 0.9352 dec_ce 1.9232 | 4.7 it/s
step   15350 | cos 0.5368 | thought 0.9769 dec_ce 2.027 | 4.4 it/s
step   15400 | cos 0.5325 | thought 0.9807 dec_ce 2.1387 | 4.5 it/s
step   15450 | cos 0.5362 | thought 0.9091 dec_ce 1.8556 | 4.6 it/s
step   15500 | cos 0.5397 | thought 0.9626 dec_ce 2.1123 | 4.5 it/s
step   15500 | VAL cos 0.5476 | VAL dec CE 3.8377
step   15550 | cos 0.5356 | thought 0.946 dec_ce 1.8964 | 3.2 it/s
step   15600 | cos 0.5363 | thought 0.9806 dec_ce 2.3 | 4.5 it/s
step   15650 | cos 0.5383 | thought 0.9483 dec_ce 2.0394 | 4.5 it/s
step   15700 | cos 0.5333 | thought 0.932 dec_ce 1.9508 | 4.4 it/s
step   15750 | cos 0.5373 | thought 0.8989 dec_ce 1.834 | 4.6 it/s
step   15800 | cos 0.5355 | thought 0.9152 dec_ce 1.936 | 4.6 it/s
step   15850 | cos 0.5351 | thought 0.9091 dec_ce 2.0302 | 4.5 it/s
step   15900 | cos 0.5352 | thought 0.9459 dec_ce 2.1091 | 4.6 it/s
step   15950 | cos 0.5354 | thought 0.9509 dec_ce 2.0157 | 4.6 it/s
step   16000 | cos 0.5382 | thought 0.8893 dec_ce 1.9107 | 4.6 it/s
step   16000 | VAL cos 0.5477 | VAL dec CE 3.8492
step   16050 | cos 0.5380 | thought 0.9172 dec_ce 1.9277 | 3.3 it/s
step   16100 | cos 0.5356 | thought 0.9805 dec_ce 2.2416 | 4.5 it/s
step   16150 | cos 0.5374 | thought 0.9341 dec_ce 1.8812 | 4.5 it/s
step   16200 | cos 0.5345 | thought 1.0127 dec_ce 2.0384 | 4.4 it/s
step   16250 | cos 0.5384 | thought 0.947 dec_ce 1.95 | 4.6 it/s
step   16300 | cos 0.5397 | thought 0.9372 dec_ce 2.0631 | 4.6 it/s
step   16350 | cos 0.5368 | thought 0.9179 dec_ce 1.9246 | 4.4 it/s
step   16400 | cos 0.5374 | thought 0.9737 dec_ce 2.2801 | 4.6 it/s
step   16450 | cos 0.5379 | thought 0.9371 dec_ce 2.0361 | 4.5 it/s
step   16500 | cos 0.5389 | thought 0.9473 dec_ce 2.1026 | 4.4 it/s
step   16500 | VAL cos 0.5484 | VAL dec CE 3.8360
step   16550 | cos 0.5371 | thought 0.9815 dec_ce 2.2454 | 3.3 it/s
step   16600 | cos 0.5364 | thought 0.9246 dec_ce 2.0245 | 4.5 it/s
step   16650 | cos 0.5386 | thought 0.9107 dec_ce 1.8458 | 4.5 it/s
step   16700 | cos 0.5396 | thought 0.9553 dec_ce 1.9126 | 4.6 it/s
step   16750 | cos 0.5385 | thought 0.9457 dec_ce 1.9974 | 4.5 it/s
step   16800 | cos 0.5370 | thought 0.9632 dec_ce 2.1852 | 4.5 it/s
step   16850 | cos 0.5360 | thought 0.9678 dec_ce 1.8799 | 4.5 it/s
step   16900 | cos 0.5362 | thought 0.9276 dec_ce 1.9771 | 4.4 it/s
step   16950 | cos 0.5404 | thought 0.9484 dec_ce 1.9356 | 4.6 it/s
step   17000 | cos 0.5365 | thought 0.9138 dec_ce 1.96 | 4.4 it/s
step   17000 | VAL cos 0.5484 | VAL dec CE 3.8391
step   17050 | cos 0.5348 | thought 0.9584 dec_ce 2.0249 | 3.4 it/s
step   17100 | cos 0.5393 | thought 0.9375 dec_ce 2.0833 | 4.5 it/s
step   17150 | cos 0.5370 | thought 0.9367 dec_ce 1.9893 | 4.4 it/s
step   17200 | cos 0.5407 | thought 0.8967 dec_ce 1.8402 | 4.4 it/s
step   17250 | cos 0.5405 | thought 0.9591 dec_ce 2.0649 | 4.6 it/s
step   17300 | cos 0.5374 | thought 0.9032 dec_ce 1.8416 | 4.5 it/s
step   17350 | cos 0.5338 | thought 0.9968 dec_ce 2.2264 | 4.4 it/s
step   17400 | cos 0.5378 | thought 0.9501 dec_ce 1.9619 | 4.5 it/s
step   17450 | cos 0.5394 | thought 0.9317 dec_ce 2.0765 | 4.5 it/s
step   17500 | cos 0.5376 | thought 0.9762 dec_ce 2.0627 | 4.5 it/s
step   17500 | VAL cos 0.5478 | VAL dec CE 3.8372
step   17550 | cos 0.5406 | thought 0.9566 dec_ce 1.9533 | 3.4 it/s
step   17600 | cos 0.5396 | thought 0.9492 dec_ce 2.017 | 4.6 it/s
step   17650 | cos 0.5362 | thought 0.9419 dec_ce 2.0573 | 4.5 it/s
step   17700 | cos 0.5345 | thought 0.9216 dec_ce 2.014 | 4.7 it/s
step   17750 | cos 0.5383 | thought 0.9697 dec_ce 2.2064 | 4.5 it/s
step   17800 | cos 0.5394 | thought 0.94 dec_ce 1.9886 | 4.5 it/s
step   17850 | cos 0.5373 | thought 0.9268 dec_ce 1.9667 | 4.5 it/s
step   17900 | cos 0.5400 | thought 0.9384 dec_ce 2.0068 | 4.5 it/s
step   17950 | cos 0.5348 | thought 0.8629 dec_ce 1.9595 | 4.5 it/s
step   18000 | cos 0.5356 | thought 1.006 dec_ce 2.0608 | 4.5 it/s
step   18000 | VAL cos 0.5487 | VAL dec CE 3.8328
step   18050 | cos 0.5390 | thought 0.9221 dec_ce 2.0532 | 3.3 it/s
step   18100 | cos 0.5409 | thought 0.8987 dec_ce 2.0822 | 4.5 it/s
step   18150 | cos 0.5390 | thought 0.9677 dec_ce 2.0725 | 4.5 it/s
step   18200 | cos 0.5367 | thought 0.973 dec_ce 2.1147 | 4.5 it/s
step   18250 | cos 0.5392 | thought 0.9141 dec_ce 1.8632 | 4.5 it/s
step   18300 | cos 0.5401 | thought 0.9598 dec_ce 2.056 | 4.5 it/s
step   18350 | cos 0.5406 | thought 0.9478 dec_ce 2.1287 | 4.5 it/s
step   18400 | cos 0.5368 | thought 0.9738 dec_ce 2.1713 | 4.5 it/s
step   18450 | cos 0.5387 | thought 0.9525 dec_ce 2.0186 | 4.5 it/s
step   18500 | cos 0.5338 | thought 0.9894 dec_ce 2.1153 | 4.5 it/s
step   18500 | VAL cos 0.5502 | VAL dec CE 3.8308
step   18550 | cos 0.5399 | thought 0.9343 dec_ce 2.1581 | 3.3 it/s
step   18600 | cos 0.5352 | thought 0.9905 dec_ce 2.0697 | 4.5 it/s
step   18650 | cos 0.5427 | thought 0.9331 dec_ce 2.1131 | 4.5 it/s
step   18700 | cos 0.5377 | thought 0.962 dec_ce 2.0139 | 4.4 it/s
step   18750 | cos 0.5391 | thought 0.9521 dec_ce 2.0491 | 4.5 it/s
step   18800 | cos 0.5426 | thought 0.9571 dec_ce 2.1577 | 4.5 it/s
step   18850 | cos 0.5388 | thought 0.9326 dec_ce 2.0621 | 4.6 it/s
step   18900 | cos 0.5398 | thought 0.976 dec_ce 2.0076 | 4.6 it/s
step   18950 | cos 0.5375 | thought 0.972 dec_ce 2.0712 | 4.4 it/s
step   19000 | cos 0.5375 | thought 0.9599 dec_ce 2.0152 | 4.6 it/s
step   19000 | VAL cos 0.5501 | VAL dec CE 3.8346
step   19050 | cos 0.5365 | thought 0.946 dec_ce 1.9667 | 3.4 it/s
step   19100 | cos 0.5397 | thought 0.955 dec_ce 1.9477 | 4.6 it/s
step   19150 | cos 0.5402 | thought 0.9302 dec_ce 1.9849 | 4.4 it/s
step   19200 | cos 0.5381 | thought 0.9209 dec_ce 2.0426 | 4.5 it/s
step   19250 | cos 0.5405 | thought 0.9566 dec_ce 2.0278 | 4.5 it/s
step   19300 | cos 0.5382 | thought 0.9858 dec_ce 2.1268 | 4.5 it/s
step   19350 | cos 0.5351 | thought 0.9969 dec_ce 2.1227 | 4.4 it/s
step   19400 | cos 0.5404 | thought 0.9485 dec_ce 2.0254 | 4.6 it/s
step   19450 | cos 0.5339 | thought 0.9762 dec_ce 2.0778 | 4.6 it/s
step   19500 | cos 0.5397 | thought 0.9255 dec_ce 2.0153 | 4.5 it/s
step   19500 | VAL cos 0.5501 | VAL dec CE 3.8284
step   19550 | cos 0.5383 | thought 0.9788 dec_ce 1.9917 | 3.3 it/s
step   19600 | cos 0.5391 | thought 0.918 dec_ce 2.006 | 4.5 it/s
step   19650 | cos 0.5381 | thought 0.9573 dec_ce 1.9305 | 4.4 it/s
step   19700 | cos 0.5401 | thought 0.9398 dec_ce 1.969 | 4.5 it/s
step   19750 | cos 0.5434 | thought 0.9368 dec_ce 2.0618 | 4.4 it/s
step   19800 | cos 0.5371 | thought 0.9134 dec_ce 1.938 | 4.5 it/s
step   19850 | cos 0.5391 | thought 0.9766 dec_ce 2.2869 | 4.5 it/s
step   19900 | cos 0.5397 | thought 0.9391 dec_ce 2.1256 | 4.5 it/s
step   19950 | cos 0.5392 | thought 0.8983 dec_ce 1.8906 | 4.5 it/s
step   20000 | cos 0.5343 | thought 0.9288 dec_ce 2.067 | 4.5 it/s
step   20000 | VAL cos 0.5502 | VAL dec CE 3.8233
step   20050 | cos 0.5414 | thought 0.9087 dec_ce 1.9025 | 3.3 it/s
step   20100 | cos 0.5396 | thought 0.9178 dec_ce 1.8697 | 4.4 it/s
step   20150 | cos 0.5399 | thought 0.9656 dec_ce 2.0966 | 4.5 it/s
step   20200 | cos 0.5356 | thought 0.9409 dec_ce 2.1037 | 4.6 it/s
step   20250 | cos 0.5357 | thought 0.9303 dec_ce 1.8805 | 4.4 it/s
step   20300 | cos 0.5398 | thought 0.9835 dec_ce 2.1377 | 4.5 it/s
step   20350 | cos 0.5380 | thought 0.9594 dec_ce 1.9817 | 4.5 it/s
step   20400 | cos 0.5404 | thought 0.9842 dec_ce 2.2329 | 4.6 it/s
step   20450 | cos 0.5420 | thought 0.9449 dec_ce 2.117 | 4.6 it/s
step   20500 | cos 0.5412 | thought 0.9248 dec_ce 2.1569 | 4.5 it/s
step   20500 | VAL cos 0.5508 | VAL dec CE 3.8360
step   20550 | cos 0.5371 | thought 0.8923 dec_ce 1.9352 | 3.3 it/s
step   20600 | cos 0.5378 | thought 0.9102 dec_ce 2.0236 | 4.5 it/s
step   20650 | cos 0.5418 | thought 0.9477 dec_ce 2.009 | 4.6 it/s
step   20700 | cos 0.5395 | thought 0.8948 dec_ce 1.8972 | 4.6 it/s
step   20750 | cos 0.5375 | thought 0.9163 dec_ce 1.9513 | 4.4 it/s
step   20800 | cos 0.5381 | thought 0.9866 dec_ce 2.1307 | 4.5 it/s
step   20850 | cos 0.5371 | thought 0.8652 dec_ce 1.78 | 4.5 it/s
step   20900 | cos 0.5397 | thought 0.9451 dec_ce 2.0837 | 4.6 it/s
step   20950 | cos 0.5354 | thought 0.9128 dec_ce 1.9287 | 4.5 it/s
step   21000 | cos 0.5394 | thought 0.9133 dec_ce 1.9341 | 4.6 it/s
step   21000 | VAL cos 0.5505 | VAL dec CE 3.8169
step   21050 | cos 0.5372 | thought 0.9787 dec_ce 2.069 | 3.3 it/s
step   21100 | cos 0.5405 | thought 0.9672 dec_ce 2.1864 | 4.4 it/s
step   21150 | cos 0.5402 | thought 0.9715 dec_ce 2.2165 | 4.4 it/s
step   21200 | cos 0.5369 | thought 0.9022 dec_ce 1.9904 | 4.5 it/s
step   21250 | cos 0.5397 | thought 1.0043 dec_ce 2.3478 | 4.3 it/s
step   21300 | cos 0.5397 | thought 0.9657 dec_ce 2.0573 | 4.5 it/s
step   21350 | cos 0.5368 | thought 0.9593 dec_ce 1.9423 | 4.5 it/s
step   21400 | cos 0.5405 | thought 0.9207 dec_ce 2.0535 | 4.5 it/s
step   21450 | cos 0.5398 | thought 0.9649 dec_ce 2.0503 | 4.5 it/s
step   21500 | cos 0.5384 | thought 1.0238 dec_ce 2.1139 | 4.4 it/s
step   21500 | VAL cos 0.5506 | VAL dec CE 3.8196
step   21550 | cos 0.5385 | thought 0.971 dec_ce 2.0801 | 3.5 it/s
step   21600 | cos 0.5394 | thought 0.9683 dec_ce 1.9821 | 4.5 it/s
step   21650 | cos 0.5419 | thought 0.9853 dec_ce 2.1315 | 4.4 it/s
step   21700 | cos 0.5405 | thought 0.9483 dec_ce 2.0763 | 4.5 it/s
step   21750 | cos 0.5398 | thought 0.9438 dec_ce 2.1707 | 4.5 it/s
step   21800 | cos 0.5393 | thought 0.9392 dec_ce 1.966 | 4.6 it/s
step   21850 | cos 0.5410 | thought 0.9722 dec_ce 2.1074 | 4.5 it/s
step   21900 | cos 0.5421 | thought 0.9193 dec_ce 1.9491 | 4.5 it/s
step   21950 | cos 0.5379 | thought 0.9871 dec_ce 2.2674 | 4.5 it/s
step   22000 | cos 0.5407 | thought 0.9527 dec_ce 2.1425 | 4.6 it/s
step   22000 | VAL cos 0.5508 | VAL dec CE 3.8118
step   22050 | cos 0.5377 | thought 0.9612 dec_ce 2.031 | 3.2 it/s
step   22100 | cos 0.5416 | thought 0.9173 dec_ce 2.0316 | 4.6 it/s
step   22150 | cos 0.5409 | thought 0.9431 dec_ce 2.066 | 4.4 it/s
step   22200 | cos 0.5429 | thought 0.9652 dec_ce 2.1115 | 4.7 it/s
step   22250 | cos 0.5369 | thought 0.9534 dec_ce 2.0695 | 4.4 it/s
step   22300 | cos 0.5401 | thought 0.8931 dec_ce 1.8308 | 4.5 it/s
step   22350 | cos 0.5410 | thought 0.9496 dec_ce 2.0061 | 4.6 it/s
step   22400 | cos 0.5398 | thought 0.9576 dec_ce 2.1647 | 4.6 it/s
step   22450 | cos 0.5380 | thought 0.9489 dec_ce 1.9968 | 4.4 it/s
step   22500 | cos 0.5388 | thought 0.9489 dec_ce 2.0415 | 4.5 it/s
step   22500 | VAL cos 0.5512 | VAL dec CE 3.8178
step   22550 | cos 0.5383 | thought 0.9792 dec_ce 2.1561 | 3.5 it/s
step   22600 | cos 0.5410 | thought 0.9467 dec_ce 1.9754 | 4.4 it/s
step   22650 | cos 0.5404 | thought 0.912 dec_ce 2.1628 | 4.6 it/s
step   22700 | cos 0.5402 | thought 0.9527 dec_ce 2.0438 | 4.6 it/s
step   22750 | cos 0.5420 | thought 0.974 dec_ce 2.0581 | 4.4 it/s
step   22800 | cos 0.5398 | thought 0.983 dec_ce 2.1654 | 4.5 it/s
step   22850 | cos 0.5385 | thought 0.889 dec_ce 1.9218 | 4.5 it/s
step   22900 | cos 0.5401 | thought 0.9304 dec_ce 2.0624 | 4.6 it/s
step   22950 | cos 0.5383 | thought 0.985 dec_ce 1.9692 | 4.5 it/s
step   23000 | cos 0.5409 | thought 0.9431 dec_ce 2.2336 | 4.4 it/s
step   23000 | VAL cos 0.5516 | VAL dec CE 3.8155
step   23050 | cos 0.5423 | thought 0.8991 dec_ce 1.8885 | 3.3 it/s
step   23100 | cos 0.5390 | thought 0.96 dec_ce 1.9899 | 4.5 it/s
step   23150 | cos 0.5396 | thought 0.9702 dec_ce 2.0497 | 4.6 it/s
step   23200 | cos 0.5417 | thought 0.934 dec_ce 2.2074 | 4.4 it/s
step   23250 | cos 0.5460 | thought 0.946 dec_ce 1.968 | 4.7 it/s
step   23300 | cos 0.5413 | thought 0.9005 dec_ce 1.8873 | 4.4 it/s
step   23350 | cos 0.5377 | thought 0.9753 dec_ce 2.1031 | 4.5 it/s
step   23400 | cos 0.5455 | thought 1.0146 dec_ce 2.1538 | 4.5 it/s
step   23450 | cos 0.5474 | thought 0.9478 dec_ce 1.9722 | 4.6 it/s
step   23500 | cos 0.5414 | thought 0.9546 dec_ce 2.0334 | 4.5 it/s
step   23500 | VAL cos 0.5517 | VAL dec CE 3.8169
step   23550 | cos 0.5437 | thought 0.8979 dec_ce 1.856 | 3.2 it/s
step   23600 | cos 0.5412 | thought 0.9276 dec_ce 1.8932 | 4.5 it/s
step   23650 | cos 0.5418 | thought 0.9833 dec_ce 2.0472 | 4.4 it/s
step   23700 | cos 0.5409 | thought 0.9489 dec_ce 2.1388 | 4.4 it/s
step   23750 | cos 0.5438 | thought 0.9235 dec_ce 1.9548 | 4.5 it/s
step   23800 | cos 0.5451 | thought 0.9036 dec_ce 1.9185 | 4.6 it/s
step   23850 | cos 0.5455 | thought 0.9365 dec_ce 1.9392 | 4.6 it/s
step   23900 | cos 0.5402 | thought 0.9676 dec_ce 2.1737 | 4.5 it/s
step   23950 | cos 0.5427 | thought 0.9899 dec_ce 2.0662 | 4.4 it/s
step   24000 | cos 0.5442 | thought 0.8993 dec_ce 1.8025 | 4.5 it/s
step   24000 | VAL cos 0.5512 | VAL dec CE 3.8057
step   24050 | cos 0.5448 | thought 0.9092 dec_ce 1.9615 | 3.3 it/s
step   24100 | cos 0.5407 | thought 0.9378 dec_ce 1.9756 | 4.5 it/s
step   24150 | cos 0.5438 | thought 0.9187 dec_ce 2.0297 | 4.4 it/s
step   24200 | cos 0.5416 | thought 0.9299 dec_ce 1.9914 | 4.4 it/s
step   24250 | cos 0.5418 | thought 0.949 dec_ce 1.9991 | 4.5 it/s
step   24300 | cos 0.5443 | thought 0.9035 dec_ce 1.8454 | 4.5 it/s
step   24350 | cos 0.5445 | thought 0.9364 dec_ce 1.9037 | 4.5 it/s
step   24400 | cos 0.5485 | thought 0.9442 dec_ce 2.1097 | 4.5 it/s
step   24450 | cos 0.5403 | thought 0.9712 dec_ce 1.9687 | 4.4 it/s
step   24500 | cos 0.5387 | thought 0.9203 dec_ce 1.9643 | 4.4 it/s
step   24500 | VAL cos 0.5518 | VAL dec CE 3.8071
step   24550 | cos 0.5409 | thought 0.8961 dec_ce 1.9477 | 3.5 it/s
step   24600 | cos 0.5410 | thought 0.9091 dec_ce 1.884 | 4.6 it/s
step   24650 | cos 0.5449 | thought 0.9867 dec_ce 2.1753 | 4.7 it/s
step   24700 | cos 0.5442 | thought 0.915 dec_ce 1.9166 | 4.5 it/s
step   24750 | cos 0.5446 | thought 0.9519 dec_ce 2.0469 | 4.5 it/s
step   24800 | cos 0.5428 | thought 0.9608 dec_ce 2.0093 | 4.6 it/s
step   24850 | cos 0.5442 | thought 0.9484 dec_ce 1.985 | 4.6 it/s
step   24900 | cos 0.5438 | thought 0.91 dec_ce 1.8647 | 4.6 it/s
step   24950 | cos 0.5435 | thought 0.9523 dec_ce 1.9812 | 4.5 it/s
step   25000 | cos 0.5422 | thought 0.9308 dec_ce 2.1383 | 4.4 it/s
step   25000 | VAL cos 0.5519 | VAL dec CE 3.8070
step   25050 | cos 0.5429 | thought 0.9692 dec_ce 2.1855 | 3.4 it/s
step   25100 | cos 0.5395 | thought 0.9361 dec_ce 1.9085 | 4.4 it/s
step   25150 | cos 0.5423 | thought 0.9407 dec_ce 2.1751 | 4.5 it/s
step   25200 | cos 0.5457 | thought 0.9357 dec_ce 2.0181 | 4.4 it/s
step   25250 | cos 0.5447 | thought 0.9098 dec_ce 2.0277 | 4.5 it/s
step   25300 | cos 0.5424 | thought 0.9277 dec_ce 1.9739 | 4.5 it/s
step   25350 | cos 0.5458 | thought 0.8757 dec_ce 1.8785 | 4.6 it/s
step   25400 | cos 0.5479 | thought 0.9902 dec_ce 2.1711 | 4.5 it/s
step   25450 | cos 0.5423 | thought 0.9633 dec_ce 2.0452 | 4.4 it/s
step   25500 | cos 0.5424 | thought 0.9496 dec_ce 1.9728 | 4.4 it/s
step   25500 | VAL cos 0.5523 | VAL dec CE 3.8000
step   25550 | cos 0.5472 | thought 0.9055 dec_ce 1.9972 | 3.3 it/s
step   25600 | cos 0.5402 | thought 0.9079 dec_ce 1.845 | 4.5 it/s
step   25650 | cos 0.5443 | thought 0.9223 dec_ce 2.0092 | 4.6 it/s
step   25700 | cos 0.5451 | thought 0.9279 dec_ce 1.9758 | 4.6 it/s
step   25750 | cos 0.5421 | thought 0.9689 dec_ce 2.1406 | 4.5 it/s
step   25800 | cos 0.5406 | thought 0.9685 dec_ce 2.3205 | 4.5 it/s
step   25850 | cos 0.5447 | thought 0.9181 dec_ce 1.9849 | 4.5 it/s
step   25900 | cos 0.5409 | thought 0.9562 dec_ce 2.0908 | 4.5 it/s
step   25950 | cos 0.5418 | thought 0.9445 dec_ce 2.0278 | 4.5 it/s
step   26000 | cos 0.5459 | thought 0.9074 dec_ce 1.8808 | 4.6 it/s
step   26000 | VAL cos 0.5524 | VAL dec CE 3.8034
step   26050 | cos 0.5410 | thought 0.9872 dec_ce 2.0806 | 3.2 it/s
step   26100 | cos 0.5445 | thought 0.8878 dec_ce 1.8554 | 4.5 it/s
step   26150 | cos 0.5423 | thought 0.9556 dec_ce 2.0279 | 4.5 it/s
step   26200 | cos 0.5504 | thought 0.911 dec_ce 1.984 | 4.5 it/s
step   26250 | cos 0.5410 | thought 0.9142 dec_ce 1.9363 | 4.4 it/s
step   26300 | cos 0.5482 | thought 0.885 dec_ce 1.8403 | 4.5 it/s
step   26350 | cos 0.5410 | thought 0.9638 dec_ce 1.9761 | 4.4 it/s
step   26400 | cos 0.5395 | thought 0.8938 dec_ce 1.9039 | 4.6 it/s
step   26450 | cos 0.5430 | thought 0.944 dec_ce 2.0438 | 4.5 it/s
step   26500 | cos 0.5447 | thought 0.9118 dec_ce 1.9829 | 4.6 it/s
step   26500 | VAL cos 0.5523 | VAL dec CE 3.8047
step   26550 | cos 0.5453 | thought 0.9167 dec_ce 2.0562 | 3.4 it/s
step   26600 | cos 0.5471 | thought 0.9753 dec_ce 2.1242 | 4.5 it/s
step   26650 | cos 0.5454 | thought 0.9397 dec_ce 1.9231 | 4.5 it/s
step   26700 | cos 0.5455 | thought 0.9489 dec_ce 2.007 | 4.5 it/s
step   26750 | cos 0.5457 | thought 0.8719 dec_ce 1.7143 | 4.6 it/s
step   26800 | cos 0.5411 | thought 0.9011 dec_ce 2.0529 | 4.5 it/s
step   26850 | cos 0.5426 | thought 0.9607 dec_ce 2.063 | 4.5 it/s
step   26900 | cos 0.5454 | thought 0.9229 dec_ce 2.0511 | 4.5 it/s
step   26950 | cos 0.5406 | thought 0.8916 dec_ce 1.9852 | 4.6 it/s
step   27000 | cos 0.5462 | thought 0.9505 dec_ce 1.8938 | 4.6 it/s
step   27000 | VAL cos 0.5527 | VAL dec CE 3.7966
step   27050 | cos 0.5435 | thought 0.9533 dec_ce 2.1942 | 3.3 it/s
step   27100 | cos 0.5460 | thought 0.9251 dec_ce 2.0366 | 4.6 it/s
step   27150 | cos 0.5423 | thought 0.9777 dec_ce 2.0839 | 4.6 it/s
step   27200 | cos 0.5440 | thought 0.9165 dec_ce 1.9678 | 4.5 it/s
step   27250 | cos 0.5416 | thought 0.9696 dec_ce 2.118 | 4.5 it/s
step   27300 | cos 0.5462 | thought 0.9424 dec_ce 2.1685 | 4.5 it/s
step   27350 | cos 0.5437 | thought 0.9311 dec_ce 1.9413 | 4.5 it/s
step   27400 | cos 0.5465 | thought 0.8902 dec_ce 1.868 | 4.6 it/s
step   27450 | cos 0.5398 | thought 0.9226 dec_ce 1.8734 | 4.5 it/s
step   27500 | cos 0.5470 | thought 0.9135 dec_ce 2.0012 | 4.5 it/s
step   27500 | VAL cos 0.5530 | VAL dec CE 3.8009
step   27550 | cos 0.5427 | thought 0.9563 dec_ce 2.1208 | 3.2 it/s
step   27600 | cos 0.5426 | thought 0.9374 dec_ce 1.94 | 4.5 it/s
step   27650 | cos 0.5460 | thought 0.9459 dec_ce 1.982 | 4.4 it/s
step   27700 | cos 0.5448 | thought 0.9359 dec_ce 1.8338 | 4.5 it/s
step   27750 | cos 0.5437 | thought 0.9575 dec_ce 2.1398 | 4.5 it/s
step   27800 | cos 0.5480 | thought 0.9387 dec_ce 1.9699 | 4.5 it/s
step   27850 | cos 0.5421 | thought 0.9945 dec_ce 2.1974 | 4.4 it/s
step   27900 | cos 0.5439 | thought 0.9135 dec_ce 2.0616 | 4.5 it/s
step   27950 | cos 0.5445 | thought 0.877 dec_ce 1.8524 | 4.5 it/s
step   28000 | cos 0.5451 | thought 0.9214 dec_ce 1.9963 | 4.4 it/s
step   28000 | VAL cos 0.5529 | VAL dec CE 3.8029
step   28050 | cos 0.5425 | thought 0.9413 dec_ce 2.1069 | 3.3 it/s
step   28100 | cos 0.5415 | thought 0.9307 dec_ce 2.0556 | 4.5 it/s
step   28150 | cos 0.5501 | thought 0.9032 dec_ce 1.9867 | 4.6 it/s
step   28200 | cos 0.5453 | thought 0.9124 dec_ce 1.9785 | 4.5 it/s
step   28250 | cos 0.5462 | thought 0.8947 dec_ce 2.0325 | 4.5 it/s
step   28300 | cos 0.5424 | thought 1.0112 dec_ce 2.1277 | 4.4 it/s
step   28350 | cos 0.5449 | thought 0.9459 dec_ce 2.0947 | 4.5 it/s
step   28400 | cos 0.5435 | thought 0.9631 dec_ce 2.1188 | 4.5 it/s
step   28450 | cos 0.5433 | thought 1.0071 dec_ce 2.0163 | 4.6 it/s
step   28500 | cos 0.5449 | thought 0.9605 dec_ce 1.9858 | 4.5 it/s
step   28500 | VAL cos 0.5529 | VAL dec CE 3.7971
step   28550 | cos 0.5458 | thought 0.9193 dec_ce 2.015 | 3.5 it/s
step   28600 | cos 0.5471 | thought 0.9133 dec_ce 2.0612 | 4.5 it/s
step   28650 | cos 0.5426 | thought 0.9343 dec_ce 1.9616 | 4.5 it/s
step   28700 | cos 0.5473 | thought 0.8916 dec_ce 2.004 | 4.5 it/s
step   28750 | cos 0.5456 | thought 0.9442 dec_ce 2.1404 | 4.6 it/s
step   28800 | cos 0.5427 | thought 0.9362 dec_ce 1.9796 | 4.4 it/s
step   28850 | cos 0.5445 | thought 0.9959 dec_ce 1.9979 | 4.5 it/s
step   28900 | cos 0.5443 | thought 0.9678 dec_ce 2.0073 | 4.6 it/s
step   28950 | cos 0.5456 | thought 0.9208 dec_ce 1.8407 | 4.6 it/s
step   29000 | cos 0.5438 | thought 0.9369 dec_ce 2.0406 | 4.5 it/s
step   29000 | VAL cos 0.5529 | VAL dec CE 3.7953
step   29050 | cos 0.5449 | thought 0.918 dec_ce 1.9997 | 3.3 it/s
step   29100 | cos 0.5465 | thought 0.9173 dec_ce 1.9153 | 4.6 it/s
step   29150 | cos 0.5436 | thought 0.9508 dec_ce 2.0053 | 4.6 it/s
step   29200 | cos 0.5479 | thought 0.9088 dec_ce 2.0256 | 4.6 it/s
step   29250 | cos 0.5467 | thought 0.933 dec_ce 2.0448 | 4.5 it/s
step   29300 | cos 0.5464 | thought 0.9615 dec_ce 2.0833 | 4.6 it/s
step   29350 | cos 0.5453 | thought 0.9713 dec_ce 2.0554 | 4.5 it/s
step   29400 | cos 0.5405 | thought 0.9569 dec_ce 2.0391 | 4.4 it/s
step   29450 | cos 0.5455 | thought 0.9434 dec_ce 2.0585 | 4.5 it/s
step   29500 | cos 0.5459 | thought 0.8925 dec_ce 1.8523 | 4.5 it/s
step   29500 | VAL cos 0.5531 | VAL dec CE 3.7880
step   29550 | cos 0.5403 | thought 0.9506 dec_ce 2.0838 | 3.4 it/s
step   29600 | cos 0.5423 | thought 0.9392 dec_ce 2.0556 | 4.5 it/s
step   29650 | cos 0.5475 | thought 0.9598 dec_ce 2.1042 | 4.4 it/s
step   29700 | cos 0.5452 | thought 0.9392 dec_ce 2.0265 | 4.4 it/s
step   29750 | cos 0.5474 | thought 0.9671 dec_ce 2.0363 | 4.6 it/s
step   29800 | cos 0.5436 | thought 0.9 dec_ce 2.0353 | 4.5 it/s
step   29850 | cos 0.5442 | thought 0.9403 dec_ce 2.053 | 4.5 it/s
step   29900 | cos 0.5427 | thought 0.9047 dec_ce 1.9872 | 4.4 it/s
step   29950 | cos 0.5435 | thought 0.934 dec_ce 2.1477 | 4.4 it/s
step   30000 | cos 0.5453 | thought 0.9221 dec_ce 2.0524 | 4.6 it/s
step   30000 | VAL cos 0.5534 | VAL dec CE 3.7966
step   30050 | cos 0.5467 | thought 0.9382 dec_ce 2.153 | 3.4 it/s
step   30100 | cos 0.5474 | thought 0.9453 dec_ce 1.9558 | 4.6 it/s
step   30150 | cos 0.5452 | thought 0.9702 dec_ce 2.0383 | 4.5 it/s
step   30200 | cos 0.5399 | thought 0.895 dec_ce 1.9548 | 4.5 it/s
step   30250 | cos 0.5427 | thought 0.9284 dec_ce 2.0155 | 4.5 it/s
step   30300 | cos 0.5453 | thought 0.9823 dec_ce 2.2214 | 4.5 it/s
step   30350 | cos 0.5424 | thought 0.9341 dec_ce 1.9946 | 4.6 it/s
step   30400 | cos 0.5439 | thought 1.0058 dec_ce 2.2628 | 4.6 it/s
step   30450 | cos 0.5402 | thought 0.9767 dec_ce 2.1063 | 4.4 it/s
step   30500 | cos 0.5468 | thought 0.9107 dec_ce 1.9778 | 4.6 it/s
step   30500 | VAL cos 0.5534 | VAL dec CE 3.7969
step   30550 | cos 0.5423 | thought 0.9538 dec_ce 1.8682 | 3.4 it/s
step   30600 | cos 0.5459 | thought 0.9543 dec_ce 2.0897 | 4.7 it/s
step   30650 | cos 0.5431 | thought 0.8986 dec_ce 1.8791 | 4.5 it/s
step   30700 | cos 0.5486 | thought 0.9005 dec_ce 1.9649 | 4.5 it/s
step   30750 | cos 0.5446 | thought 0.947 dec_ce 2.0313 | 4.6 it/s
step   30800 | cos 0.5425 | thought 0.988 dec_ce 2.134 | 4.4 it/s
step   30850 | cos 0.5440 | thought 0.9421 dec_ce 2.0401 | 4.4 it/s
step   30900 | cos 0.5433 | thought 0.9589 dec_ce 2.0695 | 4.5 it/s
step   30950 | cos 0.5424 | thought 0.9353 dec_ce 1.9199 | 4.5 it/s
step   31000 | cos 0.5434 | thought 0.9244 dec_ce 1.8576 | 4.6 it/s
step   31000 | VAL cos 0.5531 | VAL dec CE 3.7991
step   31050 | cos 0.5493 | thought 0.9516 dec_ce 2.0049 | 3.3 it/s
step   31100 | cos 0.5439 | thought 0.941 dec_ce 1.9621 | 4.4 it/s
step   31150 | cos 0.5448 | thought 0.8959 dec_ce 1.9634 | 4.5 it/s
step   31200 | cos 0.5451 | thought 0.937 dec_ce 2.0745 | 4.5 it/s
step   31250 | cos 0.5469 | thought 0.9205 dec_ce 2.0443 | 4.5 it/s
step   31300 | cos 0.5444 | thought 0.9325 dec_ce 2.0876 | 4.5 it/s
step   31350 | cos 0.5451 | thought 0.9424 dec_ce 1.8525 | 4.6 it/s
wall-clock cap reached at step 31355

Run 'R4_WTA8' done: 31355 steps | final val cos 0.5532 | dec CE 3.7917
/home/nochi/vault/projects/ThoughtVectors/thoughtvec/.venv/lib/python3.12/site-packages/torch/nn/modules/transformer.py:392: UserWarning: enable_nested_tensor is True, but self.use_nested_tensor is False because encoder_layer.norm_first was True
  warnings.warn(
{"ckpt": "checkpoints/R4_WTA8/best.pt", "val_cos": 0.382, "val_dec_ce": 4.1191, "ref_f1": 0.2525, "distinct1": 0.0089, "distinct2": 0.0358, "len_ratio": 1.348, "out_vectors": 8.0, "rows": 1024}
