/home/nochi/vault/projects/ThoughtVectors/thoughtvec/.venv/lib/python3.12/site-packages/torch/nn/modules/transformer.py:392: UserWarning: enable_nested_tensor is True, but self.use_nested_tensor is False because encoder_layer.norm_first was True
  warnings.warn(
thinker weights warm-started from checkpoints/R4_UNFREEZE/best.pt (loaded: 94, skipped: 0)
codec warm-started from the same checkpoint (adapted decoder restored)
thinker params: 15.10M (codec d=384, frozen=False)
step      50 | cos 0.5408 | thought 0.9467 dec_ce 1.566 | 1.7 it/s
step     100 | cos 0.5409 | thought 0.9273 dec_ce 1.5995 | 3.0 it/s
step     150 | cos 0.5404 | compress_ce 0.0 | 2.1 it/s
step     200 | cos 0.5377 | compress_ce 0.0 | 1.8 it/s
step     250 | cos 0.5332 | compress_ce 0.0 | 2.2 it/s
step     300 | cos 0.5379 | thought 0.9139 dec_ce 1.4575 | 2.8 it/s
step     350 | cos 0.5375 | thought 0.9191 dec_ce 1.4304 cycle 0.3778 | 2.0 it/s
step     400 | cos 0.5327 | thought 0.9786 dec_ce 1.7629 cycle 0.4187 | 2.1 it/s
step     450 | cos 0.5312 | compress_ce 0.0 | 3.1 it/s
step     500 | cos 0.5398 | thought 0.9482 dec_ce 1.5079 cycle 0.3978 | 2.6 it/s
step     500 | VAL cos 0.5467 | VAL dec CE 2.8198
step     550 | cos 0.5378 | compress_ce 0.0002 | 2.1 it/s
step     600 | cos 0.5385 | compress_ce 0.123 | 3.2 it/s
step     650 | cos 0.5328 | thought 0.9348 dec_ce 1.448 | 1.7 it/s
step     700 | cos 0.5303 | compress_ce 0.0002 | 2.5 it/s
step     750 | cos 0.5325 | compress_ce 0.0 | 2.5 it/s
step     800 | cos 0.5343 | compress_ce 0.0 | 2.1 it/s
step     850 | cos 0.5329 | thought 0.9101 dec_ce 1.6701 | 2.2 it/s
step     900 | cos 0.5388 | compress_ce 0.0 | 2.4 it/s
step     950 | cos 0.5341 | thought 0.9723 dec_ce 1.7277 cycle 0.4115 | 2.1 it/s
step    1000 | cos 0.5307 | compress_ce 0.0 | 1.9 it/s
step    1000 | VAL cos 0.5430 | VAL dec CE 2.8192
step    1050 | cos 0.5342 | thought 0.9517 dec_ce 1.6261 | 2.3 it/s
step    1100 | cos 0.5357 | thought 0.9907 dec_ce 1.6429 | 2.2 it/s
step    1150 | cos 0.5308 | compress_ce 0.0 | 2.8 it/s
step    1200 | cos 0.5350 | thought 0.9345 dec_ce 1.5672 | 1.7 it/s
step    1250 | cos 0.5306 | compress_ce 0.0 | 2.2 it/s
step    1300 | cos 0.5358 | compress_ce 0.0005 | 2.4 it/s
step    1350 | cos 0.5321 | compress_ce 0.0001 | 2.0 it/s
step    1400 | cos 0.5331 | thought 0.9753 dec_ce 1.4914 | 1.9 it/s
step    1450 | cos 0.5256 | compress_ce 0.0 | 2.0 it/s
step    1500 | cos 0.5336 | thought 0.9659 dec_ce 1.6807 | 2.3 it/s
step    1500 | VAL cos 0.5447 | VAL dec CE 2.8155
step    1550 | cos 0.5304 | thought 0.9129 dec_ce 1.4306 cycle 0.3623 | 2.3 it/s
step    1600 | cos 0.5364 | compress_ce 0.0 | 3.7 it/s
step    1650 | cos 0.5310 | compress_ce 0.0 | 1.5 it/s
step    1700 | cos 0.5301 | compress_ce 0.0001 | 2.2 it/s
step    1750 | cos 0.5347 | thought 0.9464 dec_ce 1.5434 | 2.3 it/s
step    1800 | cos 0.5342 | thought 0.9241 dec_ce 1.6008 | 2.1 it/s
step    1850 | cos 0.5293 | thought 0.9911 dec_ce 1.6216 | 2.2 it/s
step    1900 | cos 0.5293 | compress_ce 0.0204 | 2.9 it/s
step    1950 | cos 0.5335 | thought 0.9435 dec_ce 1.5882 | 2.1 it/s
step    2000 | cos 0.5373 | thought 0.9108 dec_ce 1.5065 cycle 0.4153 | 2.7 it/s
step    2000 | VAL cos 0.5460 | VAL dec CE 2.8119
step    2050 | cos 0.5296 | thought 0.9236 dec_ce 1.4583 | 1.6 it/s
step    2100 | cos 0.5334 | thought 0.9684 dec_ce 1.5423 | 2.5 it/s
step    2150 | cos 0.5300 | thought 0.9843 dec_ce 1.8452 | 3.3 it/s
step    2200 | cos 0.5329 | thought 0.9476 dec_ce 1.563 cycle 0.4039 | 1.9 it/s
step    2250 | cos 0.5372 | thought 0.9433 dec_ce 1.6167 | 2.3 it/s
step    2300 | cos 0.5321 | thought 0.9398 dec_ce 1.6667 | 3.1 it/s
step    2350 | cos 0.5361 | compress_ce 0.0 | 2.3 it/s
step    2400 | cos 0.5331 | thought 0.9994 dec_ce 1.7305 | 1.8 it/s
step    2450 | cos 0.5342 | compress_ce 0.0001 | 2.3 it/s
step    2500 | cos 0.5369 | thought 0.9162 dec_ce 1.3731 | 2.1 it/s
step    2500 | VAL cos 0.5428 | VAL dec CE 2.8111
step    2550 | cos 0.5280 | compress_ce 0.0 | 2.3 it/s
step    2600 | cos 0.5381 | compress_ce 0.0 | 3.0 it/s
step    2650 | cos 0.5367 | compress_ce 0.0 | 2.8 it/s
step    2700 | cos 0.5357 | thought 0.97 dec_ce 1.7534 cycle 0.4148 | 2.3 it/s
step    2750 | cos 0.5347 | thought 0.9536 dec_ce 1.5048 cycle 0.4033 | 2.6 it/s
step    2800 | cos 0.5322 | thought 0.9206 dec_ce 1.5149 | 1.7 it/s
step    2850 | cos 0.5355 | thought 0.9299 dec_ce 1.7606 | 2.2 it/s
step    2900 | cos 0.5350 | thought 0.9463 dec_ce 1.4383 | 2.1 it/s
step    2950 | cos 0.5308 | thought 0.9227 dec_ce 1.3989 | 2.6 it/s
step    3000 | cos 0.5333 | compress_ce 4.0906 | 2.5 it/s
step    3000 | VAL cos 0.5466 | VAL dec CE 2.8026
step    3050 | cos 0.5353 | compress_ce 0.0001 | 2.0 it/s
step    3100 | cos 0.5353 | compress_ce 0.0 | 2.1 it/s
step    3150 | cos 0.5367 | thought 0.9718 dec_ce 1.8933 | 2.3 it/s
step    3200 | cos 0.5375 | thought 0.9246 dec_ce 1.4243 cycle 0.3842 | 2.6 it/s
step    3250 | cos 0.5365 | compress_ce 0.0001 | 2.5 it/s
step    3300 | cos 0.5356 | thought 0.9443 dec_ce 1.6271 | 2.1 it/s
step    3350 | cos 0.5359 | compress_ce 0.0003 | 2.3 it/s
step    3400 | cos 0.5342 | compress_ce 0.0 | 2.4 it/s
step    3450 | cos 0.5379 | compress_ce 0.0009 | 2.3 it/s
step    3500 | cos 0.5317 | thought 0.975 dec_ce 1.4667 | 2.3 it/s
step    3500 | VAL cos 0.5459 | VAL dec CE 2.8021
step    3550 | cos 0.5311 | thought 0.9268 dec_ce 1.6454 | 1.6 it/s
step    3600 | cos 0.5359 | compress_ce 0.0001 | 2.5 it/s
step    3650 | cos 0.5330 | compress_ce 0.0 | 2.3 it/s
step    3700 | cos 0.5374 | thought 0.9349 dec_ce 1.41 | 2.1 it/s
step    3750 | cos 0.5342 | thought 0.9602 dec_ce 1.6003 | 1.5 it/s
step    3800 | cos 0.5329 | thought 0.9245 dec_ce 1.5144 cycle 0.3993 | 2.5 it/s
step    3850 | cos 0.5325 | thought 0.9592 dec_ce 1.8016 | 1.7 it/s
step    3900 | cos 0.5358 | compress_ce 0.0 | 2.3 it/s
step    3950 | cos 0.5338 | compress_ce 0.0002 | 2.0 it/s
step    4000 | cos 0.5332 | compress_ce 0.0 | 2.4 it/s
step    4000 | VAL cos 0.5463 | VAL dec CE 2.7968
step    4050 | cos 0.5339 | thought 0.9908 dec_ce 1.8904 cycle 0.4236 | 2.0 it/s
step    4100 | cos 0.5350 | thought 0.9165 dec_ce 1.4972 cycle 0.3945 | 2.1 it/s
step    4150 | cos 0.5359 | thought 0.8726 dec_ce 1.3973 | 2.5 it/s
step    4200 | cos 0.5335 | compress_ce 0.0015 | 2.3 it/s
step    4250 | cos 0.5355 | compress_ce 2.2365 | 2.4 it/s
step    4300 | cos 0.5373 | thought 0.9229 dec_ce 1.7054 cycle 0.4091 | 2.0 it/s
step    4350 | cos 0.5323 | thought 0.9349 dec_ce 1.3957 | 2.1 it/s
step    4400 | cos 0.5376 | thought 0.8897 dec_ce 1.5186 | 1.9 it/s
step    4450 | cos 0.5332 | thought 0.975 dec_ce 1.7209 | 2.1 it/s
step    4500 | cos 0.5352 | compress_ce 0.0 | 2.4 it/s
step    4500 | VAL cos 0.5453 | VAL dec CE 2.7946
step    4550 | cos 0.5326 | compress_ce 0.3588 | 1.7 it/s
step    4600 | cos 0.5375 | thought 0.926 dec_ce 1.5656 | 2.6 it/s
step    4650 | cos 0.5384 | compress_ce 0.0 | 2.0 it/s
step    4700 | cos 0.5345 | thought 0.9511 dec_ce 1.6578 cycle 0.3964 | 1.6 it/s
step    4750 | cos 0.5381 | thought 0.9212 dec_ce 1.2819 | 2.3 it/s
step    4800 | cos 0.5379 | thought 0.957 dec_ce 1.6816 cycle 0.3926 | 2.0 it/s
step    4850 | cos 0.5374 | thought 0.9527 dec_ce 1.5931 cycle 0.3824 | 2.1 it/s
step    4900 | cos 0.5393 | thought 0.9031 dec_ce 1.3934 | 2.6 it/s
step    4950 | cos 0.5301 | thought 0.9839 dec_ce 1.8627 cycle 0.4124 | 1.8 it/s
step    5000 | cos 0.5379 | thought 0.9526 dec_ce 1.5901 | 2.7 it/s
step    5000 | VAL cos 0.5467 | VAL dec CE 2.7907
step    5050 | cos 0.5377 | thought 0.9388 dec_ce 1.7032 | 2.2 it/s
step    5100 | cos 0.5358 | thought 0.9731 dec_ce 1.642 | 2.5 it/s
step    5150 | cos 0.5386 | compress_ce 0.0 | 2.2 it/s
step    5200 | cos 0.5351 | compress_ce 0.1092 | 2.4 it/s
step    5250 | cos 0.5382 | thought 0.8977 dec_ce 1.532 | 2.5 it/s
step    5300 | cos 0.5349 | compress_ce 3.8941 | 1.9 it/s
step    5350 | cos 0.5391 | thought 0.9709 dec_ce 1.5794 | 2.6 it/s
step    5400 | cos 0.5334 | thought 0.9283 dec_ce 1.6235 | 2.0 it/s
step    5450 | cos 0.5362 | compress_ce 0.4147 | 2.1 it/s
step    5500 | cos 0.5356 | compress_ce 0.0 | 2.2 it/s
step    5500 | VAL cos 0.5466 | VAL dec CE 2.7918
step    5550 | cos 0.5320 | thought 0.9703 dec_ce 1.5416 | 2.0 it/s
step    5600 | cos 0.5374 | compress_ce 0.0 | 2.9 it/s
step    5650 | cos 0.5367 | thought 0.931 dec_ce 1.5142 cycle 0.3978 | 2.1 it/s
step    5700 | cos 0.5339 | thought 0.8948 dec_ce 1.2882 | 2.7 it/s
step    5750 | cos 0.5356 | thought 1.0032 dec_ce 1.8163 | 2.2 it/s
step    5800 | cos 0.5340 | thought 0.9498 dec_ce 1.7635 | 1.9 it/s
step    5850 | cos 0.5350 | thought 0.9833 dec_ce 1.6185 | 1.6 it/s
step    5900 | cos 0.5355 | compress_ce 0.0001 | 2.1 it/s
wall-clock cap reached at step 5915

Run 'R5_CYCLE' done: 5915 steps | final val cos 0.5464 | dec CE 2.7904
/home/nochi/vault/projects/ThoughtVectors/thoughtvec/.venv/lib/python3.12/site-packages/torch/nn/modules/transformer.py:392: UserWarning: enable_nested_tensor is True, but self.use_nested_tensor is False because encoder_layer.norm_first was True
  warnings.warn(
{"ckpt": "checkpoints/R5_CYCLE/best.pt", "val_cos": 0.4149, "val_dec_ce": 3.0923, "ref_f1": 0.2729, "distinct1": 0.0161, "distinct2": 0.0603, "len_ratio": 1.159, "out_vectors": 8.0, "rows": 1024}
--- multiturn eval R5_CYCLE ---
/home/nochi/vault/projects/ThoughtVectors/thoughtvec/.venv/lib/python3.12/site-packages/torch/nn/modules/transformer.py:392: UserWarning: enable_nested_tensor is True, but self.use_nested_tensor is False because encoder_layer.norm_first was True
  warnings.warn(
multiturn: self_rep 0.2959 ctx_sens 0.2999 (n=6 convs, temp=0.0)
transcripts -> logs/R5_CYCLE.multiturn.txt
--- round-trip guard R5_CYCLE ---
/home/nochi/vault/projects/ThoughtVectors/thoughtvec/.venv/lib/python3.12/site-packages/torch/nn/modules/transformer.py:392: UserWarning: enable_nested_tensor is True, but self.use_nested_tensor is False because encoder_layer.norm_first was True
  warnings.warn(
{
  "ckpt": "checkpoints/R5_CYCLE/best.pt",
  "verdict": "PASS",
  "worst_delta": 0.0001,
  "tol": 0.05,
  "per_prefix": [
    {
      "k": 2,
      "frozen_ce": 4.9181,
      "modified_ce": 4.9133,
      "delta": -0.0048
    },
    {
      "k": 8,
      "frozen_ce": 2.6382,
      "modified_ce": 2.6073,
      "delta": -0.031
    },
    {
      "k": 128,
      "frozen_ce": 0.0,
      "modified_ce": 0.0001,
      "delta": 0.0001
    },
    {
      "k": 256,
      "frozen_ce": 0.0,
      "modified_ce": 0.0,
      "delta": 0.0
    }
  ]
}
