/home/nochi/vault/projects/ThoughtVectors/thoughtvec/.venv/lib/python3.12/site-packages/torch/nn/modules/transformer.py:392: UserWarning: enable_nested_tensor is True, but self.use_nested_tensor is False because encoder_layer.norm_first was True
  warnings.warn(
thinker weights warm-started from checkpoints/R4_UNFREEZE/best.pt (loaded: 94, skipped: 0)
codec warm-started from the same checkpoint (adapted decoder restored)
thinker params: 15.10M (codec d=384, frozen=False)
step      50 | cos 0.5395 | thought 0.9461 dec_ce 3.1346 | 3.3 it/s
step     100 | cos 0.5410 | compress_ce 0.0441 | 3.6 it/s
step     150 | cos 0.5412 | thought 0.9222 dec_ce 2.9581 | 3.6 it/s
step     200 | cos 0.5432 | compress_ce 0.0 | 3.6 it/s
step     250 | cos 0.5377 | thought 0.9478 dec_ce 3.2444 | 3.6 it/s
step     300 | cos 0.5395 | thought 0.9162 dec_ce 2.9174 | 3.8 it/s
step     350 | cos 0.5415 | compress_ce 0.0 | 3.7 it/s
step     400 | cos 0.5371 | thought 0.9676 dec_ce 3.5177 | 3.6 it/s
step     450 | cos 0.5379 | thought 0.9188 dec_ce 3.0756 | 3.6 it/s
step     500 | cos 0.5389 | compress_ce 0.0001 | 3.8 it/s
step     500 | VAL cos 0.5471 | VAL dec CE 2.8163
step     550 | cos 0.5354 | thought 0.9282 dec_ce 3.0012 | 3.0 it/s
step     600 | cos 0.5370 | thought 0.9406 dec_ce 2.9455 | 3.7 it/s
step     650 | cos 0.5354 | thought 0.9219 dec_ce 2.8862 | 3.6 it/s
step     700 | cos 0.5352 | thought 0.9697 dec_ce 3.4246 | 3.9 it/s
step     750 | cos 0.5345 | thought 0.9009 dec_ce 3.407 | 3.9 it/s
step     800 | cos 0.5371 | thought 0.9297 dec_ce 2.7687 | 3.4 it/s
step     850 | cos 0.5357 | thought 0.9065 dec_ce 3.3456 | 3.6 it/s
step     900 | cos 0.5376 | thought 0.9908 dec_ce 3.5034 | 3.7 it/s
step     950 | cos 0.5362 | compress_ce 0.0001 | 3.8 it/s
step    1000 | cos 0.5326 | compress_ce 0.0 | 3.6 it/s
step    1000 | VAL cos 0.5459 | VAL dec CE 2.8178
step    1050 | cos 0.5366 | compress_ce 0.0 | 3.1 it/s
step    1100 | cos 0.5401 | thought 0.9865 dec_ce 3.2878 | 3.8 it/s
step    1150 | cos 0.5276 | thought 0.9586 dec_ce 2.9825 | 3.5 it/s
step    1200 | cos 0.5403 | thought 0.9232 dec_ce 3.1501 | 3.5 it/s
step    1250 | cos 0.5322 | thought 0.9496 dec_ce 3.1243 | 3.6 it/s
step    1300 | cos 0.5390 | thought 0.9502 dec_ce 3.3001 | 3.8 it/s
step    1350 | cos 0.5348 | thought 0.9796 dec_ce 3.1932 | 3.6 it/s
step    1400 | cos 0.5380 | compress_ce 0.0003 | 3.7 it/s
step    1450 | cos 0.5316 | compress_ce 0.0 | 3.6 it/s
step    1500 | cos 0.5380 | compress_ce 0.0 | 3.6 it/s
step    1500 | VAL cos 0.5471 | VAL dec CE 2.8110
step    1550 | cos 0.5327 | thought 0.9028 dec_ce 2.8554 | 3.0 it/s
step    1600 | cos 0.5359 | thought 0.9077 dec_ce 2.8993 | 3.8 it/s
step    1650 | cos 0.5357 | thought 0.8933 dec_ce 2.9286 | 3.6 it/s
step    1700 | cos 0.5385 | compress_ce 0.1623 | 3.6 it/s
step    1750 | cos 0.5391 | thought 0.941 dec_ce 3.0975 | 3.6 it/s
step    1800 | cos 0.5344 | thought 0.9151 dec_ce 3.1968 | 3.5 it/s
step    1850 | cos 0.5364 | compress_ce 0.0 | 3.8 it/s
step    1900 | cos 0.5365 | thought 0.9022 dec_ce 3.1978 | 3.6 it/s
step    1950 | cos 0.5379 | thought 0.9378 dec_ce 3.1824 | 3.7 it/s
step    2000 | cos 0.5356 | thought 0.9085 dec_ce 3.0156 | 3.8 it/s
step    2000 | VAL cos 0.5467 | VAL dec CE 2.8056
step    2050 | cos 0.5315 | thought 0.9237 dec_ce 2.9235 | 2.9 it/s
step    2100 | cos 0.5407 | compress_ce 0.0171 | 3.6 it/s
step    2150 | cos 0.5340 | compress_ce 0.0 | 3.6 it/s
step    2200 | cos 0.5347 | thought 0.9501 dec_ce 3.1286 | 3.5 it/s
step    2250 | cos 0.5369 | compress_ce 0.0694 | 3.7 it/s
step    2300 | cos 0.5335 | compress_ce 0.0 | 3.6 it/s
step    2350 | cos 0.5355 | thought 0.9523 dec_ce 3.4141 | 3.8 it/s
step    2400 | cos 0.5329 | thought 0.9975 dec_ce 3.4529 | 3.8 it/s
step    2450 | cos 0.5323 | thought 0.9614 dec_ce 3.3148 | 3.9 it/s
step    2500 | cos 0.5357 | thought 0.9119 dec_ce 2.7497 | 3.9 it/s
step    2500 | VAL cos 0.5459 | VAL dec CE 2.8052
step    2550 | cos 0.5305 | thought 0.9129 dec_ce 3.0278 | 2.9 it/s
step    2600 | cos 0.5348 | compress_ce 0.0011 | 3.4 it/s
step    2650 | cos 0.5389 | thought 0.9745 dec_ce 3.3038 | 3.7 it/s
step    2700 | cos 0.5328 | thought 0.9763 dec_ce 3.5083 | 3.8 it/s
step    2750 | cos 0.5351 | thought 0.946 dec_ce 3.0092 | 3.7 it/s
step    2800 | cos 0.5317 | compress_ce 0.0 | 3.8 it/s
step    2850 | cos 0.5397 | compress_ce 0.4088 | 3.5 it/s
step    2900 | cos 0.5402 | thought 0.9372 dec_ce 2.8529 | 3.6 it/s
step    2950 | cos 0.5354 | thought 0.9194 dec_ce 2.7879 | 3.8 it/s
step    3000 | cos 0.5335 | thought 0.9562 dec_ce 3.2848 | 3.7 it/s
step    3000 | VAL cos 0.5466 | VAL dec CE 2.8009
step    3050 | cos 0.5363 | thought 0.8816 dec_ce 2.5952 | 3.0 it/s
step    3100 | cos 0.5368 | thought 0.9144 dec_ce 3.1401 | 3.8 it/s
step    3150 | cos 0.5403 | compress_ce 0.0511 | 3.7 it/s
step    3200 | cos 0.5339 | thought 0.9203 dec_ce 2.8482 | 3.6 it/s
step    3250 | cos 0.5344 | thought 0.9429 dec_ce 3.0266 | 3.5 it/s
step    3300 | cos 0.5388 | thought 0.9355 dec_ce 3.2585 | 3.5 it/s
step    3350 | cos 0.5318 | thought 0.9868 dec_ce 3.0629 | 3.5 it/s
step    3400 | cos 0.5350 | thought 0.9268 dec_ce 2.9236 | 3.5 it/s
step    3450 | cos 0.5374 | compress_ce 0.0005 | 3.7 it/s
step    3500 | cos 0.5374 | compress_ce 0.0 | 3.6 it/s
step    3500 | VAL cos 0.5461 | VAL dec CE 2.7989
step    3550 | cos 0.5311 | thought 0.923 dec_ce 3.2739 | 2.9 it/s
step    3600 | cos 0.5347 | compress_ce 0.0002 | 3.6 it/s
step    3650 | cos 0.5334 | compress_ce 0.0 | 3.6 it/s
step    3700 | cos 0.5372 | thought 0.9311 dec_ce 2.8199 | 3.7 it/s
step    3750 | cos 0.5381 | thought 0.956 dec_ce 3.1938 | 3.9 it/s
step    3800 | cos 0.5384 | thought 0.9274 dec_ce 3.0383 | 3.6 it/s
step    3850 | cos 0.5342 | compress_ce 3.1685 | 3.6 it/s
step    3900 | cos 0.5396 | compress_ce 0.0 | 3.7 it/s
step    3950 | cos 0.5390 | thought 0.8909 dec_ce 3.2506 | 3.8 it/s
step    4000 | cos 0.5352 | compress_ce 2.6358 | 3.6 it/s
step    4000 | VAL cos 0.5462 | VAL dec CE 2.7957
step    4050 | cos 0.5360 | thought 0.9855 dec_ce 3.7802 | 2.9 it/s
step    4100 | cos 0.5389 | thought 0.921 dec_ce 2.9935 | 3.7 it/s
step    4150 | cos 0.5350 | thought 0.8773 dec_ce 2.8007 | 3.6 it/s
step    4200 | cos 0.5325 | thought 0.9317 dec_ce 3.2376 | 3.6 it/s
step    4250 | cos 0.5359 | compress_ce 0.0 | 3.6 it/s
step    4300 | cos 0.5375 | compress_ce 0.0 | 3.7 it/s
step    4350 | cos 0.5330 | thought 0.9334 dec_ce 2.7875 | 3.6 it/s
step    4400 | cos 0.5373 | compress_ce 0.0 | 3.7 it/s
step    4450 | cos 0.5358 | compress_ce 0.0004 | 3.6 it/s
step    4500 | cos 0.5391 | thought 0.9671 dec_ce 3.3164 | 3.8 it/s
step    4500 | VAL cos 0.5466 | VAL dec CE 2.7910
step    4550 | cos 0.5334 | thought 0.9262 dec_ce 2.8448 | 3.0 it/s
step    4600 | cos 0.5411 | compress_ce 0.3556 | 3.7 it/s
step    4650 | cos 0.5375 | compress_ce 0.0 | 3.6 it/s
step    4700 | cos 0.5372 | thought 0.9503 dec_ce 3.3086 | 3.7 it/s
step    4750 | cos 0.5430 | thought 0.9213 dec_ce 2.559 | 3.7 it/s
step    4800 | cos 0.5415 | compress_ce 0.0 | 3.8 it/s
step    4850 | cos 0.5397 | compress_ce 0.0 | 3.6 it/s
step    4900 | cos 0.5408 | compress_ce 0.0 | 3.5 it/s
step    4950 | cos 0.5404 | thought 0.9772 dec_ce 3.7289 | 3.7 it/s
step    5000 | cos 0.5411 | thought 0.9491 dec_ce 3.1797 | 3.7 it/s
step    5000 | VAL cos 0.5467 | VAL dec CE 2.7861
step    5050 | cos 0.5404 | compress_ce 0.0 | 3.0 it/s
step    5100 | cos 0.5357 | thought 0.9691 dec_ce 3.2772 | 3.9 it/s
step    5150 | cos 0.5384 | thought 0.9601 dec_ce 3.2002 | 3.7 it/s
step    5200 | cos 0.5382 | thought 0.9224 dec_ce 3.1016 | 3.7 it/s
step    5250 | cos 0.5379 | compress_ce 0.0 | 3.6 it/s
step    5300 | cos 0.5351 | thought 0.9271 dec_ce 3.2976 | 3.6 it/s
step    5350 | cos 0.5412 | compress_ce 0.0 | 3.7 it/s
step    5400 | cos 0.5359 | thought 0.9228 dec_ce 3.2386 | 3.6 it/s
step    5450 | cos 0.5387 | compress_ce 0.0002 | 3.6 it/s
step    5500 | cos 0.5333 | thought 0.9289 dec_ce 3.1719 | 3.7 it/s
step    5500 | VAL cos 0.5466 | VAL dec CE 2.7808
step    5550 | cos 0.5382 | thought 0.9571 dec_ce 3.0719 | 3.1 it/s
step    5600 | cos 0.5410 | thought 0.9495 dec_ce 3.3475 | 3.6 it/s
step    5650 | cos 0.5421 | thought 0.9231 dec_ce 3.0295 | 3.7 it/s
step    5700 | cos 0.5341 | compress_ce 0.0001 | 3.7 it/s
step    5750 | cos 0.5375 | compress_ce 1.0136 | 3.8 it/s
step    5800 | cos 0.5329 | thought 0.9471 dec_ce 3.5197 | 3.6 it/s
step    5850 | cos 0.5382 | thought 0.9814 dec_ce 3.2363 | 3.7 it/s
step    5900 | cos 0.5367 | thought 0.9303 dec_ce 3.1935 | 3.5 it/s
step    5950 | cos 0.5357 | thought 0.9736 dec_ce 3.3764 | 3.6 it/s
step    6000 | cos 0.5355 | compress_ce 0.0 | 3.5 it/s
step    6000 | VAL cos 0.5477 | VAL dec CE 2.7819
step    6050 | cos 0.5398 | thought 0.9286 dec_ce 3.3604 | 3.2 it/s
step    6100 | cos 0.5432 | thought 0.8622 dec_ce 2.7317 | 3.6 it/s
step    6150 | cos 0.5415 | thought 0.9424 dec_ce 3.1233 | 3.8 it/s
step    6200 | cos 0.5331 | thought 0.9516 dec_ce 3.3113 | 3.8 it/s
step    6250 | cos 0.5397 | compress_ce 0.0646 | 3.8 it/s
step    6300 | cos 0.5373 | compress_ce 0.0 | 3.8 it/s
step    6350 | cos 0.5415 | compress_ce 0.0 | 3.8 it/s
step    6400 | cos 0.5409 | thought 0.8687 dec_ce 2.8535 | 3.7 it/s
step    6450 | cos 0.5449 | compress_ce 0.0 | 3.7 it/s
step    6500 | cos 0.5381 | compress_ce 0.0 | 3.5 it/s
step    6500 | VAL cos 0.5474 | VAL dec CE 2.7756
step    6550 | cos 0.5325 | compress_ce 0.0 | 2.3 it/s
step    6600 | cos 0.5358 | thought 0.9393 dec_ce 3.1514 | 3.8 it/s
step    6650 | cos 0.5347 | thought 0.9151 dec_ce 2.7477 | 3.6 it/s
step    6700 | cos 0.5413 | thought 0.9059 dec_ce 3.1156 | 3.8 it/s
step    6750 | cos 0.5377 | compress_ce 0.0 | 3.7 it/s
step    6800 | cos 0.5353 | thought 0.9673 dec_ce 3.415 | 3.6 it/s
step    6850 | cos 0.5394 | thought 0.9275 dec_ce 2.899 | 3.5 it/s
step    6900 | cos 0.5422 | thought 0.9528 dec_ce 3.2539 | 3.8 it/s
step    6950 | cos 0.5389 | compress_ce 0.0 | 3.6 it/s
step    7000 | cos 0.5384 | thought 0.9562 dec_ce 3.9043 | 3.7 it/s
step    7000 | VAL cos 0.5486 | VAL dec CE 2.7726
step    7050 | cos 0.5302 | thought 0.8974 dec_ce 2.5501 | 3.0 it/s
step    7100 | cos 0.5414 | thought 0.8835 dec_ce 2.9705 | 3.6 it/s
step    7150 | cos 0.5381 | thought 0.9664 dec_ce 2.9613 | 3.6 it/s
step    7200 | cos 0.5390 | thought 0.9544 dec_ce 3.1936 | 3.6 it/s
step    7250 | cos 0.5381 | thought 0.9984 dec_ce 3.8637 | 3.7 it/s
step    7300 | cos 0.5402 | thought 0.8906 dec_ce 3.0278 | 3.7 it/s
step    7350 | cos 0.5437 | thought 0.8834 dec_ce 2.584 | 3.7 it/s
step    7400 | cos 0.5417 | compress_ce 0.0 | 3.8 it/s
step    7450 | cos 0.5369 | compress_ce 0.0 | 3.5 it/s
step    7500 | cos 0.5419 | thought 0.9175 dec_ce 3.0596 | 3.5 it/s
step    7500 | VAL cos 0.5487 | VAL dec CE 2.7723
step    7550 | cos 0.5406 | compress_ce 0.0 | 2.9 it/s
step    7600 | cos 0.5375 | thought 0.9294 dec_ce 3.3473 | 3.8 it/s
step    7650 | cos 0.5370 | compress_ce 0.0 | 3.6 it/s
step    7700 | cos 0.5366 | thought 0.9418 dec_ce 3.0786 | 3.8 it/s
step    7750 | cos 0.5350 | thought 0.9132 dec_ce 2.7068 | 3.6 it/s
step    7800 | cos 0.5368 | compress_ce 0.0 | 3.8 it/s
step    7850 | cos 0.5373 | thought 0.9585 dec_ce 3.1431 | 3.7 it/s
step    7900 | cos 0.5365 | compress_ce 0.0 | 3.6 it/s
step    7950 | cos 0.5406 | compress_ce 0.0 | 3.8 it/s
step    8000 | cos 0.5369 | thought 0.8931 dec_ce 2.8759 | 3.9 it/s
step    8000 | VAL cos 0.5495 | VAL dec CE 2.7711
step    8050 | cos 0.5412 | thought 0.9098 dec_ce 2.9883 | 2.9 it/s
step    8100 | cos 0.5388 | thought 0.8996 dec_ce 2.9757 | 3.7 it/s
step    8150 | cos 0.5366 | thought 0.8958 dec_ce 2.561 | 3.6 it/s
step    8200 | cos 0.5374 | thought 0.8619 dec_ce 2.8494 | 3.6 it/s
step    8250 | cos 0.5421 | thought 0.8874 dec_ce 2.715 | 3.6 it/s
step    8300 | cos 0.5404 | thought 0.9337 dec_ce 3.2899 | 3.7 it/s
step    8350 | cos 0.5385 | thought 0.9095 dec_ce 2.7602 | 3.6 it/s
step    8400 | cos 0.5402 | compress_ce 0.0 | 3.6 it/s
step    8450 | cos 0.5391 | compress_ce 0.0 | 3.4 it/s
step    8500 | cos 0.5378 | thought 0.9157 dec_ce 2.9811 | 3.6 it/s
step    8500 | VAL cos 0.5493 | VAL dec CE 2.7695
step    8550 | cos 0.5384 | thought 0.9527 dec_ce 3.2526 | 3.0 it/s
step    8600 | cos 0.5392 | thought 0.8778 dec_ce 2.7849 | 3.6 it/s
step    8650 | cos 0.5383 | thought 0.973 dec_ce 3.3726 | 3.9 it/s
step    8700 | cos 0.5395 | thought 0.9465 dec_ce 3.0435 | 3.6 it/s
step    8750 | cos 0.5407 | compress_ce 0.0 | 3.6 it/s
step    8800 | cos 0.5387 | thought 0.911 dec_ce 3.2809 | 3.8 it/s
step    8850 | cos 0.5399 | thought 0.9302 dec_ce 3.4413 | 3.7 it/s
step    8900 | cos 0.5394 | compress_ce 0.0008 | 3.9 it/s
step    8950 | cos 0.5358 | compress_ce 0.0001 | 3.6 it/s
step    9000 | cos 0.5431 | compress_ce 0.0 | 3.6 it/s
step    9000 | VAL cos 0.5496 | VAL dec CE 2.7682
step    9050 | cos 0.5406 | compress_ce 0.0 | 2.9 it/s
step    9100 | cos 0.5397 | thought 0.9054 dec_ce 2.9803 | 3.9 it/s
step    9150 | cos 0.5396 | thought 0.9493 dec_ce 3.336 | 3.7 it/s
step    9200 | cos 0.5440 | thought 0.9146 dec_ce 2.868 | 3.7 it/s
step    9250 | cos 0.5399 | thought 0.9788 dec_ce 3.5436 | 3.7 it/s
step    9300 | cos 0.5400 | compress_ce 0.0 | 3.7 it/s
step    9350 | cos 0.5393 | thought 0.9083 dec_ce 3.0026 | 3.7 it/s
step    9400 | cos 0.5372 | thought 0.9496 dec_ce 2.9806 | 3.5 it/s
step    9450 | cos 0.5329 | compress_ce 0.0 | 3.7 it/s
step    9500 | cos 0.5410 | thought 0.8964 dec_ce 2.8822 | 3.8 it/s
step    9500 | VAL cos 0.5494 | VAL dec CE 2.7688
step    9550 | cos 0.5386 | thought 0.926 dec_ce 3.0188 | 3.1 it/s
step    9600 | cos 0.5349 | thought 0.9643 dec_ce 3.1131 | 3.6 it/s
step    9650 | cos 0.5404 | thought 0.944 dec_ce 3.366 | 3.6 it/s
wall-clock cap reached at step 9654

Run 'R5_WDEC' done: 9654 steps | final val cos 0.5493 | dec CE 2.7676
/home/nochi/vault/projects/ThoughtVectors/thoughtvec/.venv/lib/python3.12/site-packages/torch/nn/modules/transformer.py:392: UserWarning: enable_nested_tensor is True, but self.use_nested_tensor is False because encoder_layer.norm_first was True
  warnings.warn(
{"ckpt": "checkpoints/R5_WDEC/best.pt", "val_cos": 0.4083, "val_dec_ce": 3.0873, "ref_f1": 0.2688, "distinct1": 0.0171, "distinct2": 0.0651, "len_ratio": 1.156, "out_vectors": 8.0, "rows": 1024}
--- multiturn eval R5_WDEC ---
/home/nochi/vault/projects/ThoughtVectors/thoughtvec/.venv/lib/python3.12/site-packages/torch/nn/modules/transformer.py:392: UserWarning: enable_nested_tensor is True, but self.use_nested_tensor is False because encoder_layer.norm_first was True
  warnings.warn(
multiturn: self_rep 0.3745 ctx_sens 0.1961 (n=6 convs, temp=0.0)
transcripts -> logs/R5_WDEC.multiturn.txt
--- round-trip guard R5_WDEC ---
/home/nochi/vault/projects/ThoughtVectors/thoughtvec/.venv/lib/python3.12/site-packages/torch/nn/modules/transformer.py:392: UserWarning: enable_nested_tensor is True, but self.use_nested_tensor is False because encoder_layer.norm_first was True
  warnings.warn(
{
  "ckpt": "checkpoints/R5_WDEC/best.pt",
  "verdict": "PASS",
  "worst_delta": 0.0,
  "tol": 0.05,
  "per_prefix": [
    {
      "k": 2,
      "frozen_ce": 4.9181,
      "modified_ce": 4.9169,
      "delta": -0.0011
    },
    {
      "k": 8,
      "frozen_ce": 2.6382,
      "modified_ce": 2.6098,
      "delta": -0.0285
    },
    {
      "k": 128,
      "frozen_ce": 0.0,
      "modified_ce": 0.0001,
      "delta": 0.0
    },
    {
      "k": 256,
      "frozen_ce": 0.0,
      "modified_ce": 0.0,
      "delta": 0.0
    }
  ]
}
