/home/nochi/vault/projects/ThoughtVectors/thoughtvec/.venv/lib/python3.12/site-packages/torch/nn/modules/transformer.py:392: UserWarning: enable_nested_tensor is True, but self.use_nested_tensor is False because encoder_layer.norm_first was True
  warnings.warn(
thinker weights warm-started from checkpoints/FINAL_12H/best.pt (loaded: 93, skipped: 1)
codec warm-started from the same checkpoint (adapted decoder restored)
thinker params: 15.11M (codec d=384, frozen=False)
step      50 | cos 0.5045 | thought 0.9956 dec_ce 2.7647 | 2.2 it/s
step     100 | cos 0.5122 | thought 0.9615 dec_ce 2.6382 | 2.5 it/s
step     150 | cos 0.5136 | compress_ce 0.0001 | 2.0 it/s
step     200 | cos 0.5212 | compress_ce 0.0 | 2.0 it/s
step     250 | cos 0.5258 | thought 0.9571 dec_ce 2.631 | 2.9 it/s
step     300 | cos 0.5307 | thought 0.9021 dec_ce 2.3896 | 2.3 it/s
step     350 | cos 0.5380 | compress_ce 0.0001 | 2.1 it/s
step     400 | cos 0.5334 | thought 0.9613 dec_ce 3.082 | 2.1 it/s
step     450 | cos 0.5381 | thought 0.9013 dec_ce 2.5601 | 2.2 it/s
step     500 | cos 0.5411 | compress_ce 0.0 | 2.3 it/s
step     500 | VAL cos 0.5404 | VAL dec CE 2.3946
step     550 | cos 0.5378 | thought 0.921 dec_ce 2.4419 | 1.8 it/s
step     600 | cos 0.5426 | thought 0.9106 dec_ce 2.4463 | 2.3 it/s
step     650 | cos 0.5374 | compress_ce 0.0161 | 1.8 it/s
step     700 | cos 0.5361 | thought 0.9643 dec_ce 2.925 | 2.6 it/s
step     750 | cos 0.5442 | thought 0.8867 dec_ce 2.9066 cycle 0.4094 | 2.1 it/s
step     800 | cos 0.5403 | compress_ce 0.0179 | 1.7 it/s
step     850 | cos 0.5418 | compress_ce 0.0 | 2.2 it/s
step     900 | cos 0.5489 | compress_ce 0.0005 | 1.6 it/s
step     950 | cos 0.5427 | thought 0.9452 dec_ce 2.9111 | 2.0 it/s
step    1000 | cos 0.5406 | compress_ce 0.0 | 2.1 it/s
step    1000 | VAL cos 0.5462 | VAL dec CE 2.3942
step    1050 | cos 0.5464 | compress_ce 0.0001 | 2.1 it/s
step    1100 | cos 0.5490 | thought 0.9643 dec_ce 2.6335 | 2.3 it/s
step    1150 | cos 0.5457 | thought 0.9238 dec_ce 2.431 | 2.7 it/s
step    1200 | cos 0.5490 | thought 0.8984 dec_ce 2.6394 | 2.2 it/s
step    1250 | cos 0.5450 | thought 0.9308 dec_ce 2.6414 | 1.9 it/s
step    1300 | cos 0.5496 | compress_ce 1.5208 | 2.3 it/s
step    1350 | cos 0.5432 | thought 0.9765 dec_ce 2.7896 | 2.2 it/s
step    1400 | cos 0.5495 | thought 0.9397 dec_ce 2.4402 | 2.1 it/s
step    1450 | cos 0.5445 | compress_ce 0.0 | 2.6 it/s
step    1500 | cos 0.5443 | compress_ce 0.0 | 2.1 it/s
step    1500 | VAL cos 0.5496 | VAL dec CE 2.3866
step    1550 | cos 0.5464 | compress_ce 0.0 | 1.9 it/s
step    1600 | cos 0.5518 | compress_ce 0.0005 | 2.0 it/s
step    1650 | cos 0.5499 | thought 0.8733 dec_ce 2.4508 | 1.9 it/s
step    1700 | cos 0.5490 | thought 0.9189 dec_ce 2.3251 | 2.6 it/s
step    1750 | cos 0.5489 | compress_ce 0.6031 | 1.9 it/s
step    1800 | cos 0.5489 | compress_ce 0.0 | 2.5 it/s
step    1850 | cos 0.5478 | thought 0.9381 dec_ce 2.6956 | 2.0 it/s
step    1900 | cos 0.5491 | compress_ce 0.008 | 1.9 it/s
step    1950 | cos 0.5537 | compress_ce 0.0 | 1.6 it/s
step    2000 | cos 0.5477 | compress_ce 0.0 | 1.9 it/s
step    2000 | VAL cos 0.5520 | VAL dec CE 2.3804
step    2050 | cos 0.5467 | thought 0.8875 dec_ce 2.4073 | 1.8 it/s
step    2100 | cos 0.5527 | thought 0.9169 dec_ce 2.3906 | 2.1 it/s
step    2150 | cos 0.5463 | compress_ce 0.0001 | 1.8 it/s
step    2200 | cos 0.5480 | thought 0.9112 dec_ce 2.619 | 1.9 it/s
step    2250 | cos 0.5493 | thought 0.911 dec_ce 2.6862 | 2.2 it/s
step    2300 | cos 0.5509 | thought 0.9182 dec_ce 2.7764 | 2.1 it/s
step    2350 | cos 0.5528 | compress_ce 0.0 | 2.0 it/s
step    2400 | cos 0.5505 | thought 0.9711 dec_ce 2.8738 | 2.7 it/s
step    2450 | cos 0.5474 | thought 0.9296 dec_ce 2.67 | 2.7 it/s
step    2500 | cos 0.5503 | thought 0.8891 dec_ce 2.1938 | 1.8 it/s
step    2500 | VAL cos 0.5533 | VAL dec CE 2.3822
step    2550 | cos 0.5478 | compress_ce 0.0001 | 1.8 it/s
step    2600 | cos 0.5558 | thought 0.8921 dec_ce 2.1798 | 2.0 it/s
step    2650 | cos 0.5464 | thought 0.9486 dec_ce 2.6682 | 2.0 it/s
step    2700 | cos 0.5500 | compress_ce 0.0 | 2.4 it/s
step    2750 | cos 0.5496 | compress_ce 0.0 | 1.8 it/s
step    2800 | cos 0.5450 | thought 0.8951 dec_ce 2.4923 | 2.1 it/s
step    2850 | cos 0.5528 | thought 0.8848 dec_ce 3.0821 | 2.4 it/s
step    2900 | cos 0.5563 | thought 0.9131 dec_ce 2.2786 cycle 0.4163 | 2.0 it/s
step    2950 | cos 0.5534 | thought 0.8875 dec_ce 2.3223 cycle 0.3976 | 2.1 it/s
step    3000 | cos 0.5462 | thought 0.9294 dec_ce 2.7965 | 1.7 it/s
step    3000 | VAL cos 0.5535 | VAL dec CE 2.3756
step    3050 | cos 0.5513 | thought 0.8376 dec_ce 2.075 | 2.0 it/s
step    3100 | cos 0.5535 | compress_ce 4.2777 | 2.2 it/s
step    3150 | cos 0.5568 | thought 0.9434 dec_ce 3.1135 | 2.2 it/s
step    3200 | cos 0.5548 | compress_ce 0.0021 | 2.3 it/s
step    3250 | cos 0.5537 | compress_ce 2.0994 | 3.1 it/s
step    3300 | cos 0.5550 | compress_ce 0.0 | 2.2 it/s
step    3350 | cos 0.5517 | thought 0.9559 dec_ce 2.5505 | 2.1 it/s
step    3400 | cos 0.5529 | thought 0.8805 dec_ce 2.322 | 2.8 it/s
step    3450 | cos 0.5535 | thought 0.8836 dec_ce 2.336 | 2.3 it/s
step    3500 | cos 0.5519 | compress_ce 0.0 | 2.4 it/s
step    3500 | VAL cos 0.5554 | VAL dec CE 2.3763
step    3550 | cos 0.5485 | compress_ce 0.0 | 2.4 it/s
step    3600 | cos 0.5533 | thought 0.9015 dec_ce 2.8991 | 1.9 it/s
step    3650 | cos 0.5500 | compress_ce 0.0 | 2.0 it/s
step    3700 | cos 0.5553 | compress_ce 0.0 | 1.6 it/s
step    3750 | cos 0.5479 | compress_ce 0.0 | 1.9 it/s
step    3800 | cos 0.5534 | compress_ce 0.0 | 1.8 it/s
step    3850 | cos 0.5494 | thought 0.9299 dec_ce 2.9293 cycle 0.4088 | 1.6 it/s
step    3900 | cos 0.5542 | compress_ce 0.0002 | 2.2 it/s
step    3950 | cos 0.5537 | thought 0.866 dec_ce 2.7563 | 1.8 it/s
step    4000 | cos 0.5529 | compress_ce 0.0 | 1.8 it/s
step    4000 | VAL cos 0.5557 | VAL dec CE 2.3721
step    4050 | cos 0.5555 | thought 0.9475 dec_ce 3.1904 | 2.0 it/s
step    4100 | cos 0.5553 | thought 0.8811 dec_ce 2.4036 | 2.1 it/s
step    4150 | cos 0.5506 | compress_ce 0.0003 | 2.6 it/s
step    4200 | cos 0.5514 | thought 0.8919 dec_ce 2.7677 | 1.9 it/s
step    4250 | cos 0.5514 | compress_ce 0.0 | 2.9 it/s
step    4300 | cos 0.5534 | compress_ce 0.0 | 1.9 it/s
step    4350 | cos 0.5532 | thought 0.8931 dec_ce 2.2037 | 2.8 it/s
step    4400 | cos 0.5559 | thought 0.8614 dec_ce 2.4521 cycle 0.4135 | 2.1 it/s
step    4450 | cos 0.5552 | compress_ce 0.0 | 2.0 it/s
step    4500 | cos 0.5583 | thought 0.9425 dec_ce 2.7648 | 2.5 it/s
step    4500 | VAL cos 0.5566 | VAL dec CE 2.3705
step    4550 | cos 0.5518 | thought 0.8944 dec_ce 2.3751 | 1.7 it/s
step    4600 | cos 0.5539 | thought 0.9094 dec_ce 2.443 | 2.4 it/s
step    4650 | cos 0.5593 | compress_ce 0.0 | 1.9 it/s
step    4700 | cos 0.5559 | compress_ce 0.0 | 1.8 it/s
step    4750 | cos 0.5595 | compress_ce 0.0001 | 2.2 it/s
step    4800 | cos 0.5557 | compress_ce 0.5775 | 1.8 it/s
step    4850 | cos 0.5561 | compress_ce 0.0003 | 2.6 it/s
step    4900 | cos 0.5554 | thought 0.876 dec_ce 2.3414 cycle 0.3893 | 1.5 it/s
step    4950 | cos 0.5532 | thought 0.9425 dec_ce 3.2543 | 2.4 it/s
step    5000 | cos 0.5577 | thought 0.9268 dec_ce 2.6821 | 2.1 it/s
step    5000 | VAL cos 0.5570 | VAL dec CE 2.3682
step    5050 | cos 0.5543 | compress_ce 0.1013 | 1.6 it/s
step    5100 | cos 0.5539 | thought 0.9561 dec_ce 2.7932 | 1.9 it/s
step    5150 | cos 0.5558 | thought 0.9176 dec_ce 2.6679 | 1.9 it/s
step    5200 | cos 0.5572 | thought 0.9143 dec_ce 2.571 cycle 0.4115 | 1.6 it/s
step    5250 | cos 0.5562 | compress_ce 0.0868 | 2.3 it/s
step    5300 | cos 0.5514 | thought 0.8888 dec_ce 2.712 cycle 0.4151 | 2.0 it/s
step    5350 | cos 0.5546 | thought 0.9432 dec_ce 2.497 | 2.4 it/s
step    5400 | cos 0.5514 | compress_ce 0.0001 | 2.5 it/s
step    5450 | cos 0.5545 | thought 0.9189 dec_ce 2.448 | 2.1 it/s
step    5500 | cos 0.5493 | thought 0.8869 dec_ce 2.6053 cycle 0.4053 | 2.2 it/s
step    5500 | VAL cos 0.5567 | VAL dec CE 2.3680
step    5550 | cos 0.5554 | thought 0.9396 dec_ce 2.5665 | 2.1 it/s
step    5600 | cos 0.5531 | thought 0.9194 dec_ce 2.8083 | 2.8 it/s
wall-clock cap reached at step 5623

Run 'R6_HYP8' done: 5623 steps | final val cos 0.5572 | dec CE 2.3679
/home/nochi/vault/projects/ThoughtVectors/thoughtvec/.venv/lib/python3.12/site-packages/torch/nn/modules/transformer.py:392: UserWarning: enable_nested_tensor is True, but self.use_nested_tensor is False because encoder_layer.norm_first was True
  warnings.warn(
{"ckpt": "checkpoints/R6_HYP8/best.pt", "val_cos": 0.4297, "val_dec_ce": 2.7405, "ref_f1": 0.2977, "distinct1": 0.0342, "distinct2": 0.1396, "len_ratio": 1.052, "out_vectors": 8.0, "rows": 1024}
--- multiturn eval R6_HYP8 ---
/home/nochi/vault/projects/ThoughtVectors/thoughtvec/.venv/lib/python3.12/site-packages/torch/nn/modules/transformer.py:392: UserWarning: enable_nested_tensor is True, but self.use_nested_tensor is False because encoder_layer.norm_first was True
  warnings.warn(
multiturn: self_rep 0.2555 ctx_sens 0.1950 (n=6 convs, temp=0.0)
transcripts -> logs/R6_HYP8.multiturn.txt
--- register eval R6_HYP8 ---
/home/nochi/vault/projects/ThoughtVectors/thoughtvec/.venv/lib/python3.12/site-packages/torch/nn/modules/transformer.py:392: UserWarning: enable_nested_tensor is True, but self.use_nested_tensor is False because encoder_layer.norm_first was True
  warnings.warn(
register: reg_err 0.3333 reg_err_ctx 0.6667 pos_ok 0.3333 (bad=12 ctx=6 good=6, temp=0.0)
transcripts -> logs/R6_HYP8.register.txt
--- round-trip guard R6_HYP8 ---
/home/nochi/vault/projects/ThoughtVectors/thoughtvec/.venv/lib/python3.12/site-packages/torch/nn/modules/transformer.py:392: UserWarning: enable_nested_tensor is True, but self.use_nested_tensor is False because encoder_layer.norm_first was True
  warnings.warn(
{
  "ckpt": "checkpoints/R6_HYP8/best.pt",
  "verdict": "PASS",
  "worst_delta": 0.0001,
  "tol": 0.05,
  "per_prefix": [
    {
      "k": 2,
      "frozen_ce": 4.9181,
      "modified_ce": 4.8593,
      "delta": -0.0587
    },
    {
      "k": 8,
      "frozen_ce": 2.6382,
      "modified_ce": 2.5722,
      "delta": -0.0661
    },
    {
      "k": 128,
      "frozen_ce": 0.0,
      "modified_ce": 0.0001,
      "delta": 0.0001
    },
    {
      "k": 256,
      "frozen_ce": 0.0,
      "modified_ce": 0.0,
      "delta": 0.0
    }
  ]
}
