/home/nochi/vault/projects/ThoughtVectors/thoughtvec/.venv/lib/python3.12/site-packages/torch/nn/modules/transformer.py:392: UserWarning: enable_nested_tensor is True, but self.use_nested_tensor is False because encoder_layer.norm_first was True
  warnings.warn(
thinker weights warm-started from checkpoints/FINAL_12H/best.pt (loaded: 94, skipped: 0)
codec warm-started from the same checkpoint (adapted decoder restored)
thinker params: 15.10M (codec d=384, frozen=False)
step      50 | cos 0.5361 | thought 0.8825 dec_ce 2.67 | 1.9 it/s
step     100 | cos 0.5366 | thought 0.8826 dec_ce 2.5119 | 2.7 it/s
step     150 | cos 0.5373 | compress_ce 0.0 | 1.8 it/s
step     200 | cos 0.5356 | compress_ce 0.0 | 1.6 it/s
step     250 | cos 0.5435 | compress_ce 0.0 | 2.3 it/s
step     300 | cos 0.5376 | thought 0.9509 dec_ce 2.7363 | 2.2 it/s
step     350 | cos 0.5403 | thought 0.9446 dec_ce 3.2222 cycle 0.3959 | 1.4 it/s
step     400 | cos 0.5416 | thought 0.9719 dec_ce 2.856 cycle 0.3994 | 2.0 it/s
step     450 | cos 0.5389 | compress_ce 0.0 | 3.0 it/s
step     500 | cos 0.5398 | thought 0.8796 dec_ce 2.3209 cycle 0.3869 | 2.7 it/s
step     500 | VAL cos 0.5473 | VAL dec CE 2.3958
step     550 | cos 0.5381 | compress_ce 0.0004 | 2.1 it/s
step     600 | cos 0.5392 | compress_ce 0.1164 | 2.1 it/s
step     650 | cos 0.5420 | thought 0.8985 dec_ce 2.7461 | 1.3 it/s
step     700 | cos 0.5372 | compress_ce 0.0001 | 2.2 it/s
step     750 | cos 0.5409 | compress_ce 0.0 | 1.6 it/s
step     800 | cos 0.5375 | compress_ce 0.0 | 1.5 it/s
step     850 | cos 0.5408 | thought 0.9163 dec_ce 3.0009 | 1.7 it/s
step     900 | cos 0.5378 | compress_ce 0.0001 | 2.2 it/s
step     950 | cos 0.5369 | thought 0.921 dec_ce 2.6188 cycle 0.3919 | 1.9 it/s
step    1000 | cos 0.5428 | compress_ce 0.0 | 1.7 it/s
step    1000 | VAL cos 0.5442 | VAL dec CE 2.4020
step    1050 | cos 0.5416 | thought 0.9381 dec_ce 2.5348 | 1.8 it/s
step    1100 | cos 0.5378 | thought 0.8983 dec_ce 2.6088 | 1.5 it/s
step    1150 | cos 0.5390 | compress_ce 0.0 | 2.6 it/s
step    1200 | cos 0.5425 | thought 0.8891 dec_ce 2.8197 | 1.3 it/s
step    1250 | cos 0.5376 | compress_ce 0.0001 | 1.9 it/s
step    1300 | cos 0.5409 | compress_ce 0.0006 | 1.6 it/s
step    1350 | cos 0.5410 | compress_ce 0.0002 | 1.5 it/s
step    1400 | cos 0.5381 | thought 0.912 dec_ce 2.6865 | 1.1 it/s
step    1450 | cos 0.5321 | compress_ce 0.0 | 1.5 it/s
step    1500 | cos 0.5407 | thought 0.9644 dec_ce 2.961 | 2.1 it/s
step    1500 | VAL cos 0.5464 | VAL dec CE 2.4011
step    1550 | cos 0.5405 | thought 0.9734 dec_ce 2.8407 cycle 0.4229 | 1.6 it/s
step    1600 | cos 0.5385 | compress_ce 0.0 | 3.2 it/s
step    1650 | cos 0.5396 | compress_ce 0.0 | 1.6 it/s
step    1700 | cos 0.5400 | compress_ce 0.0002 | 2.3 it/s
step    1750 | cos 0.5437 | thought 0.9581 dec_ce 2.8995 | 1.9 it/s
step    1800 | cos 0.5381 | thought 0.9122 dec_ce 2.9764 | 2.0 it/s
step    1850 | cos 0.5380 | thought 1.0041 dec_ce 3.4459 | 1.8 it/s
step    1900 | cos 0.5353 | compress_ce 0.0188 | 2.2 it/s
step    1950 | cos 0.5411 | thought 0.9041 dec_ce 2.6453 | 1.3 it/s
step    2000 | cos 0.5369 | thought 0.9844 dec_ce 3.2127 cycle 0.4246 | 2.2 it/s
step    2000 | VAL cos 0.5474 | VAL dec CE 2.3966
step    2050 | cos 0.5379 | thought 0.922 dec_ce 2.6654 | 1.1 it/s
step    2100 | cos 0.5386 | thought 0.9158 dec_ce 2.4401 | 2.2 it/s
step    2150 | cos 0.5440 | thought 0.9705 dec_ce 3.1789 | 3.5 it/s
step    2200 | cos 0.5446 | thought 0.8969 dec_ce 2.9756 cycle 0.4022 | 1.6 it/s
step    2250 | cos 0.5392 | thought 0.9115 dec_ce 2.8894 | 1.9 it/s
step    2300 | cos 0.5436 | thought 0.9326 dec_ce 2.8367 | 3.2 it/s
step    2350 | cos 0.5428 | compress_ce 0.0 | 2.2 it/s
step    2400 | cos 0.5445 | thought 0.89 dec_ce 2.6859 | 1.7 it/s
step    2450 | cos 0.5362 | compress_ce 0.0001 | 1.7 it/s
step    2500 | cos 0.5438 | thought 0.9329 dec_ce 3.0146 | 1.4 it/s
step    2500 | VAL cos 0.5464 | VAL dec CE 2.3926
step    2550 | cos 0.5388 | compress_ce 0.0 | 2.2 it/s
step    2600 | cos 0.5383 | compress_ce 0.0 | 2.0 it/s
step    2650 | cos 0.5371 | compress_ce 0.0 | 2.5 it/s
step    2700 | cos 0.5361 | thought 0.9366 dec_ce 3.146 cycle 0.4101 | 2.3 it/s
step    2750 | cos 0.5474 | thought 0.8911 dec_ce 2.7749 cycle 0.3965 | 2.3 it/s
step    2800 | cos 0.5421 | thought 0.9674 dec_ce 2.8444 | 2.1 it/s
step    2850 | cos 0.5380 | thought 0.8885 dec_ce 3.1984 | 2.2 it/s
step    2900 | cos 0.5400 | thought 1.0045 dec_ce 2.9164 | 1.9 it/s
step    2950 | cos 0.5457 | thought 0.8911 dec_ce 2.616 | 2.0 it/s
step    3000 | cos 0.5409 | compress_ce 4.0312 | 2.1 it/s
step    3000 | VAL cos 0.5476 | VAL dec CE 2.3911
step    3050 | cos 0.5389 | compress_ce 0.0001 | 1.5 it/s
step    3100 | cos 0.5410 | compress_ce 0.0 | 2.0 it/s
step    3150 | cos 0.5402 | thought 0.9594 dec_ce 2.8535 | 1.7 it/s
step    3200 | cos 0.5421 | thought 0.9553 dec_ce 3.0015 cycle 0.3842 | 2.1 it/s
step    3250 | cos 0.5381 | compress_ce 0.0002 | 2.6 it/s
step    3300 | cos 0.5367 | thought 0.9725 dec_ce 2.9112 | 1.9 it/s
step    3350 | cos 0.5422 | compress_ce 0.0008 | 2.1 it/s
step    3400 | cos 0.5417 | compress_ce 0.0 | 2.4 it/s
step    3450 | cos 0.5422 | compress_ce 0.0012 | 2.4 it/s
step    3500 | cos 0.5422 | thought 0.9176 dec_ce 3.0486 | 2.7 it/s
step    3500 | VAL cos 0.5472 | VAL dec CE 2.3884
step    3550 | cos 0.5455 | thought 0.8742 dec_ce 2.4694 | 1.9 it/s
step    3600 | cos 0.5439 | compress_ce 0.0001 | 2.5 it/s
step    3650 | cos 0.5390 | compress_ce 0.0 | 2.2 it/s
step    3700 | cos 0.5456 | thought 0.875 dec_ce 2.7098 | 1.8 it/s
step    3750 | cos 0.5427 | thought 0.929 dec_ce 2.5755 | 1.4 it/s
step    3800 | cos 0.5415 | thought 0.9307 dec_ce 2.8527 cycle 0.417 | 2.1 it/s
step    3850 | cos 0.5445 | thought 0.88 dec_ce 2.5058 | 1.7 it/s
step    3900 | cos 0.5430 | compress_ce 0.0 | 1.8 it/s
step    3950 | cos 0.5388 | compress_ce 0.0004 | 2.6 it/s
step    4000 | cos 0.5385 | compress_ce 0.0 | 2.0 it/s
step    4000 | VAL cos 0.5470 | VAL dec CE 2.3862
step    4050 | cos 0.5454 | thought 0.8836 dec_ce 2.6877 cycle 0.3918 | 1.6 it/s
step    4100 | cos 0.5432 | thought 0.9367 dec_ce 2.7566 cycle 0.3917 | 1.7 it/s
step    4150 | cos 0.5455 | thought 0.8764 dec_ce 2.3946 | 1.6 it/s
step    4200 | cos 0.5381 | compress_ce 0.0012 | 2.2 it/s
step    4250 | cos 0.5418 | compress_ce 2.1956 | 2.5 it/s
step    4300 | cos 0.5418 | thought 0.9563 dec_ce 3.0746 cycle 0.4009 | 1.6 it/s
step    4350 | cos 0.5441 | thought 0.9326 dec_ce 2.7913 | 2.6 it/s
step    4400 | cos 0.5434 | thought 0.8992 dec_ce 2.3678 | 1.6 it/s
step    4450 | cos 0.5410 | thought 1.0006 dec_ce 3.281 | 1.6 it/s
step    4500 | cos 0.5441 | compress_ce 0.0 | 2.3 it/s
step    4500 | VAL cos 0.5479 | VAL dec CE 2.3874
step    4550 | cos 0.5413 | compress_ce 0.3463 | 1.5 it/s
step    4600 | cos 0.5373 | thought 0.9528 dec_ce 3.0202 | 2.4 it/s
step    4650 | cos 0.5401 | compress_ce 0.0 | 2.2 it/s
step    4700 | cos 0.5406 | thought 0.9168 dec_ce 2.7282 cycle 0.3836 | 1.4 it/s
step    4750 | cos 0.5442 | thought 0.8764 dec_ce 2.5215 | 2.1 it/s
step    4800 | cos 0.5437 | thought 0.9323 dec_ce 2.8776 cycle 0.3931 | 1.4 it/s
step    4850 | cos 0.5413 | thought 0.9492 dec_ce 2.9292 cycle 0.3965 | 1.7 it/s
step    4900 | cos 0.5424 | thought 0.9409 dec_ce 2.8782 | 2.4 it/s
step    4950 | cos 0.5423 | thought 0.9311 dec_ce 3.1817 cycle 0.4148 | 1.4 it/s
step    5000 | cos 0.5398 | thought 0.9049 dec_ce 2.5433 | 2.4 it/s
step    5000 | VAL cos 0.5473 | VAL dec CE 2.3840
step    5050 | cos 0.5432 | thought 0.9088 dec_ce 2.6314 | 2.1 it/s
step    5100 | cos 0.5437 | thought 0.93 dec_ce 3.0175 | 2.4 it/s
wall-clock cap reached at step 5109

Run 'R7_EMP1X_NC' done: 5109 steps | final val cos 0.5478 | dec CE 2.3850
/home/nochi/vault/projects/ThoughtVectors/thoughtvec/.venv/lib/python3.12/site-packages/torch/nn/modules/transformer.py:392: UserWarning: enable_nested_tensor is True, but self.use_nested_tensor is False because encoder_layer.norm_first was True
  warnings.warn(
{"ckpt": "checkpoints/R7_EMP1X_NC/best.pt", "val_cos": 0.4291, "val_dec_ce": 2.6831, "ref_f1": 0.2992, "distinct1": 0.0319, "distinct2": 0.1302, "len_ratio": 1.12, "out_vectors": 8.0, "rows": 1024}
--- multiturn eval R7_EMP1X_NC ---
/home/nochi/vault/projects/ThoughtVectors/thoughtvec/.venv/lib/python3.12/site-packages/torch/nn/modules/transformer.py:392: UserWarning: enable_nested_tensor is True, but self.use_nested_tensor is False because encoder_layer.norm_first was True
  warnings.warn(
multiturn: self_rep 0.2519 ctx_sens 0.2055 (n=6 convs, temp=0.0)
transcripts -> logs/R7_EMP1X_NC.multiturn.txt
--- register eval R7_EMP1X_NC ---
/home/nochi/vault/projects/ThoughtVectors/thoughtvec/.venv/lib/python3.12/site-packages/torch/nn/modules/transformer.py:392: UserWarning: enable_nested_tensor is True, but self.use_nested_tensor is False because encoder_layer.norm_first was True
  warnings.warn(
register: reg_err 0.4167 reg_err_ctx 0.8333 pos_ok 0.8333 (bad=12 ctx=6 good=6, temp=0.0)
transcripts -> logs/R7_EMP1X_NC.register.txt
--- round-trip guard R7_EMP1X_NC ---
/home/nochi/vault/projects/ThoughtVectors/thoughtvec/.venv/lib/python3.12/site-packages/torch/nn/modules/transformer.py:392: UserWarning: enable_nested_tensor is True, but self.use_nested_tensor is False because encoder_layer.norm_first was True
  warnings.warn(
{
  "ckpt": "checkpoints/R7_EMP1X_NC/best.pt",
  "verdict": "PASS",
  "worst_delta": 0.0001,
  "tol": 0.05,
  "per_prefix": [
    {
      "k": 2,
      "frozen_ce": 4.9181,
      "modified_ce": 4.8573,
      "delta": -0.0608
    },
    {
      "k": 8,
      "frozen_ce": 2.6382,
      "modified_ce": 2.5718,
      "delta": -0.0664
    },
    {
      "k": 128,
      "frozen_ce": 0.0,
      "modified_ce": 0.0001,
      "delta": 0.0001
    },
    {
      "k": 256,
      "frozen_ce": 0.0,
      "modified_ce": 0.0,
      "delta": 0.0
    }
  ]
}
