/home/nochi/vault/projects/ThoughtVectors/thoughtvec/.venv/lib/python3.12/site-packages/torch/nn/modules/transformer.py:392: UserWarning: enable_nested_tensor is True, but self.use_nested_tensor is False because encoder_layer.norm_first was True
  warnings.warn(
thinker weights warm-started from checkpoints/FINAL_12H/best.pt (loaded: 94, skipped: 0)
codec warm-started from the same checkpoint (adapted decoder restored)
thinker params: 15.10M (codec d=384, frozen=False)
step      50 | cos 0.5319 | thought 0.8979 dec_ce 2.7623 cycle 0.3737 | 1.3 it/s
step     100 | cos 0.5320 | thought 0.9303 dec_ce 2.9406 cycle 0.4031 | 1.8 it/s
step     150 | cos 0.5312 | compress_ce 0.0 | 1.7 it/s
step     200 | cos 0.5352 | compress_ce 0.0 | 1.2 it/s
step     250 | cos 0.5289 | compress_ce 0.0 | 1.8 it/s
step     300 | cos 0.5307 | thought 0.9316 dec_ce 2.7988 | 1.4 it/s
step     350 | cos 0.5299 | thought 0.9442 dec_ce 3.245 cycle 0.3896 | 1.3 it/s
step     400 | cos 0.5330 | thought 0.9248 dec_ce 2.8525 cycle 0.3591 | 1.5 it/s
step     450 | cos 0.5364 | compress_ce 0.0 | 1.2 it/s
step     500 | cos 0.5291 | thought 0.9678 dec_ce 3.1837 cycle 0.3838 | 1.6 it/s
step     500 | VAL cos 0.5413 | VAL dec CE 2.3967
step     550 | cos 0.5285 | compress_ce 0.0004 | 1.7 it/s
step     600 | cos 0.5307 | compress_ce 0.1163 | 1.6 it/s
step     650 | cos 0.5333 | thought 0.948 dec_ce 2.9344 | 1.9 it/s
step     700 | cos 0.5294 | compress_ce 0.0002 | 1.6 it/s
step     750 | cos 0.5277 | compress_ce 0.0 | 1.0 it/s
step     800 | cos 0.5267 | compress_ce 0.0 | 1.5 it/s
step     850 | cos 0.5259 | thought 0.9238 dec_ce 2.733 | 1.4 it/s
step     900 | cos 0.5288 | compress_ce 0.0001 | 1.6 it/s
step     950 | cos 0.5286 | thought 0.9295 dec_ce 2.4577 cycle 0.3615 | 1.5 it/s
step    1000 | cos 0.5305 | compress_ce 0.0 | 1.2 it/s
step    1000 | VAL cos 0.5387 | VAL dec CE 2.4018
step    1050 | cos 0.5307 | thought 0.9423 dec_ce 2.8711 | 1.8 it/s
step    1100 | cos 0.5298 | thought 0.9774 dec_ce 3.0898 | 1.3 it/s
step    1150 | cos 0.5313 | compress_ce 0.0 | 1.7 it/s
step    1200 | cos 0.5308 | thought 0.9342 dec_ce 2.587 | 1.1 it/s
step    1250 | cos 0.5292 | compress_ce 0.0 | 1.4 it/s
step    1300 | cos 0.5284 | compress_ce 0.0006 | 1.2 it/s
step    1350 | cos 0.5322 | compress_ce 0.0002 | 1.2 it/s
step    1400 | cos 0.5303 | thought 0.9499 dec_ce 2.6777 | 1.5 it/s
step    1450 | cos 0.5328 | compress_ce 0.0 | 1.6 it/s
step    1500 | cos 0.5248 | thought 0.9413 dec_ce 2.9134 | 1.0 it/s
step    1500 | VAL cos 0.5378 | VAL dec CE 2.3978
step    1550 | cos 0.5281 | thought 0.9777 dec_ce 2.966 cycle 0.3602 | 1.7 it/s
step    1600 | cos 0.5267 | compress_ce 0.0 | 1.3 it/s
step    1650 | cos 0.5276 | compress_ce 0.0 | 1.0 it/s
step    1700 | cos 0.5301 | compress_ce 0.0002 | 1.5 it/s
step    1750 | cos 0.5285 | thought 0.8518 dec_ce 2.2232 | 1.2 it/s
step    1800 | cos 0.5307 | thought 0.9198 dec_ce 2.5964 | 1.4 it/s
step    1850 | cos 0.5338 | thought 0.9614 dec_ce 3.256 | 1.8 it/s
step    1900 | cos 0.5350 | compress_ce 0.0188 | 1.5 it/s
step    1950 | cos 0.5296 | thought 0.9044 dec_ce 2.8526 cycle 0.351 | 1.0 it/s
step    2000 | cos 0.5328 | thought 0.9257 dec_ce 2.6391 cycle 0.335 | 1.5 it/s
step    2000 | VAL cos 0.5392 | VAL dec CE 2.3974
step    2050 | cos 0.5350 | thought 0.9335 dec_ce 3.0838 | 1.1 it/s
step    2100 | cos 0.5277 | thought 0.9397 dec_ce 2.6588 cycle 0.3461 | 1.7 it/s
step    2150 | cos 0.5326 | thought 0.9362 dec_ce 3.2988 | 2.3 it/s
step    2200 | cos 0.5308 | thought 0.9693 dec_ce 3.0823 cycle 0.3893 | 1.1 it/s
step    2250 | cos 0.5311 | thought 0.9334 dec_ce 2.8297 | 1.6 it/s
step    2300 | cos 0.5339 | thought 0.905 dec_ce 2.8737 | 1.7 it/s
step    2350 | cos 0.5285 | compress_ce 0.0 | 1.7 it/s
step    2400 | cos 0.5309 | thought 0.9484 dec_ce 3.0124 cycle 0.3791 | 1.5 it/s
step    2450 | cos 0.5353 | compress_ce 0.0001 | 1.2 it/s
step    2500 | cos 0.5329 | thought 0.9278 dec_ce 2.9147 | 1.4 it/s
step    2500 | VAL cos 0.5400 | VAL dec CE 2.3965
step    2550 | cos 0.5310 | compress_ce 0.0 | 1.4 it/s
step    2600 | cos 0.5326 | compress_ce 0.0 | 1.8 it/s
step    2650 | cos 0.5407 | compress_ce 0.0 | 1.7 it/s
step    2700 | cos 0.5335 | thought 0.9507 dec_ce 2.5539 cycle 0.3593 | 1.3 it/s
step    2750 | cos 0.5295 | thought 0.9768 dec_ce 2.936 cycle 0.4003 | 1.6 it/s
step    2800 | cos 0.5276 | thought 0.9341 dec_ce 2.5529 cycle 0.3478 | 1.0 it/s
step    2850 | cos 0.5232 | thought 0.9291 dec_ce 2.7607 cycle 0.3495 | 1.1 it/s
step    2900 | cos 0.5392 | thought 0.8939 dec_ce 2.4812 cycle 0.361 | 1.7 it/s
step    2950 | cos 0.5315 | thought 0.9472 dec_ce 2.9662 | 1.6 it/s
step    3000 | cos 0.5370 | compress_ce 4.0324 | 1.2 it/s
step    3000 | VAL cos 0.5401 | VAL dec CE 2.3931
step    3050 | cos 0.5348 | compress_ce 0.0001 | 1.2 it/s
step    3100 | cos 0.5341 | compress_ce 0.0 | 1.2 it/s
step    3150 | cos 0.5312 | thought 0.888 dec_ce 2.7585 | 1.7 it/s
step    3200 | cos 0.5352 | thought 0.893 dec_ce 3.0382 cycle 0.3632 | 1.0 it/s
step    3250 | cos 0.5340 | compress_ce 0.0002 | 1.2 it/s
step    3300 | cos 0.5325 | thought 0.9363 dec_ce 2.959 | 1.3 it/s
step    3350 | cos 0.5315 | compress_ce 0.0008 | 1.2 it/s
step    3400 | cos 0.5346 | compress_ce 0.0 | 1.9 it/s
step    3450 | cos 0.5311 | compress_ce 0.0012 | 1.8 it/s
step    3500 | cos 0.5331 | thought 0.9385 dec_ce 2.8327 | 1.6 it/s
step    3500 | VAL cos 0.5400 | VAL dec CE 2.3912
step    3550 | cos 0.5346 | thought 0.9546 dec_ce 2.7681 cycle 0.3625 | 1.4 it/s
step    3600 | cos 0.5269 | compress_ce 0.0001 | 1.1 it/s
step    3650 | cos 0.5334 | compress_ce 0.0 | 1.4 it/s
step    3700 | cos 0.5310 | thought 0.8986 dec_ce 2.7855 cycle 0.3645 | 1.0 it/s
wall-clock cap reached at step 3729

Run 'R7_EMP2X' done: 3729 steps | final val cos 0.5397 | dec CE 2.3936
/home/nochi/vault/projects/ThoughtVectors/thoughtvec/.venv/lib/python3.12/site-packages/torch/nn/modules/transformer.py:392: UserWarning: enable_nested_tensor is True, but self.use_nested_tensor is False because encoder_layer.norm_first was True
  warnings.warn(
{"ckpt": "checkpoints/R7_EMP2X/best.pt", "val_cos": 0.4275, "val_dec_ce": 2.6842, "ref_f1": 0.2965, "distinct1": 0.0309, "distinct2": 0.1261, "len_ratio": 1.146, "out_vectors": 8.0, "rows": 1024}
--- multiturn eval R7_EMP2X ---
/home/nochi/vault/projects/ThoughtVectors/thoughtvec/.venv/lib/python3.12/site-packages/torch/nn/modules/transformer.py:392: UserWarning: enable_nested_tensor is True, but self.use_nested_tensor is False because encoder_layer.norm_first was True
  warnings.warn(
multiturn: self_rep 0.2209 ctx_sens 0.2911 (n=6 convs, temp=0.0)
transcripts -> logs/R7_EMP2X.multiturn.txt
--- register eval R7_EMP2X ---
/home/nochi/vault/projects/ThoughtVectors/thoughtvec/.venv/lib/python3.12/site-packages/torch/nn/modules/transformer.py:392: UserWarning: enable_nested_tensor is True, but self.use_nested_tensor is False because encoder_layer.norm_first was True
  warnings.warn(
register: reg_err 0.4167 reg_err_ctx 1.0000 pos_ok 0.8333 (bad=12 ctx=6 good=6, temp=0.0)
transcripts -> logs/R7_EMP2X.register.txt
--- round-trip guard R7_EMP2X ---
/home/nochi/vault/projects/ThoughtVectors/thoughtvec/.venv/lib/python3.12/site-packages/torch/nn/modules/transformer.py:392: UserWarning: enable_nested_tensor is True, but self.use_nested_tensor is False because encoder_layer.norm_first was True
  warnings.warn(
{
  "ckpt": "checkpoints/R7_EMP2X/best.pt",
  "verdict": "PASS",
  "worst_delta": 0.0001,
  "tol": 0.05,
  "per_prefix": [
    {
      "k": 2,
      "frozen_ce": 4.9181,
      "modified_ce": 4.8553,
      "delta": -0.0627
    },
    {
      "k": 8,
      "frozen_ce": 2.6382,
      "modified_ce": 2.5717,
      "delta": -0.0665
    },
    {
      "k": 128,
      "frozen_ce": 0.0,
      "modified_ce": 0.0001,
      "delta": 0.0001
    },
    {
      "k": 256,
      "frozen_ce": 0.0,
      "modified_ce": 0.0,
      "delta": 0.0
    }
  ]
}
