/home/nochi/vault/projects/ThoughtVectors/thoughtvec/.venv/lib/python3.12/site-packages/torch/nn/modules/transformer.py:392: UserWarning: enable_nested_tensor is True, but self.use_nested_tensor is False because encoder_layer.norm_first was True
  warnings.warn(
thinker weights warm-started from checkpoints/FINAL_12H/best.pt (loaded: 94, skipped: 0)
codec warm-started from the same checkpoint (adapted decoder restored)
thinker params: 15.10M (codec d=384, frozen=False)
step      50 | cos 0.5284 | thought 0.9391 dec_ce 2.9288 cycle 0.3989 | 1.5 it/s
step     100 | cos 0.5264 | thought 0.9205 dec_ce 2.6779 cycle 0.398 | 1.9 it/s
step     150 | cos 0.5316 | compress_ce 0.0 | 1.6 it/s
step     200 | cos 0.5294 | compress_ce 0.0 | 1.5 it/s
step     250 | cos 0.5266 | compress_ce 0.0 | 1.6 it/s
step     300 | cos 0.5275 | thought 0.9795 dec_ce 3.3667 | 1.5 it/s
step     350 | cos 0.5255 | thought 0.9466 dec_ce 3.1818 cycle 0.3858 | 1.2 it/s
step     400 | cos 0.5287 | thought 0.9346 dec_ce 3.0381 cycle 0.3932 | 1.6 it/s
step     450 | cos 0.5333 | compress_ce 0.0 | 1.8 it/s
step     500 | cos 0.5302 | thought 0.918 dec_ce 3.0838 cycle 0.3733 | 1.7 it/s
step     500 | VAL cos 0.5423 | VAL dec CE 2.4044
step     550 | cos 0.5328 | compress_ce 0.0004 | 1.6 it/s
step     600 | cos 0.5283 | compress_ce 0.1163 | 1.5 it/s
step     650 | cos 0.5306 | thought 0.9141 dec_ce 2.8283 | 1.6 it/s
step     700 | cos 0.5306 | compress_ce 0.0002 | 1.4 it/s
step     750 | cos 0.5299 | compress_ce 0.0 | 0.9 it/s
step     800 | cos 0.5346 | compress_ce 0.0 | 1.6 it/s
step     850 | cos 0.5283 | thought 0.9596 dec_ce 2.7757 | 1.1 it/s
step     900 | cos 0.5253 | compress_ce 0.0001 | 1.6 it/s
step     950 | cos 0.5278 | thought 0.9382 dec_ce 2.9088 cycle 0.3755 | 1.1 it/s
step    1000 | cos 0.5277 | compress_ce 0.0 | 1.6 it/s
step    1000 | VAL cos 0.5397 | VAL dec CE 2.4032
step    1050 | cos 0.5262 | thought 0.9669 dec_ce 2.9976 | 1.9 it/s
step    1100 | cos 0.5250 | thought 0.9698 dec_ce 3.0605 | 1.5 it/s
step    1150 | cos 0.5260 | compress_ce 0.0 | 2.0 it/s
step    1200 | cos 0.5320 | thought 0.9826 dec_ce 3.0274 | 1.3 it/s
step    1250 | cos 0.5299 | compress_ce 0.0 | 1.3 it/s
step    1300 | cos 0.5268 | compress_ce 0.0006 | 0.9 it/s
step    1350 | cos 0.5255 | compress_ce 0.0002 | 1.4 it/s
step    1400 | cos 0.5260 | thought 0.9421 dec_ce 3.1772 | 1.1 it/s
step    1450 | cos 0.5274 | compress_ce 0.0 | 1.4 it/s
step    1500 | cos 0.5289 | thought 0.9862 dec_ce 2.8679 | 1.1 it/s
step    1500 | VAL cos 0.5399 | VAL dec CE 2.3993
step    1550 | cos 0.5261 | thought 0.9434 dec_ce 3.2768 cycle 0.3544 | 1.1 it/s
step    1600 | cos 0.5263 | compress_ce 0.0 | 1.1 it/s
step    1650 | cos 0.5281 | compress_ce 0.0 | 0.9 it/s
step    1700 | cos 0.5279 | compress_ce 0.0002 | 1.6 it/s
step    1750 | cos 0.5291 | thought 0.9687 dec_ce 3.1279 | 1.9 it/s
step    1800 | cos 0.5226 | thought 0.9428 dec_ce 3.564 | 1.4 it/s
step    1850 | cos 0.5308 | thought 0.8973 dec_ce 2.6538 | 1.5 it/s
step    1900 | cos 0.5281 | compress_ce 0.0189 | 1.6 it/s
step    1950 | cos 0.5278 | thought 0.9317 dec_ce 3.0389 cycle 0.3602 | 1.4 it/s
step    2000 | cos 0.5295 | thought 0.879 dec_ce 2.4066 cycle 0.3428 | 1.3 it/s
step    2000 | VAL cos 0.5417 | VAL dec CE 2.3945
step    2050 | cos 0.5324 | thought 0.9775 dec_ce 2.8626 | 1.2 it/s
step    2100 | cos 0.5256 | thought 0.955 dec_ce 2.9849 cycle 0.366 | 1.1 it/s
step    2150 | cos 0.5287 | thought 0.9423 dec_ce 2.7122 | 1.7 it/s
step    2200 | cos 0.5272 | thought 0.8903 dec_ce 2.3586 cycle 0.3527 | 1.4 it/s
step    2250 | cos 0.5261 | thought 0.9504 dec_ce 3.0247 | 1.9 it/s
step    2300 | cos 0.5295 | thought 0.9275 dec_ce 2.7289 | 1.9 it/s
step    2350 | cos 0.5330 | compress_ce 0.0 | 1.9 it/s
step    2400 | cos 0.5385 | thought 0.8941 dec_ce 2.9642 cycle 0.4049 | 1.4 it/s
step    2450 | cos 0.5314 | compress_ce 0.0001 | 1.8 it/s
step    2500 | cos 0.5308 | thought 0.9254 dec_ce 2.6264 | 1.7 it/s
step    2500 | VAL cos 0.5413 | VAL dec CE 2.3922
step    2550 | cos 0.5264 | compress_ce 0.0 | 1.6 it/s
step    2600 | cos 0.5269 | compress_ce 0.0 | 1.8 it/s
step    2650 | cos 0.5307 | compress_ce 0.0 | 2.3 it/s
step    2700 | cos 0.5278 | thought 0.9974 dec_ce 3.1915 cycle 0.4027 | 1.3 it/s
step    2750 | cos 0.5305 | thought 0.9468 dec_ce 3.0475 cycle 0.3737 | 1.5 it/s
step    2800 | cos 0.5250 | thought 0.942 dec_ce 3.1068 cycle 0.3784 | 1.1 it/s
step    2850 | cos 0.5274 | thought 0.9558 dec_ce 2.7552 cycle 0.3572 | 1.0 it/s
step    2900 | cos 0.5257 | thought 0.924 dec_ce 2.3345 cycle 0.377 | 1.3 it/s
step    2950 | cos 0.5284 | thought 0.9098 dec_ce 2.7314 | 1.1 it/s
step    3000 | cos 0.5254 | compress_ce 4.0311 | 1.2 it/s
step    3000 | VAL cos 0.5410 | VAL dec CE 2.3915
step    3050 | cos 0.5288 | compress_ce 0.0001 | 1.6 it/s
step    3100 | cos 0.5276 | compress_ce 0.0 | 1.2 it/s
step    3150 | cos 0.5275 | thought 0.95 dec_ce 3.2315 | 1.4 it/s
step    3200 | cos 0.5354 | thought 0.9089 dec_ce 2.8986 cycle 0.3724 | 1.5 it/s
step    3250 | cos 0.5246 | compress_ce 0.0002 | 1.6 it/s
step    3300 | cos 0.5286 | thought 0.9491 dec_ce 2.7459 | 1.3 it/s
step    3350 | cos 0.5322 | compress_ce 0.0008 | 1.6 it/s
step    3400 | cos 0.5309 | compress_ce 0.0 | 1.8 it/s
step    3450 | cos 0.5308 | compress_ce 0.0012 | 1.3 it/s
step    3500 | cos 0.5340 | thought 0.9293 dec_ce 2.8783 | 1.2 it/s
step    3500 | VAL cos 0.5412 | VAL dec CE 2.3897
step    3550 | cos 0.5323 | thought 0.98 dec_ce 2.9801 cycle 0.3516 | 1.5 it/s
step    3600 | cos 0.5299 | compress_ce 0.0001 | 1.3 it/s
step    3650 | cos 0.5313 | compress_ce 0.0 | 1.5 it/s
step    3700 | cos 0.5277 | thought 0.943 dec_ce 2.7327 cycle 0.3494 | 1.1 it/s
wall-clock cap reached at step 3739

Run 'R8_REV20' done: 3739 steps | final val cos 0.5408 | dec CE 2.3912
/home/nochi/vault/projects/ThoughtVectors/thoughtvec/.venv/lib/python3.12/site-packages/torch/nn/modules/transformer.py:392: UserWarning: enable_nested_tensor is True, but self.use_nested_tensor is False because encoder_layer.norm_first was True
  warnings.warn(
{"ckpt": "checkpoints/R8_REV20/best.pt", "val_cos": 0.4279, "val_dec_ce": 2.6867, "ref_f1": 0.2972, "distinct1": 0.032, "distinct2": 0.1303, "len_ratio": 1.121, "out_vectors": 8.0, "rows": 1024}
--- multiturn eval R8_REV20 ---
/home/nochi/vault/projects/ThoughtVectors/thoughtvec/.venv/lib/python3.12/site-packages/torch/nn/modules/transformer.py:392: UserWarning: enable_nested_tensor is True, but self.use_nested_tensor is False because encoder_layer.norm_first was True
  warnings.warn(
multiturn: self_rep 0.2768 ctx_sens 0.1831 (n=6 convs, temp=0.0)
transcripts -> logs/R8_REV20.multiturn.txt
--- register eval R8_REV20 ---
/home/nochi/vault/projects/ThoughtVectors/thoughtvec/.venv/lib/python3.12/site-packages/torch/nn/modules/transformer.py:392: UserWarning: enable_nested_tensor is True, but self.use_nested_tensor is False because encoder_layer.norm_first was True
  warnings.warn(
register: reg_err 0.6667 reg_err_ctx 0.8333 pos_ok 0.8333 (bad=12 ctx=6 good=6, temp=0.0)
transcripts -> logs/R8_REV20.register.txt
--- round-trip guard R8_REV20 ---
/home/nochi/vault/projects/ThoughtVectors/thoughtvec/.venv/lib/python3.12/site-packages/torch/nn/modules/transformer.py:392: UserWarning: enable_nested_tensor is True, but self.use_nested_tensor is False because encoder_layer.norm_first was True
  warnings.warn(
{
  "ckpt": "checkpoints/R8_REV20/best.pt",
  "verdict": "PASS",
  "worst_delta": 0.0001,
  "tol": 0.05,
  "per_prefix": [
    {
      "k": 2,
      "frozen_ce": 4.9181,
      "modified_ce": 4.854,
      "delta": -0.0641
    },
    {
      "k": 8,
      "frozen_ce": 2.6382,
      "modified_ce": 2.5711,
      "delta": -0.0671
    },
    {
      "k": 128,
      "frozen_ce": 0.0,
      "modified_ce": 0.0001,
      "delta": 0.0001
    },
    {
      "k": 256,
      "frozen_ce": 0.0,
      "modified_ce": 0.0,
      "delta": 0.0
    }
  ]
}
