/home/nochi/vault/projects/ThoughtVectors/thoughtvec/.venv/lib/python3.12/site-packages/torch/nn/modules/transformer.py:392: UserWarning: enable_nested_tensor is True, but self.use_nested_tensor is False because encoder_layer.norm_first was True
  warnings.warn(
thinker params: 32.04M (codec d=384, frozen=True)
step      50 | cos 0.0416 | thought 1.759 dec_ce 2.3031 contrast 0.3626 diversity 0.0149 | 3.0 it/s
step     100 | cos 0.1736 | thought 1.573 dec_ce 2.2159 contrast 0.3608 diversity 0.0065 | 3.2 it/s
step     150 | cos 0.2305 | thought 1.5369 dec_ce 2.3131 contrast 0.3693 diversity 0.0025 | 3.2 it/s
step     200 | cos 0.2473 | thought 1.4958 dec_ce 2.3493 contrast 0.3598 diversity 0.0035 | 3.2 it/s
step     250 | cos 0.2556 | thought 1.4605 dec_ce 2.1255 contrast 0.3514 diversity 0.0028 | 3.2 it/s
step     300 | cos 0.2724 | thought 1.3335 dec_ce 2.225 contrast 0.3457 diversity 0.0044 | 3.3 it/s
step     350 | cos 0.3056 | thought 1.2728 dec_ce 1.9617 contrast 0.3458 diversity 0.0018 | 3.3 it/s
step     400 | cos 0.3402 | thought 1.274 dec_ce 2.1865 contrast 0.363 diversity 0.0028 | 3.2 it/s
step     450 | cos 0.3633 | thought 1.1842 dec_ce 2.1026 contrast 0.3349 diversity 0.0032 | 3.3 it/s
step     500 | cos 0.3898 | thought 1.1449 dec_ce 2.0254 contrast 0.3425 diversity 0.0023 | 3.2 it/s
step     550 | cos 0.4031 | thought 1.0783 dec_ce 2.0435 contrast 0.3432 diversity 0.003 | 3.2 it/s
step     600 | cos 0.4198 | thought 1.0134 dec_ce 2.061 contrast 0.3097 diversity 0.0044 | 3.3 it/s
step     650 | cos 0.4304 | thought 1.0457 dec_ce 2.0641 contrast 0.3653 diversity 0.0029 | 3.3 it/s
step     700 | cos 0.4334 | thought 0.9789 dec_ce 2.126 contrast 0.3363 diversity 0.0037 | 3.3 it/s
step     750 | cos 0.4405 | thought 0.9935 dec_ce 1.9109 contrast 0.327 diversity 0.0048 | 3.2 it/s
step     800 | cos 0.4409 | thought 0.9829 dec_ce 2.1925 contrast 0.3226 diversity 0.0067 | 3.3 it/s
step     850 | cos 0.4415 | thought 0.9866 dec_ce 2.1458 contrast 0.3368 diversity 0.0039 | 3.2 it/s
step     900 | cos 0.4444 | thought 0.994 dec_ce 2.1608 contrast 0.3573 diversity 0.0022 | 3.3 it/s
step     950 | cos 0.4484 | thought 0.9223 dec_ce 1.9408 contrast 0.3329 diversity 0.0039 | 3.2 it/s
step    1000 | cos 0.4513 | thought 0.9645 dec_ce 2.1219 contrast 0.3458 diversity 0.003 | 3.2 it/s
step    1000 | VAL cos 0.4533 | VAL dec CE 3.9505
step    1050 | cos 0.4503 | thought 0.9022 dec_ce 1.9614 contrast 0.3337 diversity 0.0029 | 2.6 it/s
step    1100 | cos 0.4513 | thought 0.9364 dec_ce 2.0474 contrast 0.326 diversity 0.0056 | 3.2 it/s
step    1150 | cos 0.4513 | thought 0.9132 dec_ce 2.1087 contrast 0.3251 diversity 0.0045 | 3.2 it/s
step    1200 | cos 0.4517 | thought 0.8772 dec_ce 1.9302 contrast 0.3371 diversity 0.0031 | 3.2 it/s
step    1250 | cos 0.4519 | thought 0.9386 dec_ce 2.1243 contrast 0.3356 diversity 0.0041 | 3.1 it/s
step    1300 | cos 0.4531 | thought 0.8714 dec_ce 2.0607 contrast 0.3007 diversity 0.0069 | 3.2 it/s
step    1350 | cos 0.4523 | thought 0.8677 dec_ce 1.9573 contrast 0.348 diversity 0.0027 | 3.3 it/s
step    1400 | cos 0.4581 | thought 0.8268 dec_ce 1.8948 contrast 0.3089 diversity 0.006 | 3.2 it/s
step    1450 | cos 0.4516 | thought 0.84 dec_ce 1.9997 contrast 0.3079 diversity 0.0066 | 3.2 it/s
step    1500 | cos 0.4512 | thought 0.8258 dec_ce 1.9312 contrast 0.2994 diversity 0.0057 | 3.3 it/s
step    1550 | cos 0.4546 | thought 0.8419 dec_ce 2.0328 contrast 0.3125 diversity 0.0062 | 3.2 it/s
step    1600 | cos 0.4564 | thought 0.8367 dec_ce 2.1088 contrast 0.3222 diversity 0.0037 | 3.3 it/s
step    1650 | cos 0.4531 | thought 0.8134 dec_ce 1.9143 contrast 0.3138 diversity 0.005 | 3.3 it/s
step    1700 | cos 0.4560 | thought 0.8607 dec_ce 2.0842 contrast 0.3361 diversity 0.0045 | 3.2 it/s
step    1750 | cos 0.4556 | thought 0.8329 dec_ce 2.1475 contrast 0.316 diversity 0.0056 | 3.3 it/s
step    1800 | cos 0.4524 | thought 0.8264 dec_ce 1.9945 contrast 0.3268 diversity 0.0057 | 3.3 it/s
step    1850 | cos 0.4601 | thought 0.8062 dec_ce 2.0385 contrast 0.3079 diversity 0.0076 | 3.3 it/s
step    1900 | cos 0.4574 | thought 0.8257 dec_ce 2.025 contrast 0.3173 diversity 0.007 | 3.3 it/s
step    1950 | cos 0.4558 | thought 0.8152 dec_ce 2.0011 contrast 0.2988 diversity 0.0092 | 3.2 it/s
step    2000 | cos 0.4565 | thought 0.8118 dec_ce 2.075 contrast 0.3003 diversity 0.0079 | 3.2 it/s
step    2000 | VAL cos 0.4620 | VAL dec CE 3.8968
step    2050 | cos 0.4626 | thought 0.8158 dec_ce 2.0612 contrast 0.307 diversity 0.0082 | 2.7 it/s
step    2100 | cos 0.4618 | thought 0.8011 dec_ce 2.0004 contrast 0.2857 diversity 0.0081 | 3.3 it/s
step    2150 | cos 0.4608 | thought 0.7841 dec_ce 1.8728 contrast 0.3424 diversity 0.0033 | 3.2 it/s
step    2200 | cos 0.4597 | thought 0.8422 dec_ce 2.1685 contrast 0.32 diversity 0.0067 | 3.2 it/s
step    2250 | cos 0.4625 | thought 0.8103 dec_ce 2.0489 contrast 0.3146 diversity 0.0071 | 3.2 it/s
step    2300 | cos 0.4593 | thought 0.7962 dec_ce 2.0157 contrast 0.3376 diversity 0.0064 | 3.2 it/s
step    2350 | cos 0.4626 | thought 0.7986 dec_ce 1.9655 contrast 0.3267 diversity 0.0079 | 3.2 it/s
step    2400 | cos 0.4588 | thought 0.8112 dec_ce 1.9596 contrast 0.2983 diversity 0.0073 | 3.2 it/s
step    2450 | cos 0.4625 | thought 0.7925 dec_ce 2.0367 contrast 0.3142 diversity 0.0077 | 3.2 it/s
step    2500 | cos 0.4640 | thought 0.7933 dec_ce 1.9769 contrast 0.293 diversity 0.0084 | 3.3 it/s
step    2550 | cos 0.4619 | thought 0.7893 dec_ce 1.9854 contrast 0.3048 diversity 0.0071 | 3.1 it/s
step    2600 | cos 0.4595 | thought 0.7952 dec_ce 2.0058 contrast 0.3119 diversity 0.0071 | 3.2 it/s
step    2650 | cos 0.4625 | thought 0.7764 dec_ce 1.9963 contrast 0.2897 diversity 0.0089 | 3.3 it/s
step    2700 | cos 0.4616 | thought 0.8021 dec_ce 2.1033 contrast 0.3181 diversity 0.0062 | 3.2 it/s
step    2750 | cos 0.4623 | thought 0.7912 dec_ce 2.0164 contrast 0.2797 diversity 0.0095 | 3.3 it/s
step    2800 | cos 0.4635 | thought 0.8161 dec_ce 2.044 contrast 0.3279 diversity 0.007 | 3.3 it/s
step    2850 | cos 0.4638 | thought 0.8055 dec_ce 2.0297 contrast 0.2966 diversity 0.0093 | 3.3 it/s
step    2900 | cos 0.4647 | thought 0.7974 dec_ce 2.0055 contrast 0.3109 diversity 0.0079 | 3.2 it/s
step    2950 | cos 0.4629 | thought 0.8049 dec_ce 2.045 contrast 0.3193 diversity 0.0063 | 3.2 it/s
step    3000 | cos 0.4598 | thought 0.7876 dec_ce 2.039 contrast 0.3265 diversity 0.0071 | 3.2 it/s
step    3000 | VAL cos 0.4641 | VAL dec CE 3.8625
step    3050 | cos 0.4633 | thought 0.839 dec_ce 2.06 contrast 0.3045 diversity 0.0075 | 2.7 it/s
step    3100 | cos 0.4672 | thought 0.791 dec_ce 2.0239 contrast 0.3122 diversity 0.0072 | 3.3 it/s
step    3150 | cos 0.4658 | thought 0.7996 dec_ce 2.0238 contrast 0.3049 diversity 0.0077 | 3.3 it/s
step    3200 | cos 0.4660 | thought 0.7872 dec_ce 2.0209 contrast 0.3071 diversity 0.0077 | 3.2 it/s
step    3250 | cos 0.4641 | thought 0.8211 dec_ce 2.102 contrast 0.3118 diversity 0.0096 | 3.3 it/s
step    3300 | cos 0.4646 | thought 0.8255 dec_ce 2.093 contrast 0.2876 diversity 0.01 | 3.3 it/s
step    3350 | cos 0.4638 | thought 0.7909 dec_ce 2.0298 contrast 0.3143 diversity 0.0066 | 3.3 it/s
step    3400 | cos 0.4628 | thought 0.8076 dec_ce 2.008 contrast 0.2963 diversity 0.0084 | 3.3 it/s
step    3450 | cos 0.4638 | thought 0.8008 dec_ce 1.9017 contrast 0.2977 diversity 0.0089 | 3.3 it/s
step    3500 | cos 0.4660 | thought 0.7951 dec_ce 2.019 contrast 0.2886 diversity 0.0088 | 3.3 it/s
step    3550 | cos 0.4656 | thought 0.8109 dec_ce 2.0729 contrast 0.3187 diversity 0.0071 | 3.2 it/s
step    3600 | cos 0.4638 | thought 0.8184 dec_ce 1.9916 contrast 0.302 diversity 0.0074 | 3.2 it/s
step    3650 | cos 0.4662 | thought 0.8044 dec_ce 1.9636 contrast 0.3022 diversity 0.0077 | 3.3 it/s
step    3700 | cos 0.4652 | thought 0.805 dec_ce 1.9304 contrast 0.3304 diversity 0.0074 | 3.3 it/s
step    3750 | cos 0.4658 | thought 0.7802 dec_ce 1.9343 contrast 0.2857 diversity 0.0099 | 3.3 it/s
step    3800 | cos 0.4605 | thought 0.7936 dec_ce 2.0516 contrast 0.2973 diversity 0.0083 | 3.3 it/s
step    3850 | cos 0.4641 | thought 0.8207 dec_ce 2.0208 contrast 0.3093 diversity 0.009 | 3.3 it/s
step    3900 | cos 0.4664 | thought 0.7722 dec_ce 1.9911 contrast 0.2738 diversity 0.0101 | 3.3 it/s
step    3950 | cos 0.4665 | thought 0.7896 dec_ce 2.1071 contrast 0.2822 diversity 0.0084 | 3.3 it/s
step    4000 | cos 0.4643 | thought 0.8011 dec_ce 1.9937 contrast 0.314 diversity 0.0078 | 3.2 it/s
step    4000 | VAL cos 0.4693 | VAL dec CE 3.8423
step    4050 | cos 0.4663 | thought 0.8128 dec_ce 2.0236 contrast 0.3103 diversity 0.0102 | 2.7 it/s
step    4100 | cos 0.4631 | thought 0.822 dec_ce 2.0541 contrast 0.3133 diversity 0.0088 | 3.3 it/s
step    4150 | cos 0.4626 | thought 0.7869 dec_ce 1.9262 contrast 0.315 diversity 0.007 | 3.2 it/s
step    4200 | cos 0.4662 | thought 0.8102 dec_ce 2.1254 contrast 0.2764 diversity 0.0105 | 3.2 it/s
step    4250 | cos 0.4651 | thought 0.7868 dec_ce 1.8954 contrast 0.2824 diversity 0.0105 | 3.2 it/s
step    4300 | cos 0.4680 | thought 0.7906 dec_ce 2.0304 contrast 0.2607 diversity 0.012 | 3.2 it/s
step    4350 | cos 0.4649 | thought 0.8004 dec_ce 1.9811 contrast 0.2881 diversity 0.0102 | 3.2 it/s
step    4400 | cos 0.4683 | thought 0.792 dec_ce 1.9899 contrast 0.2682 diversity 0.0109 | 3.3 it/s
step    4450 | cos 0.4668 | thought 0.8018 dec_ce 2.0963 contrast 0.2816 diversity 0.0105 | 3.3 it/s
step    4500 | cos 0.4684 | thought 0.7828 dec_ce 2.026 contrast 0.2752 diversity 0.0106 | 3.3 it/s
step    4550 | cos 0.4685 | thought 0.8132 dec_ce 2.0011 contrast 0.289 diversity 0.01 | 3.2 it/s
step    4600 | cos 0.4663 | thought 0.8016 dec_ce 2.0366 contrast 0.2928 diversity 0.0117 | 3.3 it/s
step    4650 | cos 0.4669 | thought 0.7741 dec_ce 1.9872 contrast 0.2988 diversity 0.0071 | 3.3 it/s
step    4700 | cos 0.4661 | thought 0.7844 dec_ce 1.9686 contrast 0.287 diversity 0.0098 | 3.3 it/s
step    4750 | cos 0.4666 | thought 0.8107 dec_ce 1.9116 contrast 0.3161 diversity 0.0073 | 3.2 it/s
step    4800 | cos 0.4629 | thought 0.8047 dec_ce 2.0464 contrast 0.3131 diversity 0.0078 | 3.2 it/s
step    4850 | cos 0.4682 | thought 0.8165 dec_ce 2.1597 contrast 0.2767 diversity 0.0103 | 3.2 it/s
step    4900 | cos 0.4717 | thought 0.7864 dec_ce 1.9719 contrast 0.2741 diversity 0.0111 | 3.2 it/s
step    4950 | cos 0.4679 | thought 0.8009 dec_ce 1.9766 contrast 0.3027 diversity 0.0074 | 3.3 it/s
step    5000 | cos 0.4653 | thought 0.8147 dec_ce 2.0376 contrast 0.3104 diversity 0.0087 | 3.2 it/s
step    5000 | VAL cos 0.4703 | VAL dec CE 3.8289
step    5050 | cos 0.4694 | thought 0.7838 dec_ce 1.972 contrast 0.306 diversity 0.0078 | 2.6 it/s
step    5100 | cos 0.4677 | thought 0.8113 dec_ce 1.9241 contrast 0.3128 diversity 0.0088 | 2.9 it/s
step    5150 | cos 0.4638 | thought 0.8201 dec_ce 2.0151 contrast 0.2975 diversity 0.0093 | 3.0 it/s
step    5200 | cos 0.4657 | thought 0.8064 dec_ce 1.999 contrast 0.3032 diversity 0.0088 | 3.0 it/s
step    5250 | cos 0.4674 | thought 0.8067 dec_ce 2.1064 contrast 0.311 diversity 0.0081 | 3.2 it/s
step    5300 | cos 0.4684 | thought 0.7774 dec_ce 2.0061 contrast 0.2939 diversity 0.0084 | 3.2 it/s
step    5350 | cos 0.4697 | thought 0.7819 dec_ce 1.9881 contrast 0.3066 diversity 0.0076 | 3.2 it/s
step    5400 | cos 0.4691 | thought 0.8219 dec_ce 2.0655 contrast 0.2926 diversity 0.012 | 3.2 it/s
step    5450 | cos 0.4690 | thought 0.7812 dec_ce 1.9393 contrast 0.2792 diversity 0.0098 | 3.3 it/s
step    5500 | cos 0.4661 | thought 0.794 dec_ce 2.0127 contrast 0.2859 diversity 0.0083 | 3.3 it/s
step    5550 | cos 0.4677 | thought 0.7966 dec_ce 2.0022 contrast 0.3184 diversity 0.0077 | 3.2 it/s
step    5600 | cos 0.4710 | thought 0.7933 dec_ce 2.0197 contrast 0.269 diversity 0.0104 | 3.2 it/s
step    5650 | cos 0.4694 | thought 0.7849 dec_ce 1.8801 contrast 0.2773 diversity 0.0111 | 3.2 it/s
step    5700 | cos 0.4677 | thought 0.784 dec_ce 1.9076 contrast 0.2676 diversity 0.0107 | 3.2 it/s
step    5750 | cos 0.4690 | thought 0.7851 dec_ce 1.9499 contrast 0.304 diversity 0.0078 | 3.2 it/s
step    5800 | cos 0.4676 | thought 0.8105 dec_ce 2.0087 contrast 0.2974 diversity 0.008 | 3.2 it/s
step    5850 | cos 0.4688 | thought 0.8173 dec_ce 2.1269 contrast 0.3202 diversity 0.0094 | 3.3 it/s
step    5900 | cos 0.4676 | thought 0.7975 dec_ce 2.0588 contrast 0.2802 diversity 0.0114 | 3.2 it/s
step    5950 | cos 0.4689 | thought 0.7943 dec_ce 1.8311 contrast 0.2887 diversity 0.0097 | 3.2 it/s
step    6000 | cos 0.4707 | thought 0.7851 dec_ce 1.8551 contrast 0.2742 diversity 0.0108 | 3.3 it/s
step    6000 | VAL cos 0.4698 | VAL dec CE 3.8043
step    6050 | cos 0.4687 | thought 0.7922 dec_ce 1.8857 contrast 0.2902 diversity 0.0089 | 2.7 it/s
step    6100 | cos 0.4716 | thought 0.7903 dec_ce 1.9893 contrast 0.2739 diversity 0.0101 | 3.2 it/s
step    6150 | cos 0.4672 | thought 0.8146 dec_ce 2.0968 contrast 0.2849 diversity 0.0111 | 3.3 it/s
step    6200 | cos 0.4714 | thought 0.827 dec_ce 2.0826 contrast 0.3019 diversity 0.0098 | 3.2 it/s
step    6250 | cos 0.4695 | thought 0.7987 dec_ce 2.0264 contrast 0.2611 diversity 0.0121 | 3.2 it/s
step    6300 | cos 0.4700 | thought 0.7849 dec_ce 1.9171 contrast 0.2655 diversity 0.0101 | 3.2 it/s
step    6350 | cos 0.4719 | thought 0.7889 dec_ce 1.9432 contrast 0.2884 diversity 0.011 | 3.3 it/s
step    6400 | cos 0.4683 | thought 0.7996 dec_ce 2.0153 contrast 0.2667 diversity 0.0118 | 3.2 it/s
step    6450 | cos 0.4696 | thought 0.8051 dec_ce 1.9964 contrast 0.3037 diversity 0.0093 | 3.2 it/s
step    6500 | cos 0.4687 | thought 0.7951 dec_ce 1.9641 contrast 0.296 diversity 0.0095 | 3.3 it/s
step    6550 | cos 0.4695 | thought 0.8107 dec_ce 2.0596 contrast 0.2938 diversity 0.0096 | 3.2 it/s
step    6600 | cos 0.4710 | thought 0.7698 dec_ce 1.9134 contrast 0.3053 diversity 0.0091 | 3.3 it/s
step    6650 | cos 0.4693 | thought 0.8074 dec_ce 2.1765 contrast 0.3056 diversity 0.0105 | 3.3 it/s
step    6700 | cos 0.4663 | thought 0.8001 dec_ce 2.0078 contrast 0.2814 diversity 0.0115 | 3.2 it/s
step    6750 | cos 0.4687 | thought 0.7926 dec_ce 1.9824 contrast 0.2776 diversity 0.0108 | 3.3 it/s
step    6800 | cos 0.4678 | thought 0.8267 dec_ce 2.0632 contrast 0.3495 diversity 0.0089 | 3.2 it/s
step    6850 | cos 0.4709 | thought 0.7812 dec_ce 1.9595 contrast 0.3086 diversity 0.009 | 3.2 it/s
step    6900 | cos 0.4715 | thought 0.8046 dec_ce 1.9736 contrast 0.274 diversity 0.0125 | 3.3 it/s
step    6950 | cos 0.4712 | thought 0.7903 dec_ce 1.9243 contrast 0.2671 diversity 0.0114 | 3.2 it/s
step    7000 | cos 0.4733 | thought 0.7902 dec_ce 1.8945 contrast 0.2624 diversity 0.0123 | 3.2 it/s
step    7000 | VAL cos 0.4728 | VAL dec CE 3.7958
step    7050 | cos 0.4677 | thought 0.7923 dec_ce 1.9483 contrast 0.2714 diversity 0.0106 | 2.6 it/s
step    7100 | cos 0.4704 | thought 0.785 dec_ce 1.9192 contrast 0.2806 diversity 0.0102 | 3.2 it/s
step    7150 | cos 0.4702 | thought 0.7669 dec_ce 1.9031 contrast 0.2892 diversity 0.0093 | 3.2 it/s
step    7200 | cos 0.4687 | thought 0.7959 dec_ce 1.9535 contrast 0.2817 diversity 0.0111 | 3.2 it/s
step    7250 | cos 0.4709 | thought 0.8222 dec_ce 2.1158 contrast 0.2771 diversity 0.0114 | 3.2 it/s
step    7300 | cos 0.4712 | thought 0.803 dec_ce 1.9453 contrast 0.271 diversity 0.0116 | 3.3 it/s
step    7350 | cos 0.4686 | thought 0.7822 dec_ce 1.9124 contrast 0.284 diversity 0.0087 | 3.2 it/s
step    7400 | cos 0.4688 | thought 0.786 dec_ce 2.0542 contrast 0.2948 diversity 0.0112 | 3.2 it/s
step    7450 | cos 0.4702 | thought 0.7935 dec_ce 2.0948 contrast 0.2929 diversity 0.0095 | 3.2 it/s
step    7500 | cos 0.4679 | thought 0.7842 dec_ce 1.931 contrast 0.2795 diversity 0.0112 | 3.2 it/s
step    7550 | cos 0.4738 | thought 0.7885 dec_ce 2.0153 contrast 0.2886 diversity 0.0113 | 3.2 it/s
step    7600 | cos 0.4729 | thought 0.7949 dec_ce 1.9774 contrast 0.279 diversity 0.0111 | 3.3 it/s
step    7650 | cos 0.4742 | thought 0.7848 dec_ce 2.0163 contrast 0.2752 diversity 0.0108 | 3.2 it/s
step    7700 | cos 0.4706 | thought 0.7838 dec_ce 1.9198 contrast 0.2799 diversity 0.0108 | 3.3 it/s
step    7750 | cos 0.4715 | thought 0.8063 dec_ce 2.0552 contrast 0.2736 diversity 0.0103 | 3.3 it/s
step    7800 | cos 0.4695 | thought 0.8197 dec_ce 1.969 contrast 0.2913 diversity 0.0095 | 3.2 it/s
step    7850 | cos 0.4683 | thought 0.7916 dec_ce 1.9755 contrast 0.2656 diversity 0.0123 | 3.2 it/s
step    7900 | cos 0.4717 | thought 0.7978 dec_ce 2.0052 contrast 0.2658 diversity 0.0131 | 3.2 it/s
step    7950 | cos 0.4714 | thought 0.7851 dec_ce 1.9377 contrast 0.2692 diversity 0.0118 | 3.2 it/s
step    8000 | cos 0.4727 | thought 0.7867 dec_ce 1.8637 contrast 0.2831 diversity 0.0102 | 3.2 it/s
step    8000 | VAL cos 0.4750 | VAL dec CE 3.7786
step    8050 | cos 0.4740 | thought 0.7925 dec_ce 2.0244 contrast 0.2974 diversity 0.0105 | 2.7 it/s
step    8100 | cos 0.4696 | thought 0.7991 dec_ce 1.9628 contrast 0.2604 diversity 0.0112 | 3.2 it/s
step    8150 | cos 0.4677 | thought 0.7857 dec_ce 1.855 contrast 0.2862 diversity 0.0112 | 3.2 it/s
step    8200 | cos 0.4704 | thought 0.802 dec_ce 2.0062 contrast 0.2867 diversity 0.0122 | 3.2 it/s
step    8250 | cos 0.4679 | thought 0.7619 dec_ce 1.9019 contrast 0.2727 diversity 0.0119 | 3.2 it/s
step    8300 | cos 0.4698 | thought 0.7922 dec_ce 1.988 contrast 0.2569 diversity 0.0117 | 3.2 it/s
step    8350 | cos 0.4702 | thought 0.7966 dec_ce 2.0739 contrast 0.2715 diversity 0.0129 | 3.2 it/s
step    8400 | cos 0.4737 | thought 0.7946 dec_ce 1.9378 contrast 0.2948 diversity 0.0099 | 3.2 it/s
step    8450 | cos 0.4679 | thought 0.7981 dec_ce 1.9243 contrast 0.2871 diversity 0.0092 | 3.2 it/s
step    8500 | cos 0.4722 | thought 0.7827 dec_ce 1.8104 contrast 0.2848 diversity 0.0105 | 3.2 it/s
step    8550 | cos 0.4721 | thought 0.7839 dec_ce 1.947 contrast 0.2828 diversity 0.0098 | 3.2 it/s
step    8600 | cos 0.4703 | thought 0.7807 dec_ce 2.0247 contrast 0.2945 diversity 0.0111 | 3.2 it/s
step    8650 | cos 0.4737 | thought 0.7861 dec_ce 1.9036 contrast 0.2581 diversity 0.012 | 3.3 it/s
step    8700 | cos 0.4733 | thought 0.7862 dec_ce 2.0023 contrast 0.2821 diversity 0.0104 | 3.2 it/s
step    8750 | cos 0.4729 | thought 0.7923 dec_ce 1.8845 contrast 0.2885 diversity 0.0117 | 3.2 it/s
step    8800 | cos 0.4762 | thought 0.7846 dec_ce 2.0582 contrast 0.2618 diversity 0.0117 | 3.2 it/s
step    8850 | cos 0.4714 | thought 0.8007 dec_ce 1.9944 contrast 0.2906 diversity 0.0109 | 3.2 it/s
step    8900 | cos 0.4718 | thought 0.8246 dec_ce 1.9596 contrast 0.2928 diversity 0.011 | 3.2 it/s
step    8950 | cos 0.4687 | thought 0.7968 dec_ce 1.981 contrast 0.2628 diversity 0.013 | 3.2 it/s
step    9000 | cos 0.4729 | thought 0.7725 dec_ce 1.9719 contrast 0.2536 diversity 0.0105 | 3.2 it/s
step    9000 | VAL cos 0.4773 | VAL dec CE 3.7706
step    9050 | cos 0.4732 | thought 0.7728 dec_ce 1.8751 contrast 0.2939 diversity 0.0093 | 2.7 it/s
step    9100 | cos 0.4714 | thought 0.778 dec_ce 1.876 contrast 0.2851 diversity 0.011 | 3.1 it/s
step    9150 | cos 0.4737 | thought 0.7719 dec_ce 1.9496 contrast 0.2979 diversity 0.009 | 3.2 it/s
step    9200 | cos 0.4727 | thought 0.7574 dec_ce 1.8498 contrast 0.2679 diversity 0.0123 | 3.2 it/s
step    9250 | cos 0.4755 | thought 0.7906 dec_ce 1.9752 contrast 0.2822 diversity 0.0097 | 3.3 it/s
step    9300 | cos 0.4750 | thought 0.7937 dec_ce 1.9708 contrast 0.2696 diversity 0.0102 | 3.2 it/s
step    9350 | cos 0.4746 | thought 0.805 dec_ce 1.8994 contrast 0.2929 diversity 0.01 | 3.2 it/s
step    9400 | cos 0.4712 | thought 0.7998 dec_ce 1.9424 contrast 0.3139 diversity 0.009 | 3.2 it/s
step    9450 | cos 0.4687 | thought 0.7964 dec_ce 1.9567 contrast 0.2607 diversity 0.0126 | 3.2 it/s
step    9500 | cos 0.4693 | thought 0.7963 dec_ce 1.9973 contrast 0.251 diversity 0.0116 | 3.2 it/s
step    9550 | cos 0.4724 | thought 0.7821 dec_ce 1.8875 contrast 0.3141 diversity 0.009 | 3.2 it/s
step    9600 | cos 0.4714 | thought 0.7774 dec_ce 1.9626 contrast 0.2598 diversity 0.0121 | 3.1 it/s
step    9650 | cos 0.4726 | thought 0.799 dec_ce 1.8493 contrast 0.309 diversity 0.0099 | 3.2 it/s
step    9700 | cos 0.4724 | thought 0.797 dec_ce 1.9467 contrast 0.2765 diversity 0.0105 | 3.2 it/s
step    9750 | cos 0.4754 | thought 0.7864 dec_ce 1.9035 contrast 0.3034 diversity 0.0096 | 3.2 it/s
step    9800 | cos 0.4719 | thought 0.7847 dec_ce 2.1077 contrast 0.274 diversity 0.0137 | 3.2 it/s
step    9850 | cos 0.4743 | thought 0.7631 dec_ce 1.9491 contrast 0.2588 diversity 0.0112 | 3.2 it/s
step    9900 | cos 0.4730 | thought 0.8032 dec_ce 2.0226 contrast 0.2753 diversity 0.0118 | 3.2 it/s
step    9950 | cos 0.4743 | thought 0.8181 dec_ce 2.0214 contrast 0.2978 diversity 0.0106 | 3.2 it/s
step   10000 | cos 0.4714 | thought 0.8103 dec_ce 2.0521 contrast 0.297 diversity 0.0089 | 3.2 it/s
step   10000 | VAL cos 0.4749 | VAL dec CE 3.7619
step   10050 | cos 0.4713 | thought 0.7926 dec_ce 1.9855 contrast 0.298 diversity 0.0102 | 2.4 it/s
step   10100 | cos 0.4721 | thought 0.7738 dec_ce 1.9104 contrast 0.2868 diversity 0.0101 | 3.1 it/s
step   10150 | cos 0.4724 | thought 0.7781 dec_ce 1.963 contrast 0.2743 diversity 0.0105 | 3.1 it/s
step   10200 | cos 0.4705 | thought 0.8168 dec_ce 1.9923 contrast 0.3015 diversity 0.0112 | 3.3 it/s
step   10250 | cos 0.4727 | thought 0.7893 dec_ce 1.9714 contrast 0.3082 diversity 0.0096 | 3.2 it/s
step   10300 | cos 0.4712 | thought 0.7919 dec_ce 1.8729 contrast 0.2809 diversity 0.0118 | 3.2 it/s
step   10350 | cos 0.4762 | thought 0.7851 dec_ce 2.02 contrast 0.2762 diversity 0.0112 | 3.2 it/s
step   10400 | cos 0.4725 | thought 0.7586 dec_ce 1.9183 contrast 0.2764 diversity 0.0106 | 3.1 it/s
step   10450 | cos 0.4733 | thought 0.8175 dec_ce 1.9868 contrast 0.2785 diversity 0.0103 | 3.3 it/s
step   10500 | cos 0.4730 | thought 0.7552 dec_ce 1.8048 contrast 0.2688 diversity 0.011 | 3.3 it/s
step   10550 | cos 0.4743 | thought 0.7638 dec_ce 1.8516 contrast 0.2694 diversity 0.0107 | 3.2 it/s
step   10600 | cos 0.4718 | thought 0.7817 dec_ce 1.9115 contrast 0.2714 diversity 0.0121 | 3.2 it/s
step   10650 | cos 0.4737 | thought 0.8073 dec_ce 1.8567 contrast 0.2934 diversity 0.0114 | 3.2 it/s
step   10700 | cos 0.4733 | thought 0.7729 dec_ce 1.9113 contrast 0.3028 diversity 0.0078 | 3.2 it/s
step   10750 | cos 0.4734 | thought 0.7937 dec_ce 2.02 contrast 0.2696 diversity 0.013 | 3.2 it/s
step   10800 | cos 0.4720 | thought 0.7579 dec_ce 1.8708 contrast 0.2575 diversity 0.011 | 3.1 it/s
step   10850 | cos 0.4750 | thought 0.8007 dec_ce 1.9617 contrast 0.2843 diversity 0.0112 | 3.3 it/s
step   10900 | cos 0.4747 | thought 0.7729 dec_ce 1.9448 contrast 0.2786 diversity 0.0114 | 3.2 it/s
step   10950 | cos 0.4707 | thought 0.8004 dec_ce 2.0688 contrast 0.2411 diversity 0.0139 | 3.2 it/s
step   11000 | cos 0.4759 | thought 0.7978 dec_ce 2.0256 contrast 0.3009 diversity 0.0107 | 3.2 it/s
step   11000 | VAL cos 0.4771 | VAL dec CE 3.7547
step   11050 | cos 0.4742 | thought 0.7862 dec_ce 2.0094 contrast 0.2767 diversity 0.0117 | 2.6 it/s
step   11100 | cos 0.4753 | thought 0.7898 dec_ce 1.9151 contrast 0.269 diversity 0.0122 | 3.2 it/s
step   11150 | cos 0.4731 | thought 0.7302 dec_ce 1.8191 contrast 0.2517 diversity 0.0115 | 3.2 it/s
step   11200 | cos 0.4721 | thought 0.7986 dec_ce 1.8818 contrast 0.2914 diversity 0.0093 | 3.2 it/s
step   11250 | cos 0.4765 | thought 0.7783 dec_ce 2.0644 contrast 0.2631 diversity 0.0109 | 3.2 it/s
step   11300 | cos 0.4735 | thought 0.8245 dec_ce 2.0599 contrast 0.2554 diversity 0.0131 | 3.2 it/s
step   11350 | cos 0.4742 | thought 0.7975 dec_ce 1.9663 contrast 0.288 diversity 0.0091 | 3.1 it/s
step   11400 | cos 0.4736 | thought 0.7996 dec_ce 1.9958 contrast 0.2724 diversity 0.0128 | 3.2 it/s
step   11450 | cos 0.4731 | thought 0.7999 dec_ce 2.0231 contrast 0.281 diversity 0.0103 | 3.2 it/s
wall-clock cap reached at step 11468

Run 'r4_all' done: 11468 steps | final val cos 0.4769 | dec CE 3.7552
