/home/nochi/vault/projects/ThoughtVectors/thoughtvec/.venv/lib/python3.12/site-packages/torch/nn/modules/transformer.py:392: UserWarning: enable_nested_tensor is True, but self.use_nested_tensor is False because encoder_layer.norm_first was True
  warnings.warn(
thinker params: 32.04M (codec d=384, frozen=True)
step      50 | cos 0.0455 | thought 1.7481 dec_ce 2.2938 | 2.9 it/s
step     100 | cos 0.1827 | thought 1.5534 dec_ce 2.2125 | 3.1 it/s
step     150 | cos 0.2395 | thought 1.5335 dec_ce 2.2875 | 3.1 it/s
step     200 | cos 0.2527 | thought 1.4799 dec_ce 2.353 | 3.1 it/s
step     250 | cos 0.2614 | thought 1.4603 dec_ce 2.1505 | 3.1 it/s
step     300 | cos 0.2888 | thought 1.275 dec_ce 2.2092 | 3.2 it/s
step     350 | cos 0.3339 | thought 1.2236 dec_ce 1.9705 | 3.2 it/s
step     400 | cos 0.3593 | thought 1.2226 dec_ce 2.1726 | 3.1 it/s
step     450 | cos 0.3819 | thought 1.151 dec_ce 2.0951 | 3.2 it/s
step     500 | cos 0.4009 | thought 1.1227 dec_ce 2.0279 | 3.1 it/s
step     550 | cos 0.4130 | thought 1.0646 dec_ce 2.0502 | 3.0 it/s
step     600 | cos 0.4296 | thought 0.9983 dec_ce 2.0639 | 3.2 it/s
step     650 | cos 0.4379 | thought 1.0303 dec_ce 2.0573 | 3.2 it/s
step     700 | cos 0.4414 | thought 0.967 dec_ce 2.1033 | 3.2 it/s
step     750 | cos 0.4470 | thought 0.9797 dec_ce 1.9012 | 3.1 it/s
step     800 | cos 0.4478 | thought 0.9697 dec_ce 2.1689 | 3.2 it/s
step     850 | cos 0.4481 | thought 0.9702 dec_ce 2.1133 | 3.1 it/s
step     900 | cos 0.4514 | thought 0.9828 dec_ce 2.1606 | 3.2 it/s
step     950 | cos 0.4544 | thought 0.9056 dec_ce 1.9349 | 3.2 it/s
step    1000 | cos 0.4570 | thought 0.959 dec_ce 2.1308 | 3.2 it/s
step    1000 | VAL cos 0.4577 | VAL dec CE 3.9363
step    1050 | cos 0.4567 | thought 0.8877 dec_ce 1.9636 | 2.6 it/s
step    1100 | cos 0.4575 | thought 0.932 dec_ce 2.0684 | 3.2 it/s
step    1150 | cos 0.4583 | thought 0.9049 dec_ce 2.1042 | 3.2 it/s
step    1200 | cos 0.4584 | thought 0.8676 dec_ce 1.9347 | 3.2 it/s
step    1250 | cos 0.4591 | thought 0.9265 dec_ce 2.1296 | 3.1 it/s
step    1300 | cos 0.4608 | thought 0.8605 dec_ce 2.0225 | 3.1 it/s
step    1350 | cos 0.4607 | thought 0.852 dec_ce 1.9329 | 3.2 it/s
step    1400 | cos 0.4660 | thought 0.8102 dec_ce 1.8741 | 3.1 it/s
step    1450 | cos 0.4606 | thought 0.8346 dec_ce 1.9847 | 3.1 it/s
step    1500 | cos 0.4609 | thought 0.8142 dec_ce 1.9066 | 3.2 it/s
step    1550 | cos 0.4642 | thought 0.8335 dec_ce 2.0287 | 3.1 it/s
step    1600 | cos 0.4660 | thought 0.8294 dec_ce 2.0983 | 3.2 it/s
step    1650 | cos 0.4623 | thought 0.8086 dec_ce 1.9033 | 3.2 it/s
step    1700 | cos 0.4643 | thought 0.8526 dec_ce 2.0862 | 3.2 it/s
step    1750 | cos 0.4655 | thought 0.8195 dec_ce 2.1217 | 3.2 it/s
step    1800 | cos 0.4625 | thought 0.8104 dec_ce 1.9941 | 3.2 it/s
step    1850 | cos 0.4711 | thought 0.7925 dec_ce 2.036 | 3.2 it/s
step    1900 | cos 0.4680 | thought 0.8025 dec_ce 2.0009 | 3.2 it/s
step    1950 | cos 0.4671 | thought 0.7963 dec_ce 1.9953 | 3.1 it/s
step    2000 | cos 0.4689 | thought 0.7998 dec_ce 2.0681 | 3.1 it/s
step    2000 | VAL cos 0.4732 | VAL dec CE 3.8559
step    2050 | cos 0.4732 | thought 0.7991 dec_ce 2.0562 | 2.6 it/s
step    2100 | cos 0.4736 | thought 0.7811 dec_ce 1.9834 | 3.2 it/s
step    2150 | cos 0.4731 | thought 0.768 dec_ce 1.8467 | 3.2 it/s
step    2200 | cos 0.4712 | thought 0.826 dec_ce 2.1557 | 3.2 it/s
step    2250 | cos 0.4740 | thought 0.7996 dec_ce 2.0361 | 3.2 it/s
step    2300 | cos 0.4705 | thought 0.7793 dec_ce 1.9957 | 3.2 it/s
step    2350 | cos 0.4741 | thought 0.7802 dec_ce 1.9553 | 3.2 it/s
step    2400 | cos 0.4716 | thought 0.8033 dec_ce 1.9696 | 3.2 it/s
step    2450 | cos 0.4751 | thought 0.7756 dec_ce 1.9943 | 3.2 it/s
step    2500 | cos 0.4764 | thought 0.7769 dec_ce 1.947 | 3.2 it/s
step    2550 | cos 0.4729 | thought 0.7796 dec_ce 1.9728 | 3.1 it/s
step    2600 | cos 0.4717 | thought 0.7814 dec_ce 2.0215 | 3.2 it/s
step    2650 | cos 0.4768 | thought 0.7584 dec_ce 1.9937 | 3.2 it/s
step    2700 | cos 0.4741 | thought 0.7877 dec_ce 2.08 | 3.2 it/s
step    2750 | cos 0.4748 | thought 0.7825 dec_ce 2.004 | 3.2 it/s
step    2800 | cos 0.4767 | thought 0.8001 dec_ce 2.032 | 3.2 it/s
step    2850 | cos 0.4766 | thought 0.7929 dec_ce 2.0059 | 3.2 it/s
step    2900 | cos 0.4785 | thought 0.7771 dec_ce 1.9617 | 3.2 it/s
step    2950 | cos 0.4769 | thought 0.7868 dec_ce 2.0357 | 3.2 it/s
step    3000 | cos 0.4745 | thought 0.7631 dec_ce 1.9852 | 3.2 it/s
step    3000 | VAL cos 0.4799 | VAL dec CE 3.8210
step    3050 | cos 0.4769 | thought 0.8266 dec_ce 2.087 | 2.6 it/s
step    3100 | cos 0.4810 | thought 0.7748 dec_ce 2.0046 | 3.2 it/s
step    3150 | cos 0.4803 | thought 0.7833 dec_ce 2.0122 | 3.2 it/s
step    3200 | cos 0.4792 | thought 0.7702 dec_ce 2.0244 | 3.2 it/s
step    3250 | cos 0.4779 | thought 0.8039 dec_ce 2.0936 | 3.2 it/s
step    3300 | cos 0.4791 | thought 0.8086 dec_ce 2.0732 | 3.2 it/s
step    3350 | cos 0.4788 | thought 0.7746 dec_ce 2.0523 | 3.2 it/s
step    3400 | cos 0.4776 | thought 0.7889 dec_ce 2.0141 | 3.2 it/s
step    3450 | cos 0.4762 | thought 0.7756 dec_ce 1.8897 | 3.3 it/s
step    3500 | cos 0.4806 | thought 0.7728 dec_ce 1.9907 | 3.2 it/s
step    3550 | cos 0.4799 | thought 0.7897 dec_ce 2.0354 | 3.2 it/s
step    3600 | cos 0.4789 | thought 0.8016 dec_ce 1.9801 | 3.2 it/s
step    3650 | cos 0.4803 | thought 0.791 dec_ce 1.9464 | 3.2 it/s
step    3700 | cos 0.4788 | thought 0.7917 dec_ce 1.926 | 3.2 it/s
step    3750 | cos 0.4809 | thought 0.7679 dec_ce 1.9342 | 3.2 it/s
step    3800 | cos 0.4760 | thought 0.7808 dec_ce 2.0364 | 3.2 it/s
step    3850 | cos 0.4771 | thought 0.8071 dec_ce 2.0104 | 3.2 it/s
step    3900 | cos 0.4807 | thought 0.753 dec_ce 1.9436 | 3.2 it/s
step    3950 | cos 0.4821 | thought 0.7711 dec_ce 2.0833 | 3.3 it/s
step    4000 | cos 0.4775 | thought 0.788 dec_ce 1.9758 | 3.2 it/s
step    4000 | VAL cos 0.4812 | VAL dec CE 3.7958
step    4050 | cos 0.4809 | thought 0.7971 dec_ce 2.0126 | 2.6 it/s
step    4100 | cos 0.4763 | thought 0.8064 dec_ce 2.0498 | 3.3 it/s
step    4150 | cos 0.4772 | thought 0.7614 dec_ce 1.9157 | 3.2 it/s
step    4200 | cos 0.4811 | thought 0.7913 dec_ce 2.0934 | 3.2 it/s
step    4250 | cos 0.4799 | thought 0.7659 dec_ce 1.8957 | 3.2 it/s
step    4300 | cos 0.4840 | thought 0.776 dec_ce 2.0233 | 3.2 it/s
step    4350 | cos 0.4806 | thought 0.7837 dec_ce 1.9345 | 3.2 it/s
step    4400 | cos 0.4835 | thought 0.7542 dec_ce 1.9616 | 3.3 it/s
step    4450 | cos 0.4828 | thought 0.7775 dec_ce 2.0697 | 3.3 it/s
step    4500 | cos 0.4841 | thought 0.7633 dec_ce 2.0094 | 3.2 it/s
step    4550 | cos 0.4834 | thought 0.7924 dec_ce 1.9893 | 3.1 it/s
step    4600 | cos 0.4812 | thought 0.7897 dec_ce 2.0359 | 3.3 it/s
step    4650 | cos 0.4829 | thought 0.7616 dec_ce 1.9587 | 3.2 it/s
step    4700 | cos 0.4820 | thought 0.7669 dec_ce 1.9813 | 3.3 it/s
step    4750 | cos 0.4815 | thought 0.7916 dec_ce 1.8984 | 3.1 it/s
step    4800 | cos 0.4794 | thought 0.7877 dec_ce 2.028 | 3.2 it/s
step    4850 | cos 0.4839 | thought 0.8086 dec_ce 2.1472 | 3.2 it/s
step    4900 | cos 0.4885 | thought 0.7685 dec_ce 1.9514 | 3.2 it/s
step    4950 | cos 0.4836 | thought 0.7788 dec_ce 1.976 | 3.2 it/s
step    5000 | cos 0.4810 | thought 0.7863 dec_ce 2.0081 | 3.1 it/s
step    5000 | VAL cos 0.4850 | VAL dec CE 3.7766
step    5050 | cos 0.4852 | thought 0.7744 dec_ce 1.9631 | 2.6 it/s
step    5100 | cos 0.4828 | thought 0.7921 dec_ce 1.9002 | 3.2 it/s
step    5150 | cos 0.4807 | thought 0.7984 dec_ce 1.9921 | 3.2 it/s
step    5200 | cos 0.4818 | thought 0.7911 dec_ce 1.9957 | 3.2 it/s
step    5250 | cos 0.4834 | thought 0.789 dec_ce 2.1348 | 3.1 it/s
step    5300 | cos 0.4846 | thought 0.7593 dec_ce 1.9862 | 3.2 it/s
step    5350 | cos 0.4854 | thought 0.7576 dec_ce 1.9654 | 3.2 it/s
step    5400 | cos 0.4834 | thought 0.8039 dec_ce 2.0407 | 3.2 it/s
step    5450 | cos 0.4856 | thought 0.7591 dec_ce 1.9303 | 3.3 it/s
step    5500 | cos 0.4832 | thought 0.7799 dec_ce 1.9919 | 3.2 it/s
step    5550 | cos 0.4829 | thought 0.7705 dec_ce 1.9789 | 3.2 it/s
step    5600 | cos 0.4853 | thought 0.7763 dec_ce 2.012 | 3.2 it/s
step    5650 | cos 0.4859 | thought 0.762 dec_ce 1.8727 | 3.3 it/s
step    5700 | cos 0.4843 | thought 0.7729 dec_ce 1.8962 | 3.2 it/s
step    5750 | cos 0.4857 | thought 0.7701 dec_ce 1.9193 | 3.2 it/s
step    5800 | cos 0.4832 | thought 0.7924 dec_ce 1.9979 | 3.2 it/s
step    5850 | cos 0.4850 | thought 0.8057 dec_ce 2.0915 | 3.3 it/s
step    5900 | cos 0.4848 | thought 0.7832 dec_ce 2.0513 | 3.2 it/s
step    5950 | cos 0.4858 | thought 0.7752 dec_ce 1.8212 | 3.2 it/s
step    6000 | cos 0.4875 | thought 0.761 dec_ce 1.8636 | 3.3 it/s
step    6000 | VAL cos 0.4855 | VAL dec CE 3.7504
step    6050 | cos 0.4846 | thought 0.7747 dec_ce 1.8883 | 2.7 it/s
step    6100 | cos 0.4881 | thought 0.78 dec_ce 1.9711 | 3.2 it/s
step    6150 | cos 0.4841 | thought 0.7895 dec_ce 2.0638 | 3.3 it/s
step    6200 | cos 0.4883 | thought 0.8075 dec_ce 2.0923 | 3.2 it/s
step    6250 | cos 0.4861 | thought 0.786 dec_ce 2.0112 | 3.2 it/s
step    6300 | cos 0.4866 | thought 0.7678 dec_ce 1.9122 | 3.2 it/s
step    6350 | cos 0.4882 | thought 0.7714 dec_ce 1.9015 | 3.3 it/s
step    6400 | cos 0.4842 | thought 0.774 dec_ce 1.9932 | 3.2 it/s
step    6450 | cos 0.4852 | thought 0.7805 dec_ce 1.9785 | 3.2 it/s
step    6500 | cos 0.4859 | thought 0.7754 dec_ce 1.9494 | 3.2 it/s
step    6550 | cos 0.4863 | thought 0.7957 dec_ce 2.052 | 3.2 it/s
step    6600 | cos 0.4876 | thought 0.7526 dec_ce 1.8861 | 3.3 it/s
step    6650 | cos 0.4864 | thought 0.7918 dec_ce 2.1572 | 3.2 it/s
step    6700 | cos 0.4842 | thought 0.783 dec_ce 2.0023 | 3.2 it/s
step    6750 | cos 0.4865 | thought 0.7768 dec_ce 1.9841 | 3.2 it/s
step    6800 | cos 0.4856 | thought 0.7917 dec_ce 2.0222 | 3.2 it/s
step    6850 | cos 0.4872 | thought 0.7546 dec_ce 1.9271 | 3.2 it/s
step    6900 | cos 0.4887 | thought 0.7867 dec_ce 1.9555 | 3.3 it/s
step    6950 | cos 0.4879 | thought 0.7753 dec_ce 1.8935 | 3.2 it/s
step    7000 | cos 0.4900 | thought 0.7695 dec_ce 1.8676 | 3.2 it/s
step    7000 | VAL cos 0.4883 | VAL dec CE 3.7307
step    7050 | cos 0.4851 | thought 0.7811 dec_ce 1.9495 | 2.6 it/s
step    7100 | cos 0.4879 | thought 0.7755 dec_ce 1.9191 | 3.3 it/s
step    7150 | cos 0.4899 | thought 0.7486 dec_ce 1.8897 | 3.2 it/s
step    7200 | cos 0.4860 | thought 0.7743 dec_ce 1.9318 | 3.2 it/s
step    7250 | cos 0.4874 | thought 0.7997 dec_ce 2.054 | 3.2 it/s
step    7300 | cos 0.4878 | thought 0.7845 dec_ce 1.9442 | 3.2 it/s
step    7350 | cos 0.4865 | thought 0.7687 dec_ce 1.887 | 3.2 it/s
step    7400 | cos 0.4861 | thought 0.7661 dec_ce 2.041 | 3.2 it/s
step    7450 | cos 0.4877 | thought 0.7807 dec_ce 2.0634 | 3.2 it/s
step    7500 | cos 0.4861 | thought 0.7616 dec_ce 1.8928 | 3.2 it/s
step    7550 | cos 0.4908 | thought 0.7732 dec_ce 1.9864 | 3.2 it/s
step    7600 | cos 0.4912 | thought 0.7723 dec_ce 1.9685 | 3.3 it/s
step    7650 | cos 0.4924 | thought 0.76 dec_ce 1.9591 | 3.2 it/s
step    7700 | cos 0.4884 | thought 0.7646 dec_ce 1.8975 | 3.3 it/s
step    7750 | cos 0.4881 | thought 0.7817 dec_ce 2.0273 | 3.2 it/s
step    7800 | cos 0.4876 | thought 0.8024 dec_ce 1.9381 | 3.2 it/s
step    7850 | cos 0.4866 | thought 0.767 dec_ce 1.9607 | 3.2 it/s
step    7900 | cos 0.4888 | thought 0.7819 dec_ce 1.9987 | 3.2 it/s
step    7950 | cos 0.4884 | thought 0.7739 dec_ce 1.9249 | 3.2 it/s
step    8000 | cos 0.4905 | thought 0.7703 dec_ce 1.8558 | 3.2 it/s
step    8000 | VAL cos 0.4909 | VAL dec CE 3.7186
step    8050 | cos 0.4923 | thought 0.7732 dec_ce 1.9781 | 2.7 it/s
step    8100 | cos 0.4866 | thought 0.7802 dec_ce 1.9179 | 3.2 it/s
step    8150 | cos 0.4860 | thought 0.7573 dec_ce 1.8053 | 3.2 it/s
step    8200 | cos 0.4892 | thought 0.7754 dec_ce 1.9606 | 3.2 it/s
step    8250 | cos 0.4850 | thought 0.7411 dec_ce 1.8415 | 3.2 it/s
step    8300 | cos 0.4880 | thought 0.7787 dec_ce 1.973 | 3.2 it/s
step    8350 | cos 0.4882 | thought 0.7715 dec_ce 2.048 | 3.2 it/s
step    8400 | cos 0.4912 | thought 0.7782 dec_ce 1.8957 | 3.2 it/s
step    8450 | cos 0.4851 | thought 0.7849 dec_ce 1.8929 | 3.2 it/s
step    8500 | cos 0.4891 | thought 0.757 dec_ce 1.7809 | 3.2 it/s
step    8550 | cos 0.4902 | thought 0.7708 dec_ce 1.9136 | 3.2 it/s
step    8600 | cos 0.4881 | thought 0.7518 dec_ce 1.9929 | 3.2 it/s
step    8650 | cos 0.4911 | thought 0.7675 dec_ce 1.8638 | 3.3 it/s
step    8700 | cos 0.4912 | thought 0.7597 dec_ce 1.9958 | 3.2 it/s
step    8750 | cos 0.4899 | thought 0.7768 dec_ce 1.8782 | 3.2 it/s
step    8800 | cos 0.4948 | thought 0.7639 dec_ce 2.0113 | 3.2 it/s
step    8850 | cos 0.4898 | thought 0.7689 dec_ce 1.9787 | 3.2 it/s
step    8900 | cos 0.4902 | thought 0.8031 dec_ce 1.9329 | 3.2 it/s
step    8950 | cos 0.4876 | thought 0.7811 dec_ce 1.9716 | 3.2 it/s
step    9000 | cos 0.4917 | thought 0.7458 dec_ce 1.9206 | 3.2 it/s
step    9000 | VAL cos 0.4915 | VAL dec CE 3.7059
step    9050 | cos 0.4918 | thought 0.7436 dec_ce 1.849 | 2.7 it/s
step    9100 | cos 0.4902 | thought 0.7477 dec_ce 1.8615 | 3.2 it/s
step    9150 | cos 0.4915 | thought 0.7439 dec_ce 1.9295 | 3.2 it/s
step    9200 | cos 0.4909 | thought 0.7233 dec_ce 1.7945 | 3.2 it/s
step    9250 | cos 0.4933 | thought 0.7669 dec_ce 1.9462 | 3.3 it/s
step    9300 | cos 0.4931 | thought 0.7775 dec_ce 1.9627 | 3.2 it/s
step    9350 | cos 0.4922 | thought 0.7883 dec_ce 1.9021 | 3.2 it/s
step    9400 | cos 0.4886 | thought 0.7767 dec_ce 1.8744 | 3.2 it/s
step    9450 | cos 0.4873 | thought 0.7578 dec_ce 1.9105 | 3.2 it/s
step    9500 | cos 0.4879 | thought 0.7779 dec_ce 1.9907 | 3.2 it/s
step    9550 | cos 0.4919 | thought 0.7575 dec_ce 1.8472 | 3.2 it/s
step    9600 | cos 0.4900 | thought 0.7634 dec_ce 1.9062 | 3.1 it/s
step    9650 | cos 0.4909 | thought 0.7806 dec_ce 1.8069 | 3.2 it/s
step    9700 | cos 0.4913 | thought 0.7733 dec_ce 1.9058 | 3.2 it/s
step    9750 | cos 0.4947 | thought 0.7678 dec_ce 1.8795 | 3.2 it/s
step    9800 | cos 0.4899 | thought 0.7615 dec_ce 2.0097 | 3.2 it/s
step    9850 | cos 0.4931 | thought 0.7435 dec_ce 1.9238 | 3.2 it/s
step    9900 | cos 0.4907 | thought 0.7773 dec_ce 1.9743 | 3.2 it/s
step    9950 | cos 0.4930 | thought 0.8065 dec_ce 2.0111 | 3.2 it/s
step   10000 | cos 0.4904 | thought 0.7842 dec_ce 2.0133 | 3.3 it/s
step   10000 | VAL cos 0.4923 | VAL dec CE 3.6940
step   10050 | cos 0.4901 | thought 0.7703 dec_ce 1.9621 | 2.6 it/s
step   10100 | cos 0.4914 | thought 0.7504 dec_ce 1.8805 | 3.2 it/s
step   10150 | cos 0.4909 | thought 0.7503 dec_ce 1.9367 | 3.1 it/s
step   10200 | cos 0.4902 | thought 0.7913 dec_ce 1.9678 | 3.3 it/s
step   10250 | cos 0.4915 | thought 0.779 dec_ce 1.9736 | 3.2 it/s
step   10300 | cos 0.4902 | thought 0.7697 dec_ce 1.8191 | 3.2 it/s
step   10350 | cos 0.4949 | thought 0.7634 dec_ce 2.0468 | 3.1 it/s
step   10400 | cos 0.4907 | thought 0.7421 dec_ce 1.8828 | 3.1 it/s
step   10450 | cos 0.4909 | thought 0.795 dec_ce 1.964 | 3.2 it/s
step   10500 | cos 0.4910 | thought 0.7326 dec_ce 1.7745 | 3.3 it/s
step   10550 | cos 0.4923 | thought 0.7486 dec_ce 1.8365 | 3.2 it/s
step   10600 | cos 0.4903 | thought 0.7567 dec_ce 1.8841 | 3.2 it/s
step   10650 | cos 0.4912 | thought 0.7862 dec_ce 1.8138 | 3.2 it/s
step   10700 | cos 0.4925 | thought 0.7386 dec_ce 1.8289 | 3.2 it/s
step   10750 | cos 0.4920 | thought 0.7784 dec_ce 2.0069 | 3.2 it/s
step   10800 | cos 0.4907 | thought 0.7334 dec_ce 1.8259 | 3.1 it/s
step   10850 | cos 0.4929 | thought 0.7924 dec_ce 1.9769 | 3.2 it/s
step   10900 | cos 0.4950 | thought 0.7411 dec_ce 1.8739 | 3.2 it/s
step   10950 | cos 0.4900 | thought 0.7746 dec_ce 2.0367 | 3.2 it/s
step   11000 | cos 0.4940 | thought 0.7768 dec_ce 1.9994 | 3.2 it/s
step   11000 | VAL cos 0.4929 | VAL dec CE 3.6885
step   11050 | cos 0.4934 | thought 0.7617 dec_ce 1.9735 | 2.6 it/s
step   11100 | cos 0.4947 | thought 0.7606 dec_ce 1.8996 | 3.3 it/s
step   11150 | cos 0.4923 | thought 0.7079 dec_ce 1.7863 | 3.2 it/s
step   11200 | cos 0.4918 | thought 0.7717 dec_ce 1.8993 | 3.2 it/s
step   11250 | cos 0.4940 | thought 0.7694 dec_ce 2.0441 | 3.2 it/s
step   11300 | cos 0.4917 | thought 0.8092 dec_ce 2.0614 | 3.2 it/s
step   11350 | cos 0.4930 | thought 0.7774 dec_ce 1.927 | 3.1 it/s
wall-clock cap reached at step 11397

Run 'r4_perslot' done: 11397 steps | final val cos 0.4932 | dec CE 3.6885
