/home/nochi/vault/projects/ThoughtVectors/thoughtvec/.venv/lib/python3.12/site-packages/torch/nn/modules/transformer.py:392: UserWarning: enable_nested_tensor is True, but self.use_nested_tensor is False because encoder_layer.norm_first was True
  warnings.warn(
thinker params: 32.07M (codec d=384, frozen=True)
step      50 | cos 0.0255 | thought 2.4894 dec_ce 2.359 | 3.0 it/s
step     100 | cos 0.1129 | thought 2.2506 dec_ce 2.2933 | 3.1 it/s
step     150 | cos 0.1955 | thought 2.0465 dec_ce 2.1154 | 3.2 it/s
step     200 | cos 0.2380 | thought 1.9693 dec_ce 2.2736 | 3.1 it/s
step     250 | cos 0.2578 | thought 1.9693 dec_ce 2.2154 | 3.1 it/s
step     300 | cos 0.2693 | thought 1.9534 dec_ce 2.272 | 3.1 it/s
step     350 | cos 0.2713 | thought 1.9415 dec_ce 2.2067 | 3.2 it/s
step     400 | cos 0.2761 | thought 1.8714 dec_ce 2.2654 | 3.1 it/s
step     450 | cos 0.3055 | thought 1.7363 dec_ce 2.0701 | 3.1 it/s
step     500 | cos 0.3314 | thought 1.7183 dec_ce 2.0468 | 3.2 it/s
step     550 | cos 0.3416 | thought 1.6554 dec_ce 2.0523 | 3.0 it/s
step     600 | cos 0.3619 | thought 1.6355 dec_ce 2.196 | 3.2 it/s
step     650 | cos 0.3819 | thought 1.5087 dec_ce 2.011 | 3.2 it/s
step     700 | cos 0.3996 | thought 1.5134 dec_ce 2.0733 | 3.1 it/s
step     750 | cos 0.4226 | thought 1.4109 dec_ce 2.0354 | 3.1 it/s
step     800 | cos 0.4447 | thought 1.3451 dec_ce 2.1073 | 3.1 it/s
step     850 | cos 0.4548 | thought 1.3541 dec_ce 2.0936 | 3.2 it/s
step     900 | cos 0.4680 | thought 1.3698 dec_ce 2.2072 | 3.1 it/s
step     950 | cos 0.4714 | thought 1.3125 dec_ce 1.985 | 3.2 it/s
step    1000 | cos 0.4782 | thought 1.2611 dec_ce 2.0317 | 3.1 it/s
step    1050 | cos 0.4819 | thought 1.3115 dec_ce 2.0543 | 3.1 it/s
step    1100 | cos 0.4894 | thought 1.1845 dec_ce 1.9113 | 3.2 it/s
step    1150 | cos 0.4950 | thought 1.2122 dec_ce 2.027 | 3.3 it/s
step    1200 | cos 0.4963 | thought 1.193 dec_ce 1.9664 | 3.2 it/s
step    1250 | cos 0.4968 | thought 1.2261 dec_ce 2.0797 | 3.2 it/s
step    1300 | cos 0.5028 | thought 1.1875 dec_ce 1.9441 | 3.1 it/s
step    1350 | cos 0.5051 | thought 1.1817 dec_ce 2.0032 | 3.2 it/s
step    1400 | cos 0.5039 | thought 1.1652 dec_ce 2.0122 | 3.2 it/s
step    1450 | cos 0.5056 | thought 1.0823 dec_ce 1.935 | 3.2 it/s
step    1500 | cos 0.5048 | thought 1.1167 dec_ce 2.0913 | 3.2 it/s
step    1550 | cos 0.5074 | thought 1.1366 dec_ce 2.133 | 3.1 it/s
step    1600 | cos 0.5080 | thought 1.0812 dec_ce 2.0273 | 3.1 it/s
step    1650 | cos 0.5091 | thought 1.0585 dec_ce 1.9103 | 3.2 it/s
step    1700 | cos 0.5111 | thought 1.1054 dec_ce 2.0391 | 3.2 it/s
step    1750 | cos 0.5110 | thought 1.1388 dec_ce 2.0494 | 3.2 it/s
step    1800 | cos 0.5144 | thought 1.0564 dec_ce 2.0005 | 3.1 it/s
step    1850 | cos 0.5142 | thought 1.0121 dec_ce 1.8271 | 3.1 it/s
step    1900 | cos 0.5088 | thought 1.1013 dec_ce 2.0952 | 3.2 it/s
step    1950 | cos 0.5141 | thought 1.0501 dec_ce 2.0043 | 3.1 it/s
step    2000 | cos 0.5157 | thought 1.048 dec_ce 1.9799 | 3.2 it/s
step    2000 | VAL cos 0.5169 | VAL dec CE 3.9451
step    2050 | cos 0.5170 | thought 0.9615 dec_ce 1.8773 | 2.6 it/s
step    2100 | cos 0.5156 | thought 1.0033 dec_ce 2.0432 | 3.1 it/s
step    2150 | cos 0.5169 | thought 0.9855 dec_ce 1.973 | 3.3 it/s
step    2200 | cos 0.5173 | thought 0.9885 dec_ce 1.9423 | 3.2 it/s
step    2250 | cos 0.5190 | thought 0.995 dec_ce 2.0726 | 3.2 it/s
step    2300 | cos 0.5155 | thought 0.9717 dec_ce 1.9648 | 3.2 it/s
step    2350 | cos 0.5188 | thought 0.9912 dec_ce 1.9912 | 3.2 it/s
step    2400 | cos 0.5214 | thought 0.952 dec_ce 1.9095 | 3.2 it/s
step    2450 | cos 0.5182 | thought 0.9565 dec_ce 1.8892 | 3.1 it/s
step    2500 | cos 0.5226 | thought 0.9422 dec_ce 1.9395 | 3.2 it/s
step    2550 | cos 0.5209 | thought 0.9847 dec_ce 1.9521 | 3.1 it/s
step    2600 | cos 0.5235 | thought 0.9722 dec_ce 2.0115 | 3.2 it/s
step    2650 | cos 0.5220 | thought 0.9517 dec_ce 1.9513 | 3.2 it/s
step    2700 | cos 0.5212 | thought 0.9804 dec_ce 2.0332 | 3.3 it/s
step    2750 | cos 0.5253 | thought 0.9727 dec_ce 2.0223 | 3.2 it/s
step    2800 | cos 0.5222 | thought 0.9478 dec_ce 2.0299 | 3.2 it/s
step    2850 | cos 0.5212 | thought 0.9296 dec_ce 1.9698 | 3.2 it/s
step    2900 | cos 0.5257 | thought 0.9541 dec_ce 2.0606 | 3.2 it/s
step    2950 | cos 0.5217 | thought 0.985 dec_ce 2.1386 | 3.2 it/s
step    3000 | cos 0.5265 | thought 0.9495 dec_ce 2.0138 | 3.1 it/s
step    3050 | cos 0.5262 | thought 0.9584 dec_ce 1.9959 | 3.2 it/s
step    3100 | cos 0.5229 | thought 0.991 dec_ce 1.993 | 3.2 it/s
step    3150 | cos 0.5233 | thought 0.9517 dec_ce 1.9275 | 3.2 it/s
step    3200 | cos 0.5296 | thought 0.9422 dec_ce 1.8946 | 3.3 it/s
step    3250 | cos 0.5292 | thought 0.9427 dec_ce 1.9927 | 3.3 it/s
step    3300 | cos 0.5253 | thought 0.9793 dec_ce 2.1056 | 3.2 it/s
step    3350 | cos 0.5296 | thought 0.9275 dec_ce 1.9326 | 3.2 it/s
step    3400 | cos 0.5294 | thought 0.9346 dec_ce 1.9864 | 3.2 it/s
step    3450 | cos 0.5310 | thought 0.9518 dec_ce 1.9437 | 3.2 it/s
step    3500 | cos 0.5258 | thought 0.9469 dec_ce 2.0039 | 3.2 it/s
step    3550 | cos 0.5274 | thought 0.9551 dec_ce 1.9494 | 3.1 it/s
step    3600 | cos 0.5300 | thought 0.9513 dec_ce 1.9697 | 3.2 it/s
step    3650 | cos 0.5289 | thought 0.9379 dec_ce 2.0183 | 3.2 it/s
step    3700 | cos 0.5268 | thought 0.938 dec_ce 1.9417 | 3.2 it/s
step    3750 | cos 0.5291 | thought 0.9525 dec_ce 2.0561 | 3.2 it/s
step    3800 | cos 0.5286 | thought 0.9345 dec_ce 1.9852 | 3.2 it/s
step    3850 | cos 0.5258 | thought 0.934 dec_ce 1.8968 | 3.2 it/s
step    3900 | cos 0.5310 | thought 0.9352 dec_ce 2.0191 | 3.2 it/s
step    3950 | cos 0.5295 | thought 0.9188 dec_ce 1.966 | 3.3 it/s
step    4000 | cos 0.5295 | thought 0.9464 dec_ce 1.939 | 3.2 it/s
step    4000 | VAL cos 0.5310 | VAL dec CE 3.8971
step    4050 | cos 0.5306 | thought 0.923 dec_ce 1.8978 | 2.6 it/s
step    4100 | cos 0.5288 | thought 0.9143 dec_ce 1.9206 | 3.2 it/s
step    4150 | cos 0.5303 | thought 0.949 dec_ce 2.0328 | 3.2 it/s
step    4200 | cos 0.5338 | thought 0.9384 dec_ce 1.8874 | 3.2 it/s
step    4250 | cos 0.5270 | thought 0.9248 dec_ce 1.9433 | 3.1 it/s
step    4300 | cos 0.5308 | thought 0.9405 dec_ce 2.0062 | 3.2 it/s
step    4350 | cos 0.5317 | thought 0.921 dec_ce 1.9759 | 3.2 it/s
step    4400 | cos 0.5328 | thought 0.9577 dec_ce 1.9944 | 3.2 it/s
step    4450 | cos 0.5310 | thought 0.9698 dec_ce 2.017 | 3.2 it/s
step    4500 | cos 0.5292 | thought 0.9215 dec_ce 1.8579 | 3.2 it/s
step    4550 | cos 0.5308 | thought 0.9221 dec_ce 1.8646 | 3.1 it/s
step    4600 | cos 0.5345 | thought 0.9573 dec_ce 1.9829 | 3.1 it/s
step    4650 | cos 0.5311 | thought 0.9387 dec_ce 1.9072 | 3.2 it/s
step    4700 | cos 0.5329 | thought 0.9321 dec_ce 2.04 | 3.1 it/s
step    4750 | cos 0.5323 | thought 0.9193 dec_ce 2.0057 | 3.2 it/s
step    4800 | cos 0.5305 | thought 0.9306 dec_ce 1.9923 | 3.1 it/s
step    4850 | cos 0.5297 | thought 0.9198 dec_ce 1.9229 | 3.2 it/s
step    4900 | cos 0.5288 | thought 0.9549 dec_ce 1.9287 | 3.2 it/s
step    4950 | cos 0.5334 | thought 0.9259 dec_ce 1.9006 | 3.2 it/s
step    5000 | cos 0.5348 | thought 0.898 dec_ce 1.9099 | 3.2 it/s
step    5050 | cos 0.5321 | thought 0.986 dec_ce 2.102 | 3.0 it/s
step    5100 | cos 0.5338 | thought 0.9398 dec_ce 1.9335 | 3.3 it/s
step    5150 | cos 0.5313 | thought 0.8972 dec_ce 1.9887 | 3.2 it/s
step    5200 | cos 0.5318 | thought 0.9095 dec_ce 1.9369 | 3.2 it/s
step    5250 | cos 0.5335 | thought 0.9434 dec_ce 1.9745 | 3.2 it/s
step    5300 | cos 0.5335 | thought 0.9313 dec_ce 1.9419 | 3.2 it/s
step    5350 | cos 0.5351 | thought 0.9498 dec_ce 2.0099 | 3.2 it/s
step    5400 | cos 0.5379 | thought 0.9646 dec_ce 2.0223 | 3.2 it/s
step    5450 | cos 0.5337 | thought 0.9702 dec_ce 2.0468 | 3.2 it/s
step    5500 | cos 0.5351 | thought 0.9299 dec_ce 1.9049 | 3.2 it/s
step    5550 | cos 0.5326 | thought 0.9648 dec_ce 2.1067 | 3.1 it/s
step    5600 | cos 0.5306 | thought 0.9598 dec_ce 2.0053 | 3.2 it/s
step    5650 | cos 0.5306 | thought 0.9497 dec_ce 1.9536 | 3.2 it/s
step    5700 | cos 0.5323 | thought 0.9503 dec_ce 2.1039 | 3.1 it/s
step    5750 | cos 0.5334 | thought 0.8884 dec_ce 1.8566 | 3.2 it/s
step    5800 | cos 0.5341 | thought 0.9363 dec_ce 1.9959 | 3.2 it/s
step    5850 | cos 0.5337 | thought 0.9607 dec_ce 2.0782 | 3.2 it/s
step    5900 | cos 0.5342 | thought 0.9705 dec_ce 2.0617 | 3.2 it/s
step    5950 | cos 0.5342 | thought 0.9094 dec_ce 1.9013 | 3.2 it/s
step    6000 | cos 0.5329 | thought 0.9548 dec_ce 2.0539 | 3.2 it/s
step    6000 | VAL cos 0.5366 | VAL dec CE 3.8785
step    6050 | cos 0.5341 | thought 0.9221 dec_ce 1.8892 | 2.6 it/s
step    6100 | cos 0.5324 | thought 0.9437 dec_ce 2.0339 | 3.2 it/s
step    6150 | cos 0.5358 | thought 0.9143 dec_ce 1.9889 | 3.2 it/s
step    6200 | cos 0.5353 | thought 0.9582 dec_ce 2.0001 | 3.2 it/s
step    6250 | cos 0.5336 | thought 0.9316 dec_ce 2.0012 | 3.1 it/s
step    6300 | cos 0.5319 | thought 0.9611 dec_ce 2.0044 | 3.2 it/s
step    6350 | cos 0.5341 | thought 0.8876 dec_ce 1.9073 | 3.2 it/s
step    6400 | cos 0.5354 | thought 0.9239 dec_ce 1.892 | 3.1 it/s
step    6450 | cos 0.5364 | thought 0.9221 dec_ce 1.9732 | 3.2 it/s
step    6500 | cos 0.5356 | thought 0.9084 dec_ce 1.7951 | 3.2 it/s
step    6550 | cos 0.5358 | thought 0.9467 dec_ce 1.988 | 3.1 it/s
step    6600 | cos 0.5382 | thought 0.9066 dec_ce 1.8538 | 3.2 it/s
step    6650 | cos 0.5349 | thought 0.9098 dec_ce 1.889 | 3.3 it/s
step    6700 | cos 0.5336 | thought 0.9118 dec_ce 1.9201 | 3.2 it/s
step    6750 | cos 0.5360 | thought 0.8953 dec_ce 1.8691 | 3.3 it/s
step    6800 | cos 0.5365 | thought 0.927 dec_ce 1.9235 | 3.2 it/s
step    6850 | cos 0.5342 | thought 0.8704 dec_ce 1.8275 | 3.2 it/s
step    6900 | cos 0.5351 | thought 0.9334 dec_ce 1.9947 | 3.2 it/s
step    6950 | cos 0.5355 | thought 0.9544 dec_ce 1.9572 | 3.1 it/s
step    7000 | cos 0.5372 | thought 0.9295 dec_ce 2.0703 | 3.2 it/s
step    7050 | cos 0.5342 | thought 0.8706 dec_ce 1.8394 | 3.1 it/s
step    7100 | cos 0.5354 | thought 0.8924 dec_ce 1.836 | 3.2 it/s
step    7150 | cos 0.5341 | thought 0.9785 dec_ce 2.1234 | 3.1 it/s
step    7200 | cos 0.5368 | thought 0.9469 dec_ce 1.9572 | 3.2 it/s
step    7250 | cos 0.5312 | thought 0.9267 dec_ce 1.9587 | 3.1 it/s
step    7300 | cos 0.5393 | thought 0.9214 dec_ce 1.9142 | 3.2 it/s
step    7350 | cos 0.5387 | thought 0.9453 dec_ce 1.9346 | 3.1 it/s
step    7400 | cos 0.5381 | thought 0.9026 dec_ce 1.9539 | 3.2 it/s
step    7450 | cos 0.5344 | thought 0.9418 dec_ce 2.0644 | 3.1 it/s
step    7500 | cos 0.5370 | thought 0.9509 dec_ce 1.9131 | 3.2 it/s
step    7550 | cos 0.5387 | thought 0.9097 dec_ce 1.8993 | 3.1 it/s
step    7600 | cos 0.5370 | thought 0.9256 dec_ce 1.9829 | 3.2 it/s
step    7650 | cos 0.5369 | thought 0.9164 dec_ce 1.9019 | 3.3 it/s
step    7700 | cos 0.5354 | thought 0.9176 dec_ce 1.945 | 3.1 it/s
step    7750 | cos 0.5367 | thought 0.9358 dec_ce 1.9299 | 3.1 it/s
step    7800 | cos 0.5348 | thought 0.9554 dec_ce 1.9839 | 3.2 it/s
step    7850 | cos 0.5374 | thought 0.9601 dec_ce 1.9992 | 3.2 it/s
step    7900 | cos 0.5362 | thought 0.9234 dec_ce 1.9058 | 3.2 it/s
step    7950 | cos 0.5370 | thought 0.9148 dec_ce 1.9189 | 3.2 it/s
step    8000 | cos 0.5351 | thought 0.9413 dec_ce 1.9997 | 3.1 it/s
step    8000 | VAL cos 0.5395 | VAL dec CE 3.8485
step    8050 | cos 0.5358 | thought 0.9391 dec_ce 1.9829 | 2.6 it/s
step    8100 | cos 0.5390 | thought 0.9177 dec_ce 1.9014 | 3.2 it/s
step    8150 | cos 0.5359 | thought 0.9583 dec_ce 2.0655 | 3.1 it/s
step    8200 | cos 0.5382 | thought 0.9357 dec_ce 1.9663 | 3.2 it/s
step    8250 | cos 0.5400 | thought 0.9365 dec_ce 2.0108 | 3.2 it/s
step    8300 | cos 0.5392 | thought 0.9642 dec_ce 1.9828 | 3.2 it/s
step    8350 | cos 0.5373 | thought 0.8808 dec_ce 1.7162 | 3.2 it/s
step    8400 | cos 0.5393 | thought 0.8956 dec_ce 1.8901 | 3.2 it/s
step    8450 | cos 0.5382 | thought 0.9167 dec_ce 1.8935 | 3.2 it/s
step    8500 | cos 0.5393 | thought 0.9444 dec_ce 1.9361 | 3.2 it/s
step    8550 | cos 0.5370 | thought 0.8973 dec_ce 1.9017 | 3.2 it/s
step    8600 | cos 0.5373 | thought 0.9405 dec_ce 1.9796 | 3.1 it/s
step    8650 | cos 0.5395 | thought 0.9249 dec_ce 1.9418 | 3.1 it/s
step    8700 | cos 0.5378 | thought 0.9446 dec_ce 2.0377 | 3.2 it/s
step    8750 | cos 0.5401 | thought 0.9314 dec_ce 1.9229 | 3.2 it/s
step    8800 | cos 0.5393 | thought 0.8945 dec_ce 1.8544 | 3.2 it/s
step    8850 | cos 0.5375 | thought 0.8841 dec_ce 1.8418 | 3.2 it/s
step    8900 | cos 0.5395 | thought 0.8548 dec_ce 1.7513 | 3.2 it/s
step    8950 | cos 0.5382 | thought 0.9383 dec_ce 2.033 | 3.2 it/s
step    9000 | cos 0.5386 | thought 0.9197 dec_ce 1.8756 | 3.2 it/s
step    9050 | cos 0.5383 | thought 0.949 dec_ce 2.0152 | 3.1 it/s
step    9100 | cos 0.5409 | thought 0.9316 dec_ce 1.937 | 3.2 it/s
step    9150 | cos 0.5406 | thought 0.9118 dec_ce 1.9172 | 3.2 it/s
step    9200 | cos 0.5379 | thought 0.9265 dec_ce 1.8949 | 3.1 it/s
step    9250 | cos 0.5361 | thought 0.9536 dec_ce 1.9231 | 3.2 it/s
step    9300 | cos 0.5384 | thought 0.9151 dec_ce 1.8782 | 3.2 it/s
step    9350 | cos 0.5361 | thought 0.9013 dec_ce 1.868 | 3.2 it/s
step    9400 | cos 0.5414 | thought 0.9696 dec_ce 2.0084 | 3.2 it/s
step    9450 | cos 0.5376 | thought 0.935 dec_ce 1.9473 | 3.2 it/s
step    9500 | cos 0.5383 | thought 0.9253 dec_ce 1.8853 | 3.1 it/s
step    9550 | cos 0.5383 | thought 0.9651 dec_ce 1.9858 | 3.1 it/s
step    9600 | cos 0.5367 | thought 0.9246 dec_ce 1.8737 | 3.1 it/s
step    9650 | cos 0.5385 | thought 0.9081 dec_ce 1.8387 | 3.1 it/s
step    9700 | cos 0.5379 | thought 0.9229 dec_ce 1.9873 | 3.1 it/s
step    9750 | cos 0.5409 | thought 0.9248 dec_ce 2.0076 | 3.1 it/s
step    9800 | cos 0.5393 | thought 0.9523 dec_ce 1.9339 | 3.2 it/s
step    9850 | cos 0.5407 | thought 0.9232 dec_ce 1.9268 | 3.1 it/s
step    9900 | cos 0.5377 | thought 0.9145 dec_ce 1.9128 | 3.2 it/s
step    9950 | cos 0.5404 | thought 0.9122 dec_ce 1.9211 | 3.2 it/s
step   10000 | cos 0.5363 | thought 0.9245 dec_ce 1.8971 | 3.1 it/s
step   10000 | VAL cos 0.5407 | VAL dec CE 3.8340
step   10050 | cos 0.5379 | thought 0.9219 dec_ce 1.9262 | 2.5 it/s
step   10100 | cos 0.5388 | thought 0.9611 dec_ce 2.0399 | 3.2 it/s
step   10150 | cos 0.5392 | thought 0.9405 dec_ce 1.9204 | 3.1 it/s
step   10200 | cos 0.5408 | thought 0.9291 dec_ce 1.9231 | 3.2 it/s
step   10250 | cos 0.5379 | thought 0.9284 dec_ce 1.9197 | 3.1 it/s
step   10300 | cos 0.5397 | thought 0.9108 dec_ce 1.8418 | 3.2 it/s
step   10350 | cos 0.5397 | thought 0.9429 dec_ce 2.0059 | 3.1 it/s
step   10400 | cos 0.5373 | thought 0.9306 dec_ce 1.8935 | 3.2 it/s
step   10450 | cos 0.5391 | thought 0.9204 dec_ce 2.0074 | 3.2 it/s
step   10500 | cos 0.5391 | thought 0.9081 dec_ce 1.8779 | 3.2 it/s
step   10550 | cos 0.5420 | thought 0.9259 dec_ce 1.9131 | 3.1 it/s
step   10600 | cos 0.5398 | thought 0.8972 dec_ce 1.8504 | 3.2 it/s
step   10650 | cos 0.5424 | thought 0.9282 dec_ce 2.0091 | 3.2 it/s
step   10700 | cos 0.5403 | thought 0.9481 dec_ce 1.9947 | 3.1 it/s
step   10750 | cos 0.5386 | thought 0.8908 dec_ce 1.8231 | 3.2 it/s
step   10800 | cos 0.5406 | thought 0.9247 dec_ce 1.9426 | 3.1 it/s
step   10850 | cos 0.5383 | thought 0.9149 dec_ce 1.916 | 3.2 it/s
step   10900 | cos 0.5430 | thought 0.9018 dec_ce 1.9408 | 3.1 it/s
step   10950 | cos 0.5420 | thought 0.9488 dec_ce 2.0027 | 3.1 it/s
step   11000 | cos 0.5422 | thought 0.8934 dec_ce 1.8214 | 3.1 it/s
step   11050 | cos 0.5407 | thought 0.9259 dec_ce 1.9334 | 3.1 it/s
step   11100 | cos 0.5422 | thought 0.8906 dec_ce 1.9145 | 3.1 it/s
step   11150 | cos 0.5402 | thought 0.922 dec_ce 1.9197 | 3.1 it/s
step   11200 | cos 0.5406 | thought 0.9044 dec_ce 1.8754 | 3.1 it/s
step   11250 | cos 0.5419 | thought 0.9447 dec_ce 1.949 | 3.1 it/s
step   11300 | cos 0.5383 | thought 0.8989 dec_ce 1.8376 | 3.1 it/s
step   11350 | cos 0.5423 | thought 0.9095 dec_ce 1.9369 | 3.1 it/s
step   11400 | cos 0.5431 | thought 0.8952 dec_ce 1.8964 | 3.1 it/s
step   11450 | cos 0.5368 | thought 0.9074 dec_ce 1.7921 | 3.1 it/s
step   11500 | cos 0.5397 | thought 0.9382 dec_ce 1.9587 | 3.2 it/s
step   11550 | cos 0.5419 | thought 0.9182 dec_ce 1.9707 | 3.1 it/s
step   11600 | cos 0.5421 | thought 0.9053 dec_ce 1.8391 | 3.2 it/s
step   11650 | cos 0.5408 | thought 0.944 dec_ce 1.9611 | 3.2 it/s
step   11700 | cos 0.5415 | thought 0.8971 dec_ce 1.9296 | 3.2 it/s
step   11750 | cos 0.5410 | thought 0.8858 dec_ce 1.8486 | 3.1 it/s
step   11800 | cos 0.5432 | thought 0.9002 dec_ce 1.9053 | 3.2 it/s
step   11850 | cos 0.5422 | thought 0.9235 dec_ce 1.9552 | 3.2 it/s
step   11900 | cos 0.5417 | thought 0.9475 dec_ce 2.03 | 3.2 it/s
step   11950 | cos 0.5407 | thought 0.9148 dec_ce 1.8651 | 3.1 it/s
step   12000 | cos 0.5388 | thought 0.919 dec_ce 1.8754 | 3.1 it/s
step   12000 | VAL cos 0.5420 | VAL dec CE 3.8249
step   12050 | cos 0.5419 | thought 0.9803 dec_ce 2.0713 | 2.6 it/s
step   12100 | cos 0.5423 | thought 0.9362 dec_ce 2.0051 | 3.2 it/s
step   12150 | cos 0.5429 | thought 0.9344 dec_ce 1.9547 | 3.1 it/s
step   12200 | cos 0.5406 | thought 0.9268 dec_ce 1.9879 | 3.1 it/s
step   12250 | cos 0.5451 | thought 0.9112 dec_ce 1.9752 | 3.2 it/s
step   12300 | cos 0.5421 | thought 0.9317 dec_ce 1.9105 | 3.1 it/s
step   12350 | cos 0.5421 | thought 0.9421 dec_ce 1.9747 | 3.2 it/s
step   12400 | cos 0.5414 | thought 0.9214 dec_ce 1.9385 | 3.1 it/s
step   12450 | cos 0.5400 | thought 0.919 dec_ce 1.8562 | 3.1 it/s
step   12500 | cos 0.5421 | thought 0.8984 dec_ce 1.8829 | 3.1 it/s
step   12550 | cos 0.5440 | thought 0.9379 dec_ce 1.9362 | 3.1 it/s
step   12600 | cos 0.5437 | thought 0.9045 dec_ce 1.8079 | 3.1 it/s
step   12650 | cos 0.5413 | thought 0.9093 dec_ce 1.862 | 3.2 it/s
step   12700 | cos 0.5388 | thought 0.9292 dec_ce 1.9639 | 3.0 it/s
step   12750 | cos 0.5407 | thought 0.9026 dec_ce 1.8515 | 3.1 it/s
step   12800 | cos 0.5383 | thought 0.9111 dec_ce 1.9575 | 3.1 it/s
step   12850 | cos 0.5394 | thought 0.946 dec_ce 1.9677 | 3.1 it/s
step   12900 | cos 0.5429 | thought 0.9269 dec_ce 1.9204 | 3.2 it/s
step   12950 | cos 0.5400 | thought 0.9279 dec_ce 1.896 | 3.2 it/s
step   13000 | cos 0.5403 | thought 0.9369 dec_ce 1.954 | 3.1 it/s
step   13050 | cos 0.5419 | thought 0.9125 dec_ce 1.8279 | 3.1 it/s
step   13100 | cos 0.5458 | thought 0.932 dec_ce 1.9135 | 3.1 it/s
step   13150 | cos 0.5420 | thought 0.9328 dec_ce 1.9845 | 3.1 it/s
step   13200 | cos 0.5443 | thought 0.9179 dec_ce 1.8943 | 3.2 it/s
step   13250 | cos 0.5418 | thought 0.8948 dec_ce 1.8235 | 3.1 it/s
step   13300 | cos 0.5450 | thought 0.9087 dec_ce 1.9279 | 3.1 it/s
step   13350 | cos 0.5417 | thought 0.9462 dec_ce 1.954 | 3.1 it/s
step   13400 | cos 0.5439 | thought 0.9188 dec_ce 2.1143 | 3.2 it/s
step   13450 | cos 0.5416 | thought 0.948 dec_ce 1.9413 | 3.1 it/s
step   13500 | cos 0.5439 | thought 0.9347 dec_ce 1.9645 | 3.2 it/s
step   13550 | cos 0.5425 | thought 0.9414 dec_ce 1.9831 | 3.0 it/s
step   13600 | cos 0.5405 | thought 0.9344 dec_ce 2.019 | 3.1 it/s
step   13650 | cos 0.5451 | thought 0.9107 dec_ce 1.9316 | 3.1 it/s
step   13700 | cos 0.5440 | thought 0.8973 dec_ce 1.7989 | 3.1 it/s
step   13750 | cos 0.5440 | thought 0.9292 dec_ce 1.9632 | 3.1 it/s
step   13800 | cos 0.5436 | thought 0.9544 dec_ce 2.0063 | 3.2 it/s
step   13850 | cos 0.5428 | thought 0.9104 dec_ce 1.8597 | 3.1 it/s
step   13900 | cos 0.5438 | thought 0.8859 dec_ce 1.7827 | 3.1 it/s
step   13950 | cos 0.5422 | thought 0.9064 dec_ce 1.8342 | 3.1 it/s
step   14000 | cos 0.5430 | thought 0.9253 dec_ce 1.9243 | 3.1 it/s
step   14000 | VAL cos 0.5440 | VAL dec CE 3.8125
step   14050 | cos 0.5417 | thought 0.904 dec_ce 1.9103 | 2.6 it/s
step   14100 | cos 0.5427 | thought 0.9461 dec_ce 1.9811 | 3.1 it/s
step   14150 | cos 0.5448 | thought 0.9149 dec_ce 1.8691 | 3.1 it/s
step   14200 | cos 0.5454 | thought 0.9003 dec_ce 1.8453 | 3.1 it/s
step   14250 | cos 0.5429 | thought 0.9052 dec_ce 1.9063 | 3.1 it/s
step   14300 | cos 0.5436 | thought 0.9416 dec_ce 1.9981 | 3.2 it/s
step   14350 | cos 0.5414 | thought 0.9971 dec_ce 2.0112 | 3.1 it/s
step   14400 | cos 0.5449 | thought 0.9194 dec_ce 1.8849 | 3.1 it/s
step   14450 | cos 0.5471 | thought 0.9281 dec_ce 1.9239 | 3.2 it/s
step   14500 | cos 0.5415 | thought 0.9563 dec_ce 2.0739 | 3.1 it/s
step   14550 | cos 0.5458 | thought 0.9146 dec_ce 1.8723 | 3.0 it/s
step   14600 | cos 0.5456 | thought 0.8913 dec_ce 1.8823 | 3.2 it/s
step   14650 | cos 0.5455 | thought 0.9088 dec_ce 1.8389 | 3.2 it/s
step   14700 | cos 0.5421 | thought 0.892 dec_ce 1.8721 | 3.1 it/s
step   14750 | cos 0.5430 | thought 0.9162 dec_ce 2.0076 | 3.1 it/s
step   14800 | cos 0.5452 | thought 0.9249 dec_ce 1.9388 | 3.2 it/s
step   14850 | cos 0.5426 | thought 0.9 dec_ce 1.8186 | 3.1 it/s
step   14900 | cos 0.5443 | thought 0.947 dec_ce 2.0704 | 3.1 it/s
step   14950 | cos 0.5460 | thought 0.8733 dec_ce 1.7539 | 3.1 it/s
step   15000 | cos 0.5438 | thought 0.9329 dec_ce 1.9275 | 3.1 it/s
step   15050 | cos 0.5436 | thought 0.9024 dec_ce 1.8853 | 3.0 it/s
step   15100 | cos 0.5446 | thought 0.8982 dec_ce 1.8682 | 3.2 it/s
step   15150 | cos 0.5439 | thought 0.9015 dec_ce 1.9058 | 3.2 it/s
step   15200 | cos 0.5484 | thought 0.8767 dec_ce 1.8947 | 3.1 it/s
step   15250 | cos 0.5433 | thought 0.92 dec_ce 1.8944 | 3.1 it/s
step   15300 | cos 0.5445 | thought 0.9359 dec_ce 1.9462 | 3.2 it/s
step   15350 | cos 0.5441 | thought 0.9086 dec_ce 1.8836 | 3.1 it/s
step   15400 | cos 0.5419 | thought 0.9023 dec_ce 1.9274 | 3.1 it/s
step   15450 | cos 0.5423 | thought 0.923 dec_ce 2.0504 | 3.1 it/s
step   15500 | cos 0.5417 | thought 0.9295 dec_ce 1.8742 | 3.1 it/s
step   15550 | cos 0.5451 | thought 0.9334 dec_ce 1.9628 | 3.2 it/s
step   15600 | cos 0.5440 | thought 0.9567 dec_ce 1.9697 | 3.2 it/s
step   15650 | cos 0.5462 | thought 0.9388 dec_ce 1.9608 | 3.2 it/s
step   15700 | cos 0.5417 | thought 0.9145 dec_ce 1.9784 | 3.1 it/s
step   15750 | cos 0.5429 | thought 0.9071 dec_ce 1.8764 | 3.1 it/s
step   15800 | cos 0.5448 | thought 0.894 dec_ce 1.8174 | 3.1 it/s
step   15850 | cos 0.5462 | thought 0.9064 dec_ce 1.9172 | 3.1 it/s
step   15900 | cos 0.5467 | thought 0.857 dec_ce 1.7736 | 3.1 it/s
step   15950 | cos 0.5433 | thought 0.9426 dec_ce 1.9853 | 3.2 it/s
step   16000 | cos 0.5445 | thought 0.9589 dec_ce 2.1298 | 3.1 it/s
step   16000 | VAL cos 0.5457 | VAL dec CE 3.8045
step   16050 | cos 0.5466 | thought 0.9259 dec_ce 1.9123 | 2.6 it/s
step   16100 | cos 0.5445 | thought 0.9098 dec_ce 1.9093 | 3.2 it/s
step   16150 | cos 0.5455 | thought 0.897 dec_ce 1.915 | 3.2 it/s
step   16200 | cos 0.5460 | thought 0.9214 dec_ce 1.8975 | 3.1 it/s
step   16250 | cos 0.5461 | thought 0.9526 dec_ce 2.0508 | 3.2 it/s
step   16300 | cos 0.5448 | thought 0.9019 dec_ce 1.8572 | 3.2 it/s
step   16350 | cos 0.5427 | thought 0.9585 dec_ce 2.022 | 3.0 it/s
step   16400 | cos 0.5451 | thought 0.9141 dec_ce 1.975 | 3.2 it/s
step   16450 | cos 0.5464 | thought 0.8883 dec_ce 1.8056 | 3.1 it/s
step   16500 | cos 0.5441 | thought 0.9334 dec_ce 1.9298 | 3.2 it/s
step   16550 | cos 0.5416 | thought 0.9198 dec_ce 1.9052 | 3.1 it/s
step   16600 | cos 0.5502 | thought 0.8843 dec_ce 1.9008 | 3.2 it/s
step   16650 | cos 0.5478 | thought 0.9045 dec_ce 1.8653 | 3.1 it/s
step   16700 | cos 0.5434 | thought 0.9263 dec_ce 1.9465 | 3.2 it/s
step   16750 | cos 0.5424 | thought 0.9411 dec_ce 1.9279 | 3.1 it/s
step   16800 | cos 0.5462 | thought 0.9577 dec_ce 2.0027 | 3.2 it/s
step   16850 | cos 0.5455 | thought 0.9133 dec_ce 1.7975 | 3.2 it/s
step   16900 | cos 0.5453 | thought 0.9193 dec_ce 1.9023 | 3.1 it/s
step   16950 | cos 0.5484 | thought 0.895 dec_ce 1.8053 | 3.2 it/s
step   17000 | cos 0.5442 | thought 0.9045 dec_ce 1.8857 | 3.1 it/s
step   17050 | cos 0.5457 | thought 0.8888 dec_ce 1.9736 | 3.1 it/s
step   17100 | cos 0.5456 | thought 0.9257 dec_ce 1.9427 | 3.2 it/s
step   17150 | cos 0.5473 | thought 0.9166 dec_ce 1.9405 | 3.2 it/s
step   17200 | cos 0.5444 | thought 0.945 dec_ce 1.9077 | 3.1 it/s
step   17250 | cos 0.5443 | thought 0.9428 dec_ce 2.0184 | 3.2 it/s
step   17300 | cos 0.5463 | thought 0.8925 dec_ce 1.9071 | 3.2 it/s
step   17350 | cos 0.5444 | thought 0.9059 dec_ce 1.9527 | 3.2 it/s
step   17400 | cos 0.5450 | thought 0.8861 dec_ce 1.9385 | 3.1 it/s
step   17450 | cos 0.5454 | thought 0.9374 dec_ce 1.9133 | 3.1 it/s
step   17500 | cos 0.5461 | thought 0.9467 dec_ce 1.9738 | 3.1 it/s
step   17550 | cos 0.5437 | thought 0.9605 dec_ce 2.0821 | 3.1 it/s
step   17600 | cos 0.5467 | thought 0.8925 dec_ce 1.9126 | 3.2 it/s
step   17650 | cos 0.5466 | thought 0.9653 dec_ce 2.0496 | 3.2 it/s
step   17700 | cos 0.5443 | thought 0.9298 dec_ce 1.8893 | 3.1 it/s
step   17750 | cos 0.5473 | thought 0.92 dec_ce 1.961 | 3.2 it/s
step   17800 | cos 0.5492 | thought 0.939 dec_ce 1.938 | 3.2 it/s
step   17850 | cos 0.5456 | thought 0.9602 dec_ce 2.0405 | 3.1 it/s
step   17900 | cos 0.5447 | thought 0.9273 dec_ce 1.8763 | 3.1 it/s
step   17950 | cos 0.5465 | thought 0.956 dec_ce 2.2132 | 3.2 it/s
step   18000 | cos 0.5469 | thought 0.8819 dec_ce 1.8209 | 3.1 it/s
step   18000 | VAL cos 0.5475 | VAL dec CE 3.7913
step   18050 | cos 0.5477 | thought 0.9158 dec_ce 1.9121 | 2.5 it/s
step   18100 | cos 0.5443 | thought 0.8806 dec_ce 1.838 | 3.2 it/s
step   18150 | cos 0.5469 | thought 0.9017 dec_ce 1.8426 | 3.2 it/s
step   18200 | cos 0.5460 | thought 0.9025 dec_ce 1.8972 | 3.2 it/s
step   18250 | cos 0.5496 | thought 0.885 dec_ce 1.8685 | 3.1 it/s
step   18300 | cos 0.5442 | thought 0.9071 dec_ce 1.9053 | 3.1 it/s
step   18350 | cos 0.5480 | thought 0.9347 dec_ce 1.9167 | 3.3 it/s
step   18400 | cos 0.5463 | thought 0.9229 dec_ce 1.8653 | 3.2 it/s
step   18450 | cos 0.5459 | thought 0.9114 dec_ce 1.8548 | 3.1 it/s
step   18500 | cos 0.5453 | thought 0.9281 dec_ce 1.8962 | 3.1 it/s
step   18550 | cos 0.5478 | thought 0.9016 dec_ce 1.7815 | 3.0 it/s
step   18600 | cos 0.5448 | thought 0.8989 dec_ce 1.8039 | 3.2 it/s
step   18650 | cos 0.5481 | thought 0.8838 dec_ce 1.9244 | 3.2 it/s
step   18700 | cos 0.5449 | thought 0.8845 dec_ce 1.9 | 3.1 it/s
step   18750 | cos 0.5480 | thought 0.9326 dec_ce 1.9793 | 3.1 it/s
step   18800 | cos 0.5449 | thought 0.9358 dec_ce 1.9142 | 3.1 it/s
step   18850 | cos 0.5457 | thought 0.9 dec_ce 1.8654 | 3.1 it/s
step   18900 | cos 0.5489 | thought 0.9261 dec_ce 1.9863 | 3.1 it/s
step   18950 | cos 0.5441 | thought 0.9218 dec_ce 1.9221 | 3.1 it/s
step   19000 | cos 0.5468 | thought 0.8988 dec_ce 1.8741 | 3.1 it/s
step   19050 | cos 0.5506 | thought 0.8726 dec_ce 1.8238 | 3.1 it/s
step   19100 | cos 0.5459 | thought 0.9498 dec_ce 1.94 | 3.2 it/s
step   19150 | cos 0.5454 | thought 0.919 dec_ce 1.9283 | 3.2 it/s
step   19200 | cos 0.5478 | thought 0.8757 dec_ce 1.801 | 3.1 it/s
step   19250 | cos 0.5473 | thought 0.9718 dec_ce 2.1064 | 3.1 it/s
step   19300 | cos 0.5494 | thought 0.9231 dec_ce 1.8671 | 3.2 it/s
step   19350 | cos 0.5438 | thought 0.9306 dec_ce 1.9562 | 3.2 it/s
step   19400 | cos 0.5463 | thought 0.9148 dec_ce 1.8865 | 3.1 it/s
step   19450 | cos 0.5458 | thought 0.9088 dec_ce 1.8342 | 3.1 it/s
step   19500 | cos 0.5481 | thought 0.9545 dec_ce 2.1078 | 3.1 it/s
step   19550 | cos 0.5458 | thought 0.9402 dec_ce 1.8892 | 3.0 it/s
step   19600 | cos 0.5477 | thought 0.8917 dec_ce 1.8281 | 3.1 it/s
step   19650 | cos 0.5474 | thought 0.913 dec_ce 1.8794 | 3.1 it/s
step   19700 | cos 0.5459 | thought 0.9604 dec_ce 1.9497 | 3.1 it/s
step   19750 | cos 0.5477 | thought 0.8631 dec_ce 1.7933 | 3.2 it/s
step   19800 | cos 0.5482 | thought 0.9029 dec_ce 1.9054 | 3.2 it/s
step   19850 | cos 0.5496 | thought 0.9084 dec_ce 1.8181 | 3.1 it/s
step   19900 | cos 0.5470 | thought 0.9182 dec_ce 1.8963 | 3.1 it/s
step   19950 | cos 0.5484 | thought 0.9134 dec_ce 1.8812 | 3.2 it/s
step   20000 | cos 0.5475 | thought 0.8891 dec_ce 1.8294 | 3.1 it/s
step   20000 | VAL cos 0.5488 | VAL dec CE 3.7782
step   20050 | cos 0.5485 | thought 0.9425 dec_ce 1.9578 | 2.5 it/s
step   20100 | cos 0.5486 | thought 0.9207 dec_ce 1.9004 | 3.2 it/s
step   20150 | cos 0.5463 | thought 0.9264 dec_ce 1.8821 | 3.1 it/s
step   20200 | cos 0.5471 | thought 0.9282 dec_ce 1.9486 | 3.2 it/s
step   20250 | cos 0.5473 | thought 0.9235 dec_ce 1.9637 | 3.2 it/s
step   20300 | cos 0.5458 | thought 0.8986 dec_ce 1.8172 | 3.1 it/s
step   20350 | cos 0.5461 | thought 0.9306 dec_ce 1.956 | 3.1 it/s
step   20400 | cos 0.5463 | thought 0.881 dec_ce 1.8992 | 3.2 it/s
step   20450 | cos 0.5491 | thought 0.9144 dec_ce 1.8531 | 3.1 it/s
step   20500 | cos 0.5504 | thought 0.8793 dec_ce 1.8712 | 3.1 it/s
step   20550 | cos 0.5475 | thought 0.8753 dec_ce 1.8196 | 3.1 it/s
step   20600 | cos 0.5509 | thought 0.8847 dec_ce 1.8566 | 3.2 it/s
step   20650 | cos 0.5457 | thought 0.9155 dec_ce 1.8776 | 3.1 it/s
step   20700 | cos 0.5486 | thought 0.9174 dec_ce 1.9914 | 3.1 it/s
step   20750 | cos 0.5512 | thought 0.9032 dec_ce 1.8455 | 3.2 it/s
step   20800 | cos 0.5496 | thought 0.9369 dec_ce 1.9551 | 3.1 it/s
step   20850 | cos 0.5490 | thought 0.9125 dec_ce 1.9354 | 3.1 it/s
step   20900 | cos 0.5495 | thought 0.9149 dec_ce 1.9465 | 3.2 it/s
step   20950 | cos 0.5461 | thought 0.9184 dec_ce 1.9284 | 3.1 it/s
step   21000 | cos 0.5461 | thought 0.9193 dec_ce 1.9671 | 3.2 it/s
step   21050 | cos 0.5493 | thought 0.8852 dec_ce 1.7112 | 3.0 it/s
step   21100 | cos 0.5476 | thought 0.9051 dec_ce 1.8445 | 3.1 it/s
step   21150 | cos 0.5475 | thought 0.8977 dec_ce 1.8964 | 3.2 it/s
step   21200 | cos 0.5483 | thought 0.9039 dec_ce 1.9068 | 3.1 it/s
step   21250 | cos 0.5472 | thought 0.9075 dec_ce 1.8693 | 3.1 it/s
step   21300 | cos 0.5472 | thought 0.9162 dec_ce 1.8858 | 3.2 it/s
step   21350 | cos 0.5504 | thought 0.9056 dec_ce 1.9098 | 3.1 it/s
step   21400 | cos 0.5494 | thought 0.9159 dec_ce 1.8274 | 3.2 it/s
step   21450 | cos 0.5480 | thought 0.884 dec_ce 1.921 | 3.1 it/s
step   21500 | cos 0.5505 | thought 0.8994 dec_ce 1.8188 | 3.2 it/s
step   21550 | cos 0.5517 | thought 0.9247 dec_ce 1.9906 | 3.0 it/s
step   21600 | cos 0.5494 | thought 0.9483 dec_ce 2.0138 | 3.2 it/s
step   21650 | cos 0.5487 | thought 0.9018 dec_ce 1.876 | 3.1 it/s
step   21700 | cos 0.5489 | thought 0.9072 dec_ce 1.8072 | 3.2 it/s
step   21750 | cos 0.5509 | thought 0.9021 dec_ce 1.9573 | 3.1 it/s
step   21800 | cos 0.5515 | thought 0.8706 dec_ce 1.8182 | 3.2 it/s
step   21850 | cos 0.5518 | thought 0.9325 dec_ce 1.9678 | 3.1 it/s
step   21900 | cos 0.5514 | thought 0.9179 dec_ce 1.8853 | 3.1 it/s
step   21950 | cos 0.5514 | thought 0.8701 dec_ce 1.8695 | 3.2 it/s
step   22000 | cos 0.5493 | thought 0.8955 dec_ce 1.8921 | 3.1 it/s
step   22000 | VAL cos 0.5501 | VAL dec CE 3.7661
step   22050 | cos 0.5486 | thought 0.9097 dec_ce 1.8689 | 2.6 it/s
step   22100 | cos 0.5516 | thought 0.875 dec_ce 1.9096 | 3.2 it/s
step   22150 | cos 0.5499 | thought 0.9334 dec_ce 1.9319 | 3.1 it/s
step   22200 | cos 0.5520 | thought 0.8661 dec_ce 1.8626 | 3.2 it/s
step   22250 | cos 0.5524 | thought 0.8956 dec_ce 1.9086 | 3.1 it/s
step   22300 | cos 0.5513 | thought 0.9042 dec_ce 1.9848 | 3.1 it/s
step   22350 | cos 0.5525 | thought 0.8974 dec_ce 1.8653 | 3.1 it/s
step   22400 | cos 0.5510 | thought 0.9105 dec_ce 1.8465 | 3.1 it/s
step   22450 | cos 0.5532 | thought 0.8718 dec_ce 1.7811 | 3.1 it/s
step   22500 | cos 0.5521 | thought 0.891 dec_ce 1.864 | 3.2 it/s
step   22550 | cos 0.5525 | thought 0.8565 dec_ce 1.8026 | 3.1 it/s
step   22600 | cos 0.5532 | thought 0.8984 dec_ce 1.8965 | 3.1 it/s
step   22650 | cos 0.5506 | thought 0.9145 dec_ce 1.8957 | 3.1 it/s
step   22700 | cos 0.5487 | thought 0.9005 dec_ce 1.9293 | 3.1 it/s
step   22750 | cos 0.5525 | thought 0.937 dec_ce 1.9225 | 3.1 it/s
step   22800 | cos 0.5519 | thought 0.9146 dec_ce 1.9472 | 3.1 it/s
step   22850 | cos 0.5534 | thought 0.8911 dec_ce 1.7525 | 3.1 it/s
step   22900 | cos 0.5497 | thought 0.9065 dec_ce 1.9476 | 3.2 it/s
step   22950 | cos 0.5509 | thought 0.8701 dec_ce 1.8102 | 3.1 it/s
step   23000 | cos 0.5478 | thought 0.9126 dec_ce 1.8098 | 3.1 it/s
step   23050 | cos 0.5516 | thought 0.8802 dec_ce 1.8218 | 3.1 it/s
step   23100 | cos 0.5499 | thought 0.8551 dec_ce 1.8314 | 3.1 it/s
step   23150 | cos 0.5489 | thought 0.9184 dec_ce 1.9919 | 3.2 it/s
step   23200 | cos 0.5517 | thought 0.9056 dec_ce 1.7971 | 3.1 it/s
step   23250 | cos 0.5511 | thought 0.9223 dec_ce 1.8619 | 3.2 it/s
step   23300 | cos 0.5506 | thought 0.9492 dec_ce 2.0042 | 3.2 it/s
step   23350 | cos 0.5502 | thought 0.9044 dec_ce 1.8442 | 3.2 it/s
step   23400 | cos 0.5505 | thought 0.9394 dec_ce 1.9718 | 3.2 it/s
step   23450 | cos 0.5510 | thought 0.8932 dec_ce 1.8696 | 3.2 it/s
step   23500 | cos 0.5511 | thought 0.8823 dec_ce 1.8917 | 3.1 it/s
step   23550 | cos 0.5485 | thought 0.8947 dec_ce 1.9016 | 3.1 it/s
step   23600 | cos 0.5531 | thought 0.8688 dec_ce 1.7644 | 3.3 it/s
step   23650 | cos 0.5482 | thought 0.8918 dec_ce 1.8475 | 3.1 it/s
step   23700 | cos 0.5531 | thought 0.9002 dec_ce 1.8273 | 3.2 it/s
step   23750 | cos 0.5492 | thought 0.8934 dec_ce 1.8478 | 3.1 it/s
step   23800 | cos 0.5480 | thought 0.9073 dec_ce 1.8631 | 3.1 it/s
step   23850 | cos 0.5497 | thought 0.9308 dec_ce 1.8902 | 3.2 it/s
step   23900 | cos 0.5522 | thought 0.8597 dec_ce 1.8704 | 3.1 it/s
step   23950 | cos 0.5515 | thought 0.9044 dec_ce 1.8065 | 3.3 it/s
step   24000 | cos 0.5501 | thought 0.9156 dec_ce 1.9405 | 3.2 it/s
step   24000 | VAL cos 0.5505 | VAL dec CE 3.7597
step   24050 | cos 0.5530 | thought 0.9143 dec_ce 1.8563 | 2.6 it/s
step   24100 | cos 0.5487 | thought 0.9141 dec_ce 1.8631 | 3.1 it/s
step   24150 | cos 0.5533 | thought 0.9045 dec_ce 1.855 | 3.1 it/s
step   24200 | cos 0.5480 | thought 0.8864 dec_ce 1.9184 | 3.1 it/s
step   24250 | cos 0.5492 | thought 0.9103 dec_ce 1.9276 | 3.1 it/s
step   24300 | cos 0.5481 | thought 0.848 dec_ce 1.808 | 3.1 it/s
step   24350 | cos 0.5519 | thought 0.9132 dec_ce 1.8951 | 3.2 it/s
step   24400 | cos 0.5502 | thought 0.912 dec_ce 1.834 | 3.1 it/s
step   24450 | cos 0.5470 | thought 0.9338 dec_ce 1.8771 | 3.2 it/s
step   24500 | cos 0.5505 | thought 0.8976 dec_ce 1.792 | 3.2 it/s
step   24550 | cos 0.5549 | thought 0.8646 dec_ce 1.787 | 3.1 it/s
step   24600 | cos 0.5556 | thought 0.9044 dec_ce 1.8684 | 3.2 it/s
step   24650 | cos 0.5530 | thought 0.9 dec_ce 1.8435 | 3.1 it/s
step   24700 | cos 0.5512 | thought 0.8874 dec_ce 1.8168 | 3.1 it/s
step   24750 | cos 0.5506 | thought 0.9132 dec_ce 1.9441 | 3.1 it/s
step   24800 | cos 0.5535 | thought 0.8828 dec_ce 1.7607 | 3.1 it/s
step   24850 | cos 0.5507 | thought 0.8693 dec_ce 1.7862 | 3.2 it/s
step   24900 | cos 0.5507 | thought 0.9133 dec_ce 1.9089 | 3.2 it/s
step   24950 | cos 0.5526 | thought 0.875 dec_ce 1.7507 | 3.1 it/s
step   25000 | cos 0.5531 | thought 0.9062 dec_ce 1.8899 | 3.2 it/s
step   25050 | cos 0.5510 | thought 0.9068 dec_ce 1.8772 | 3.0 it/s
step   25100 | cos 0.5499 | thought 0.9044 dec_ce 1.8835 | 3.1 it/s
step   25150 | cos 0.5521 | thought 0.9115 dec_ce 1.9118 | 3.1 it/s
step   25200 | cos 0.5524 | thought 0.8975 dec_ce 1.864 | 3.1 it/s
step   25250 | cos 0.5515 | thought 0.8796 dec_ce 1.7921 | 3.1 it/s
step   25300 | cos 0.5545 | thought 0.8834 dec_ce 1.8363 | 3.2 it/s
step   25350 | cos 0.5539 | thought 0.9287 dec_ce 1.8855 | 3.2 it/s
step   25400 | cos 0.5519 | thought 0.964 dec_ce 2.0346 | 3.2 it/s
step   25450 | cos 0.5520 | thought 0.9246 dec_ce 2.0615 | 3.2 it/s
step   25500 | cos 0.5506 | thought 0.9051 dec_ce 1.9358 | 3.2 it/s
step   25550 | cos 0.5491 | thought 0.89 dec_ce 1.8339 | 3.1 it/s
step   25600 | cos 0.5536 | thought 0.9268 dec_ce 1.9015 | 3.1 it/s
step   25650 | cos 0.5529 | thought 0.883 dec_ce 1.7835 | 3.2 it/s
step   25700 | cos 0.5554 | thought 0.9039 dec_ce 1.8502 | 3.2 it/s
step   25750 | cos 0.5549 | thought 0.876 dec_ce 1.7824 | 3.2 it/s
step   25800 | cos 0.5535 | thought 0.9394 dec_ce 1.9839 | 3.2 it/s
step   25850 | cos 0.5536 | thought 0.9408 dec_ce 1.9971 | 3.2 it/s
step   25900 | cos 0.5509 | thought 0.9204 dec_ce 1.8765 | 3.2 it/s
step   25950 | cos 0.5520 | thought 0.9055 dec_ce 1.9577 | 3.2 it/s
step   26000 | cos 0.5563 | thought 0.8756 dec_ce 1.8571 | 3.2 it/s
step   26000 | VAL cos 0.5516 | VAL dec CE 3.7538
step   26050 | cos 0.5518 | thought 0.9138 dec_ce 1.8812 | 2.6 it/s
step   26100 | cos 0.5549 | thought 0.9039 dec_ce 1.9067 | 3.2 it/s
step   26150 | cos 0.5528 | thought 0.8751 dec_ce 1.7003 | 3.2 it/s
step   26200 | cos 0.5534 | thought 0.9104 dec_ce 1.9247 | 3.3 it/s
step   26250 | cos 0.5520 | thought 0.8809 dec_ce 1.8369 | 3.2 it/s
step   26300 | cos 0.5557 | thought 0.8661 dec_ce 1.8763 | 3.2 it/s
step   26350 | cos 0.5512 | thought 0.8964 dec_ce 1.8496 | 3.2 it/s
step   26400 | cos 0.5523 | thought 0.902 dec_ce 1.8157 | 3.2 it/s
step   26450 | cos 0.5562 | thought 0.8929 dec_ce 1.8851 | 3.1 it/s
step   26500 | cos 0.5504 | thought 0.9057 dec_ce 1.9461 | 3.1 it/s
step   26550 | cos 0.5532 | thought 0.8495 dec_ce 1.7926 | 3.1 it/s
step   26600 | cos 0.5524 | thought 0.9018 dec_ce 1.8725 | 3.2 it/s
step   26650 | cos 0.5557 | thought 0.8948 dec_ce 1.8955 | 3.2 it/s
step   26700 | cos 0.5538 | thought 0.8823 dec_ce 1.8347 | 3.1 it/s
step   26750 | cos 0.5542 | thought 0.9148 dec_ce 1.9179 | 3.2 it/s
step   26800 | cos 0.5550 | thought 0.8739 dec_ce 1.7827 | 3.1 it/s
step   26850 | cos 0.5545 | thought 0.9382 dec_ce 1.9254 | 3.2 it/s
step   26900 | cos 0.5518 | thought 0.9194 dec_ce 1.9901 | 3.2 it/s
step   26950 | cos 0.5515 | thought 0.9263 dec_ce 2.0008 | 3.1 it/s
step   27000 | cos 0.5546 | thought 0.9428 dec_ce 1.9752 | 3.2 it/s
step   27050 | cos 0.5555 | thought 0.8351 dec_ce 1.7492 | 3.1 it/s
step   27100 | cos 0.5556 | thought 0.9022 dec_ce 1.8162 | 3.2 it/s
step   27150 | cos 0.5527 | thought 0.8999 dec_ce 1.8329 | 3.2 it/s
step   27200 | cos 0.5504 | thought 0.9152 dec_ce 1.9512 | 3.1 it/s
step   27250 | cos 0.5539 | thought 0.8825 dec_ce 1.7687 | 3.3 it/s
step   27300 | cos 0.5500 | thought 0.9242 dec_ce 1.8387 | 3.1 it/s
step   27350 | cos 0.5538 | thought 0.9053 dec_ce 1.8953 | 3.2 it/s
step   27400 | cos 0.5509 | thought 0.9389 dec_ce 1.9279 | 3.1 it/s
