/home/nochi/vault/projects/ThoughtVectors/thoughtvec/.venv/lib/python3.12/site-packages/torch/nn/modules/transformer.py:392: UserWarning: enable_nested_tensor is True, but self.use_nested_tensor is False because encoder_layer.norm_first was True
  warnings.warn(
thinker params: 32.12M (codec d=384, frozen=True)
step      50 | cos 0.0459 | thought 2.3801 dec_ce 2.2319 | 2.9 it/s
step     100 | cos 0.1862 | thought 2.1069 dec_ce 2.3056 | 3.0 it/s
step     150 | cos 0.2503 | thought 1.9625 dec_ce 2.1157 | 3.1 it/s
step     200 | cos 0.2785 | thought 1.8114 dec_ce 2.2282 | 3.0 it/s
step     250 | cos 0.3260 | thought 1.7715 dec_ce 2.1546 | 3.0 it/s
step     300 | cos 0.3390 | thought 1.7762 dec_ce 2.192 | 3.0 it/s
step     350 | cos 0.3426 | thought 1.7189 dec_ce 2.114 | 3.1 it/s
step     400 | cos 0.3654 | thought 1.6002 dec_ce 2.1893 | 3.0 it/s
step     450 | cos 0.3905 | thought 1.5052 dec_ce 2.0594 | 3.1 it/s
step     500 | cos 0.4150 | thought 1.43 dec_ce 2.0423 | 3.1 it/s
step     550 | cos 0.4380 | thought 1.3601 dec_ce 2.0411 | 3.0 it/s
step     600 | cos 0.4554 | thought 1.3485 dec_ce 2.1559 | 3.1 it/s
step     650 | cos 0.4671 | thought 1.246 dec_ce 1.9802 | 3.1 it/s
step     700 | cos 0.4714 | thought 1.279 dec_ce 2.0363 | 3.1 it/s
step     750 | cos 0.4750 | thought 1.2296 dec_ce 1.9871 | 3.1 it/s
step     800 | cos 0.4831 | thought 1.1828 dec_ce 2.0651 | 3.1 it/s
step     850 | cos 0.4852 | thought 1.1992 dec_ce 2.0576 | 3.1 it/s
step     900 | cos 0.4917 | thought 1.227 dec_ce 2.1695 | 3.1 it/s
step     950 | cos 0.4928 | thought 1.1726 dec_ce 1.9512 | 3.1 it/s
step    1000 | cos 0.4965 | thought 1.1292 dec_ce 2.0195 | 3.1 it/s
step    1000 | VAL cos 0.5007 | VAL dec CE 3.9974
step    1050 | cos 0.4960 | thought 1.1862 dec_ce 2.0237 | 2.5 it/s
step    1100 | cos 0.5004 | thought 1.0684 dec_ce 1.8995 | 3.1 it/s
step    1150 | cos 0.5038 | thought 1.1036 dec_ce 2.0073 | 3.2 it/s
step    1200 | cos 0.5054 | thought 1.0909 dec_ce 1.9578 | 3.1 it/s
step    1250 | cos 0.5047 | thought 1.1223 dec_ce 2.0661 | 3.1 it/s
step    1300 | cos 0.5098 | thought 1.0806 dec_ce 1.931 | 3.0 it/s
step    1350 | cos 0.5122 | thought 1.0737 dec_ce 1.9829 | 3.1 it/s
step    1400 | cos 0.5099 | thought 1.0737 dec_ce 2.0119 | 3.1 it/s
step    1450 | cos 0.5112 | thought 1.0199 dec_ce 1.9306 | 3.1 it/s
step    1500 | cos 0.5106 | thought 1.044 dec_ce 2.0768 | 3.1 it/s
step    1550 | cos 0.5135 | thought 1.0622 dec_ce 2.1331 | 3.0 it/s
step    1600 | cos 0.5138 | thought 1.0317 dec_ce 2.0304 | 3.0 it/s
step    1650 | cos 0.5143 | thought 1.0028 dec_ce 1.9142 | 3.2 it/s
step    1700 | cos 0.5169 | thought 1.0418 dec_ce 2.0581 | 3.2 it/s
step    1750 | cos 0.5147 | thought 1.0649 dec_ce 2.0651 | 3.1 it/s
step    1800 | cos 0.5189 | thought 1.0094 dec_ce 1.9885 | 3.1 it/s
step    1850 | cos 0.5195 | thought 0.9617 dec_ce 1.8131 | 3.0 it/s
step    1900 | cos 0.5156 | thought 1.0443 dec_ce 2.0928 | 3.1 it/s
step    1950 | cos 0.5196 | thought 1.0156 dec_ce 1.987 | 3.0 it/s
step    2000 | cos 0.5210 | thought 1.0136 dec_ce 1.9647 | 3.1 it/s
step    2000 | VAL cos 0.5216 | VAL dec CE 3.9411
step    2050 | cos 0.5214 | thought 0.9511 dec_ce 1.8724 | 2.5 it/s
step    2100 | cos 0.5218 | thought 0.9787 dec_ce 2.0335 | 3.0 it/s
step    2150 | cos 0.5236 | thought 0.9777 dec_ce 1.9663 | 3.2 it/s
step    2200 | cos 0.5246 | thought 0.9672 dec_ce 1.9341 | 3.1 it/s
step    2250 | cos 0.5272 | thought 0.97 dec_ce 2.0647 | 3.1 it/s
step    2300 | cos 0.5242 | thought 0.9644 dec_ce 1.957 | 3.1 it/s
step    2350 | cos 0.5270 | thought 0.9737 dec_ce 1.9814 | 3.1 it/s
step    2400 | cos 0.5287 | thought 0.9538 dec_ce 1.8929 | 3.1 it/s
step    2450 | cos 0.5268 | thought 0.958 dec_ce 1.8903 | 3.1 it/s
step    2500 | cos 0.5304 | thought 0.9425 dec_ce 1.9386 | 3.1 it/s
step    2550 | cos 0.5289 | thought 0.9863 dec_ce 1.95 | 2.9 it/s
step    2600 | cos 0.5313 | thought 0.9731 dec_ce 1.9932 | 3.1 it/s
step    2650 | cos 0.5313 | thought 0.9606 dec_ce 1.947 | 3.1 it/s
step    2700 | cos 0.5300 | thought 0.9778 dec_ce 2.02 | 3.2 it/s
step    2750 | cos 0.5325 | thought 0.9768 dec_ce 2.0148 | 3.1 it/s
step    2800 | cos 0.5302 | thought 0.9737 dec_ce 2.0436 | 3.1 it/s
step    2850 | cos 0.5302 | thought 0.9478 dec_ce 1.9589 | 3.1 it/s
step    2900 | cos 0.5317 | thought 0.979 dec_ce 2.0506 | 3.1 it/s
step    2950 | cos 0.5308 | thought 0.9882 dec_ce 2.1197 | 3.1 it/s
step    3000 | cos 0.5329 | thought 0.9708 dec_ce 1.9928 | 3.1 it/s
step    3000 | VAL cos 0.5351 | VAL dec CE 3.9083
step    3050 | cos 0.5320 | thought 0.9701 dec_ce 1.9889 | 2.6 it/s
step    3100 | cos 0.5303 | thought 0.993 dec_ce 1.9874 | 3.1 it/s
step    3150 | cos 0.5311 | thought 0.9594 dec_ce 1.9375 | 3.1 it/s
step    3200 | cos 0.5352 | thought 0.9552 dec_ce 1.9108 | 3.2 it/s
step    3250 | cos 0.5352 | thought 0.9602 dec_ce 1.9922 | 3.2 it/s
step    3300 | cos 0.5323 | thought 0.9989 dec_ce 2.0888 | 3.1 it/s
step    3350 | cos 0.5348 | thought 0.9518 dec_ce 1.9206 | 3.1 it/s
step    3400 | cos 0.5353 | thought 0.9574 dec_ce 1.9819 | 3.1 it/s
step    3450 | cos 0.5378 | thought 0.9731 dec_ce 1.9325 | 3.1 it/s
step    3500 | cos 0.5322 | thought 0.96 dec_ce 1.9907 | 3.1 it/s
step    3550 | cos 0.5340 | thought 0.9708 dec_ce 1.939 | 3.0 it/s
step    3600 | cos 0.5351 | thought 0.9768 dec_ce 1.9927 | 3.1 it/s
step    3650 | cos 0.5344 | thought 0.9707 dec_ce 2.0103 | 3.1 it/s
step    3700 | cos 0.5331 | thought 0.9635 dec_ce 1.935 | 3.1 it/s
step    3750 | cos 0.5359 | thought 0.9657 dec_ce 2.0357 | 3.1 it/s
step    3800 | cos 0.5350 | thought 0.946 dec_ce 1.9693 | 3.1 it/s
step    3850 | cos 0.5337 | thought 0.9488 dec_ce 1.8937 | 3.1 it/s
step    3900 | cos 0.5370 | thought 0.9541 dec_ce 2.0154 | 3.1 it/s
step    3950 | cos 0.5358 | thought 0.9601 dec_ce 1.9669 | 3.2 it/s
step    4000 | cos 0.5357 | thought 0.9625 dec_ce 1.9252 | 3.1 it/s
step    4000 | VAL cos 0.5389 | VAL dec CE 3.8884
step    4050 | cos 0.5365 | thought 0.9486 dec_ce 1.8857 | 2.6 it/s
step    4100 | cos 0.5355 | thought 0.9524 dec_ce 1.9249 | 3.1 it/s
step    4150 | cos 0.5368 | thought 0.9692 dec_ce 2.0381 | 3.1 it/s
step    4200 | cos 0.5388 | thought 0.9561 dec_ce 1.875 | 3.1 it/s
step    4250 | cos 0.5336 | thought 0.9496 dec_ce 1.9458 | 3.0 it/s
step    4300 | cos 0.5365 | thought 0.961 dec_ce 1.9817 | 3.1 it/s
step    4350 | cos 0.5370 | thought 0.9528 dec_ce 1.9731 | 3.1 it/s
step    4400 | cos 0.5386 | thought 0.9732 dec_ce 1.9847 | 3.1 it/s
step    4450 | cos 0.5372 | thought 0.9854 dec_ce 2.0119 | 3.0 it/s
step    4500 | cos 0.5351 | thought 0.9372 dec_ce 1.8479 | 3.1 it/s
step    4550 | cos 0.5374 | thought 0.9534 dec_ce 1.8644 | 3.0 it/s
step    4600 | cos 0.5389 | thought 0.9641 dec_ce 1.9681 | 3.0 it/s
step    4650 | cos 0.5373 | thought 0.9562 dec_ce 1.8985 | 3.1 it/s
step    4700 | cos 0.5385 | thought 0.9591 dec_ce 2.0399 | 3.1 it/s
step    4750 | cos 0.5372 | thought 0.952 dec_ce 2.0005 | 3.1 it/s
step    4800 | cos 0.5374 | thought 0.9493 dec_ce 1.9857 | 3.1 it/s
step    4850 | cos 0.5357 | thought 0.9436 dec_ce 1.9078 | 3.1 it/s
step    4900 | cos 0.5361 | thought 0.9657 dec_ce 1.9444 | 3.0 it/s
step    4950 | cos 0.5401 | thought 0.9436 dec_ce 1.8892 | 3.1 it/s
step    5000 | cos 0.5405 | thought 0.9266 dec_ce 1.9008 | 3.1 it/s
step    5000 | VAL cos 0.5420 | VAL dec CE 3.8876
step    5050 | cos 0.5377 | thought 0.9874 dec_ce 2.0839 | 2.4 it/s
step    5100 | cos 0.5395 | thought 0.9611 dec_ce 1.9239 | 3.2 it/s
step    5150 | cos 0.5374 | thought 0.9384 dec_ce 1.9926 | 3.1 it/s
step    5200 | cos 0.5378 | thought 0.9305 dec_ce 1.9293 | 3.1 it/s
step    5250 | cos 0.5392 | thought 0.9651 dec_ce 1.9726 | 3.0 it/s
step    5300 | cos 0.5398 | thought 0.9595 dec_ce 1.929 | 3.1 it/s
step    5350 | cos 0.5411 | thought 0.9746 dec_ce 2.003 | 3.1 it/s
step    5400 | cos 0.5427 | thought 0.9914 dec_ce 2.03 | 3.1 it/s
step    5450 | cos 0.5403 | thought 0.9859 dec_ce 2.0279 | 3.0 it/s
step    5500 | cos 0.5394 | thought 0.957 dec_ce 1.8953 | 3.1 it/s
step    5550 | cos 0.5399 | thought 0.9756 dec_ce 2.0851 | 3.0 it/s
step    5600 | cos 0.5374 | thought 0.9729 dec_ce 1.9872 | 3.1 it/s
step    5650 | cos 0.5376 | thought 0.9721 dec_ce 1.9546 | 3.1 it/s
step    5700 | cos 0.5388 | thought 0.9775 dec_ce 2.0916 | 3.0 it/s
step    5750 | cos 0.5405 | thought 0.9312 dec_ce 1.8568 | 3.1 it/s
step    5800 | cos 0.5396 | thought 0.9533 dec_ce 1.9873 | 3.1 it/s
step    5850 | cos 0.5396 | thought 0.9708 dec_ce 2.0792 | 3.1 it/s
step    5900 | cos 0.5406 | thought 0.997 dec_ce 2.0531 | 3.1 it/s
step    5950 | cos 0.5399 | thought 0.9341 dec_ce 1.8905 | 3.1 it/s
step    6000 | cos 0.5383 | thought 0.9775 dec_ce 2.0337 | 3.1 it/s
step    6000 | VAL cos 0.5433 | VAL dec CE 3.8528
step    6050 | cos 0.5406 | thought 0.9395 dec_ce 1.8667 | 2.5 it/s
step    6100 | cos 0.5391 | thought 0.963 dec_ce 2.0257 | 3.1 it/s
step    6150 | cos 0.5408 | thought 0.9404 dec_ce 1.9603 | 3.1 it/s
step    6200 | cos 0.5412 | thought 0.9701 dec_ce 1.9754 | 3.1 it/s
step    6250 | cos 0.5402 | thought 0.9535 dec_ce 1.9718 | 3.0 it/s
step    6300 | cos 0.5392 | thought 0.9818 dec_ce 1.9814 | 3.1 it/s
step    6350 | cos 0.5406 | thought 0.9111 dec_ce 1.9077 | 3.1 it/s
step    6400 | cos 0.5416 | thought 0.9451 dec_ce 1.8852 | 3.0 it/s
step    6450 | cos 0.5410 | thought 0.9482 dec_ce 1.957 | 3.0 it/s
step    6500 | cos 0.5418 | thought 0.9311 dec_ce 1.8048 | 3.0 it/s
step    6550 | cos 0.5413 | thought 0.9654 dec_ce 1.9576 | 3.0 it/s
step    6600 | cos 0.5434 | thought 0.9385 dec_ce 1.8393 | 3.0 it/s
step    6650 | cos 0.5413 | thought 0.9321 dec_ce 1.8869 | 3.1 it/s
step    6700 | cos 0.5399 | thought 0.9279 dec_ce 1.9002 | 3.1 it/s
step    6750 | cos 0.5427 | thought 0.9281 dec_ce 1.8454 | 3.1 it/s
step    6800 | cos 0.5423 | thought 0.9501 dec_ce 1.899 | 3.1 it/s
step    6850 | cos 0.5407 | thought 0.9066 dec_ce 1.8098 | 3.1 it/s
step    6900 | cos 0.5410 | thought 0.9562 dec_ce 1.9774 | 3.1 it/s
step    6950 | cos 0.5411 | thought 0.9694 dec_ce 1.9414 | 3.1 it/s
step    7000 | cos 0.5423 | thought 0.9534 dec_ce 2.0552 | 3.1 it/s
step    7000 | VAL cos 0.5445 | VAL dec CE 3.8320
step    7050 | cos 0.5400 | thought 0.9071 dec_ce 1.8362 | 2.5 it/s
step    7100 | cos 0.5413 | thought 0.9276 dec_ce 1.8319 | 3.1 it/s
step    7150 | cos 0.5398 | thought 0.9924 dec_ce 2.1198 | 3.0 it/s
step    7200 | cos 0.5423 | thought 0.9574 dec_ce 1.9359 | 3.1 it/s
step    7250 | cos 0.5388 | thought 0.9361 dec_ce 1.9377 | 3.0 it/s
step    7300 | cos 0.5439 | thought 0.9406 dec_ce 1.9034 | 3.1 it/s
step    7350 | cos 0.5432 | thought 0.9547 dec_ce 1.9132 | 3.0 it/s
step    7400 | cos 0.5437 | thought 0.9256 dec_ce 1.9187 | 3.1 it/s
step    7450 | cos 0.5414 | thought 0.9639 dec_ce 2.0608 | 3.0 it/s
step    7500 | cos 0.5416 | thought 0.9683 dec_ce 1.897 | 3.1 it/s
step    7550 | cos 0.5439 | thought 0.9306 dec_ce 1.8709 | 2.9 it/s
step    7600 | cos 0.5420 | thought 0.9532 dec_ce 1.964 | 3.2 it/s
step    7650 | cos 0.5421 | thought 0.9502 dec_ce 1.8923 | 3.2 it/s
step    7700 | cos 0.5403 | thought 0.9373 dec_ce 1.9203 | 3.0 it/s
step    7750 | cos 0.5424 | thought 0.9403 dec_ce 1.8975 | 3.0 it/s
step    7800 | cos 0.5414 | thought 0.9617 dec_ce 1.9736 | 3.1 it/s
step    7850 | cos 0.5428 | thought 0.9791 dec_ce 1.9709 | 3.1 it/s
step    7900 | cos 0.5423 | thought 0.9364 dec_ce 1.8868 | 3.1 it/s
step    7950 | cos 0.5421 | thought 0.942 dec_ce 1.8928 | 3.1 it/s
step    8000 | cos 0.5411 | thought 0.9574 dec_ce 1.9868 | 3.1 it/s
step    8000 | VAL cos 0.5455 | VAL dec CE 3.8321
step    8050 | cos 0.5415 | thought 0.9448 dec_ce 1.9623 | 2.6 it/s
step    8100 | cos 0.5440 | thought 0.9469 dec_ce 1.8872 | 3.1 it/s
step    8150 | cos 0.5413 | thought 0.9723 dec_ce 2.061 | 3.0 it/s
step    8200 | cos 0.5430 | thought 0.9457 dec_ce 1.9454 | 3.1 it/s
step    8250 | cos 0.5449 | thought 0.9628 dec_ce 2.0011 | 3.1 it/s
step    8300 | cos 0.5443 | thought 0.9659 dec_ce 1.9553 | 3.1 it/s
step    8350 | cos 0.5433 | thought 0.9038 dec_ce 1.7179 | 3.1 it/s
step    8400 | cos 0.5434 | thought 0.921 dec_ce 1.8697 | 3.1 it/s
step    8450 | cos 0.5440 | thought 0.9412 dec_ce 1.8721 | 3.1 it/s
step    8500 | cos 0.5450 | thought 0.9556 dec_ce 1.9226 | 3.1 it/s
step    8550 | cos 0.5423 | thought 0.9299 dec_ce 1.8896 | 3.1 it/s
step    8600 | cos 0.5425 | thought 0.9806 dec_ce 1.9585 | 3.1 it/s
step    8650 | cos 0.5449 | thought 0.9431 dec_ce 1.9208 | 3.1 it/s
step    8700 | cos 0.5435 | thought 0.9485 dec_ce 2.013 | 3.1 it/s
step    8750 | cos 0.5445 | thought 0.9463 dec_ce 1.8996 | 3.1 it/s
step    8800 | cos 0.5445 | thought 0.9187 dec_ce 1.8409 | 3.1 it/s
step    8850 | cos 0.5431 | thought 0.9126 dec_ce 1.8455 | 3.1 it/s
step    8900 | cos 0.5450 | thought 0.8833 dec_ce 1.7302 | 3.1 it/s
step    8950 | cos 0.5433 | thought 0.9396 dec_ce 1.9773 | 3.1 it/s
step    9000 | cos 0.5434 | thought 0.9424 dec_ce 1.8426 | 3.1 it/s
step    9000 | VAL cos 0.5461 | VAL dec CE 3.8166
step    9050 | cos 0.5422 | thought 0.9682 dec_ce 2.0031 | 2.5 it/s
step    9100 | cos 0.5454 | thought 0.9411 dec_ce 1.902 | 3.1 it/s
step    9150 | cos 0.5466 | thought 0.9247 dec_ce 1.8826 | 3.1 it/s
step    9200 | cos 0.5441 | thought 0.959 dec_ce 1.9013 | 3.0 it/s
step    9250 | cos 0.5417 | thought 0.9724 dec_ce 1.8992 | 3.1 it/s
step    9300 | cos 0.5436 | thought 0.9359 dec_ce 1.8628 | 3.1 it/s
step    9350 | cos 0.5413 | thought 0.9268 dec_ce 1.8427 | 3.1 it/s
step    9400 | cos 0.5452 | thought 0.9784 dec_ce 1.9876 | 3.1 it/s
step    9450 | cos 0.5436 | thought 0.9629 dec_ce 1.9321 | 3.1 it/s
step    9500 | cos 0.5434 | thought 0.9465 dec_ce 1.8611 | 3.0 it/s
step    9550 | cos 0.5429 | thought 0.9776 dec_ce 1.9448 | 3.0 it/s
step    9600 | cos 0.5436 | thought 0.9301 dec_ce 1.8378 | 3.0 it/s
step    9650 | cos 0.5434 | thought 0.9297 dec_ce 1.8241 | 3.0 it/s
step    9700 | cos 0.5423 | thought 0.9471 dec_ce 1.9633 | 3.1 it/s
step    9750 | cos 0.5459 | thought 0.9386 dec_ce 1.9866 | 3.1 it/s
step    9800 | cos 0.5440 | thought 0.9693 dec_ce 1.9066 | 3.1 it/s
step    9850 | cos 0.5461 | thought 0.9422 dec_ce 1.9017 | 3.0 it/s
step    9900 | cos 0.5427 | thought 0.9315 dec_ce 1.89 | 3.1 it/s
step    9950 | cos 0.5448 | thought 0.9438 dec_ce 1.889 | 3.1 it/s
step   10000 | cos 0.5419 | thought 0.9428 dec_ce 1.8746 | 3.1 it/s
step   10000 | VAL cos 0.5468 | VAL dec CE 3.8131
step   10050 | cos 0.5442 | thought 0.9224 dec_ce 1.8964 | 2.5 it/s
step   10100 | cos 0.5443 | thought 0.9771 dec_ce 2.0174 | 3.1 it/s
step   10150 | cos 0.5448 | thought 0.9364 dec_ce 1.8965 | 3.1 it/s
step   10200 | cos 0.5448 | thought 0.941 dec_ce 1.8825 | 3.1 it/s
step   10250 | cos 0.5433 | thought 0.9493 dec_ce 1.9034 | 3.1 it/s
step   10300 | cos 0.5440 | thought 0.932 dec_ce 1.8158 | 3.2 it/s
step   10350 | cos 0.5446 | thought 0.9434 dec_ce 1.9757 | 3.1 it/s
step   10400 | cos 0.5426 | thought 0.9478 dec_ce 1.8838 | 3.1 it/s
step   10450 | cos 0.5446 | thought 0.9395 dec_ce 1.9772 | 3.1 it/s
step   10500 | cos 0.5445 | thought 0.9335 dec_ce 1.8694 | 3.1 it/s
step   10550 | cos 0.5463 | thought 0.9452 dec_ce 1.9055 | 3.0 it/s
step   10600 | cos 0.5439 | thought 0.9317 dec_ce 1.8323 | 3.1 it/s
step   10650 | cos 0.5462 | thought 0.9584 dec_ce 1.9895 | 3.1 it/s
step   10700 | cos 0.5449 | thought 0.9595 dec_ce 1.9651 | 3.1 it/s
step   10750 | cos 0.5430 | thought 0.9148 dec_ce 1.8005 | 3.1 it/s
step   10800 | cos 0.5450 | thought 0.9371 dec_ce 1.9327 | 3.1 it/s
step   10850 | cos 0.5441 | thought 0.9328 dec_ce 1.8764 | 3.1 it/s
step   10900 | cos 0.5473 | thought 0.9112 dec_ce 1.8919 | 3.1 it/s
step   10950 | cos 0.5471 | thought 0.9782 dec_ce 1.9882 | 3.1 it/s
wall-clock cap reached at step 10973

Run 'r5_prefix' done: 10973 steps | final val cos 0.5473 | dec CE 3.8132
