/home/nochi/vault/projects/ThoughtVectors/thoughtvec/.venv/lib/python3.12/site-packages/torch/nn/modules/transformer.py:392: UserWarning: enable_nested_tensor is True, but self.use_nested_tensor is False because encoder_layer.norm_first was True
  warnings.warn(
thinker params: 32.04M (codec d=384, frozen=True)
step      50 | cos 0.0476 | thought 2.324 dec_ce 2.3026 contrast 0.3632 | 2.9 it/s
step     100 | cos 0.1915 | thought 2.055 dec_ce 2.2257 contrast 0.3592 | 3.1 it/s
step     150 | cos 0.2489 | thought 2.022 dec_ce 2.2803 contrast 0.3595 | 3.1 it/s
step     200 | cos 0.2644 | thought 1.9516 dec_ce 2.3624 contrast 0.3667 | 3.1 it/s
step     250 | cos 0.2812 | thought 1.858 dec_ce 2.1546 contrast 0.3518 | 3.1 it/s
step     300 | cos 0.3300 | thought 1.6503 dec_ce 2.1883 contrast 0.3431 | 3.2 it/s
step     350 | cos 0.3441 | thought 1.6127 dec_ce 1.9738 contrast 0.341 | 3.2 it/s
step     400 | cos 0.3688 | thought 1.6008 dec_ce 2.175 contrast 0.3529 | 3.1 it/s
step     450 | cos 0.3863 | thought 1.5108 dec_ce 2.0971 contrast 0.3371 | 3.2 it/s
step     500 | cos 0.4062 | thought 1.4655 dec_ce 2.0283 contrast 0.3265 | 3.0 it/s
step     550 | cos 0.4197 | thought 1.4041 dec_ce 2.054 contrast 0.345 | 3.0 it/s
step     600 | cos 0.4336 | thought 1.3142 dec_ce 2.071 contrast 0.3022 | 3.2 it/s
step     650 | cos 0.4420 | thought 1.3574 dec_ce 2.0639 contrast 0.3506 | 3.2 it/s
step     700 | cos 0.4453 | thought 1.268 dec_ce 2.1191 contrast 0.3206 | 3.1 it/s
step     750 | cos 0.4508 | thought 1.2854 dec_ce 1.9076 contrast 0.3152 | 3.0 it/s
step     800 | cos 0.4508 | thought 1.2805 dec_ce 2.1733 contrast 0.3171 | 3.1 it/s
step     850 | cos 0.4503 | thought 1.2858 dec_ce 2.1182 contrast 0.2971 | 3.1 it/s
step     900 | cos 0.4539 | thought 1.2995 dec_ce 2.1546 contrast 0.3443 | 3.2 it/s
step     950 | cos 0.4574 | thought 1.1991 dec_ce 1.9434 contrast 0.3157 | 3.2 it/s
step    1000 | cos 0.4593 | thought 1.2601 dec_ce 2.1402 contrast 0.3293 | 3.1 it/s
step    1000 | VAL cos 0.4599 | VAL dec CE 3.9477
step    1050 | cos 0.4588 | thought 1.1807 dec_ce 1.9694 contrast 0.3188 | 2.6 it/s
step    1100 | cos 0.4593 | thought 1.2288 dec_ce 2.0781 contrast 0.3203 | 3.2 it/s
step    1150 | cos 0.4603 | thought 1.1899 dec_ce 2.1029 contrast 0.3172 | 3.1 it/s
step    1200 | cos 0.4604 | thought 1.1547 dec_ce 1.9624 contrast 0.3219 | 3.2 it/s
step    1250 | cos 0.4606 | thought 1.2259 dec_ce 2.1353 contrast 0.3134 | 3.1 it/s
step    1300 | cos 0.4616 | thought 1.1401 dec_ce 2.0416 contrast 0.2884 | 3.1 it/s
step    1350 | cos 0.4622 | thought 1.1339 dec_ce 1.9404 contrast 0.3288 | 3.2 it/s
step    1400 | cos 0.4669 | thought 1.0882 dec_ce 1.8837 contrast 0.2895 | 3.1 it/s
step    1450 | cos 0.4620 | thought 1.1148 dec_ce 2.0051 contrast 0.305 | 3.1 it/s
step    1500 | cos 0.4619 | thought 1.0757 dec_ce 1.9207 contrast 0.286 | 3.2 it/s
step    1550 | cos 0.4649 | thought 1.1073 dec_ce 2.0363 contrast 0.287 | 3.1 it/s
step    1600 | cos 0.4666 | thought 1.0885 dec_ce 2.105 contrast 0.3039 | 3.2 it/s
step    1650 | cos 0.4633 | thought 1.0724 dec_ce 1.9114 contrast 0.2951 | 3.2 it/s
step    1700 | cos 0.4659 | thought 1.1352 dec_ce 2.1113 contrast 0.3214 | 3.1 it/s
step    1750 | cos 0.4662 | thought 1.0816 dec_ce 2.1186 contrast 0.2818 | 3.2 it/s
step    1800 | cos 0.4626 | thought 1.0813 dec_ce 2.0161 contrast 0.3039 | 3.2 it/s
step    1850 | cos 0.4698 | thought 1.0691 dec_ce 2.044 contrast 0.2945 | 3.2 it/s
step    1900 | cos 0.4662 | thought 1.086 dec_ce 2.0178 contrast 0.2955 | 3.2 it/s
step    1950 | cos 0.4636 | thought 1.0772 dec_ce 2.0289 contrast 0.2868 | 3.1 it/s
step    2000 | cos 0.4646 | thought 1.0685 dec_ce 2.0847 contrast 0.2882 | 3.1 it/s
step    2000 | VAL cos 0.4682 | VAL dec CE 3.8855
step    2050 | cos 0.4694 | thought 1.0657 dec_ce 2.065 contrast 0.274 | 2.6 it/s
step    2100 | cos 0.4690 | thought 1.0494 dec_ce 2.0004 contrast 0.2416 | 3.2 it/s
step    2150 | cos 0.4690 | thought 1.0312 dec_ce 1.8659 contrast 0.3161 | 3.2 it/s
step    2200 | cos 0.4674 | thought 1.0907 dec_ce 2.1576 contrast 0.2684 | 3.1 it/s
step    2250 | cos 0.4701 | thought 1.0652 dec_ce 2.0514 contrast 0.2936 | 3.1 it/s
step    2300 | cos 0.4662 | thought 1.0388 dec_ce 2.0118 contrast 0.3027 | 3.2 it/s
step    2350 | cos 0.4697 | thought 1.0462 dec_ce 1.974 contrast 0.3119 | 3.2 it/s
step    2400 | cos 0.4659 | thought 1.0671 dec_ce 1.9803 contrast 0.2954 | 3.1 it/s
step    2450 | cos 0.4695 | thought 1.0475 dec_ce 2.0271 contrast 0.2826 | 3.1 it/s
step    2500 | cos 0.4706 | thought 1.0376 dec_ce 1.96 contrast 0.2753 | 3.2 it/s
step    2550 | cos 0.4675 | thought 1.034 dec_ce 2.0 contrast 0.2858 | 3.1 it/s
step    2600 | cos 0.4662 | thought 1.0432 dec_ce 2.0397 contrast 0.2908 | 3.1 it/s
step    2650 | cos 0.4705 | thought 1.0112 dec_ce 1.9984 contrast 0.2688 | 3.2 it/s
step    2700 | cos 0.4683 | thought 1.0546 dec_ce 2.0982 contrast 0.2913 | 3.1 it/s
step    2750 | cos 0.4689 | thought 1.0451 dec_ce 2.0027 contrast 0.2689 | 3.2 it/s
step    2800 | cos 0.4705 | thought 1.0755 dec_ce 2.0541 contrast 0.3115 | 3.2 it/s
step    2850 | cos 0.4712 | thought 1.0626 dec_ce 2.0168 contrast 0.2675 | 3.2 it/s
step    2900 | cos 0.4728 | thought 1.0422 dec_ce 1.9942 contrast 0.2841 | 3.1 it/s
step    2950 | cos 0.4706 | thought 1.0452 dec_ce 2.0583 contrast 0.2847 | 3.1 it/s
step    3000 | cos 0.4677 | thought 1.0333 dec_ce 2.0312 contrast 0.2907 | 3.2 it/s
step    3000 | VAL cos 0.4747 | VAL dec CE 3.8528
step    3050 | cos 0.4713 | thought 1.0912 dec_ce 2.0901 contrast 0.2743 | 2.6 it/s
step    3100 | cos 0.4747 | thought 1.0322 dec_ce 2.0296 contrast 0.2878 | 3.2 it/s
step    3150 | cos 0.4742 | thought 1.0447 dec_ce 2.0427 contrast 0.286 | 3.1 it/s
step    3200 | cos 0.4739 | thought 1.0218 dec_ce 2.0414 contrast 0.2816 | 3.1 it/s
step    3250 | cos 0.4720 | thought 1.0737 dec_ce 2.1042 contrast 0.293 | 3.2 it/s
step    3300 | cos 0.4736 | thought 1.0788 dec_ce 2.081 contrast 0.2566 | 3.2 it/s
step    3350 | cos 0.4722 | thought 1.0528 dec_ce 2.0909 contrast 0.2998 | 3.1 it/s
step    3400 | cos 0.4707 | thought 1.047 dec_ce 2.0352 contrast 0.2642 | 3.1 it/s
step    3450 | cos 0.4705 | thought 1.0421 dec_ce 1.9018 contrast 0.276 | 3.2 it/s
step    3500 | cos 0.4737 | thought 1.0299 dec_ce 2.0095 contrast 0.2512 | 3.2 it/s
step    3550 | cos 0.4724 | thought 1.0571 dec_ce 2.0451 contrast 0.2889 | 3.1 it/s
step    3600 | cos 0.4720 | thought 1.0653 dec_ce 1.9934 contrast 0.2617 | 3.1 it/s
step    3650 | cos 0.4740 | thought 1.0699 dec_ce 1.9654 contrast 0.2908 | 3.2 it/s
step    3700 | cos 0.4725 | thought 1.0634 dec_ce 1.9408 contrast 0.3175 | 3.1 it/s
step    3750 | cos 0.4738 | thought 1.0269 dec_ce 1.9671 contrast 0.2775 | 3.2 it/s
step    3800 | cos 0.4693 | thought 1.0435 dec_ce 2.0453 contrast 0.2723 | 3.1 it/s
step    3850 | cos 0.4710 | thought 1.0844 dec_ce 2.0273 contrast 0.2908 | 3.1 it/s
step    3900 | cos 0.4744 | thought 1.0041 dec_ce 1.9696 contrast 0.2382 | 3.1 it/s
step    3950 | cos 0.4743 | thought 1.0252 dec_ce 2.1092 contrast 0.2613 | 3.2 it/s
step    4000 | cos 0.4715 | thought 1.062 dec_ce 2.0079 contrast 0.3024 | 3.2 it/s
step    4000 | VAL cos 0.4759 | VAL dec CE 3.8251
step    4050 | cos 0.4755 | thought 1.069 dec_ce 2.0265 contrast 0.2873 | 2.6 it/s
step    4100 | cos 0.4694 | thought 1.0968 dec_ce 2.0813 contrast 0.3016 | 3.2 it/s
step    4150 | cos 0.4701 | thought 1.0207 dec_ce 1.9279 contrast 0.2806 | 3.1 it/s
step    4200 | cos 0.4743 | thought 1.0567 dec_ce 2.105 contrast 0.2686 | 3.1 it/s
step    4250 | cos 0.4727 | thought 1.0367 dec_ce 1.9186 contrast 0.2701 | 3.2 it/s
step    4300 | cos 0.4778 | thought 1.0347 dec_ce 2.049 contrast 0.2523 | 3.2 it/s
step    4350 | cos 0.4741 | thought 1.0589 dec_ce 1.9535 contrast 0.2662 | 3.1 it/s
step    4400 | cos 0.4772 | thought 1.0077 dec_ce 1.9907 contrast 0.2277 | 3.2 it/s
step    4450 | cos 0.4753 | thought 1.0437 dec_ce 2.0869 contrast 0.2669 | 3.2 it/s
step    4500 | cos 0.4780 | thought 1.0229 dec_ce 2.0203 contrast 0.2531 | 3.2 it/s
step    4550 | cos 0.4767 | thought 1.0624 dec_ce 2.0109 contrast 0.2702 | 3.1 it/s
step    4600 | cos 0.4741 | thought 1.0588 dec_ce 2.0486 contrast 0.279 | 3.2 it/s
step    4650 | cos 0.4757 | thought 1.0113 dec_ce 1.968 contrast 0.2712 | 3.2 it/s
step    4700 | cos 0.4748 | thought 1.0222 dec_ce 1.9706 contrast 0.2673 | 3.2 it/s
step    4750 | cos 0.4747 | thought 1.0574 dec_ce 1.9076 contrast 0.2821 | 3.1 it/s
step    4800 | cos 0.4715 | thought 1.0574 dec_ce 2.0496 contrast 0.2937 | 3.1 it/s
step    4850 | cos 0.4768 | thought 1.0805 dec_ce 2.1643 contrast 0.2512 | 3.1 it/s
step    4900 | cos 0.4806 | thought 1.0241 dec_ce 1.9741 contrast 0.247 | 3.1 it/s
step    4950 | cos 0.4762 | thought 1.0404 dec_ce 1.9846 contrast 0.279 | 3.2 it/s
step    5000 | cos 0.4743 | thought 1.0523 dec_ce 2.0241 contrast 0.2656 | 3.1 it/s
step    5000 | VAL cos 0.4794 | VAL dec CE 3.8064
step    5050 | cos 0.4782 | thought 1.0309 dec_ce 1.9772 contrast 0.2916 | 2.6 it/s
step    5100 | cos 0.4760 | thought 1.0615 dec_ce 1.9154 contrast 0.2695 | 3.1 it/s
step    5150 | cos 0.4728 | thought 1.0662 dec_ce 1.9972 contrast 0.2606 | 3.1 it/s
step    5200 | cos 0.4744 | thought 1.0617 dec_ce 1.9936 contrast 0.2789 | 3.1 it/s
step    5250 | cos 0.4764 | thought 1.0582 dec_ce 2.1484 contrast 0.2753 | 3.1 it/s
step    5300 | cos 0.4772 | thought 1.0226 dec_ce 1.9947 contrast 0.2701 | 3.1 it/s
step    5350 | cos 0.4778 | thought 1.0192 dec_ce 1.9801 contrast 0.2716 | 3.2 it/s
step    5400 | cos 0.4758 | thought 1.0793 dec_ce 2.0522 contrast 0.2724 | 3.2 it/s
step    5450 | cos 0.4783 | thought 1.016 dec_ce 1.9335 contrast 0.2431 | 3.2 it/s
step    5500 | cos 0.4753 | thought 1.0364 dec_ce 2.0031 contrast 0.2542 | 3.2 it/s
step    5550 | cos 0.4757 | thought 1.0296 dec_ce 1.9864 contrast 0.2735 | 3.2 it/s
step    5600 | cos 0.4782 | thought 1.0363 dec_ce 2.0223 contrast 0.2421 | 3.1 it/s
step    5650 | cos 0.4789 | thought 1.0203 dec_ce 1.8863 contrast 0.2506 | 3.2 it/s
step    5700 | cos 0.4764 | thought 1.0351 dec_ce 1.9061 contrast 0.2511 | 3.1 it/s
step    5750 | cos 0.4781 | thought 1.0266 dec_ce 1.9208 contrast 0.2703 | 3.2 it/s
step    5800 | cos 0.4766 | thought 1.0523 dec_ce 2.0122 contrast 0.2621 | 3.2 it/s
step    5850 | cos 0.4769 | thought 1.0753 dec_ce 2.111 contrast 0.3003 | 3.2 it/s
step    5900 | cos 0.4774 | thought 1.0521 dec_ce 2.0676 contrast 0.2657 | 3.2 it/s
step    5950 | cos 0.4782 | thought 1.0474 dec_ce 1.8261 contrast 0.2591 | 3.2 it/s
step    6000 | cos 0.4802 | thought 1.0186 dec_ce 1.8883 contrast 0.2491 | 3.2 it/s
step    6000 | VAL cos 0.4774 | VAL dec CE 3.7869
step    6050 | cos 0.4768 | thought 1.04 dec_ce 1.9001 contrast 0.2674 | 2.6 it/s
step    6100 | cos 0.4803 | thought 1.0412 dec_ce 1.9963 contrast 0.2689 | 3.2 it/s
step    6150 | cos 0.4764 | thought 1.0517 dec_ce 2.0732 contrast 0.2378 | 3.2 it/s
step    6200 | cos 0.4798 | thought 1.0895 dec_ce 2.1093 contrast 0.2881 | 3.1 it/s
step    6250 | cos 0.4785 | thought 1.0577 dec_ce 2.0232 contrast 0.2409 | 3.1 it/s
step    6300 | cos 0.4786 | thought 1.0214 dec_ce 1.9161 contrast 0.2321 | 3.1 it/s
step    6350 | cos 0.4803 | thought 1.0258 dec_ce 1.9109 contrast 0.2495 | 3.2 it/s
step    6400 | cos 0.4770 | thought 1.0305 dec_ce 2.0056 contrast 0.2367 | 3.1 it/s
step    6450 | cos 0.4770 | thought 1.0428 dec_ce 1.9893 contrast 0.2702 | 3.1 it/s
step    6500 | cos 0.4781 | thought 1.0383 dec_ce 1.9545 contrast 0.2737 | 3.1 it/s
step    6550 | cos 0.4785 | thought 1.0627 dec_ce 2.0658 contrast 0.2684 | 3.1 it/s
step    6600 | cos 0.4798 | thought 1.0058 dec_ce 1.8974 contrast 0.2941 | 3.2 it/s
step    6650 | cos 0.4778 | thought 1.06 dec_ce 2.1751 contrast 0.2649 | 3.2 it/s
step    6700 | cos 0.4762 | thought 1.041 dec_ce 2.0101 contrast 0.2663 | 3.1 it/s
step    6750 | cos 0.4790 | thought 1.0393 dec_ce 2.0029 contrast 0.255 | 3.2 it/s
step    6800 | cos 0.4786 | thought 1.0592 dec_ce 2.0321 contrast 0.3031 | 3.1 it/s
step    6850 | cos 0.4793 | thought 1.0153 dec_ce 1.9572 contrast 0.2849 | 3.1 it/s
step    6900 | cos 0.4807 | thought 1.0649 dec_ce 1.971 contrast 0.2597 | 3.2 it/s
step    6950 | cos 0.4800 | thought 1.0395 dec_ce 1.9086 contrast 0.2559 | 3.1 it/s
step    7000 | cos 0.4820 | thought 1.0301 dec_ce 1.8881 contrast 0.237 | 3.2 it/s
step    7000 | VAL cos 0.4797 | VAL dec CE 3.7628
step    7050 | cos 0.4764 | thought 1.0493 dec_ce 1.9561 contrast 0.2494 | 2.6 it/s
step    7100 | cos 0.4795 | thought 1.0377 dec_ce 1.9219 contrast 0.2534 | 3.2 it/s
step    7150 | cos 0.4813 | thought 1.0107 dec_ce 1.8971 contrast 0.2508 | 3.2 it/s
step    7200 | cos 0.4777 | thought 1.0231 dec_ce 1.9437 contrast 0.2329 | 3.1 it/s
step    7250 | cos 0.4802 | thought 1.0685 dec_ce 2.0627 contrast 0.2309 | 3.2 it/s
step    7300 | cos 0.4790 | thought 1.0552 dec_ce 1.9533 contrast 0.24 | 3.2 it/s
step    7350 | cos 0.4784 | thought 1.0327 dec_ce 1.8997 contrast 0.2635 | 3.1 it/s
step    7400 | cos 0.4781 | thought 1.0258 dec_ce 2.0524 contrast 0.2633 | 3.1 it/s
step    7450 | cos 0.4796 | thought 1.0486 dec_ce 2.0684 contrast 0.2708 | 3.1 it/s
step    7500 | cos 0.4779 | thought 1.0228 dec_ce 1.9226 contrast 0.2361 | 3.1 it/s
step    7550 | cos 0.4834 | thought 1.0346 dec_ce 1.9929 contrast 0.2655 | 3.2 it/s
step    7600 | cos 0.4827 | thought 1.0466 dec_ce 1.9924 contrast 0.2501 | 3.2 it/s
step    7650 | cos 0.4842 | thought 1.0146 dec_ce 1.9803 contrast 0.2491 | 3.1 it/s
step    7700 | cos 0.4801 | thought 1.0269 dec_ce 1.9073 contrast 0.2544 | 3.2 it/s
step    7750 | cos 0.4798 | thought 1.0493 dec_ce 2.0372 contrast 0.2303 | 3.2 it/s
step    7800 | cos 0.4796 | thought 1.0681 dec_ce 1.96 contrast 0.2603 | 3.2 it/s
step    7850 | cos 0.4787 | thought 1.0362 dec_ce 1.9716 contrast 0.2392 | 3.2 it/s
step    7900 | cos 0.4812 | thought 1.0463 dec_ce 2.0082 contrast 0.2381 | 3.2 it/s
step    7950 | cos 0.4802 | thought 1.0416 dec_ce 1.9427 contrast 0.2565 | 3.1 it/s
step    8000 | cos 0.4822 | thought 1.0361 dec_ce 1.8773 contrast 0.2649 | 3.1 it/s
step    8000 | VAL cos 0.4840 | VAL dec CE 3.7477
step    8050 | cos 0.4843 | thought 1.0338 dec_ce 1.9879 contrast 0.2695 | 2.6 it/s
step    8100 | cos 0.4785 | thought 1.0422 dec_ce 1.9368 contrast 0.2263 | 3.2 it/s
step    8150 | cos 0.4780 | thought 1.0143 dec_ce 1.815 contrast 0.2505 | 3.1 it/s
step    8200 | cos 0.4811 | thought 1.0442 dec_ce 1.9693 contrast 0.2504 | 3.1 it/s
step    8250 | cos 0.4775 | thought 0.9943 dec_ce 1.8667 contrast 0.2474 | 3.1 it/s
step    8300 | cos 0.4798 | thought 1.0449 dec_ce 1.983 contrast 0.2431 | 3.1 it/s
step    8350 | cos 0.4802 | thought 1.0317 dec_ce 2.064 contrast 0.2412 | 3.2 it/s
step    8400 | cos 0.4827 | thought 1.0437 dec_ce 1.9212 contrast 0.2695 | 3.2 it/s
step    8450 | cos 0.4772 | thought 1.0463 dec_ce 1.9138 contrast 0.264 | 3.2 it/s
step    8500 | cos 0.4814 | thought 1.0092 dec_ce 1.7887 contrast 0.2459 | 3.1 it/s
step    8550 | cos 0.4819 | thought 1.0309 dec_ce 1.9415 contrast 0.2695 | 3.1 it/s
step    8600 | cos 0.4795 | thought 1.0037 dec_ce 2.0021 contrast 0.2551 | 3.2 it/s
step    8650 | cos 0.4834 | thought 1.0313 dec_ce 1.8844 contrast 0.2233 | 3.2 it/s
step    8700 | cos 0.4829 | thought 1.0164 dec_ce 2.0098 contrast 0.2581 | 3.1 it/s
step    8750 | cos 0.4822 | thought 1.0397 dec_ce 1.9014 contrast 0.2681 | 3.1 it/s
step    8800 | cos 0.4861 | thought 1.0186 dec_ce 2.0396 contrast 0.2251 | 3.1 it/s
step    8850 | cos 0.4820 | thought 1.0234 dec_ce 1.9892 contrast 0.2365 | 3.1 it/s
step    8900 | cos 0.4820 | thought 1.0885 dec_ce 1.9474 contrast 0.2695 | 3.2 it/s
step    8950 | cos 0.4796 | thought 1.0458 dec_ce 1.9858 contrast 0.2363 | 3.1 it/s
step    9000 | cos 0.4834 | thought 1.0018 dec_ce 1.9323 contrast 0.2139 | 3.2 it/s
step    9000 | VAL cos 0.4845 | VAL dec CE 3.7370
step    9050 | cos 0.4838 | thought 1.0042 dec_ce 1.871 contrast 0.2462 | 2.6 it/s
step    9100 | cos 0.4820 | thought 1.0032 dec_ce 1.8677 contrast 0.2437 | 3.1 it/s
step    9150 | cos 0.4839 | thought 0.9991 dec_ce 1.958 contrast 0.2662 | 3.1 it/s
step    9200 | cos 0.4820 | thought 0.9731 dec_ce 1.8192 contrast 0.2223 | 3.2 it/s
step    9250 | cos 0.4847 | thought 1.0272 dec_ce 1.9666 contrast 0.2517 | 3.2 it/s
step    9300 | cos 0.4848 | thought 1.0434 dec_ce 1.9761 contrast 0.2436 | 3.2 it/s
step    9350 | cos 0.4849 | thought 1.0494 dec_ce 1.9077 contrast 0.2515 | 3.2 it/s
step    9400 | cos 0.4802 | thought 1.0446 dec_ce 1.9024 contrast 0.2782 | 3.1 it/s
step    9450 | cos 0.4784 | thought 1.0183 dec_ce 1.9411 contrast 0.2115 | 3.2 it/s
step    9500 | cos 0.4797 | thought 1.0508 dec_ce 2.0044 contrast 0.2462 | 3.1 it/s
step    9550 | cos 0.4829 | thought 1.0221 dec_ce 1.8618 contrast 0.2773 | 3.1 it/s
step    9600 | cos 0.4818 | thought 1.0192 dec_ce 1.9331 contrast 0.2274 | 3.1 it/s
step    9650 | cos 0.4834 | thought 1.0466 dec_ce 1.8283 contrast 0.2733 | 3.1 it/s
step    9700 | cos 0.4827 | thought 1.0298 dec_ce 1.9289 contrast 0.243 | 3.2 it/s
step    9750 | cos 0.4848 | thought 1.0288 dec_ce 1.8965 contrast 0.2657 | 3.1 it/s
step    9800 | cos 0.4812 | thought 1.0267 dec_ce 2.0499 contrast 0.247 | 3.1 it/s
step    9850 | cos 0.4851 | thought 0.9893 dec_ce 1.9357 contrast 0.23 | 3.1 it/s
step    9900 | cos 0.4823 | thought 1.0477 dec_ce 1.9959 contrast 0.2386 | 3.2 it/s
step    9950 | cos 0.4847 | thought 1.0844 dec_ce 2.0148 contrast 0.2844 | 3.2 it/s
step   10000 | cos 0.4819 | thought 1.051 dec_ce 2.0222 contrast 0.2651 | 3.2 it/s
step   10000 | VAL cos 0.4832 | VAL dec CE 3.7316
step   10050 | cos 0.4811 | thought 1.0373 dec_ce 1.9847 contrast 0.2555 | 2.6 it/s
step   10100 | cos 0.4826 | thought 1.014 dec_ce 1.8947 contrast 0.2567 | 3.1 it/s
step   10150 | cos 0.4821 | thought 1.0113 dec_ce 1.9593 contrast 0.2413 | 3.1 it/s
step   10200 | cos 0.4814 | thought 1.0634 dec_ce 1.9916 contrast 0.2473 | 3.2 it/s
step   10250 | cos 0.4825 | thought 1.0427 dec_ce 1.9767 contrast 0.2846 | 3.2 it/s
step   10300 | cos 0.4821 | thought 1.0334 dec_ce 1.8456 contrast 0.2395 | 3.1 it/s
step   10350 | cos 0.4862 | thought 1.0262 dec_ce 2.0493 contrast 0.2468 | 3.1 it/s
step   10400 | cos 0.4829 | thought 0.9864 dec_ce 1.8891 contrast 0.246 | 3.1 it/s
step   10450 | cos 0.4833 | thought 1.065 dec_ce 1.9767 contrast 0.251 | 3.2 it/s
step   10500 | cos 0.4818 | thought 0.9892 dec_ce 1.7962 contrast 0.249 | 3.2 it/s
step   10550 | cos 0.4838 | thought 1.0068 dec_ce 1.8537 contrast 0.2598 | 3.1 it/s
step   10600 | cos 0.4817 | thought 1.015 dec_ce 1.9069 contrast 0.2402 | 3.1 it/s
step   10650 | cos 0.4836 | thought 1.0576 dec_ce 1.8376 contrast 0.2617 | 3.1 it/s
step   10700 | cos 0.4839 | thought 0.9859 dec_ce 1.8462 contrast 0.2415 | 3.1 it/s
step   10750 | cos 0.4834 | thought 1.0518 dec_ce 2.0277 contrast 0.2377 | 3.1 it/s
step   10800 | cos 0.4823 | thought 0.9901 dec_ce 1.8466 contrast 0.2294 | 3.1 it/s
step   10850 | cos 0.4850 | thought 1.0548 dec_ce 1.982 contrast 0.2658 | 3.2 it/s
step   10900 | cos 0.4858 | thought 0.9968 dec_ce 1.904 contrast 0.2445 | 3.2 it/s
step   10950 | cos 0.4814 | thought 1.0364 dec_ce 2.0833 contrast 0.2229 | 3.1 it/s
step   11000 | cos 0.4857 | thought 1.0458 dec_ce 2.0241 contrast 0.267 | 3.2 it/s
step   11000 | VAL cos 0.4845 | VAL dec CE 3.7234
step   11050 | cos 0.4849 | thought 1.0258 dec_ce 1.9933 contrast 0.2452 | 2.6 it/s
step   11100 | cos 0.4861 | thought 1.0193 dec_ce 1.9019 contrast 0.2324 | 3.2 it/s
step   11150 | cos 0.4835 | thought 0.956 dec_ce 1.807 contrast 0.2299 | 3.2 it/s
step   11200 | cos 0.4833 | thought 1.0383 dec_ce 1.9098 contrast 0.2531 | 3.2 it/s
wall-clock cap reached at step 11210

Run 'r4_contrast' done: 11210 steps | final val cos 0.4860 | dec CE 3.7246
